
> exoscan-web@0.1.0 test
> jest

 тЪа Warning: Next.js inferred your workspace root, but it may not be correct.
 We detected multiple lockfiles and selected the directory of D:\Dev\ExoScan\package-lock.json as the root directory.
 To silence this warning, set `outputFileTracingRoot` in your Next.js config, or consider removing one of the lockfiles if it's not needed.
   See https://nextjs.org/docs/app/api-reference/config/next-config-js/output#caveats for more information.
 Detected additional lockfiles: 
   * D:\Dev\ExoScan\exoscan-web\package-lock.json

PASS src/lib/__tests__/google-sheets.test.ts
  тЧП Console

    console.error
      Error getting rows from Google Sheets: Error: API Error
          at Object.<anonymous> (D:\Dev\ExoScan\exoscan-web\src\lib\__tests__\google-sheets.test.ts:104:60)
          at Promise.finally.completed (D:\Dev\ExoScan\exoscan-web\node_modules\jest-circus\build\jestAdapterInit.js:1557:28)
          at new Promise (<anonymous>)
          at callAsyncCircusFn (D:\Dev\ExoScan\exoscan-web\node_modules\jest-circus\build\jestAdapterInit.js:1497:10)
          at _callCircusTest (D:\Dev\ExoScan\exoscan-web\node_modules\jest-circus\build\jestAdapterInit.js:1007:40)
          at processTicksAndRejections (node:internal/process/task_queues:105:5)
          at _runTest (D:\Dev\ExoScan\exoscan-web\node_modules\jest-circus\build\jestAdapterInit.js:947:3)
          at D:\Dev\ExoScan\exoscan-web\node_modules\jest-circus\build\jestAdapterInit.js:849:7
          at _runTestsForDescribeBlock (D:\Dev\ExoScan\exoscan-web\node_modules\jest-circus\build\jestAdapterInit.js:862:11)
          at _runTestsForDescribeBlock (D:\Dev\ExoScan\exoscan-web\node_modules\jest-circus\build\jestAdapterInit.js:857:11)
          at _runTestsForDescribeBlock (D:\Dev\ExoScan\exoscan-web\node_modules\jest-circus\build\jestAdapterInit.js:857:11)
          at run (D:\Dev\ExoScan\exoscan-web\node_modules\jest-circus\build\jestAdapterInit.js:761:3)
          at runAndTransformResultsToJestFormat (D:\Dev\ExoScan\exoscan-web\node_modules\jest-circus\build\jestAdapterInit.js:1918:21)
          at jestAdapter (D:\Dev\ExoScan\exoscan-web\node_modules\jest-circus\build\runner.js:101:19)
          at runTestInternal (D:\Dev\ExoScan\exoscan-web\node_modules\jest-runner\build\testWorker.js:275:16)
          at runTest (D:\Dev\ExoScan\exoscan-web\node_modules\jest-runner\build\testWorker.js:343:7)
          at Object.worker (D:\Dev\ExoScan\exoscan-web\node_modules\jest-runner\build\testWorker.js:497:12)

      121 |       }));
      122 |     } catch (error) {
    > 123 |       console.error('Error getting rows from Google Sheets:', error);
          |               ^
      124 |       throw new Error('Failed to fetch data from Google Sheets');
      125 |     }
      126 |   }

      at GoogleSheetsAdapter.error [as getRows] (src/lib/google-sheets.ts:123:15)
      at Object.<anonymous> (src/lib/__tests__/google-sheets.test.ts:106:7)

    console.error
      Error adding row to Google Sheets: Error: API Error
          at Object.<anonymous> (D:\Dev\ExoScan\exoscan-web\src\lib\__tests__\google-sheets.test.ts:157:63)
          at Promise.finally.completed (D:\Dev\ExoScan\exoscan-web\node_modules\jest-circus\build\jestAdapterInit.js:1557:28)
          at new Promise (<anonymous>)
          at callAsyncCircusFn (D:\Dev\ExoScan\exoscan-web\node_modules\jest-circus\build\jestAdapterInit.js:1497:10)
          at _callCircusTest (D:\Dev\ExoScan\exoscan-web\node_modules\jest-circus\build\jestAdapterInit.js:1007:40)
          at processTicksAndRejections (node:internal/process/task_queues:105:5)
          at _runTest (D:\Dev\ExoScan\exoscan-web\node_modules\jest-circus\build\jestAdapterInit.js:947:3)
          at D:\Dev\ExoScan\exoscan-web\node_modules\jest-circus\build\jestAdapterInit.js:849:7
          at _runTestsForDescribeBlock (D:\Dev\ExoScan\exoscan-web\node_modules\jest-circus\build\jestAdapterInit.js:862:11)
          at _runTestsForDescribeBlock (D:\Dev\ExoScan\exoscan-web\node_modules\jest-circus\build\jestAdapterInit.js:857:11)
          at _runTestsForDescribeBlock (D:\Dev\ExoScan\exoscan-web\node_modules\jest-circus\build\jestAdapterInit.js:857:11)
          at run (D:\Dev\ExoScan\exoscan-web\node_modules\jest-circus\build\jestAdapterInit.js:761:3)
          at runAndTransformResultsToJestFormat (D:\Dev\ExoScan\exoscan-web\node_modules\jest-circus\build\jestAdapterInit.js:1918:21)
          at jestAdapter (D:\Dev\ExoScan\exoscan-web\node_modules\jest-circus\build\runner.js:101:19)
          at runTestInternal (D:\Dev\ExoScan\exoscan-web\node_modules\jest-runner\build\testWorker.js:275:16)
          at runTest (D:\Dev\ExoScan\exoscan-web\node_modules\jest-runner\build\testWorker.js:343:7)
          at Object.worker (D:\Dev\ExoScan\exoscan-web\node_modules\jest-runner\build\testWorker.js:497:12)

      161 |       return newItem;
      162 |     } catch (error) {
    > 163 |       console.error('Error adding row to Google Sheets:', error);
          |               ^
      164 |       throw new Error('Failed to add item to Google Sheets');
      165 |     }
      166 |   }

      at GoogleSheetsAdapter.error [as addRow] (src/lib/google-sheets.ts:163:15)
      at Object.<anonymous> (src/lib/__tests__/google-sheets.test.ts:167:7)

    console.error
      Error creating headers in Google Sheets: Error: API Error
          at Object.<anonymous> (D:\Dev\ExoScan\exoscan-web\src\lib\__tests__\google-sheets.test.ts:321:63)
          at Promise.finally.completed (D:\Dev\ExoScan\exoscan-web\node_modules\jest-circus\build\jestAdapterInit.js:1557:28)
          at new Promise (<anonymous>)
          at callAsyncCircusFn (D:\Dev\ExoScan\exoscan-web\node_modules\jest-circus\build\jestAdapterInit.js:1497:10)
          at _callCircusTest (D:\Dev\ExoScan\exoscan-web\node_modules\jest-circus\build\jestAdapterInit.js:1007:40)
          at processTicksAndRejections (node:internal/process/task_queues:105:5)
          at _runTest (D:\Dev\ExoScan\exoscan-web\node_modules\jest-circus\build\jestAdapterInit.js:947:3)
          at D:\Dev\ExoScan\exoscan-web\node_modules\jest-circus\build\jestAdapterInit.js:849:7
          at _runTestsForDescribeBlock (D:\Dev\ExoScan\exoscan-web\node_modules\jest-circus\build\jestAdapterInit.js:862:11)
          at _runTestsForDescribeBlock (D:\Dev\ExoScan\exoscan-web\node_modules\jest-circus\build\jestAdapterInit.js:857:11)
          at _runTestsForDescribeBlock (D:\Dev\ExoScan\exoscan-web\node_modules\jest-circus\build\jestAdapterInit.js:857:11)
          at run (D:\Dev\ExoScan\exoscan-web\node_modules\jest-circus\build\jestAdapterInit.js:761:3)
          at runAndTransformResultsToJestFormat (D:\Dev\ExoScan\exoscan-web\node_modules\jest-circus\build\jestAdapterInit.js:1918:21)
          at jestAdapter (D:\Dev\ExoScan\exoscan-web\node_modules\jest-circus\build\runner.js:101:19)
          at runTestInternal (D:\Dev\ExoScan\exoscan-web\node_modules\jest-runner\build\testWorker.js:275:16)
          at runTest (D:\Dev\ExoScan\exoscan-web\node_modules\jest-runner\build\testWorker.js:343:7)
          at Object.worker (D:\Dev\ExoScan\exoscan-web\node_modules\jest-runner\build\testWorker.js:497:12)

      300 |       });
      301 |     } catch (error) {
    > 302 |       console.error('Error creating headers in Google Sheets:', error);
          |               ^
      303 |       throw new Error('Failed to create headers in Google Sheets');
      304 |     }
      305 |   }

      at GoogleSheetsAdapter.error [as createHeaders] (src/lib/google-sheets.ts:302:15)
      at Object.<anonymous> (src/lib/__tests__/google-sheets.test.ts:323:7)

PASS src/app/api/items/[id]/__tests__/route.test.ts
PASS src/app/api/items/__tests__/route.test.ts
PASS src/app/api/items/barcode/[barcode]/__tests__/route.test.ts
PASS src/constants/__tests__/barcodeFormats.test.ts
PASS src/lib/__tests__/barcode-validator.test.ts
FAIL src/components/__tests__/Scanner.strict-mode.test.tsx
  тЧП Console

    console.log
      ЁЯЪА useScanner: ╨Ч╨░╨┐╤Г╤Б╨║ ╨░╨▓╤В╨╛╨╕╨╜╨╕╤Ж╨╕╨░╨╗╨╕╨╖╨░╤Ж╨╕╨╕...

      at log (src/hooks/useScanner.ts:382:13)

    console.log
      ЁЯФД useScanner: ╨Ш╨╜╨╕╤Ж╨╕╨░╨╗╨╕╨╖╨░╤Ж╨╕╤П ╤Б╨║╨░╨╜╨╡╤А╨░...

      at log (src/hooks/useScanner.ts:92:15)

    console.log
      ЁЯПн ScannerFactory: ╨б╨╛╨╖╨┤╨░╨╜╨╕╨╡ ╤Б╨║╨░╨╜╨╡╤А╨░... {
        preferredType: 'auto',
        fallbackToZXing: true,
        config: {
          enableDiagnostics: true,
          formats: [ 'ean_13', 'ean_8', 'upc_a', 'code_128' ]
        }
      }

      at Function.log [as createScanner] (src/services/scanner/index.ts:37:13)

    console.log
      ЁЯФН ScannerFactory: ╨Р╨▓╤В╨╛╨╝╨░╤В╨╕╤З╨╡╤Б╨║╨╕╨╣ ╨▓╤Л╨▒╨╛╤А ╤Б╨║╨░╨╜╨╡╤А╨░...

      at Function.log [as createBestAvailableScanner] (src/services/scanner/index.ts:87:13)

    console.log
      ЁЯз╣ useScanner: ╨Ю╤З╨╕╤Б╤В╨║╨░ ╨┐╤А╨╕ ╤А╨░╨╖╨╝╨╛╨╜╤В╨╕╤А╨╛╨▓╨░╨╜╨╕╨╕

      at log (src/hooks/useScanner.ts:388:15)

    console.log
      ЁЯЪА useScanner: ╨Ч╨░╨┐╤Г╤Б╨║ ╨░╨▓╤В╨╛╨╕╨╜╨╕╤Ж╨╕╨░╨╗╨╕╨╖╨░╤Ж╨╕╨╕...

      at log (src/hooks/useScanner.ts:382:13)

    console.log
      ЁЯФД useScanner: ╨Ш╨╜╨╕╤Ж╨╕╨░╨╗╨╕╨╖╨░╤Ж╨╕╤П ╤Б╨║╨░╨╜╨╡╤А╨░...

      at log (src/hooks/useScanner.ts:92:15)

    console.log
      ЁЯПн ScannerFactory: ╨б╨╛╨╖╨┤╨░╨╜╨╕╨╡ ╤Б╨║╨░╨╜╨╡╤А╨░... {
        preferredType: 'auto',
        fallbackToZXing: true,
        config: {
          enableDiagnostics: true,
          formats: [ 'ean_13', 'ean_8', 'upc_a', 'code_128' ]
        }
      }

      at Function.log [as createScanner] (src/services/scanner/index.ts:37:13)

    console.log
      ЁЯФН ScannerFactory: ╨Р╨▓╤В╨╛╨╝╨░╤В╨╕╤З╨╡╤Б╨║╨╕╨╣ ╨▓╤Л╨▒╨╛╤А ╤Б╨║╨░╨╜╨╡╤А╨░...

      at Function.log [as createBestAvailableScanner] (src/services/scanner/index.ts:87:13)

    console.log
      ЁЯУК ScannerFactory: ╨Ф╨╛╤Б╤В╤Г╨┐╨╜╨╛╤Б╤В╤М API: {
        barcodeDetector: false,
        zxing: true,
        camera: true,
        secureContext: true
      }

      at Function.log [as createBestAvailableScanner] (src/services/scanner/index.ts:91:13)

    console.log
      ЁЯФД ScannerFactory: Fallback ╨║ ZXing

      at Function.log [as createBestAvailableScanner] (src/services/scanner/index.ts:110:15)

    console.log
      [ZXingScannerService] ╨Ш╨╜╨╕╤Ж╨╕╨░╨╗╨╕╨╖╨░╤Ж╨╕╤П ZXing ╤Б╨║╨░╨╜╨╡╤А╨░...

      at ZXingScannerService.log (src/services/scanner/ScannerService.ts:190:15)

    console.log
      ЁЯУК ScannerFactory: ╨Ф╨╛╤Б╤В╤Г╨┐╨╜╨╛╤Б╤В╤М API: {
        barcodeDetector: false,
        zxing: true,
        camera: true,
        secureContext: true
      }

      at Function.log [as createBestAvailableScanner] (src/services/scanner/index.ts:91:13)

    console.log
      ЁЯФД ScannerFactory: Fallback ╨║ ZXing

      at Function.log [as createBestAvailableScanner] (src/services/scanner/index.ts:110:15)

    console.log
      [ZXingScannerService] ╨Ш╨╜╨╕╤Ж╨╕╨░╨╗╨╕╨╖╨░╤Ж╨╕╤П ZXing ╤Б╨║╨░╨╜╨╡╤А╨░...

      at ZXingScannerService.log (src/services/scanner/ScannerService.ts:190:15)

    console.log
      тЬЕ useScanner: ╨б╨║╨░╨╜╨╡╤А ╨╕╨╜╨╕╤Ж╨╕╨░╨╗╨╕╨╖╨╕╤А╨╛╨▓╨░╨╜ {
        caps: {
          supportedFormats: [ 'ean_13', 'ean_8', 'upc_a', 'code_128' ],
          supportsFlashlight: true,
          supportsZoom: true,
          supportsFocus: true,
          maxZoom: 3
        },
        cameras: [ { deviceId: 'camera1', kind: 'videoinput', label: 'Camera 1' } ],
        permission: { granted: false, denied: false, prompt: true }
      }

      at log (src/hooks/useScanner.ts:110:15)

    console.log
      тЬЕ useScanner: ╨б╨║╨░╨╜╨╡╤А ╨╕╨╜╨╕╤Ж╨╕╨░╨╗╨╕╨╖╨╕╤А╨╛╨▓╨░╨╜ {
        caps: {
          supportedFormats: [ 'ean_13', 'ean_8', 'upc_a', 'code_128' ],
          supportsFlashlight: true,
          supportsZoom: true,
          supportsFocus: true,
          maxZoom: 3
        },
        cameras: [ { deviceId: 'camera1', kind: 'videoinput', label: 'Camera 1' } ],
        permission: { granted: false, denied: false, prompt: true }
      }

      at log (src/hooks/useScanner.ts:110:15)

    console.log
      тЦ╢я╕П useScanner: ╨Ч╨░╨┐╤Г╤Б╨║ ╤Б╨║╨░╨╜╨╕╤А╨╛╨▓╨░╨╜╨╕╤П...

      at log (src/hooks/useScanner.ts:136:15)

    console.log
      ЁЯФН useScanner: ╨Ф╨╕╨░╨│╨╜╨╛╤Б╤В╨╕╨║╨░ ╨┐╨╡╤А╨╡╨┤ ╨╖╨░╨┐╤Г╤Б╨║╨╛╨╝: {
        scannerType: 'ZXingScannerService',
        videoElement: {
          readyState: 4,
          videoWidth: 0,
          videoHeight: 0,
          srcObject: false,
          autoplay: true,
          muted: true,
          playsInline: true
        },
        capabilities: {
          supportedFormats: [ 'ean_13', 'ean_8', 'upc_a', 'code_128' ],
          supportsFlashlight: true,
          supportsZoom: true,
          supportsFocus: true,
          maxZoom: 3
        },
        permissionStatus: { granted: false, denied: false, prompt: true }
      }

      at log (src/hooks/useScanner.ts:137:15)

    console.log
      [ZXingScannerService] ╨Ч╨░╨┐╤Г╤Б╨║ ╤Б╨║╨░╨╜╨╕╤А╨╛╨▓╨░╨╜╨╕╤П...

      at ZXingScannerService.log (src/services/scanner/ScannerService.ts:190:15)

    console.log
      [ZXingScannerService] ╨Я╨╛╨┐╤Л╤В╨║╨░ ╨┐╨╛╨╗╤Г╤З╨╡╨╜╨╕╤П ╨║╨░╨╝╨╡╤А╤Л ╤Б ╨╛╨│╤А╨░╨╜╨╕╤З╨╡╨╜╨╕╤П╨╝╨╕: {
        video: {
          facingMode: undefined,
          width: { ideal: 1920, max: 1920 },
          height: { ideal: 1080, max: 1080 },
          frameRate: { ideal: 30, max: 60 },
          focusMode: { ideal: 'continuous' },
          exposureMode: { ideal: 'continuous' },
          whiteBalanceMode: { ideal: 'continuous' }
        }
      }

      at ZXingScannerService.log (src/services/scanner/ScannerService.ts:190:15)

    console.log
      [ZXingScannerService] ╨Ь╨╛╨▒╨╕╨╗╤М╨╜╤Л╨╡ ╨░╤В╤А╨╕╨▒╤Г╤В╤Л ╨▓╨╕╨┤╨╡╨╛ ╤Г╤Б╤В╨░╨╜╨╛╨▓╨╗╨╡╨╜╤Л

      at ZXingScannerService.log (src/services/scanner/ScannerService.ts:190:15)

    console.log
      [ZXingScannerService] ╨Т╨╕╨┤╨╡╨╛ ╤Г╨╢╨╡ ╨│╨╛╤В╨╛╨▓╨╛

      at ZXingScannerService.log (src/services/scanner/ScannerService.ts:190:15)

    console.log
      [ZXingScannerService] ╨Т╨╕╨┤╨╡╨╛ ╨│╨╛╤В╨╛╨▓╨╛ ╨║ ╨▓╨╛╤Б╨┐╤А╨╛╨╕╨╖╨▓╨╡╨┤╨╡╨╜╨╕╤О

      at ZXingScannerService.log (src/services/scanner/ScannerService.ts:190:15)

    console.log
      [ZXingScannerService] ╨Т╨╕╨┤╨╡╨╛ ╤Г╤Б╨┐╨╡╤И╨╜╨╛ ╨╖╨░╨┐╤Г╤Й╨╡╨╜╨╛

      at ZXingScannerService.log (src/services/scanner/ScannerService.ts:190:15)

    console.error
      [ZXingScannerService] ╨Ю╤И╨╕╨▒╨║╨░ ╨┐╤А╨╛╨▓╨╡╤А╨║╨╕ ╨┐╨╛╨┤╨┤╨╡╤А╨╢╨║╨╕ ╤Д╨╛╨╜╨░╤А╨╕╨║╨░: TypeError: videoTrack.getCapabilities is not a function
          at ZXingScannerService.getCapabilities [as checkFlashlightSupport] (D:\Dev\ExoScan\exoscan-web\src\services\scanner\ZXingScannerService.ts:275:39)
          at ZXingScannerService.checkFlashlightSupport [as startScanning] (D:\Dev\ExoScan\exoscan-web\src\services\scanner\ZXingScannerService.ts:93:18)
          at D:\Dev\ExoScan\exoscan-web\src\hooks\useScanner.ts:152:7
          at handleLoadedMetadata (D:\Dev\ExoScan\exoscan-web\src\components\Scanner.tsx:64:11)

      194 |   protected logError(message: string, error?: any): void {
      195 |     if (this.config.enableDiagnostics) {
    > 196 |       console.error(`[${this.constructor.name}] ${message}`, error)
          |               ^
      197 |     }
      198 |   }
      199 | }

      at ZXingScannerService.error [as logError] (src/services/scanner/ScannerService.ts:196:15)
      at ZXingScannerService.logError [as checkFlashlightSupport] (src/services/scanner/ZXingScannerService.ts:287:12)
      at ZXingScannerService.checkFlashlightSupport [as startScanning] (src/services/scanner/ZXingScannerService.ts:93:18)
      at src/hooks/useScanner.ts:152:7
      at handleLoadedMetadata (src/components/Scanner.tsx:64:11)

    console.log
      [ZXingScannerService] ╨Э╨░╤Б╤В╤А╨╛╨╣╨║╨░ ╨░╨▓╤В╨╛╨╝╨░╤В╨╕╤З╨╡╤Б╨║╨╛╨│╨╛ ╤Б╨║╨░╨╜╨╕╤А╨╛╨▓╨░╨╜╨╕╤П...

      at ZXingScannerService.log (src/services/scanner/ScannerService.ts:190:15)

    console.log
      [ZXingScannerService] ╨б╨║╨░╨╜╨╕╤А╨╛╨▓╨░╨╜╨╕╨╡ ╤Г╤Б╨┐╨╡╤И╨╜╨╛ ╨╖╨░╨┐╤Г╤Й╨╡╨╜╨╛

      at ZXingScannerService.log (src/services/scanner/ScannerService.ts:190:15)

    console.log
      тЬЕ useScanner: ╨б╨║╨░╨╜╨╕╤А╨╛╨▓╨░╨╜╨╕╨╡ ╨╖╨░╨┐╤Г╤Й╨╡╨╜╨╛ ╤Г╤Б╨┐╨╡╤И╨╜╨╛

      at log (src/hooks/useScanner.ts:171:15)

    console.log
      тЬЕ Scanner: ╨б╨║╨░╨╜╨╕╤А╨╛╨▓╨░╨╜╨╕╨╡ ╨╖╨░╨┐╤Г╤Й╨╡╨╜╨╛

      at log (src/components/Scanner.tsx:65:19)

    console.log
      ЁЯз╣ useScanner: ╨Ю╤З╨╕╤Б╤В╨║╨░ ╨┐╤А╨╕ ╤А╨░╨╖╨╝╨╛╨╜╤В╨╕╤А╨╛╨▓╨░╨╜╨╕╨╕

      at log (src/hooks/useScanner.ts:388:15)

    console.log
      [ZXingScannerService] ╨Ю╤Б╤В╨░╨╜╨╛╨▓╨║╨░ ╤Б╨║╨░╨╜╨╕╤А╨╛╨▓╨░╨╜╨╕╤П...

      at ZXingScannerService.log (src/services/scanner/ScannerService.ts:190:15)

    console.log
      [ZXingScannerService] ╨б╨║╨░╨╜╨╕╤А╨╛╨▓╨░╨╜╨╕╨╡ ╨╛╤Б╤В╨░╨╜╨╛╨▓╨╗╨╡╨╜╨╛

      at ZXingScannerService.log (src/services/scanner/ScannerService.ts:190:15)

    console.log
      ЁЯЪА useScanner: ╨Ч╨░╨┐╤Г╤Б╨║ ╨░╨▓╤В╨╛╨╕╨╜╨╕╤Ж╨╕╨░╨╗╨╕╨╖╨░╤Ж╨╕╨╕...

      at log (src/hooks/useScanner.ts:382:13)

    console.log
      ЁЯФД useScanner: ╨Ш╨╜╨╕╤Ж╨╕╨░╨╗╨╕╨╖╨░╤Ж╨╕╤П ╤Б╨║╨░╨╜╨╡╤А╨░...

      at log (src/hooks/useScanner.ts:92:15)

    console.log
      ЁЯПн ScannerFactory: ╨б╨╛╨╖╨┤╨░╨╜╨╕╨╡ ╤Б╨║╨░╨╜╨╡╤А╨░... {
        preferredType: 'auto',
        fallbackToZXing: true,
        config: {
          enableDiagnostics: true,
          formats: [ 'ean_13', 'ean_8', 'upc_a', 'code_128' ]
        }
      }

      at Function.log [as createScanner] (src/services/scanner/index.ts:37:13)

    console.log
      ЁЯФН ScannerFactory: ╨Р╨▓╤В╨╛╨╝╨░╤В╨╕╤З╨╡╤Б╨║╨╕╨╣ ╨▓╤Л╨▒╨╛╤А ╤Б╨║╨░╨╜╨╡╤А╨░...

      at Function.log [as createBestAvailableScanner] (src/services/scanner/index.ts:87:13)

    console.log
      ЁЯз╣ useScanner: ╨Ю╤З╨╕╤Б╤В╨║╨░ ╨┐╤А╨╕ ╤А╨░╨╖╨╝╨╛╨╜╤В╨╕╤А╨╛╨▓╨░╨╜╨╕╨╕

      at log (src/hooks/useScanner.ts:388:15)

    console.log
      ЁЯЪА useScanner: ╨Ч╨░╨┐╤Г╤Б╨║ ╨░╨▓╤В╨╛╨╕╨╜╨╕╤Ж╨╕╨░╨╗╨╕╨╖╨░╤Ж╨╕╨╕...

      at log (src/hooks/useScanner.ts:382:13)

    console.log
      ЁЯФД useScanner: ╨Ш╨╜╨╕╤Ж╨╕╨░╨╗╨╕╨╖╨░╤Ж╨╕╤П ╤Б╨║╨░╨╜╨╡╤А╨░...

      at log (src/hooks/useScanner.ts:92:15)

    console.log
      ЁЯПн ScannerFactory: ╨б╨╛╨╖╨┤╨░╨╜╨╕╨╡ ╤Б╨║╨░╨╜╨╡╤А╨░... {
        preferredType: 'auto',
        fallbackToZXing: true,
        config: {
          enableDiagnostics: true,
          formats: [ 'ean_13', 'ean_8', 'upc_a', 'code_128' ]
        }
      }

      at Function.log [as createScanner] (src/services/scanner/index.ts:37:13)

    console.log
      ЁЯФН ScannerFactory: ╨Р╨▓╤В╨╛╨╝╨░╤В╨╕╤З╨╡╤Б╨║╨╕╨╣ ╨▓╤Л╨▒╨╛╤А ╤Б╨║╨░╨╜╨╡╤А╨░...

      at Function.log [as createBestAvailableScanner] (src/services/scanner/index.ts:87:13)

    console.log
      ЁЯз╣ useScanner: ╨Ю╤З╨╕╤Б╤В╨║╨░ ╨┐╤А╨╕ ╤А╨░╨╖╨╝╨╛╨╜╤В╨╕╤А╨╛╨▓╨░╨╜╨╕╨╕

      at log (src/hooks/useScanner.ts:388:15)

    console.log
      ЁЯЪА useScanner: ╨Ч╨░╨┐╤Г╤Б╨║ ╨░╨▓╤В╨╛╨╕╨╜╨╕╤Ж╨╕╨░╨╗╨╕╨╖╨░╤Ж╨╕╨╕...

      at log (src/hooks/useScanner.ts:382:13)

    console.log
      ЁЯФД useScanner: ╨Ш╨╜╨╕╤Ж╨╕╨░╨╗╨╕╨╖╨░╤Ж╨╕╤П ╤Б╨║╨░╨╜╨╡╤А╨░...

      at log (src/hooks/useScanner.ts:92:15)

    console.log
      ЁЯПн ScannerFactory: ╨б╨╛╨╖╨┤╨░╨╜╨╕╨╡ ╤Б╨║╨░╨╜╨╡╤А╨░... {
        preferredType: 'auto',
        fallbackToZXing: true,
        config: {
          enableDiagnostics: true,
          formats: [ 'ean_13', 'ean_8', 'upc_a', 'code_128' ]
        }
      }

      at Function.log [as createScanner] (src/services/scanner/index.ts:37:13)

    console.log
      ЁЯФН ScannerFactory: ╨Р╨▓╤В╨╛╨╝╨░╤В╨╕╤З╨╡╤Б╨║╨╕╨╣ ╨▓╤Л╨▒╨╛╤А ╤Б╨║╨░╨╜╨╡╤А╨░...

      at Function.log [as createBestAvailableScanner] (src/services/scanner/index.ts:87:13)

    console.log
      ЁЯз╣ useScanner: ╨Ю╤З╨╕╤Б╤В╨║╨░ ╨┐╤А╨╕ ╤А╨░╨╖╨╝╨╛╨╜╤В╨╕╤А╨╛╨▓╨░╨╜╨╕╨╕

      at log (src/hooks/useScanner.ts:388:15)

    console.log
      ЁЯЪА useScanner: ╨Ч╨░╨┐╤Г╤Б╨║ ╨░╨▓╤В╨╛╨╕╨╜╨╕╤Ж╨╕╨░╨╗╨╕╨╖╨░╤Ж╨╕╨╕...

      at log (src/hooks/useScanner.ts:382:13)

    console.log
      ЁЯФД useScanner: ╨Ш╨╜╨╕╤Ж╨╕╨░╨╗╨╕╨╖╨░╤Ж╨╕╤П ╤Б╨║╨░╨╜╨╡╤А╨░...

      at log (src/hooks/useScanner.ts:92:15)

    console.log
      ЁЯПн ScannerFactory: ╨б╨╛╨╖╨┤╨░╨╜╨╕╨╡ ╤Б╨║╨░╨╜╨╡╤А╨░... {
        preferredType: 'auto',
        fallbackToZXing: true,
        config: {
          enableDiagnostics: true,
          formats: [ 'ean_13', 'ean_8', 'upc_a', 'code_128' ]
        }
      }

      at Function.log [as createScanner] (src/services/scanner/index.ts:37:13)

    console.log
      ЁЯФН ScannerFactory: ╨Р╨▓╤В╨╛╨╝╨░╤В╨╕╤З╨╡╤Б╨║╨╕╨╣ ╨▓╤Л╨▒╨╛╤А ╤Б╨║╨░╨╜╨╡╤А╨░...

      at Function.log [as createBestAvailableScanner] (src/services/scanner/index.ts:87:13)

    console.log
      ЁЯУК ScannerFactory: ╨Ф╨╛╤Б╤В╤Г╨┐╨╜╨╛╤Б╤В╤М API: {
        barcodeDetector: false,
        zxing: true,
        camera: true,
        secureContext: true
      }

      at Function.log [as createBestAvailableScanner] (src/services/scanner/index.ts:91:13)

    console.log
      ЁЯФД ScannerFactory: Fallback ╨║ ZXing

      at Function.log [as createBestAvailableScanner] (src/services/scanner/index.ts:110:15)

    console.log
      [ZXingScannerService] ╨Ш╨╜╨╕╤Ж╨╕╨░╨╗╨╕╨╖╨░╤Ж╨╕╤П ZXing ╤Б╨║╨░╨╜╨╡╤А╨░...

      at ZXingScannerService.log (src/services/scanner/ScannerService.ts:190:15)

    console.log
      ЁЯУК ScannerFactory: ╨Ф╨╛╤Б╤В╤Г╨┐╨╜╨╛╤Б╤В╤М API: {
        barcodeDetector: false,
        zxing: true,
        camera: true,
        secureContext: true
      }

      at Function.log [as createBestAvailableScanner] (src/services/scanner/index.ts:91:13)

    console.log
      ЁЯФД ScannerFactory: Fallback ╨║ ZXing

      at Function.log [as createBestAvailableScanner] (src/services/scanner/index.ts:110:15)

    console.log
      [ZXingScannerService] ╨Ш╨╜╨╕╤Ж╨╕╨░╨╗╨╕╨╖╨░╤Ж╨╕╤П ZXing ╤Б╨║╨░╨╜╨╡╤А╨░...

      at ZXingScannerService.log (src/services/scanner/ScannerService.ts:190:15)

    console.log
      ЁЯУК ScannerFactory: ╨Ф╨╛╤Б╤В╤Г╨┐╨╜╨╛╤Б╤В╤М API: {
        barcodeDetector: false,
        zxing: true,
        camera: true,
        secureContext: true
      }

      at Function.log [as createBestAvailableScanner] (src/services/scanner/index.ts:91:13)

    console.log
      ЁЯФД ScannerFactory: Fallback ╨║ ZXing

      at Function.log [as createBestAvailableScanner] (src/services/scanner/index.ts:110:15)

    console.log
      [ZXingScannerService] ╨Ш╨╜╨╕╤Ж╨╕╨░╨╗╨╕╨╖╨░╤Ж╨╕╤П ZXing ╤Б╨║╨░╨╜╨╡╤А╨░...

      at ZXingScannerService.log (src/services/scanner/ScannerService.ts:190:15)

    console.log
      ЁЯУК ScannerFactory: ╨Ф╨╛╤Б╤В╤Г╨┐╨╜╨╛╤Б╤В╤М API: {
        barcodeDetector: false,
        zxing: true,
        camera: true,
        secureContext: true
      }

      at Function.log [as createBestAvailableScanner] (src/services/scanner/index.ts:91:13)

    console.log
      ЁЯФД ScannerFactory: Fallback ╨║ ZXing

      at Function.log [as createBestAvailableScanner] (src/services/scanner/index.ts:110:15)

    console.log
      [ZXingScannerService] ╨Ш╨╜╨╕╤Ж╨╕╨░╨╗╨╕╨╖╨░╤Ж╨╕╤П ZXing ╤Б╨║╨░╨╜╨╡╤А╨░...

      at ZXingScannerService.log (src/services/scanner/ScannerService.ts:190:15)

    console.log
      тЬЕ useScanner: ╨б╨║╨░╨╜╨╡╤А ╨╕╨╜╨╕╤Ж╨╕╨░╨╗╨╕╨╖╨╕╤А╨╛╨▓╨░╨╜ {
        caps: {
          supportedFormats: [ 'ean_13', 'ean_8', 'upc_a', 'code_128' ],
          supportsFlashlight: true,
          supportsZoom: true,
          supportsFocus: true,
          maxZoom: 3
        },
        cameras: [ { deviceId: 'camera1', kind: 'videoinput', label: 'Camera 1' } ],
        permission: { granted: false, denied: false, prompt: true }
      }

      at log (src/hooks/useScanner.ts:110:15)

    console.log
      тЬЕ useScanner: ╨б╨║╨░╨╜╨╡╤А ╨╕╨╜╨╕╤Ж╨╕╨░╨╗╨╕╨╖╨╕╤А╨╛╨▓╨░╨╜ {
        caps: {
          supportedFormats: [ 'ean_13', 'ean_8', 'upc_a', 'code_128' ],
          supportsFlashlight: true,
          supportsZoom: true,
          supportsFocus: true,
          maxZoom: 3
        },
        cameras: [ { deviceId: 'camera1', kind: 'videoinput', label: 'Camera 1' } ],
        permission: { granted: false, denied: false, prompt: true }
      }

      at log (src/hooks/useScanner.ts:110:15)

    console.log
      тЬЕ useScanner: ╨б╨║╨░╨╜╨╡╤А ╨╕╨╜╨╕╤Ж╨╕╨░╨╗╨╕╨╖╨╕╤А╨╛╨▓╨░╨╜ {
        caps: {
          supportedFormats: [ 'ean_13', 'ean_8', 'upc_a', 'code_128' ],
          supportsFlashlight: true,
          supportsZoom: true,
          supportsFocus: true,
          maxZoom: 3
        },
        cameras: [ { deviceId: 'camera1', kind: 'videoinput', label: 'Camera 1' } ],
        permission: { granted: false, denied: false, prompt: true }
      }

      at log (src/hooks/useScanner.ts:110:15)

    console.log
      тЬЕ useScanner: ╨б╨║╨░╨╜╨╡╤А ╨╕╨╜╨╕╤Ж╨╕╨░╨╗╨╕╨╖╨╕╤А╨╛╨▓╨░╨╜ {
        caps: {
          supportedFormats: [ 'ean_13', 'ean_8', 'upc_a', 'code_128' ],
          supportsFlashlight: true,
          supportsZoom: true,
          supportsFocus: true,
          maxZoom: 3
        },
        cameras: [ { deviceId: 'camera1', kind: 'videoinput', label: 'Camera 1' } ],
        permission: { granted: false, denied: false, prompt: true }
      }

      at log (src/hooks/useScanner.ts:110:15)

    console.log
      тЦ╢я╕П useScanner: ╨Ч╨░╨┐╤Г╤Б╨║ ╤Б╨║╨░╨╜╨╕╤А╨╛╨▓╨░╨╜╨╕╤П...

      at log (src/hooks/useScanner.ts:136:15)

    console.log
      ЁЯФН useScanner: ╨Ф╨╕╨░╨│╨╜╨╛╤Б╤В╨╕╨║╨░ ╨┐╨╡╤А╨╡╨┤ ╨╖╨░╨┐╤Г╤Б╨║╨╛╨╝: {
        scannerType: 'ZXingScannerService',
        videoElement: {
          readyState: 4,
          videoWidth: 0,
          videoHeight: 0,
          srcObject: false,
          autoplay: true,
          muted: true,
          playsInline: true
        },
        capabilities: {
          supportedFormats: [ 'ean_13', 'ean_8', 'upc_a', 'code_128' ],
          supportsFlashlight: true,
          supportsZoom: true,
          supportsFocus: true,
          maxZoom: 3
        },
        permissionStatus: { granted: false, denied: false, prompt: true }
      }

      at log (src/hooks/useScanner.ts:137:15)

    console.log
      [ZXingScannerService] ╨Ч╨░╨┐╤Г╤Б╨║ ╤Б╨║╨░╨╜╨╕╤А╨╛╨▓╨░╨╜╨╕╤П...

      at ZXingScannerService.log (src/services/scanner/ScannerService.ts:190:15)

    console.log
      [ZXingScannerService] ╨Я╨╛╨┐╤Л╤В╨║╨░ ╨┐╨╛╨╗╤Г╤З╨╡╨╜╨╕╤П ╨║╨░╨╝╨╡╤А╤Л ╤Б ╨╛╨│╤А╨░╨╜╨╕╤З╨╡╨╜╨╕╤П╨╝╨╕: {
        video: {
          facingMode: undefined,
          width: { ideal: 1920, max: 1920 },
          height: { ideal: 1080, max: 1080 },
          frameRate: { ideal: 30, max: 60 },
          focusMode: { ideal: 'continuous' },
          exposureMode: { ideal: 'continuous' },
          whiteBalanceMode: { ideal: 'continuous' }
        }
      }

      at ZXingScannerService.log (src/services/scanner/ScannerService.ts:190:15)

    console.log
      [ZXingScannerService] ╨Ь╨╛╨▒╨╕╨╗╤М╨╜╤Л╨╡ ╨░╤В╤А╨╕╨▒╤Г╤В╤Л ╨▓╨╕╨┤╨╡╨╛ ╤Г╤Б╤В╨░╨╜╨╛╨▓╨╗╨╡╨╜╤Л

      at ZXingScannerService.log (src/services/scanner/ScannerService.ts:190:15)

    console.log
      [ZXingScannerService] ╨Т╨╕╨┤╨╡╨╛ ╤Г╨╢╨╡ ╨│╨╛╤В╨╛╨▓╨╛

      at ZXingScannerService.log (src/services/scanner/ScannerService.ts:190:15)

    console.log
      [ZXingScannerService] ╨Т╨╕╨┤╨╡╨╛ ╨│╨╛╤В╨╛╨▓╨╛ ╨║ ╨▓╨╛╤Б╨┐╤А╨╛╨╕╨╖╨▓╨╡╨┤╨╡╨╜╨╕╤О

      at ZXingScannerService.log (src/services/scanner/ScannerService.ts:190:15)

    console.log
      [ZXingScannerService] ╨Т╨╕╨┤╨╡╨╛ ╤Г╤Б╨┐╨╡╤И╨╜╨╛ ╨╖╨░╨┐╤Г╤Й╨╡╨╜╨╛

      at ZXingScannerService.log (src/services/scanner/ScannerService.ts:190:15)

    console.error
      [ZXingScannerService] ╨Ю╤И╨╕╨▒╨║╨░ ╨┐╤А╨╛╨▓╨╡╤А╨║╨╕ ╨┐╨╛╨┤╨┤╨╡╤А╨╢╨║╨╕ ╤Д╨╛╨╜╨░╤А╨╕╨║╨░: TypeError: videoTrack.getCapabilities is not a function
          at ZXingScannerService.getCapabilities [as checkFlashlightSupport] (D:\Dev\ExoScan\exoscan-web\src\services\scanner\ZXingScannerService.ts:275:39)
          at ZXingScannerService.checkFlashlightSupport [as startScanning] (D:\Dev\ExoScan\exoscan-web\src\services\scanner\ZXingScannerService.ts:93:18)
          at D:\Dev\ExoScan\exoscan-web\src\hooks\useScanner.ts:152:7
          at handleLoadedMetadata (D:\Dev\ExoScan\exoscan-web\src\components\Scanner.tsx:64:11)

      194 |   protected logError(message: string, error?: any): void {
      195 |     if (this.config.enableDiagnostics) {
    > 196 |       console.error(`[${this.constructor.name}] ${message}`, error)
          |               ^
      197 |     }
      198 |   }
      199 | }

      at ZXingScannerService.error [as logError] (src/services/scanner/ScannerService.ts:196:15)
      at ZXingScannerService.logError [as checkFlashlightSupport] (src/services/scanner/ZXingScannerService.ts:287:12)
      at ZXingScannerService.checkFlashlightSupport [as startScanning] (src/services/scanner/ZXingScannerService.ts:93:18)
      at src/hooks/useScanner.ts:152:7
      at handleLoadedMetadata (src/components/Scanner.tsx:64:11)

    console.log
      [ZXingScannerService] ╨Э╨░╤Б╤В╤А╨╛╨╣╨║╨░ ╨░╨▓╤В╨╛╨╝╨░╤В╨╕╤З╨╡╤Б╨║╨╛╨│╨╛ ╤Б╨║╨░╨╜╨╕╤А╨╛╨▓╨░╨╜╨╕╤П...

      at ZXingScannerService.log (src/services/scanner/ScannerService.ts:190:15)

    console.log
      [ZXingScannerService] ╨б╨║╨░╨╜╨╕╤А╨╛╨▓╨░╨╜╨╕╨╡ ╤Г╤Б╨┐╨╡╤И╨╜╨╛ ╨╖╨░╨┐╤Г╤Й╨╡╨╜╨╛

      at ZXingScannerService.log (src/services/scanner/ScannerService.ts:190:15)

    console.log
      тЬЕ useScanner: ╨б╨║╨░╨╜╨╕╤А╨╛╨▓╨░╨╜╨╕╨╡ ╨╖╨░╨┐╤Г╤Й╨╡╨╜╨╛ ╤Г╤Б╨┐╨╡╤И╨╜╨╛

      at log (src/hooks/useScanner.ts:171:15)

    console.log
      тЬЕ Scanner: ╨б╨║╨░╨╜╨╕╤А╨╛╨▓╨░╨╜╨╕╨╡ ╨╖╨░╨┐╤Г╤Й╨╡╨╜╨╛

      at log (src/components/Scanner.tsx:65:19)

    console.log
      [ZXingScannerService] ╨Я╨╛╨┐╤Л╤В╨║╨░ ╨░╨▓╤В╨╛╨╝╨░╤В╨╕╤З╨╡╤Б╨║╨╛╨│╨╛ ╤Б╨║╨░╨╜╨╕╤А╨╛╨▓╨░╨╜╨╕╤П...

      at ZXingScannerService.log (src/services/scanner/ScannerService.ts:190:15)

    console.log
      [ZXingScannerService] ╨Ч╨░╤Е╨▓╨░╤В ╨║╨░╨┤╤А╨░ ╨┤╨╗╤П ╤Б╨║╨░╨╜╨╕╤А╨╛╨▓╨░╨╜╨╕╤П...

      at ZXingScannerService.log (src/services/scanner/ScannerService.ts:190:15)

    console.log
      [ZXingScannerService] ╨а╨░╨╖╨╝╨╡╤А╤Л ╨║╨░╨┤╤А╨░: 0x0

      at ZXingScannerService.log (src/services/scanner/ScannerService.ts:190:15)

    console.error
      Error: Not implemented: HTMLCanvasElement.prototype.toDataURL (without installing the canvas npm package)
          at ZXingScannerService.toDataURL [as captureFrame] (D:\Dev\ExoScan\exoscan-web\src\services\scanner\ZXingScannerService.ts:494:32)
          at captureFrame (D:\Dev\ExoScan\exoscan-web\src\services\scanner\ZXingScannerService.ts:454:35) {
        type: 'not implemented'
      }

      492 |       
      493 |       // ╨б╨╛╨╖╨┤╨░╨╡╨╝ ╨╕╨╖╨╛╨▒╤А╨░╨╢╨╡╨╜╨╕╨╡ ╨╕╨╖ canvas
    > 494 |       const imageData = canvas.toDataURL('image/png')
          |                                ^
      495 |       const image = new Image()
      496 |       
      497 |       return new Promise((resolve, reject) => {

      at VirtualConsole.<anonymous> (node_modules/@jest/environment-jsdom-abstract/build/index.js:87:23)
      at module.exports (node_modules/jsdom/lib/jsdom/browser/not-implemented.js:12:26)
      at HTMLCanvasElementImpl.toDataURL (node_modules/jsdom/lib/jsdom/living/nodes/HTMLCanvasElement-impl.js:55:5)
      at HTMLCanvasElement.toDataURL (node_modules/jsdom/lib/jsdom/living/generated/HTMLCanvasElement.js:162:34)
      at ZXingScannerService.toDataURL [as captureFrame] (src/services/scanner/ZXingScannerService.ts:494:32)
      at captureFrame (src/services/scanner/ZXingScannerService.ts:454:35)
      at Timeout.task [as _onTimeout] (node_modules/jsdom/lib/jsdom/browser/Window.js:579:19)

    console.log
      [ZXingScannerService] ╨Я╨╛╨┐╤Л╤В╨║╨░ ╨░╨▓╤В╨╛╨╝╨░╤В╨╕╤З╨╡╤Б╨║╨╛╨│╨╛ ╤Б╨║╨░╨╜╨╕╤А╨╛╨▓╨░╨╜╨╕╤П...

      at ZXingScannerService.log (src/services/scanner/ScannerService.ts:190:15)

    console.log
      [ZXingScannerService] ╨Ч╨░╤Е╨▓╨░╤В ╨║╨░╨┤╤А╨░ ╨┤╨╗╤П ╤Б╨║╨░╨╜╨╕╤А╨╛╨▓╨░╨╜╨╕╤П...

      at ZXingScannerService.log (src/services/scanner/ScannerService.ts:190:15)

    console.log
      [ZXingScannerService] ╨а╨░╨╖╨╝╨╡╤А╤Л ╨║╨░╨┤╤А╨░: 0x0

      at ZXingScannerService.log (src/services/scanner/ScannerService.ts:190:15)

    console.error
      Error: Not implemented: HTMLCanvasElement.prototype.toDataURL (without installing the canvas npm package)
          at ZXingScannerService.toDataURL [as captureFrame] (D:\Dev\ExoScan\exoscan-web\src\services\scanner\ZXingScannerService.ts:494:32)
          at captureFrame (D:\Dev\ExoScan\exoscan-web\src\services\scanner\ZXingScannerService.ts:454:35) {
        type: 'not implemented'
      }

      492 |       
      493 |       // ╨б╨╛╨╖╨┤╨░╨╡╨╝ ╨╕╨╖╨╛╨▒╤А╨░╨╢╨╡╨╜╨╕╨╡ ╨╕╨╖ canvas
    > 494 |       const imageData = canvas.toDataURL('image/png')
          |                                ^
      495 |       const image = new Image()
      496 |       
      497 |       return new Promise((resolve, reject) => {

      at VirtualConsole.<anonymous> (node_modules/@jest/environment-jsdom-abstract/build/index.js:87:23)
      at module.exports (node_modules/jsdom/lib/jsdom/browser/not-implemented.js:12:26)
      at HTMLCanvasElementImpl.toDataURL (node_modules/jsdom/lib/jsdom/living/nodes/HTMLCanvasElement-impl.js:55:5)
      at HTMLCanvasElement.toDataURL (node_modules/jsdom/lib/jsdom/living/generated/HTMLCanvasElement.js:162:34)
      at ZXingScannerService.toDataURL [as captureFrame] (src/services/scanner/ZXingScannerService.ts:494:32)
      at captureFrame (src/services/scanner/ZXingScannerService.ts:454:35)
      at Timeout.task [as _onTimeout] (node_modules/jsdom/lib/jsdom/browser/Window.js:579:19)

    console.log
      [ZXingScannerService] ╨Я╨╛╨┐╤Л╤В╨║╨░ ╨░╨▓╤В╨╛╨╝╨░╤В╨╕╤З╨╡╤Б╨║╨╛╨│╨╛ ╤Б╨║╨░╨╜╨╕╤А╨╛╨▓╨░╨╜╨╕╤П...

      at ZXingScannerService.log (src/services/scanner/ScannerService.ts:190:15)

    console.log
      [ZXingScannerService] ╨Ч╨░╤Е╨▓╨░╤В ╨║╨░╨┤╤А╨░ ╨┤╨╗╤П ╤Б╨║╨░╨╜╨╕╤А╨╛╨▓╨░╨╜╨╕╤П...

      at ZXingScannerService.log (src/services/scanner/ScannerService.ts:190:15)

    console.log
      [ZXingScannerService] ╨а╨░╨╖╨╝╨╡╤А╤Л ╨║╨░╨┤╤А╨░: 0x0

      at ZXingScannerService.log (src/services/scanner/ScannerService.ts:190:15)

    console.error
      Error: Not implemented: HTMLCanvasElement.prototype.toDataURL (without installing the canvas npm package)
          at ZXingScannerService.toDataURL [as captureFrame] (D:\Dev\ExoScan\exoscan-web\src\services\scanner\ZXingScannerService.ts:494:32)
          at captureFrame (D:\Dev\ExoScan\exoscan-web\src\services\scanner\ZXingScannerService.ts:454:35) {
        type: 'not implemented'
      }

      492 |       
      493 |       // ╨б╨╛╨╖╨┤╨░╨╡╨╝ ╨╕╨╖╨╛╨▒╤А╨░╨╢╨╡╨╜╨╕╨╡ ╨╕╨╖ canvas
    > 494 |       const imageData = canvas.toDataURL('image/png')
          |                                ^
      495 |       const image = new Image()
      496 |       
      497 |       return new Promise((resolve, reject) => {

      at VirtualConsole.<anonymous> (node_modules/@jest/environment-jsdom-abstract/build/index.js:87:23)
      at module.exports (node_modules/jsdom/lib/jsdom/browser/not-implemented.js:12:26)
      at HTMLCanvasElementImpl.toDataURL (node_modules/jsdom/lib/jsdom/living/nodes/HTMLCanvasElement-impl.js:55:5)
      at HTMLCanvasElement.toDataURL (node_modules/jsdom/lib/jsdom/living/generated/HTMLCanvasElement.js:162:34)
      at ZXingScannerService.toDataURL [as captureFrame] (src/services/scanner/ZXingScannerService.ts:494:32)
      at captureFrame (src/services/scanner/ZXingScannerService.ts:454:35)
      at Timeout.task [as _onTimeout] (node_modules/jsdom/lib/jsdom/browser/Window.js:579:19)

    console.log
      [ZXingScannerService] ╨Я╨╛╨┐╤Л╤В╨║╨░ ╨░╨▓╤В╨╛╨╝╨░╤В╨╕╤З╨╡╤Б╨║╨╛╨│╨╛ ╤Б╨║╨░╨╜╨╕╤А╨╛╨▓╨░╨╜╨╕╤П...

      at ZXingScannerService.log (src/services/scanner/ScannerService.ts:190:15)

    console.log
      [ZXingScannerService] ╨Ч╨░╤Е╨▓╨░╤В ╨║╨░╨┤╤А╨░ ╨┤╨╗╤П ╤Б╨║╨░╨╜╨╕╤А╨╛╨▓╨░╨╜╨╕╤П...

      at ZXingScannerService.log (src/services/scanner/ScannerService.ts:190:15)

    console.log
      [ZXingScannerService] ╨а╨░╨╖╨╝╨╡╤А╤Л ╨║╨░╨┤╤А╨░: 0x0

      at ZXingScannerService.log (src/services/scanner/ScannerService.ts:190:15)

    console.error
      Error: Not implemented: HTMLCanvasElement.prototype.toDataURL (without installing the canvas npm package)
          at ZXingScannerService.toDataURL [as captureFrame] (D:\Dev\ExoScan\exoscan-web\src\services\scanner\ZXingScannerService.ts:494:32)
          at captureFrame (D:\Dev\ExoScan\exoscan-web\src\services\scanner\ZXingScannerService.ts:454:35) {
        type: 'not implemented'
      }

      492 |       
      493 |       // ╨б╨╛╨╖╨┤╨░╨╡╨╝ ╨╕╨╖╨╛╨▒╤А╨░╨╢╨╡╨╜╨╕╨╡ ╨╕╨╖ canvas
    > 494 |       const imageData = canvas.toDataURL('image/png')
          |                                ^
      495 |       const image = new Image()
      496 |       
      497 |       return new Promise((resolve, reject) => {

      at VirtualConsole.<anonymous> (node_modules/@jest/environment-jsdom-abstract/build/index.js:87:23)
      at module.exports (node_modules/jsdom/lib/jsdom/browser/not-implemented.js:12:26)
      at HTMLCanvasElementImpl.toDataURL (node_modules/jsdom/lib/jsdom/living/nodes/HTMLCanvasElement-impl.js:55:5)
      at HTMLCanvasElement.toDataURL (node_modules/jsdom/lib/jsdom/living/generated/HTMLCanvasElement.js:162:34)
      at ZXingScannerService.toDataURL [as captureFrame] (src/services/scanner/ZXingScannerService.ts:494:32)
      at captureFrame (src/services/scanner/ZXingScannerService.ts:454:35)
      at Timeout.task [as _onTimeout] (node_modules/jsdom/lib/jsdom/browser/Window.js:579:19)

    console.log
      [ZXingScannerService] ╨Я╨╛╨┐╤Л╤В╨║╨░ ╨░╨▓╤В╨╛╨╝╨░╤В╨╕╤З╨╡╤Б╨║╨╛╨│╨╛ ╤Б╨║╨░╨╜╨╕╤А╨╛╨▓╨░╨╜╨╕╤П...

      at ZXingScannerService.log (src/services/scanner/ScannerService.ts:190:15)

    console.log
      [ZXingScannerService] ╨Ч╨░╤Е╨▓╨░╤В ╨║╨░╨┤╤А╨░ ╨┤╨╗╤П ╤Б╨║╨░╨╜╨╕╤А╨╛╨▓╨░╨╜╨╕╤П...

      at ZXingScannerService.log (src/services/scanner/ScannerService.ts:190:15)

    console.log
      [ZXingScannerService] ╨а╨░╨╖╨╝╨╡╤А╤Л ╨║╨░╨┤╤А╨░: 0x0

      at ZXingScannerService.log (src/services/scanner/ScannerService.ts:190:15)

    console.error
      Error: Not implemented: HTMLCanvasElement.prototype.toDataURL (without installing the canvas npm package)
          at ZXingScannerService.toDataURL [as captureFrame] (D:\Dev\ExoScan\exoscan-web\src\services\scanner\ZXingScannerService.ts:494:32)
          at captureFrame (D:\Dev\ExoScan\exoscan-web\src\services\scanner\ZXingScannerService.ts:454:35) {
        type: 'not implemented'
      }

      492 |       
      493 |       // ╨б╨╛╨╖╨┤╨░╨╡╨╝ ╨╕╨╖╨╛╨▒╤А╨░╨╢╨╡╨╜╨╕╨╡ ╨╕╨╖ canvas
    > 494 |       const imageData = canvas.toDataURL('image/png')
          |                                ^
      495 |       const image = new Image()
      496 |       
      497 |       return new Promise((resolve, reject) => {

      at VirtualConsole.<anonymous> (node_modules/@jest/environment-jsdom-abstract/build/index.js:87:23)
      at module.exports (node_modules/jsdom/lib/jsdom/browser/not-implemented.js:12:26)
      at HTMLCanvasElementImpl.toDataURL (node_modules/jsdom/lib/jsdom/living/nodes/HTMLCanvasElement-impl.js:55:5)
      at HTMLCanvasElement.toDataURL (node_modules/jsdom/lib/jsdom/living/generated/HTMLCanvasElement.js:162:34)
      at ZXingScannerService.toDataURL [as captureFrame] (src/services/scanner/ZXingScannerService.ts:494:32)
      at captureFrame (src/services/scanner/ZXingScannerService.ts:454:35)
      at Timeout.task [as _onTimeout] (node_modules/jsdom/lib/jsdom/browser/Window.js:579:19)

    console.log
      [ZXingScannerService] ╨Я╨╛╨┐╤Л╤В╨║╨░ ╨░╨▓╤В╨╛╨╝╨░╤В╨╕╤З╨╡╤Б╨║╨╛╨│╨╛ ╤Б╨║╨░╨╜╨╕╤А╨╛╨▓╨░╨╜╨╕╤П...

      at ZXingScannerService.log (src/services/scanner/ScannerService.ts:190:15)

    console.log
      [ZXingScannerService] ╨Ч╨░╤Е╨▓╨░╤В ╨║╨░╨┤╤А╨░ ╨┤╨╗╤П ╤Б╨║╨░╨╜╨╕╤А╨╛╨▓╨░╨╜╨╕╤П...

      at ZXingScannerService.log (src/services/scanner/ScannerService.ts:190:15)

    console.log
      [ZXingScannerService] ╨а╨░╨╖╨╝╨╡╤А╤Л ╨║╨░╨┤╤А╨░: 0x0

      at ZXingScannerService.log (src/services/scanner/ScannerService.ts:190:15)

    console.error
      Error: Not implemented: HTMLCanvasElement.prototype.toDataURL (without installing the canvas npm package)
          at ZXingScannerService.toDataURL [as captureFrame] (D:\Dev\ExoScan\exoscan-web\src\services\scanner\ZXingScannerService.ts:494:32)
          at captureFrame (D:\Dev\ExoScan\exoscan-web\src\services\scanner\ZXingScannerService.ts:454:35) {
        type: 'not implemented'
      }

      492 |       
      493 |       // ╨б╨╛╨╖╨┤╨░╨╡╨╝ ╨╕╨╖╨╛╨▒╤А╨░╨╢╨╡╨╜╨╕╨╡ ╨╕╨╖ canvas
    > 494 |       const imageData = canvas.toDataURL('image/png')
          |                                ^
      495 |       const image = new Image()
      496 |       
      497 |       return new Promise((resolve, reject) => {

      at VirtualConsole.<anonymous> (node_modules/@jest/environment-jsdom-abstract/build/index.js:87:23)
      at module.exports (node_modules/jsdom/lib/jsdom/browser/not-implemented.js:12:26)
      at HTMLCanvasElementImpl.toDataURL (node_modules/jsdom/lib/jsdom/living/nodes/HTMLCanvasElement-impl.js:55:5)
      at HTMLCanvasElement.toDataURL (node_modules/jsdom/lib/jsdom/living/generated/HTMLCanvasElement.js:162:34)
      at ZXingScannerService.toDataURL [as captureFrame] (src/services/scanner/ZXingScannerService.ts:494:32)
      at captureFrame (src/services/scanner/ZXingScannerService.ts:454:35)
      at Timeout.task [as _onTimeout] (node_modules/jsdom/lib/jsdom/browser/Window.js:579:19)

    console.log
      [ZXingScannerService] ╨Я╨╛╨┐╤Л╤В╨║╨░ ╨░╨▓╤В╨╛╨╝╨░╤В╨╕╤З╨╡╤Б╨║╨╛╨│╨╛ ╤Б╨║╨░╨╜╨╕╤А╨╛╨▓╨░╨╜╨╕╤П...

      at ZXingScannerService.log (src/services/scanner/ScannerService.ts:190:15)

    console.log
      [ZXingScannerService] ╨Ч╨░╤Е╨▓╨░╤В ╨║╨░╨┤╤А╨░ ╨┤╨╗╤П ╤Б╨║╨░╨╜╨╕╤А╨╛╨▓╨░╨╜╨╕╤П...

      at ZXingScannerService.log (src/services/scanner/ScannerService.ts:190:15)

    console.log
      [ZXingScannerService] ╨а╨░╨╖╨╝╨╡╤А╤Л ╨║╨░╨┤╤А╨░: 0x0

      at ZXingScannerService.log (src/services/scanner/ScannerService.ts:190:15)

    console.error
      Error: Not implemented: HTMLCanvasElement.prototype.toDataURL (without installing the canvas npm package)
          at ZXingScannerService.toDataURL [as captureFrame] (D:\Dev\ExoScan\exoscan-web\src\services\scanner\ZXingScannerService.ts:494:32)
          at captureFrame (D:\Dev\ExoScan\exoscan-web\src\services\scanner\ZXingScannerService.ts:454:35) {
        type: 'not implemented'
      }

      492 |       
      493 |       // ╨б╨╛╨╖╨┤╨░╨╡╨╝ ╨╕╨╖╨╛╨▒╤А╨░╨╢╨╡╨╜╨╕╨╡ ╨╕╨╖ canvas
    > 494 |       const imageData = canvas.toDataURL('image/png')
          |                                ^
      495 |       const image = new Image()
      496 |       
      497 |       return new Promise((resolve, reject) => {

      at VirtualConsole.<anonymous> (node_modules/@jest/environment-jsdom-abstract/build/index.js:87:23)
      at module.exports (node_modules/jsdom/lib/jsdom/browser/not-implemented.js:12:26)
      at HTMLCanvasElementImpl.toDataURL (node_modules/jsdom/lib/jsdom/living/nodes/HTMLCanvasElement-impl.js:55:5)
      at HTMLCanvasElement.toDataURL (node_modules/jsdom/lib/jsdom/living/generated/HTMLCanvasElement.js:162:34)
      at ZXingScannerService.toDataURL [as captureFrame] (src/services/scanner/ZXingScannerService.ts:494:32)
      at captureFrame (src/services/scanner/ZXingScannerService.ts:454:35)
      at Timeout.task [as _onTimeout] (node_modules/jsdom/lib/jsdom/browser/Window.js:579:19)

    console.log
      [ZXingScannerService] ╨Я╨╛╨┐╤Л╤В╨║╨░ ╨░╨▓╤В╨╛╨╝╨░╤В╨╕╤З╨╡╤Б╨║╨╛╨│╨╛ ╤Б╨║╨░╨╜╨╕╤А╨╛╨▓╨░╨╜╨╕╤П...

      at ZXingScannerService.log (src/services/scanner/ScannerService.ts:190:15)

    console.log
      [ZXingScannerService] ╨Ч╨░╤Е╨▓╨░╤В ╨║╨░╨┤╤А╨░ ╨┤╨╗╤П ╤Б╨║╨░╨╜╨╕╤А╨╛╨▓╨░╨╜╨╕╤П...

      at ZXingScannerService.log (src/services/scanner/ScannerService.ts:190:15)

    console.log
      [ZXingScannerService] ╨а╨░╨╖╨╝╨╡╤А╤Л ╨║╨░╨┤╤А╨░: 0x0

      at ZXingScannerService.log (src/services/scanner/ScannerService.ts:190:15)

    console.error
      Error: Not implemented: HTMLCanvasElement.prototype.toDataURL (without installing the canvas npm package)
          at ZXingScannerService.toDataURL [as captureFrame] (D:\Dev\ExoScan\exoscan-web\src\services\scanner\ZXingScannerService.ts:494:32)
          at captureFrame (D:\Dev\ExoScan\exoscan-web\src\services\scanner\ZXingScannerService.ts:454:35) {
        type: 'not implemented'
      }

      492 |       
      493 |       // ╨б╨╛╨╖╨┤╨░╨╡╨╝ ╨╕╨╖╨╛╨▒╤А╨░╨╢╨╡╨╜╨╕╨╡ ╨╕╨╖ canvas
    > 494 |       const imageData = canvas.toDataURL('image/png')
          |                                ^
      495 |       const image = new Image()
      496 |       
      497 |       return new Promise((resolve, reject) => {

      at VirtualConsole.<anonymous> (node_modules/@jest/environment-jsdom-abstract/build/index.js:87:23)
      at module.exports (node_modules/jsdom/lib/jsdom/browser/not-implemented.js:12:26)
      at HTMLCanvasElementImpl.toDataURL (node_modules/jsdom/lib/jsdom/living/nodes/HTMLCanvasElement-impl.js:55:5)
      at HTMLCanvasElement.toDataURL (node_modules/jsdom/lib/jsdom/living/generated/HTMLCanvasElement.js:162:34)
      at ZXingScannerService.toDataURL [as captureFrame] (src/services/scanner/ZXingScannerService.ts:494:32)
      at captureFrame (src/services/scanner/ZXingScannerService.ts:454:35)
      at Timeout.task [as _onTimeout] (node_modules/jsdom/lib/jsdom/browser/Window.js:579:19)

    console.log
      ЁЯз╣ useScanner: ╨Ю╤З╨╕╤Б╤В╨║╨░ ╨┐╤А╨╕ ╤А╨░╨╖╨╝╨╛╨╜╤В╨╕╤А╨╛╨▓╨░╨╜╨╕╨╕

      at log (src/hooks/useScanner.ts:388:15)
          at Array.forEach (<anonymous>)

    console.log
      [ZXingScannerService] ╨Ю╤Б╤В╨░╨╜╨╛╨▓╨║╨░ ╤Б╨║╨░╨╜╨╕╤А╨╛╨▓╨░╨╜╨╕╤П...

      at ZXingScannerService.log (src/services/scanner/ScannerService.ts:190:15)
          at Array.forEach (<anonymous>)

    console.log
      [ZXingScannerService] ╨б╨║╨░╨╜╨╕╤А╨╛╨▓╨░╨╜╨╕╨╡ ╨╛╤Б╤В╨░╨╜╨╛╨▓╨╗╨╡╨╜╨╛

      at ZXingScannerService.log (src/services/scanner/ScannerService.ts:190:15)
          at Array.forEach (<anonymous>)

    console.log
      ЁЯЪА useScanner: ╨Ч╨░╨┐╤Г╤Б╨║ ╨░╨▓╤В╨╛╨╕╨╜╨╕╤Ж╨╕╨░╨╗╨╕╨╖╨░╤Ж╨╕╨╕...

      at log (src/hooks/useScanner.ts:382:13)

    console.log
      ЁЯФД useScanner: ╨Ш╨╜╨╕╤Ж╨╕╨░╨╗╨╕╨╖╨░╤Ж╨╕╤П ╤Б╨║╨░╨╜╨╡╤А╨░...

      at log (src/hooks/useScanner.ts:92:15)

    console.log
      ЁЯПн ScannerFactory: ╨б╨╛╨╖╨┤╨░╨╜╨╕╨╡ ╤Б╨║╨░╨╜╨╡╤А╨░... {
        preferredType: 'auto',
        fallbackToZXing: true,
        config: {
          enableDiagnostics: true,
          formats: [ 'ean_13', 'ean_8', 'upc_a', 'code_128' ]
        }
      }

      at Function.log [as createScanner] (src/services/scanner/index.ts:37:13)

    console.log
      ЁЯФН ScannerFactory: ╨Р╨▓╤В╨╛╨╝╨░╤В╨╕╤З╨╡╤Б╨║╨╕╨╣ ╨▓╤Л╨▒╨╛╤А ╤Б╨║╨░╨╜╨╡╤А╨░...

      at Function.log [as createBestAvailableScanner] (src/services/scanner/index.ts:87:13)

    console.log
      ЁЯз╣ useScanner: ╨Ю╤З╨╕╤Б╤В╨║╨░ ╨┐╤А╨╕ ╤А╨░╨╖╨╝╨╛╨╜╤В╨╕╤А╨╛╨▓╨░╨╜╨╕╨╕

      at log (src/hooks/useScanner.ts:388:15)

    console.log
      ЁЯЪА useScanner: ╨Ч╨░╨┐╤Г╤Б╨║ ╨░╨▓╤В╨╛╨╕╨╜╨╕╤Ж╨╕╨░╨╗╨╕╨╖╨░╤Ж╨╕╨╕...

      at log (src/hooks/useScanner.ts:382:13)

    console.log
      ЁЯФД useScanner: ╨Ш╨╜╨╕╤Ж╨╕╨░╨╗╨╕╨╖╨░╤Ж╨╕╤П ╤Б╨║╨░╨╜╨╡╤А╨░...

      at log (src/hooks/useScanner.ts:92:15)

    console.log
      ЁЯПн ScannerFactory: ╨б╨╛╨╖╨┤╨░╨╜╨╕╨╡ ╤Б╨║╨░╨╜╨╡╤А╨░... {
        preferredType: 'auto',
        fallbackToZXing: true,
        config: {
          enableDiagnostics: true,
          formats: [ 'ean_13', 'ean_8', 'upc_a', 'code_128' ]
        }
      }

      at Function.log [as createScanner] (src/services/scanner/index.ts:37:13)

    console.log
      ЁЯФН ScannerFactory: ╨Р╨▓╤В╨╛╨╝╨░╤В╨╕╤З╨╡╤Б╨║╨╕╨╣ ╨▓╤Л╨▒╨╛╤А ╤Б╨║╨░╨╜╨╡╤А╨░...

      at Function.log [as createBestAvailableScanner] (src/services/scanner/index.ts:87:13)

    console.log
      ЁЯУК ScannerFactory: ╨Ф╨╛╤Б╤В╤Г╨┐╨╜╨╛╤Б╤В╤М API: {
        barcodeDetector: false,
        zxing: true,
        camera: true,
        secureContext: true
      }

      at Function.log [as createBestAvailableScanner] (src/services/scanner/index.ts:91:13)

    console.log
      ЁЯФД ScannerFactory: Fallback ╨║ ZXing

      at Function.log [as createBestAvailableScanner] (src/services/scanner/index.ts:110:15)

    console.log
      [ZXingScannerService] ╨Ш╨╜╨╕╤Ж╨╕╨░╨╗╨╕╨╖╨░╤Ж╨╕╤П ZXing ╤Б╨║╨░╨╜╨╡╤А╨░...

      at ZXingScannerService.log (src/services/scanner/ScannerService.ts:190:15)

    console.log
      ЁЯУК ScannerFactory: ╨Ф╨╛╤Б╤В╤Г╨┐╨╜╨╛╤Б╤В╤М API: {
        barcodeDetector: false,
        zxing: true,
        camera: true,
        secureContext: true
      }

      at Function.log [as createBestAvailableScanner] (src/services/scanner/index.ts:91:13)

    console.log
      ЁЯФД ScannerFactory: Fallback ╨║ ZXing

      at Function.log [as createBestAvailableScanner] (src/services/scanner/index.ts:110:15)

    console.log
      [ZXingScannerService] ╨Ш╨╜╨╕╤Ж╨╕╨░╨╗╨╕╨╖╨░╤Ж╨╕╤П ZXing ╤Б╨║╨░╨╜╨╡╤А╨░...

      at ZXingScannerService.log (src/services/scanner/ScannerService.ts:190:15)

    console.error
      An update to Scanner inside a test was not wrapped in act(...).
      
      When testing, code that causes React state updates should be wrapped into act(...):
      
      act(() => {
        /* fire events that update state */
      });
      /* assert on the output */
      
      This ensures that you're testing the behavior the user would see in the browser. Learn more at https://react.dev/link/wrap-tests-with-act

       97 |       // ╨Я╨╛╨╗╤Г╤З╨░╨╡╨╝ ╨▓╨╛╨╖╨╝╨╛╨╢╨╜╨╛╤Б╤В╨╕
       98 |       const caps = await scanner.getCapabilities()
    >  99 |       setCapabilities(caps)
          |       ^
      100 |
      101 |       // ╨Я╨╛╨╗╤Г╤З╨░╨╡╨╝ ╨┤╨╛╤Б╤В╤Г╨┐╨╜╤Л╨╡ ╨║╨░╨╝╨╡╤А╤Л
      102 |       const cameras = await scanner.getAvailableCameras()

      at node_modules/react-dom/cjs/react-dom-client.development.js:16023:19
      at runWithFiberInDEV (node_modules/react-dom/cjs/react-dom-client.development.js:1522:13)
      at warnIfUpdatesNotWrappedWithActDEV (node_modules/react-dom/cjs/react-dom-client.development.js:16022:9)
      at scheduleUpdateOnFiber (node_modules/react-dom/cjs/react-dom-client.development.js:14396:11)
      at dispatchSetStateInternal (node_modules/react-dom/cjs/react-dom-client.development.js:6969:13)
      at dispatchSetState (node_modules/react-dom/cjs/react-dom-client.development.js:6927:7)
      at setCapabilities (src/hooks/useScanner.ts:99:7)

    console.error
      An update to Scanner inside a test was not wrapped in act(...).
      
      When testing, code that causes React state updates should be wrapped into act(...):
      
      act(() => {
        /* fire events that update state */
      });
      /* assert on the output */
      
      This ensures that you're testing the behavior the user would see in the browser. Learn more at https://react.dev/link/wrap-tests-with-act

       97 |       // ╨Я╨╛╨╗╤Г╤З╨░╨╡╨╝ ╨▓╨╛╨╖╨╝╨╛╨╢╨╜╨╛╤Б╤В╨╕
       98 |       const caps = await scanner.getCapabilities()
    >  99 |       setCapabilities(caps)
          |       ^
      100 |
      101 |       // ╨Я╨╛╨╗╤Г╤З╨░╨╡╨╝ ╨┤╨╛╤Б╤В╤Г╨┐╨╜╤Л╨╡ ╨║╨░╨╝╨╡╤А╤Л
      102 |       const cameras = await scanner.getAvailableCameras()

      at node_modules/react-dom/cjs/react-dom-client.development.js:16023:19
      at runWithFiberInDEV (node_modules/react-dom/cjs/react-dom-client.development.js:1522:13)
      at warnIfUpdatesNotWrappedWithActDEV (node_modules/react-dom/cjs/react-dom-client.development.js:16022:9)
      at scheduleUpdateOnFiber (node_modules/react-dom/cjs/react-dom-client.development.js:14396:11)
      at dispatchSetStateInternal (node_modules/react-dom/cjs/react-dom-client.development.js:6969:13)
      at dispatchSetState (node_modules/react-dom/cjs/react-dom-client.development.js:6927:7)
      at setCapabilities (src/hooks/useScanner.ts:99:7)

    console.error
      An update to Scanner inside a test was not wrapped in act(...).
      
      When testing, code that causes React state updates should be wrapped into act(...):
      
      act(() => {
        /* fire events that update state */
      });
      /* assert on the output */
      
      This ensures that you're testing the behavior the user would see in the browser. Learn more at https://react.dev/link/wrap-tests-with-act

      101 |       // ╨Я╨╛╨╗╤Г╤З╨░╨╡╨╝ ╨┤╨╛╤Б╤В╤Г╨┐╨╜╤Л╨╡ ╨║╨░╨╝╨╡╤А╤Л
      102 |       const cameras = await scanner.getAvailableCameras()
    > 103 |       setAvailableCameras(cameras)
          |       ^
      104 |
      105 |       // ╨Я╤А╨╛╨▓╨╡╤А╤П╨╡╨╝ ╤А╨░╨╖╤А╨╡╤И╨╡╨╜╨╕╤П
      106 |       const permission = await scanner.getCameraPermissionStatus()

      at node_modules/react-dom/cjs/react-dom-client.development.js:16023:19
      at runWithFiberInDEV (node_modules/react-dom/cjs/react-dom-client.development.js:1522:13)
      at warnIfUpdatesNotWrappedWithActDEV (node_modules/react-dom/cjs/react-dom-client.development.js:16022:9)
      at scheduleUpdateOnFiber (node_modules/react-dom/cjs/react-dom-client.development.js:14396:11)
      at dispatchSetStateInternal (node_modules/react-dom/cjs/react-dom-client.development.js:6969:13)
      at dispatchSetState (node_modules/react-dom/cjs/react-dom-client.development.js:6927:7)
      at setAvailableCameras (src/hooks/useScanner.ts:103:7)

    console.error
      An update to Scanner inside a test was not wrapped in act(...).
      
      When testing, code that causes React state updates should be wrapped into act(...):
      
      act(() => {
        /* fire events that update state */
      });
      /* assert on the output */
      
      This ensures that you're testing the behavior the user would see in the browser. Learn more at https://react.dev/link/wrap-tests-with-act

      101 |       // ╨Я╨╛╨╗╤Г╤З╨░╨╡╨╝ ╨┤╨╛╤Б╤В╤Г╨┐╨╜╤Л╨╡ ╨║╨░╨╝╨╡╤А╤Л
      102 |       const cameras = await scanner.getAvailableCameras()
    > 103 |       setAvailableCameras(cameras)
          |       ^
      104 |
      105 |       // ╨Я╤А╨╛╨▓╨╡╤А╤П╨╡╨╝ ╤А╨░╨╖╤А╨╡╤И╨╡╨╜╨╕╤П
      106 |       const permission = await scanner.getCameraPermissionStatus()

      at node_modules/react-dom/cjs/react-dom-client.development.js:16023:19
      at runWithFiberInDEV (node_modules/react-dom/cjs/react-dom-client.development.js:1522:13)
      at warnIfUpdatesNotWrappedWithActDEV (node_modules/react-dom/cjs/react-dom-client.development.js:16022:9)
      at scheduleUpdateOnFiber (node_modules/react-dom/cjs/react-dom-client.development.js:14396:11)
      at dispatchSetStateInternal (node_modules/react-dom/cjs/react-dom-client.development.js:6969:13)
      at dispatchSetState (node_modules/react-dom/cjs/react-dom-client.development.js:6927:7)
      at setAvailableCameras (src/hooks/useScanner.ts:103:7)

    console.error
      An update to Scanner inside a test was not wrapped in act(...).
      
      When testing, code that causes React state updates should be wrapped into act(...):
      
      act(() => {
        /* fire events that update state */
      });
      /* assert on the output */
      
      This ensures that you're testing the behavior the user would see in the browser. Learn more at https://react.dev/link/wrap-tests-with-act

      105 |       // ╨Я╤А╨╛╨▓╨╡╤А╤П╨╡╨╝ ╤А╨░╨╖╤А╨╡╤И╨╡╨╜╨╕╤П
      106 |       const permission = await scanner.getCameraPermissionStatus()
    > 107 |       setPermissionStatus(permission)
          |       ^
      108 |
      109 |       setIsInitialized(true)
      110 |       console.log('тЬЕ useScanner: ╨б╨║╨░╨╜╨╡╤А ╨╕╨╜╨╕╤Ж╨╕╨░╨╗╨╕╨╖╨╕╤А╨╛╨▓╨░╨╜', { caps, cameras, permission })

      at node_modules/react-dom/cjs/react-dom-client.development.js:16023:19
      at runWithFiberInDEV (node_modules/react-dom/cjs/react-dom-client.development.js:1522:13)
      at warnIfUpdatesNotWrappedWithActDEV (node_modules/react-dom/cjs/react-dom-client.development.js:16022:9)
      at scheduleUpdateOnFiber (node_modules/react-dom/cjs/react-dom-client.development.js:14396:11)
      at dispatchSetStateInternal (node_modules/react-dom/cjs/react-dom-client.development.js:6969:13)
      at dispatchSetState (node_modules/react-dom/cjs/react-dom-client.development.js:6927:7)
      at setPermissionStatus (src/hooks/useScanner.ts:107:7)

    console.error
      An update to Scanner inside a test was not wrapped in act(...).
      
      When testing, code that causes React state updates should be wrapped into act(...):
      
      act(() => {
        /* fire events that update state */
      });
      /* assert on the output */
      
      This ensures that you're testing the behavior the user would see in the browser. Learn more at https://react.dev/link/wrap-tests-with-act

      107 |       setPermissionStatus(permission)
      108 |
    > 109 |       setIsInitialized(true)
          |       ^
      110 |       console.log('тЬЕ useScanner: ╨б╨║╨░╨╜╨╡╤А ╨╕╨╜╨╕╤Ж╨╕╨░╨╗╨╕╨╖╨╕╤А╨╛╨▓╨░╨╜', { caps, cameras, permission })
      111 |
      112 |       // ╨Р╨▓╤В╨╛╨╖╨░╨┐╤Г╤Б╨║ ╨╡╤Б╨╗╨╕ ╨▓╨║╨╗╤О╤З╨╡╨╜

      at node_modules/react-dom/cjs/react-dom-client.development.js:16023:19
      at runWithFiberInDEV (node_modules/react-dom/cjs/react-dom-client.development.js:1522:13)
      at warnIfUpdatesNotWrappedWithActDEV (node_modules/react-dom/cjs/react-dom-client.development.js:16022:9)
      at scheduleUpdateOnFiber (node_modules/react-dom/cjs/react-dom-client.development.js:14396:11)
      at dispatchSetStateInternal (node_modules/react-dom/cjs/react-dom-client.development.js:6969:13)
      at dispatchSetState (node_modules/react-dom/cjs/react-dom-client.development.js:6927:7)
      at setIsInitialized (src/hooks/useScanner.ts:109:7)

    console.log
      тЬЕ useScanner: ╨б╨║╨░╨╜╨╡╤А ╨╕╨╜╨╕╤Ж╨╕╨░╨╗╨╕╨╖╨╕╤А╨╛╨▓╨░╨╜ {
        caps: {
          supportedFormats: [ 'ean_13', 'ean_8', 'upc_a', 'code_128' ],
          supportsFlashlight: true,
          supportsZoom: true,
          supportsFocus: true,
          maxZoom: 3
        },
        cameras: [ { deviceId: 'camera1', kind: 'videoinput', label: 'Camera 1' } ],
        permission: { granted: false, denied: false, prompt: true }
      }

      at log (src/hooks/useScanner.ts:110:15)

    console.error
      An update to Scanner inside a test was not wrapped in act(...).
      
      When testing, code that causes React state updates should be wrapped into act(...):
      
      act(() => {
        /* fire events that update state */
      });
      /* assert on the output */
      
      This ensures that you're testing the behavior the user would see in the browser. Learn more at https://react.dev/link/wrap-tests-with-act

      105 |       // ╨Я╤А╨╛╨▓╨╡╤А╤П╨╡╨╝ ╤А╨░╨╖╤А╨╡╤И╨╡╨╜╨╕╤П
      106 |       const permission = await scanner.getCameraPermissionStatus()
    > 107 |       setPermissionStatus(permission)
          |       ^
      108 |
      109 |       setIsInitialized(true)
      110 |       console.log('тЬЕ useScanner: ╨б╨║╨░╨╜╨╡╤А ╨╕╨╜╨╕╤Ж╨╕╨░╨╗╨╕╨╖╨╕╤А╨╛╨▓╨░╨╜', { caps, cameras, permission })

      at node_modules/react-dom/cjs/react-dom-client.development.js:16023:19
      at runWithFiberInDEV (node_modules/react-dom/cjs/react-dom-client.development.js:1522:13)
      at warnIfUpdatesNotWrappedWithActDEV (node_modules/react-dom/cjs/react-dom-client.development.js:16022:9)
      at scheduleUpdateOnFiber (node_modules/react-dom/cjs/react-dom-client.development.js:14396:11)
      at dispatchSetStateInternal (node_modules/react-dom/cjs/react-dom-client.development.js:6969:13)
      at dispatchSetState (node_modules/react-dom/cjs/react-dom-client.development.js:6927:7)
      at setPermissionStatus (src/hooks/useScanner.ts:107:7)

    console.error
      An update to Scanner inside a test was not wrapped in act(...).
      
      When testing, code that causes React state updates should be wrapped into act(...):
      
      act(() => {
        /* fire events that update state */
      });
      /* assert on the output */
      
      This ensures that you're testing the behavior the user would see in the browser. Learn more at https://react.dev/link/wrap-tests-with-act

      107 |       setPermissionStatus(permission)
      108 |
    > 109 |       setIsInitialized(true)
          |       ^
      110 |       console.log('тЬЕ useScanner: ╨б╨║╨░╨╜╨╡╤А ╨╕╨╜╨╕╤Ж╨╕╨░╨╗╨╕╨╖╨╕╤А╨╛╨▓╨░╨╜', { caps, cameras, permission })
      111 |
      112 |       // ╨Р╨▓╤В╨╛╨╖╨░╨┐╤Г╤Б╨║ ╨╡╤Б╨╗╨╕ ╨▓╨║╨╗╤О╤З╨╡╨╜

      at node_modules/react-dom/cjs/react-dom-client.development.js:16023:19
      at runWithFiberInDEV (node_modules/react-dom/cjs/react-dom-client.development.js:1522:13)
      at warnIfUpdatesNotWrappedWithActDEV (node_modules/react-dom/cjs/react-dom-client.development.js:16022:9)
      at scheduleUpdateOnFiber (node_modules/react-dom/cjs/react-dom-client.development.js:14396:11)
      at dispatchSetStateInternal (node_modules/react-dom/cjs/react-dom-client.development.js:6969:13)
      at dispatchSetState (node_modules/react-dom/cjs/react-dom-client.development.js:6927:7)
      at setIsInitialized (src/hooks/useScanner.ts:109:7)

    console.log
      тЬЕ useScanner: ╨б╨║╨░╨╜╨╡╤А ╨╕╨╜╨╕╤Ж╨╕╨░╨╗╨╕╨╖╨╕╤А╨╛╨▓╨░╨╜ {
        caps: {
          supportedFormats: [ 'ean_13', 'ean_8', 'upc_a', 'code_128' ],
          supportsFlashlight: true,
          supportsZoom: true,
          supportsFocus: true,
          maxZoom: 3
        },
        cameras: [ { deviceId: 'camera1', kind: 'videoinput', label: 'Camera 1' } ],
        permission: { granted: false, denied: false, prompt: true }
      }

      at log (src/hooks/useScanner.ts:110:15)

    console.log
      ЁЯз╣ useScanner: ╨Ю╤З╨╕╤Б╤В╨║╨░ ╨┐╤А╨╕ ╤А╨░╨╖╨╝╨╛╨╜╤В╨╕╤А╨╛╨▓╨░╨╜╨╕╨╕

      at log (src/hooks/useScanner.ts:388:15)
          at Array.forEach (<anonymous>)

    console.log
      [ZXingScannerService] ╨Ю╤Б╤В╨░╨╜╨╛╨▓╨║╨░ ╤Б╨║╨░╨╜╨╕╤А╨╛╨▓╨░╨╜╨╕╤П...

      at ZXingScannerService.log (src/services/scanner/ScannerService.ts:190:15)
          at Array.forEach (<anonymous>)

    console.log
      [ZXingScannerService] ╨б╨║╨░╨╜╨╕╤А╨╛╨▓╨░╨╜╨╕╨╡ ╨╛╤Б╤В╨░╨╜╨╛╨▓╨╗╨╡╨╜╨╛

      at ZXingScannerService.log (src/services/scanner/ScannerService.ts:190:15)
          at Array.forEach (<anonymous>)

    console.log
      ЁЯЪА useScanner: ╨Ч╨░╨┐╤Г╤Б╨║ ╨░╨▓╤В╨╛╨╕╨╜╨╕╤Ж╨╕╨░╨╗╨╕╨╖╨░╤Ж╨╕╨╕...

      at log (src/hooks/useScanner.ts:382:13)

    console.log
      ЁЯФД useScanner: ╨Ш╨╜╨╕╤Ж╨╕╨░╨╗╨╕╨╖╨░╤Ж╨╕╤П ╤Б╨║╨░╨╜╨╡╤А╨░...

      at log (src/hooks/useScanner.ts:92:15)

    console.log
      ЁЯПн ScannerFactory: ╨б╨╛╨╖╨┤╨░╨╜╨╕╨╡ ╤Б╨║╨░╨╜╨╡╤А╨░... {
        preferredType: 'auto',
        fallbackToZXing: true,
        config: {
          enableDiagnostics: true,
          formats: [ 'ean_13', 'ean_8', 'upc_a', 'code_128' ]
        }
      }

      at Function.log [as createScanner] (src/services/scanner/index.ts:37:13)

    console.log
      ЁЯФН ScannerFactory: ╨Р╨▓╤В╨╛╨╝╨░╤В╨╕╤З╨╡╤Б╨║╨╕╨╣ ╨▓╤Л╨▒╨╛╤А ╤Б╨║╨░╨╜╨╡╤А╨░...

      at Function.log [as createBestAvailableScanner] (src/services/scanner/index.ts:87:13)

    console.log
      ЁЯз╣ useScanner: ╨Ю╤З╨╕╤Б╤В╨║╨░ ╨┐╤А╨╕ ╤А╨░╨╖╨╝╨╛╨╜╤В╨╕╤А╨╛╨▓╨░╨╜╨╕╨╕

      at log (src/hooks/useScanner.ts:388:15)

    console.log
      ЁЯЪА useScanner: ╨Ч╨░╨┐╤Г╤Б╨║ ╨░╨▓╤В╨╛╨╕╨╜╨╕╤Ж╨╕╨░╨╗╨╕╨╖╨░╤Ж╨╕╨╕...

      at log (src/hooks/useScanner.ts:382:13)

    console.log
      ЁЯФД useScanner: ╨Ш╨╜╨╕╤Ж╨╕╨░╨╗╨╕╨╖╨░╤Ж╨╕╤П ╤Б╨║╨░╨╜╨╡╤А╨░...

      at log (src/hooks/useScanner.ts:92:15)

    console.log
      ЁЯПн ScannerFactory: ╨б╨╛╨╖╨┤╨░╨╜╨╕╨╡ ╤Б╨║╨░╨╜╨╡╤А╨░... {
        preferredType: 'auto',
        fallbackToZXing: true,
        config: {
          enableDiagnostics: true,
          formats: [ 'ean_13', 'ean_8', 'upc_a', 'code_128' ]
        }
      }

      at Function.log [as createScanner] (src/services/scanner/index.ts:37:13)

    console.log
      ЁЯФН ScannerFactory: ╨Р╨▓╤В╨╛╨╝╨░╤В╨╕╤З╨╡╤Б╨║╨╕╨╣ ╨▓╤Л╨▒╨╛╤А ╤Б╨║╨░╨╜╨╡╤А╨░...

      at Function.log [as createBestAvailableScanner] (src/services/scanner/index.ts:87:13)

    console.log
      ЁЯУК ScannerFactory: ╨Ф╨╛╤Б╤В╤Г╨┐╨╜╨╛╤Б╤В╤М API: {
        barcodeDetector: false,
        zxing: true,
        camera: true,
        secureContext: true
      }

      at Function.log [as createBestAvailableScanner] (src/services/scanner/index.ts:91:13)

    console.log
      ЁЯФД ScannerFactory: Fallback ╨║ ZXing

      at Function.log [as createBestAvailableScanner] (src/services/scanner/index.ts:110:15)

    console.log
      [ZXingScannerService] ╨Ш╨╜╨╕╤Ж╨╕╨░╨╗╨╕╨╖╨░╤Ж╨╕╤П ZXing ╤Б╨║╨░╨╜╨╡╤А╨░...

      at ZXingScannerService.log (src/services/scanner/ScannerService.ts:190:15)

    console.log
      ЁЯУК ScannerFactory: ╨Ф╨╛╤Б╤В╤Г╨┐╨╜╨╛╤Б╤В╤М API: {
        barcodeDetector: false,
        zxing: true,
        camera: true,
        secureContext: true
      }

      at Function.log [as createBestAvailableScanner] (src/services/scanner/index.ts:91:13)

    console.log
      ЁЯФД ScannerFactory: Fallback ╨║ ZXing

      at Function.log [as createBestAvailableScanner] (src/services/scanner/index.ts:110:15)

    console.log
      [ZXingScannerService] ╨Ш╨╜╨╕╤Ж╨╕╨░╨╗╨╕╨╖╨░╤Ж╨╕╤П ZXing ╤Б╨║╨░╨╜╨╡╤А╨░...

      at ZXingScannerService.log (src/services/scanner/ScannerService.ts:190:15)

    console.error
      An update to Scanner inside a test was not wrapped in act(...).
      
      When testing, code that causes React state updates should be wrapped into act(...):
      
      act(() => {
        /* fire events that update state */
      });
      /* assert on the output */
      
      This ensures that you're testing the behavior the user would see in the browser. Learn more at https://react.dev/link/wrap-tests-with-act

       97 |       // ╨Я╨╛╨╗╤Г╤З╨░╨╡╨╝ ╨▓╨╛╨╖╨╝╨╛╨╢╨╜╨╛╤Б╤В╨╕
       98 |       const caps = await scanner.getCapabilities()
    >  99 |       setCapabilities(caps)
          |       ^
      100 |
      101 |       // ╨Я╨╛╨╗╤Г╤З╨░╨╡╨╝ ╨┤╨╛╤Б╤В╤Г╨┐╨╜╤Л╨╡ ╨║╨░╨╝╨╡╤А╤Л
      102 |       const cameras = await scanner.getAvailableCameras()

      at node_modules/react-dom/cjs/react-dom-client.development.js:16023:19
      at runWithFiberInDEV (node_modules/react-dom/cjs/react-dom-client.development.js:1522:13)
      at warnIfUpdatesNotWrappedWithActDEV (node_modules/react-dom/cjs/react-dom-client.development.js:16022:9)
      at scheduleUpdateOnFiber (node_modules/react-dom/cjs/react-dom-client.development.js:14396:11)
      at dispatchSetStateInternal (node_modules/react-dom/cjs/react-dom-client.development.js:6969:13)
      at dispatchSetState (node_modules/react-dom/cjs/react-dom-client.development.js:6927:7)
      at setCapabilities (src/hooks/useScanner.ts:99:7)

    console.error
      An update to Scanner inside a test was not wrapped in act(...).
      
      When testing, code that causes React state updates should be wrapped into act(...):
      
      act(() => {
        /* fire events that update state */
      });
      /* assert on the output */
      
      This ensures that you're testing the behavior the user would see in the browser. Learn more at https://react.dev/link/wrap-tests-with-act

       97 |       // ╨Я╨╛╨╗╤Г╤З╨░╨╡╨╝ ╨▓╨╛╨╖╨╝╨╛╨╢╨╜╨╛╤Б╤В╨╕
       98 |       const caps = await scanner.getCapabilities()
    >  99 |       setCapabilities(caps)
          |       ^
      100 |
      101 |       // ╨Я╨╛╨╗╤Г╤З╨░╨╡╨╝ ╨┤╨╛╤Б╤В╤Г╨┐╨╜╤Л╨╡ ╨║╨░╨╝╨╡╤А╤Л
      102 |       const cameras = await scanner.getAvailableCameras()

      at node_modules/react-dom/cjs/react-dom-client.development.js:16023:19
      at runWithFiberInDEV (node_modules/react-dom/cjs/react-dom-client.development.js:1522:13)
      at warnIfUpdatesNotWrappedWithActDEV (node_modules/react-dom/cjs/react-dom-client.development.js:16022:9)
      at scheduleUpdateOnFiber (node_modules/react-dom/cjs/react-dom-client.development.js:14396:11)
      at dispatchSetStateInternal (node_modules/react-dom/cjs/react-dom-client.development.js:6969:13)
      at dispatchSetState (node_modules/react-dom/cjs/react-dom-client.development.js:6927:7)
      at setCapabilities (src/hooks/useScanner.ts:99:7)

    console.error
      An update to Scanner inside a test was not wrapped in act(...).
      
      When testing, code that causes React state updates should be wrapped into act(...):
      
      act(() => {
        /* fire events that update state */
      });
      /* assert on the output */
      
      This ensures that you're testing the behavior the user would see in the browser. Learn more at https://react.dev/link/wrap-tests-with-act

      101 |       // ╨Я╨╛╨╗╤Г╤З╨░╨╡╨╝ ╨┤╨╛╤Б╤В╤Г╨┐╨╜╤Л╨╡ ╨║╨░╨╝╨╡╤А╤Л
      102 |       const cameras = await scanner.getAvailableCameras()
    > 103 |       setAvailableCameras(cameras)
          |       ^
      104 |
      105 |       // ╨Я╤А╨╛╨▓╨╡╤А╤П╨╡╨╝ ╤А╨░╨╖╤А╨╡╤И╨╡╨╜╨╕╤П
      106 |       const permission = await scanner.getCameraPermissionStatus()

      at node_modules/react-dom/cjs/react-dom-client.development.js:16023:19
      at runWithFiberInDEV (node_modules/react-dom/cjs/react-dom-client.development.js:1522:13)
      at warnIfUpdatesNotWrappedWithActDEV (node_modules/react-dom/cjs/react-dom-client.development.js:16022:9)
      at scheduleUpdateOnFiber (node_modules/react-dom/cjs/react-dom-client.development.js:14396:11)
      at dispatchSetStateInternal (node_modules/react-dom/cjs/react-dom-client.development.js:6969:13)
      at dispatchSetState (node_modules/react-dom/cjs/react-dom-client.development.js:6927:7)
      at setAvailableCameras (src/hooks/useScanner.ts:103:7)

    console.error
      An update to Scanner inside a test was not wrapped in act(...).
      
      When testing, code that causes React state updates should be wrapped into act(...):
      
      act(() => {
        /* fire events that update state */
      });
      /* assert on the output */
      
      This ensures that you're testing the behavior the user would see in the browser. Learn more at https://react.dev/link/wrap-tests-with-act

      101 |       // ╨Я╨╛╨╗╤Г╤З╨░╨╡╨╝ ╨┤╨╛╤Б╤В╤Г╨┐╨╜╤Л╨╡ ╨║╨░╨╝╨╡╤А╤Л
      102 |       const cameras = await scanner.getAvailableCameras()
    > 103 |       setAvailableCameras(cameras)
          |       ^
      104 |
      105 |       // ╨Я╤А╨╛╨▓╨╡╤А╤П╨╡╨╝ ╤А╨░╨╖╤А╨╡╤И╨╡╨╜╨╕╤П
      106 |       const permission = await scanner.getCameraPermissionStatus()

      at node_modules/react-dom/cjs/react-dom-client.development.js:16023:19
      at runWithFiberInDEV (node_modules/react-dom/cjs/react-dom-client.development.js:1522:13)
      at warnIfUpdatesNotWrappedWithActDEV (node_modules/react-dom/cjs/react-dom-client.development.js:16022:9)
      at scheduleUpdateOnFiber (node_modules/react-dom/cjs/react-dom-client.development.js:14396:11)
      at dispatchSetStateInternal (node_modules/react-dom/cjs/react-dom-client.development.js:6969:13)
      at dispatchSetState (node_modules/react-dom/cjs/react-dom-client.development.js:6927:7)
      at setAvailableCameras (src/hooks/useScanner.ts:103:7)

    console.error
      An update to Scanner inside a test was not wrapped in act(...).
      
      When testing, code that causes React state updates should be wrapped into act(...):
      
      act(() => {
        /* fire events that update state */
      });
      /* assert on the output */
      
      This ensures that you're testing the behavior the user would see in the browser. Learn more at https://react.dev/link/wrap-tests-with-act

      105 |       // ╨Я╤А╨╛╨▓╨╡╤А╤П╨╡╨╝ ╤А╨░╨╖╤А╨╡╤И╨╡╨╜╨╕╤П
      106 |       const permission = await scanner.getCameraPermissionStatus()
    > 107 |       setPermissionStatus(permission)
          |       ^
      108 |
      109 |       setIsInitialized(true)
      110 |       console.log('тЬЕ useScanner: ╨б╨║╨░╨╜╨╡╤А ╨╕╨╜╨╕╤Ж╨╕╨░╨╗╨╕╨╖╨╕╤А╨╛╨▓╨░╨╜', { caps, cameras, permission })

      at node_modules/react-dom/cjs/react-dom-client.development.js:16023:19
      at runWithFiberInDEV (node_modules/react-dom/cjs/react-dom-client.development.js:1522:13)
      at warnIfUpdatesNotWrappedWithActDEV (node_modules/react-dom/cjs/react-dom-client.development.js:16022:9)
      at scheduleUpdateOnFiber (node_modules/react-dom/cjs/react-dom-client.development.js:14396:11)
      at dispatchSetStateInternal (node_modules/react-dom/cjs/react-dom-client.development.js:6969:13)
      at dispatchSetState (node_modules/react-dom/cjs/react-dom-client.development.js:6927:7)
      at setPermissionStatus (src/hooks/useScanner.ts:107:7)

    console.error
      An update to Scanner inside a test was not wrapped in act(...).
      
      When testing, code that causes React state updates should be wrapped into act(...):
      
      act(() => {
        /* fire events that update state */
      });
      /* assert on the output */
      
      This ensures that you're testing the behavior the user would see in the browser. Learn more at https://react.dev/link/wrap-tests-with-act

      107 |       setPermissionStatus(permission)
      108 |
    > 109 |       setIsInitialized(true)
          |       ^
      110 |       console.log('тЬЕ useScanner: ╨б╨║╨░╨╜╨╡╤А ╨╕╨╜╨╕╤Ж╨╕╨░╨╗╨╕╨╖╨╕╤А╨╛╨▓╨░╨╜', { caps, cameras, permission })
      111 |
      112 |       // ╨Р╨▓╤В╨╛╨╖╨░╨┐╤Г╤Б╨║ ╨╡╤Б╨╗╨╕ ╨▓╨║╨╗╤О╤З╨╡╨╜

      at node_modules/react-dom/cjs/react-dom-client.development.js:16023:19
      at runWithFiberInDEV (node_modules/react-dom/cjs/react-dom-client.development.js:1522:13)
      at warnIfUpdatesNotWrappedWithActDEV (node_modules/react-dom/cjs/react-dom-client.development.js:16022:9)
      at scheduleUpdateOnFiber (node_modules/react-dom/cjs/react-dom-client.development.js:14396:11)
      at dispatchSetStateInternal (node_modules/react-dom/cjs/react-dom-client.development.js:6969:13)
      at dispatchSetState (node_modules/react-dom/cjs/react-dom-client.development.js:6927:7)
      at setIsInitialized (src/hooks/useScanner.ts:109:7)

    console.log
      тЬЕ useScanner: ╨б╨║╨░╨╜╨╡╤А ╨╕╨╜╨╕╤Ж╨╕╨░╨╗╨╕╨╖╨╕╤А╨╛╨▓╨░╨╜ {
        caps: {
          supportedFormats: [ 'ean_13', 'ean_8', 'upc_a', 'code_128' ],
          supportsFlashlight: true,
          supportsZoom: true,
          supportsFocus: true,
          maxZoom: 3
        },
        cameras: [ { deviceId: 'camera1', kind: 'videoinput', label: 'Camera 1' } ],
        permission: { granted: false, denied: false, prompt: true }
      }

      at log (src/hooks/useScanner.ts:110:15)

    console.error
      An update to Scanner inside a test was not wrapped in act(...).
      
      When testing, code that causes React state updates should be wrapped into act(...):
      
      act(() => {
        /* fire events that update state */
      });
      /* assert on the output */
      
      This ensures that you're testing the behavior the user would see in the browser. Learn more at https://react.dev/link/wrap-tests-with-act

      105 |       // ╨Я╤А╨╛╨▓╨╡╤А╤П╨╡╨╝ ╤А╨░╨╖╤А╨╡╤И╨╡╨╜╨╕╤П
      106 |       const permission = await scanner.getCameraPermissionStatus()
    > 107 |       setPermissionStatus(permission)
          |       ^
      108 |
      109 |       setIsInitialized(true)
      110 |       console.log('тЬЕ useScanner: ╨б╨║╨░╨╜╨╡╤А ╨╕╨╜╨╕╤Ж╨╕╨░╨╗╨╕╨╖╨╕╤А╨╛╨▓╨░╨╜', { caps, cameras, permission })

      at node_modules/react-dom/cjs/react-dom-client.development.js:16023:19
      at runWithFiberInDEV (node_modules/react-dom/cjs/react-dom-client.development.js:1522:13)
      at warnIfUpdatesNotWrappedWithActDEV (node_modules/react-dom/cjs/react-dom-client.development.js:16022:9)
      at scheduleUpdateOnFiber (node_modules/react-dom/cjs/react-dom-client.development.js:14396:11)
      at dispatchSetStateInternal (node_modules/react-dom/cjs/react-dom-client.development.js:6969:13)
      at dispatchSetState (node_modules/react-dom/cjs/react-dom-client.development.js:6927:7)
      at setPermissionStatus (src/hooks/useScanner.ts:107:7)

    console.error
      An update to Scanner inside a test was not wrapped in act(...).
      
      When testing, code that causes React state updates should be wrapped into act(...):
      
      act(() => {
        /* fire events that update state */
      });
      /* assert on the output */
      
      This ensures that you're testing the behavior the user would see in the browser. Learn more at https://react.dev/link/wrap-tests-with-act

      107 |       setPermissionStatus(permission)
      108 |
    > 109 |       setIsInitialized(true)
          |       ^
      110 |       console.log('тЬЕ useScanner: ╨б╨║╨░╨╜╨╡╤А ╨╕╨╜╨╕╤Ж╨╕╨░╨╗╨╕╨╖╨╕╤А╨╛╨▓╨░╨╜', { caps, cameras, permission })
      111 |
      112 |       // ╨Р╨▓╤В╨╛╨╖╨░╨┐╤Г╤Б╨║ ╨╡╤Б╨╗╨╕ ╨▓╨║╨╗╤О╤З╨╡╨╜

      at node_modules/react-dom/cjs/react-dom-client.development.js:16023:19
      at runWithFiberInDEV (node_modules/react-dom/cjs/react-dom-client.development.js:1522:13)
      at warnIfUpdatesNotWrappedWithActDEV (node_modules/react-dom/cjs/react-dom-client.development.js:16022:9)
      at scheduleUpdateOnFiber (node_modules/react-dom/cjs/react-dom-client.development.js:14396:11)
      at dispatchSetStateInternal (node_modules/react-dom/cjs/react-dom-client.development.js:6969:13)
      at dispatchSetState (node_modules/react-dom/cjs/react-dom-client.development.js:6927:7)
      at setIsInitialized (src/hooks/useScanner.ts:109:7)

    console.log
      тЬЕ useScanner: ╨б╨║╨░╨╜╨╡╤А ╨╕╨╜╨╕╤Ж╨╕╨░╨╗╨╕╨╖╨╕╤А╨╛╨▓╨░╨╜ {
        caps: {
          supportedFormats: [ 'ean_13', 'ean_8', 'upc_a', 'code_128' ],
          supportsFlashlight: true,
          supportsZoom: true,
          supportsFocus: true,
          maxZoom: 3
        },
        cameras: [ { deviceId: 'camera1', kind: 'videoinput', label: 'Camera 1' } ],
        permission: { granted: false, denied: false, prompt: true }
      }

      at log (src/hooks/useScanner.ts:110:15)

    console.log
      ЁЯз╣ useScanner: ╨Ю╤З╨╕╤Б╤В╨║╨░ ╨┐╤А╨╕ ╤А╨░╨╖╨╝╨╛╨╜╤В╨╕╤А╨╛╨▓╨░╨╜╨╕╨╕

      at log (src/hooks/useScanner.ts:388:15)
          at Array.forEach (<anonymous>)

    console.log
      [ZXingScannerService] ╨Ю╤Б╤В╨░╨╜╨╛╨▓╨║╨░ ╤Б╨║╨░╨╜╨╕╤А╨╛╨▓╨░╨╜╨╕╤П...

      at ZXingScannerService.log (src/services/scanner/ScannerService.ts:190:15)
          at Array.forEach (<anonymous>)

    console.log
      [ZXingScannerService] ╨б╨║╨░╨╜╨╕╤А╨╛╨▓╨░╨╜╨╕╨╡ ╨╛╤Б╤В╨░╨╜╨╛╨▓╨╗╨╡╨╜╨╛

      at ZXingScannerService.log (src/services/scanner/ScannerService.ts:190:15)
          at Array.forEach (<anonymous>)

    console.log
      ЁЯЪА useScanner: ╨Ч╨░╨┐╤Г╤Б╨║ ╨░╨▓╤В╨╛╨╕╨╜╨╕╤Ж╨╕╨░╨╗╨╕╨╖╨░╤Ж╨╕╨╕...

      at log (src/hooks/useScanner.ts:382:13)

    console.log
      ЁЯФД useScanner: ╨Ш╨╜╨╕╤Ж╨╕╨░╨╗╨╕╨╖╨░╤Ж╨╕╤П ╤Б╨║╨░╨╜╨╡╤А╨░...

      at log (src/hooks/useScanner.ts:92:15)

    console.log
      ЁЯПн ScannerFactory: ╨б╨╛╨╖╨┤╨░╨╜╨╕╨╡ ╤Б╨║╨░╨╜╨╡╤А╨░... {
        preferredType: 'auto',
        fallbackToZXing: true,
        config: {
          enableDiagnostics: true,
          formats: [ 'ean_13', 'ean_8', 'upc_a', 'code_128' ]
        }
      }

      at Function.log [as createScanner] (src/services/scanner/index.ts:37:13)

    console.log
      ЁЯФН ScannerFactory: ╨Р╨▓╤В╨╛╨╝╨░╤В╨╕╤З╨╡╤Б╨║╨╕╨╣ ╨▓╤Л╨▒╨╛╤А ╤Б╨║╨░╨╜╨╡╤А╨░...

      at Function.log [as createBestAvailableScanner] (src/services/scanner/index.ts:87:13)

    console.log
      ЁЯз╣ useScanner: ╨Ю╤З╨╕╤Б╤В╨║╨░ ╨┐╤А╨╕ ╤А╨░╨╖╨╝╨╛╨╜╤В╨╕╤А╨╛╨▓╨░╨╜╨╕╨╕

      at log (src/hooks/useScanner.ts:388:15)

    console.log
      ЁЯЪА useScanner: ╨Ч╨░╨┐╤Г╤Б╨║ ╨░╨▓╤В╨╛╨╕╨╜╨╕╤Ж╨╕╨░╨╗╨╕╨╖╨░╤Ж╨╕╨╕...

      at log (src/hooks/useScanner.ts:382:13)

    console.log
      ЁЯФД useScanner: ╨Ш╨╜╨╕╤Ж╨╕╨░╨╗╨╕╨╖╨░╤Ж╨╕╤П ╤Б╨║╨░╨╜╨╡╤А╨░...

      at log (src/hooks/useScanner.ts:92:15)

    console.log
      ЁЯПн ScannerFactory: ╨б╨╛╨╖╨┤╨░╨╜╨╕╨╡ ╤Б╨║╨░╨╜╨╡╤А╨░... {
        preferredType: 'auto',
        fallbackToZXing: true,
        config: {
          enableDiagnostics: true,
          formats: [ 'ean_13', 'ean_8', 'upc_a', 'code_128' ]
        }
      }

      at Function.log [as createScanner] (src/services/scanner/index.ts:37:13)

    console.log
      ЁЯФН ScannerFactory: ╨Р╨▓╤В╨╛╨╝╨░╤В╨╕╤З╨╡╤Б╨║╨╕╨╣ ╨▓╤Л╨▒╨╛╤А ╤Б╨║╨░╨╜╨╡╤А╨░...

      at Function.log [as createBestAvailableScanner] (src/services/scanner/index.ts:87:13)

    console.log
      ЁЯз╣ useScanner: ╨Ю╤З╨╕╤Б╤В╨║╨░ ╨┐╤А╨╕ ╤А╨░╨╖╨╝╨╛╨╜╤В╨╕╤А╨╛╨▓╨░╨╜╨╕╨╕

      at log (src/hooks/useScanner.ts:388:15)

    console.log
      ЁЯУК ScannerFactory: ╨Ф╨╛╤Б╤В╤Г╨┐╨╜╨╛╤Б╤В╤М API: {
        barcodeDetector: false,
        zxing: true,
        camera: true,
        secureContext: true
      }

      at Function.log [as createBestAvailableScanner] (src/services/scanner/index.ts:91:13)

    console.log
      ЁЯФД ScannerFactory: Fallback ╨║ ZXing

      at Function.log [as createBestAvailableScanner] (src/services/scanner/index.ts:110:15)

    console.log
      [ZXingScannerService] ╨Ш╨╜╨╕╤Ж╨╕╨░╨╗╨╕╨╖╨░╤Ж╨╕╤П ZXing ╤Б╨║╨░╨╜╨╡╤А╨░...

      at ZXingScannerService.log (src/services/scanner/ScannerService.ts:190:15)

    console.log
      ЁЯУК ScannerFactory: ╨Ф╨╛╤Б╤В╤Г╨┐╨╜╨╛╤Б╤В╤М API: {
        barcodeDetector: false,
        zxing: true,
        camera: true,
        secureContext: true
      }

      at Function.log [as createBestAvailableScanner] (src/services/scanner/index.ts:91:13)

    console.log
      ЁЯФД ScannerFactory: Fallback ╨║ ZXing

      at Function.log [as createBestAvailableScanner] (src/services/scanner/index.ts:110:15)

    console.log
      [ZXingScannerService] ╨Ш╨╜╨╕╤Ж╨╕╨░╨╗╨╕╨╖╨░╤Ж╨╕╤П ZXing ╤Б╨║╨░╨╜╨╡╤А╨░...

      at ZXingScannerService.log (src/services/scanner/ScannerService.ts:190:15)

    console.log
      тЬЕ useScanner: ╨б╨║╨░╨╜╨╡╤А ╨╕╨╜╨╕╤Ж╨╕╨░╨╗╨╕╨╖╨╕╤А╨╛╨▓╨░╨╜ {
        caps: {
          supportedFormats: [ 'ean_13', 'ean_8', 'upc_a', 'code_128' ],
          supportsFlashlight: true,
          supportsZoom: true,
          supportsFocus: true,
          maxZoom: 3
        },
        cameras: [ { deviceId: 'camera1', kind: 'videoinput', label: 'Camera 1' } ],
        permission: { granted: false, denied: false, prompt: true }
      }

      at log (src/hooks/useScanner.ts:110:15)

    console.log
      тЬЕ useScanner: ╨б╨║╨░╨╜╨╡╤А ╨╕╨╜╨╕╤Ж╨╕╨░╨╗╨╕╨╖╨╕╤А╨╛╨▓╨░╨╜ {
        caps: {
          supportedFormats: [ 'ean_13', 'ean_8', 'upc_a', 'code_128' ],
          supportsFlashlight: true,
          supportsZoom: true,
          supportsFocus: true,
          maxZoom: 3
        },
        cameras: [ { deviceId: 'camera1', kind: 'videoinput', label: 'Camera 1' } ],
        permission: { granted: false, denied: false, prompt: true }
      }

      at log (src/hooks/useScanner.ts:110:15)

    console.log
      ЁЯЪА useScanner: ╨Ч╨░╨┐╤Г╤Б╨║ ╨░╨▓╤В╨╛╨╕╨╜╨╕╤Ж╨╕╨░╨╗╨╕╨╖╨░╤Ж╨╕╨╕...

      at log (src/hooks/useScanner.ts:382:13)

    console.log
      ЁЯФД useScanner: ╨Ш╨╜╨╕╤Ж╨╕╨░╨╗╨╕╨╖╨░╤Ж╨╕╤П ╤Б╨║╨░╨╜╨╡╤А╨░...

      at log (src/hooks/useScanner.ts:92:15)

    console.log
      ЁЯПн ScannerFactory: ╨б╨╛╨╖╨┤╨░╨╜╨╕╨╡ ╤Б╨║╨░╨╜╨╡╤А╨░... {
        preferredType: 'auto',
        fallbackToZXing: true,
        config: {
          enableDiagnostics: true,
          formats: [ 'ean_13', 'ean_8', 'upc_a', 'code_128' ]
        }
      }

      at Function.log [as createScanner] (src/services/scanner/index.ts:37:13)

    console.log
      ЁЯФН ScannerFactory: ╨Р╨▓╤В╨╛╨╝╨░╤В╨╕╤З╨╡╤Б╨║╨╕╨╣ ╨▓╤Л╨▒╨╛╤А ╤Б╨║╨░╨╜╨╡╤А╨░...

      at Function.log [as createBestAvailableScanner] (src/services/scanner/index.ts:87:13)

    console.log
      ЁЯз╣ useScanner: ╨Ю╤З╨╕╤Б╤В╨║╨░ ╨┐╤А╨╕ ╤А╨░╨╖╨╝╨╛╨╜╤В╨╕╤А╨╛╨▓╨░╨╜╨╕╨╕

      at log (src/hooks/useScanner.ts:388:15)

    console.log
      ЁЯЪА useScanner: ╨Ч╨░╨┐╤Г╤Б╨║ ╨░╨▓╤В╨╛╨╕╨╜╨╕╤Ж╨╕╨░╨╗╨╕╨╖╨░╤Ж╨╕╨╕...

      at log (src/hooks/useScanner.ts:382:13)

    console.log
      ЁЯФД useScanner: ╨Ш╨╜╨╕╤Ж╨╕╨░╨╗╨╕╨╖╨░╤Ж╨╕╤П ╤Б╨║╨░╨╜╨╡╤А╨░...

      at log (src/hooks/useScanner.ts:92:15)

    console.log
      ЁЯПн ScannerFactory: ╨б╨╛╨╖╨┤╨░╨╜╨╕╨╡ ╤Б╨║╨░╨╜╨╡╤А╨░... {
        preferredType: 'auto',
        fallbackToZXing: true,
        config: {
          enableDiagnostics: true,
          formats: [ 'ean_13', 'ean_8', 'upc_a', 'code_128' ]
        }
      }

      at Function.log [as createScanner] (src/services/scanner/index.ts:37:13)

    console.log
      ЁЯФН ScannerFactory: ╨Р╨▓╤В╨╛╨╝╨░╤В╨╕╤З╨╡╤Б╨║╨╕╨╣ ╨▓╤Л╨▒╨╛╤А ╤Б╨║╨░╨╜╨╡╤А╨░...

      at Function.log [as createBestAvailableScanner] (src/services/scanner/index.ts:87:13)

    console.log
      ЁЯз╣ useScanner: ╨Ю╤З╨╕╤Б╤В╨║╨░ ╨┐╤А╨╕ ╤А╨░╨╖╨╝╨╛╨╜╤В╨╕╤А╨╛╨▓╨░╨╜╨╕╨╕

      at log (src/hooks/useScanner.ts:388:15)

    console.log
      ЁЯЪА useScanner: ╨Ч╨░╨┐╤Г╤Б╨║ ╨░╨▓╤В╨╛╨╕╨╜╨╕╤Ж╨╕╨░╨╗╨╕╨╖╨░╤Ж╨╕╨╕...

      at log (src/hooks/useScanner.ts:382:13)

    console.log
      ЁЯФД useScanner: ╨Ш╨╜╨╕╤Ж╨╕╨░╨╗╨╕╨╖╨░╤Ж╨╕╤П ╤Б╨║╨░╨╜╨╡╤А╨░...

      at log (src/hooks/useScanner.ts:92:15)

    console.log
      ЁЯПн ScannerFactory: ╨б╨╛╨╖╨┤╨░╨╜╨╕╨╡ ╤Б╨║╨░╨╜╨╡╤А╨░... {
        preferredType: 'auto',
        fallbackToZXing: true,
        config: {
          enableDiagnostics: true,
          formats: [ 'ean_13', 'ean_8', 'upc_a', 'code_128' ]
        }
      }

      at Function.log [as createScanner] (src/services/scanner/index.ts:37:13)

    console.log
      ЁЯФН ScannerFactory: ╨Р╨▓╤В╨╛╨╝╨░╤В╨╕╤З╨╡╤Б╨║╨╕╨╣ ╨▓╤Л╨▒╨╛╤А ╤Б╨║╨░╨╜╨╡╤А╨░...

      at Function.log [as createBestAvailableScanner] (src/services/scanner/index.ts:87:13)

    console.log
      ЁЯз╣ useScanner: ╨Ю╤З╨╕╤Б╤В╨║╨░ ╨┐╤А╨╕ ╤А╨░╨╖╨╝╨╛╨╜╤В╨╕╤А╨╛╨▓╨░╨╜╨╕╨╕

      at log (src/hooks/useScanner.ts:388:15)

    console.log
      ЁЯЪА useScanner: ╨Ч╨░╨┐╤Г╤Б╨║ ╨░╨▓╤В╨╛╨╕╨╜╨╕╤Ж╨╕╨░╨╗╨╕╨╖╨░╤Ж╨╕╨╕...

      at log (src/hooks/useScanner.ts:382:13)

    console.log
      ЁЯФД useScanner: ╨Ш╨╜╨╕╤Ж╨╕╨░╨╗╨╕╨╖╨░╤Ж╨╕╤П ╤Б╨║╨░╨╜╨╡╤А╨░...

      at log (src/hooks/useScanner.ts:92:15)

    console.log
      ЁЯПн ScannerFactory: ╨б╨╛╨╖╨┤╨░╨╜╨╕╨╡ ╤Б╨║╨░╨╜╨╡╤А╨░... {
        preferredType: 'auto',
        fallbackToZXing: true,
        config: {
          enableDiagnostics: true,
          formats: [ 'ean_13', 'ean_8', 'upc_a', 'code_128' ]
        }
      }

      at Function.log [as createScanner] (src/services/scanner/index.ts:37:13)

    console.log
      ЁЯФН ScannerFactory: ╨Р╨▓╤В╨╛╨╝╨░╤В╨╕╤З╨╡╤Б╨║╨╕╨╣ ╨▓╤Л╨▒╨╛╤А ╤Б╨║╨░╨╜╨╡╤А╨░...

      at Function.log [as createBestAvailableScanner] (src/services/scanner/index.ts:87:13)

    console.log
      ЁЯз╣ useScanner: ╨Ю╤З╨╕╤Б╤В╨║╨░ ╨┐╤А╨╕ ╤А╨░╨╖╨╝╨╛╨╜╤В╨╕╤А╨╛╨▓╨░╨╜╨╕╨╕

      at log (src/hooks/useScanner.ts:388:15)

    console.log
      ЁЯУК ScannerFactory: ╨Ф╨╛╤Б╤В╤Г╨┐╨╜╨╛╤Б╤В╤М API: {
        barcodeDetector: false,
        zxing: true,
        camera: true,
        secureContext: true
      }

      at Function.log [as createBestAvailableScanner] (src/services/scanner/index.ts:91:13)

    console.log
      ЁЯФД ScannerFactory: Fallback ╨║ ZXing

      at Function.log [as createBestAvailableScanner] (src/services/scanner/index.ts:110:15)

    console.log
      [ZXingScannerService] ╨Ш╨╜╨╕╤Ж╨╕╨░╨╗╨╕╨╖╨░╤Ж╨╕╤П ZXing ╤Б╨║╨░╨╜╨╡╤А╨░...

      at ZXingScannerService.log (src/services/scanner/ScannerService.ts:190:15)

    console.log
      ЁЯУК ScannerFactory: ╨Ф╨╛╤Б╤В╤Г╨┐╨╜╨╛╤Б╤В╤М API: {
        barcodeDetector: false,
        zxing: true,
        camera: true,
        secureContext: true
      }

      at Function.log [as createBestAvailableScanner] (src/services/scanner/index.ts:91:13)

    console.log
      ЁЯФД ScannerFactory: Fallback ╨║ ZXing

      at Function.log [as createBestAvailableScanner] (src/services/scanner/index.ts:110:15)

    console.log
      [ZXingScannerService] ╨Ш╨╜╨╕╤Ж╨╕╨░╨╗╨╕╨╖╨░╤Ж╨╕╤П ZXing ╤Б╨║╨░╨╜╨╡╤А╨░...

      at ZXingScannerService.log (src/services/scanner/ScannerService.ts:190:15)

    console.log
      ЁЯУК ScannerFactory: ╨Ф╨╛╤Б╤В╤Г╨┐╨╜╨╛╤Б╤В╤М API: {
        barcodeDetector: false,
        zxing: true,
        camera: true,
        secureContext: true
      }

      at Function.log [as createBestAvailableScanner] (src/services/scanner/index.ts:91:13)

    console.log
      ЁЯФД ScannerFactory: Fallback ╨║ ZXing

      at Function.log [as createBestAvailableScanner] (src/services/scanner/index.ts:110:15)

    console.log
      [ZXingScannerService] ╨Ш╨╜╨╕╤Ж╨╕╨░╨╗╨╕╨╖╨░╤Ж╨╕╤П ZXing ╤Б╨║╨░╨╜╨╡╤А╨░...

      at ZXingScannerService.log (src/services/scanner/ScannerService.ts:190:15)

    console.log
      ЁЯУК ScannerFactory: ╨Ф╨╛╤Б╤В╤Г╨┐╨╜╨╛╤Б╤В╤М API: {
        barcodeDetector: false,
        zxing: true,
        camera: true,
        secureContext: true
      }

      at Function.log [as createBestAvailableScanner] (src/services/scanner/index.ts:91:13)

    console.log
      ЁЯФД ScannerFactory: Fallback ╨║ ZXing

      at Function.log [as createBestAvailableScanner] (src/services/scanner/index.ts:110:15)

    console.log
      [ZXingScannerService] ╨Ш╨╜╨╕╤Ж╨╕╨░╨╗╨╕╨╖╨░╤Ж╨╕╤П ZXing ╤Б╨║╨░╨╜╨╡╤А╨░...

      at ZXingScannerService.log (src/services/scanner/ScannerService.ts:190:15)

    console.log
      тЬЕ useScanner: ╨б╨║╨░╨╜╨╡╤А ╨╕╨╜╨╕╤Ж╨╕╨░╨╗╨╕╨╖╨╕╤А╨╛╨▓╨░╨╜ {
        caps: {
          supportedFormats: [ 'ean_13', 'ean_8', 'upc_a', 'code_128' ],
          supportsFlashlight: true,
          supportsZoom: true,
          supportsFocus: true,
          maxZoom: 3
        },
        cameras: [ { deviceId: 'camera1', kind: 'videoinput', label: 'Camera 1' } ],
        permission: { granted: false, denied: false, prompt: true }
      }

      at log (src/hooks/useScanner.ts:110:15)

    console.log
      тЬЕ useScanner: ╨б╨║╨░╨╜╨╡╤А ╨╕╨╜╨╕╤Ж╨╕╨░╨╗╨╕╨╖╨╕╤А╨╛╨▓╨░╨╜ {
        caps: {
          supportedFormats: [ 'ean_13', 'ean_8', 'upc_a', 'code_128' ],
          supportsFlashlight: true,
          supportsZoom: true,
          supportsFocus: true,
          maxZoom: 3
        },
        cameras: [ { deviceId: 'camera1', kind: 'videoinput', label: 'Camera 1' } ],
        permission: { granted: false, denied: false, prompt: true }
      }

      at log (src/hooks/useScanner.ts:110:15)

    console.log
      тЬЕ useScanner: ╨б╨║╨░╨╜╨╡╤А ╨╕╨╜╨╕╤Ж╨╕╨░╨╗╨╕╨╖╨╕╤А╨╛╨▓╨░╨╜ {
        caps: {
          supportedFormats: [ 'ean_13', 'ean_8', 'upc_a', 'code_128' ],
          supportsFlashlight: true,
          supportsZoom: true,
          supportsFocus: true,
          maxZoom: 3
        },
        cameras: [ { deviceId: 'camera1', kind: 'videoinput', label: 'Camera 1' } ],
        permission: { granted: false, denied: false, prompt: true }
      }

      at log (src/hooks/useScanner.ts:110:15)

    console.log
      тЬЕ useScanner: ╨б╨║╨░╨╜╨╡╤А ╨╕╨╜╨╕╤Ж╨╕╨░╨╗╨╕╨╖╨╕╤А╨╛╨▓╨░╨╜ {
        caps: {
          supportedFormats: [ 'ean_13', 'ean_8', 'upc_a', 'code_128' ],
          supportsFlashlight: true,
          supportsZoom: true,
          supportsFocus: true,
          maxZoom: 3
        },
        cameras: [ { deviceId: 'camera1', kind: 'videoinput', label: 'Camera 1' } ],
        permission: { granted: false, denied: false, prompt: true }
      }

      at log (src/hooks/useScanner.ts:110:15)

    console.log
      ЁЯЪА useScanner: ╨Ч╨░╨┐╤Г╤Б╨║ ╨░╨▓╤В╨╛╨╕╨╜╨╕╤Ж╨╕╨░╨╗╨╕╨╖╨░╤Ж╨╕╨╕...

      at log (src/hooks/useScanner.ts:382:13)

    console.log
      ЁЯФД useScanner: ╨Ш╨╜╨╕╤Ж╨╕╨░╨╗╨╕╨╖╨░╤Ж╨╕╤П ╤Б╨║╨░╨╜╨╡╤А╨░...

      at log (src/hooks/useScanner.ts:92:15)

    console.log
      ЁЯПн ScannerFactory: ╨б╨╛╨╖╨┤╨░╨╜╨╕╨╡ ╤Б╨║╨░╨╜╨╡╤А╨░... {
        preferredType: 'auto',
        fallbackToZXing: true,
        config: {
          enableDiagnostics: true,
          formats: [ 'ean_13', 'ean_8', 'upc_a', 'code_128' ]
        }
      }

      at Function.log [as createScanner] (src/services/scanner/index.ts:37:13)

    console.log
      ЁЯФН ScannerFactory: ╨Р╨▓╤В╨╛╨╝╨░╤В╨╕╤З╨╡╤Б╨║╨╕╨╣ ╨▓╤Л╨▒╨╛╤А ╤Б╨║╨░╨╜╨╡╤А╨░...

      at Function.log [as createBestAvailableScanner] (src/services/scanner/index.ts:87:13)

    console.log
      ЁЯз╣ useScanner: ╨Ю╤З╨╕╤Б╤В╨║╨░ ╨┐╤А╨╕ ╤А╨░╨╖╨╝╨╛╨╜╤В╨╕╤А╨╛╨▓╨░╨╜╨╕╨╕

      at log (src/hooks/useScanner.ts:388:15)

    console.log
      ЁЯЪА useScanner: ╨Ч╨░╨┐╤Г╤Б╨║ ╨░╨▓╤В╨╛╨╕╨╜╨╕╤Ж╨╕╨░╨╗╨╕╨╖╨░╤Ж╨╕╨╕...

      at log (src/hooks/useScanner.ts:382:13)

    console.log
      ЁЯФД useScanner: ╨Ш╨╜╨╕╤Ж╨╕╨░╨╗╨╕╨╖╨░╤Ж╨╕╤П ╤Б╨║╨░╨╜╨╡╤А╨░...

      at log (src/hooks/useScanner.ts:92:15)

    console.log
      ЁЯПн ScannerFactory: ╨б╨╛╨╖╨┤╨░╨╜╨╕╨╡ ╤Б╨║╨░╨╜╨╡╤А╨░... {
        preferredType: 'auto',
        fallbackToZXing: true,
        config: {
          enableDiagnostics: true,
          formats: [ 'ean_13', 'ean_8', 'upc_a', 'code_128' ]
        }
      }

      at Function.log [as createScanner] (src/services/scanner/index.ts:37:13)

    console.log
      ЁЯФН ScannerFactory: ╨Р╨▓╤В╨╛╨╝╨░╤В╨╕╤З╨╡╤Б╨║╨╕╨╣ ╨▓╤Л╨▒╨╛╤А ╤Б╨║╨░╨╜╨╡╤А╨░...

      at Function.log [as createBestAvailableScanner] (src/services/scanner/index.ts:87:13)

    console.log
      ЁЯУК ScannerFactory: ╨Ф╨╛╤Б╤В╤Г╨┐╨╜╨╛╤Б╤В╤М API: {
        barcodeDetector: false,
        zxing: true,
        camera: true,
        secureContext: true
      }

      at Function.log [as createBestAvailableScanner] (src/services/scanner/index.ts:91:13)

    console.log
      ЁЯФД ScannerFactory: Fallback ╨║ ZXing

      at Function.log [as createBestAvailableScanner] (src/services/scanner/index.ts:110:15)

    console.log
      [ZXingScannerService] ╨Ш╨╜╨╕╤Ж╨╕╨░╨╗╨╕╨╖╨░╤Ж╨╕╤П ZXing ╤Б╨║╨░╨╜╨╡╤А╨░...

      at ZXingScannerService.log (src/services/scanner/ScannerService.ts:190:15)

    console.log
      ЁЯУК ScannerFactory: ╨Ф╨╛╤Б╤В╤Г╨┐╨╜╨╛╤Б╤В╤М API: {
        barcodeDetector: false,
        zxing: true,
        camera: true,
        secureContext: true
      }

      at Function.log [as createBestAvailableScanner] (src/services/scanner/index.ts:91:13)

    console.log
      ЁЯФД ScannerFactory: Fallback ╨║ ZXing

      at Function.log [as createBestAvailableScanner] (src/services/scanner/index.ts:110:15)

    console.log
      [ZXingScannerService] ╨Ш╨╜╨╕╤Ж╨╕╨░╨╗╨╕╨╖╨░╤Ж╨╕╤П ZXing ╤Б╨║╨░╨╜╨╡╤А╨░...

      at ZXingScannerService.log (src/services/scanner/ScannerService.ts:190:15)

    console.log
      тЬЕ useScanner: ╨б╨║╨░╨╜╨╡╤А ╨╕╨╜╨╕╤Ж╨╕╨░╨╗╨╕╨╖╨╕╤А╨╛╨▓╨░╨╜ {
        caps: {
          supportedFormats: [ 'ean_13', 'ean_8', 'upc_a', 'code_128' ],
          supportsFlashlight: true,
          supportsZoom: true,
          supportsFocus: true,
          maxZoom: 3
        },
        cameras: [ { deviceId: 'camera1', kind: 'videoinput', label: 'Camera 1' } ],
        permission: { granted: false, denied: false, prompt: true }
      }

      at log (src/hooks/useScanner.ts:110:15)

    console.log
      тЬЕ useScanner: ╨б╨║╨░╨╜╨╡╤А ╨╕╨╜╨╕╤Ж╨╕╨░╨╗╨╕╨╖╨╕╤А╨╛╨▓╨░╨╜ {
        caps: {
          supportedFormats: [ 'ean_13', 'ean_8', 'upc_a', 'code_128' ],
          supportsFlashlight: true,
          supportsZoom: true,
          supportsFocus: true,
          maxZoom: 3
        },
        cameras: [ { deviceId: 'camera1', kind: 'videoinput', label: 'Camera 1' } ],
        permission: { granted: false, denied: false, prompt: true }
      }

      at log (src/hooks/useScanner.ts:110:15)

    console.log
      тЦ╢я╕П useScanner: ╨Ч╨░╨┐╤Г╤Б╨║ ╤Б╨║╨░╨╜╨╕╤А╨╛╨▓╨░╨╜╨╕╤П...

      at log (src/hooks/useScanner.ts:136:15)

    console.log
      ЁЯФН useScanner: ╨Ф╨╕╨░╨│╨╜╨╛╤Б╤В╨╕╨║╨░ ╨┐╨╡╤А╨╡╨┤ ╨╖╨░╨┐╤Г╤Б╨║╨╛╨╝: {
        scannerType: 'ZXingScannerService',
        videoElement: {
          readyState: 4,
          videoWidth: 0,
          videoHeight: 0,
          srcObject: false,
          autoplay: true,
          muted: true,
          playsInline: true
        },
        capabilities: {
          supportedFormats: [ 'ean_13', 'ean_8', 'upc_a', 'code_128' ],
          supportsFlashlight: true,
          supportsZoom: true,
          supportsFocus: true,
          maxZoom: 3
        },
        permissionStatus: { granted: false, denied: false, prompt: true }
      }

      at log (src/hooks/useScanner.ts:137:15)

    console.log
      [ZXingScannerService] ╨Ч╨░╨┐╤Г╤Б╨║ ╤Б╨║╨░╨╜╨╕╤А╨╛╨▓╨░╨╜╨╕╤П...

      at ZXingScannerService.log (src/services/scanner/ScannerService.ts:190:15)

    console.log
      [ZXingScannerService] ╨Я╨╛╨┐╤Л╤В╨║╨░ ╨┐╨╛╨╗╤Г╤З╨╡╨╜╨╕╤П ╨║╨░╨╝╨╡╤А╤Л ╤Б ╨╛╨│╤А╨░╨╜╨╕╤З╨╡╨╜╨╕╤П╨╝╨╕: {
        video: {
          facingMode: undefined,
          width: { ideal: 1920, max: 1920 },
          height: { ideal: 1080, max: 1080 },
          frameRate: { ideal: 30, max: 60 },
          focusMode: { ideal: 'continuous' },
          exposureMode: { ideal: 'continuous' },
          whiteBalanceMode: { ideal: 'continuous' }
        }
      }

      at ZXingScannerService.log (src/services/scanner/ScannerService.ts:190:15)

    console.log
      [ZXingScannerService] ╨Ь╨╛╨▒╨╕╨╗╤М╨╜╤Л╨╡ ╨░╤В╤А╨╕╨▒╤Г╤В╤Л ╨▓╨╕╨┤╨╡╨╛ ╤Г╤Б╤В╨░╨╜╨╛╨▓╨╗╨╡╨╜╤Л

      at ZXingScannerService.log (src/services/scanner/ScannerService.ts:190:15)

    console.log
      [ZXingScannerService] ╨Т╨╕╨┤╨╡╨╛ ╤Г╨╢╨╡ ╨│╨╛╤В╨╛╨▓╨╛

      at ZXingScannerService.log (src/services/scanner/ScannerService.ts:190:15)

    console.log
      [ZXingScannerService] ╨Т╨╕╨┤╨╡╨╛ ╨│╨╛╤В╨╛╨▓╨╛ ╨║ ╨▓╨╛╤Б╨┐╤А╨╛╨╕╨╖╨▓╨╡╨┤╨╡╨╜╨╕╤О

      at ZXingScannerService.log (src/services/scanner/ScannerService.ts:190:15)

    console.log
      [ZXingScannerService] ╨Т╨╕╨┤╨╡╨╛ ╤Г╤Б╨┐╨╡╤И╨╜╨╛ ╨╖╨░╨┐╤Г╤Й╨╡╨╜╨╛

      at ZXingScannerService.log (src/services/scanner/ScannerService.ts:190:15)

    console.error
      [ZXingScannerService] ╨Ю╤И╨╕╨▒╨║╨░ ╨┐╤А╨╛╨▓╨╡╤А╨║╨╕ ╨┐╨╛╨┤╨┤╨╡╤А╨╢╨║╨╕ ╤Д╨╛╨╜╨░╤А╨╕╨║╨░: TypeError: videoTrack.getCapabilities is not a function
          at ZXingScannerService.getCapabilities [as checkFlashlightSupport] (D:\Dev\ExoScan\exoscan-web\src\services\scanner\ZXingScannerService.ts:275:39)
          at ZXingScannerService.checkFlashlightSupport [as startScanning] (D:\Dev\ExoScan\exoscan-web\src\services\scanner\ZXingScannerService.ts:93:18)
          at D:\Dev\ExoScan\exoscan-web\src\hooks\useScanner.ts:152:7
          at handleLoadedMetadata (D:\Dev\ExoScan\exoscan-web\src\components\Scanner.tsx:64:11)

      194 |   protected logError(message: string, error?: any): void {
      195 |     if (this.config.enableDiagnostics) {
    > 196 |       console.error(`[${this.constructor.name}] ${message}`, error)
          |               ^
      197 |     }
      198 |   }
      199 | }

      at ZXingScannerService.error [as logError] (src/services/scanner/ScannerService.ts:196:15)
      at ZXingScannerService.logError [as checkFlashlightSupport] (src/services/scanner/ZXingScannerService.ts:287:12)
      at ZXingScannerService.checkFlashlightSupport [as startScanning] (src/services/scanner/ZXingScannerService.ts:93:18)
      at src/hooks/useScanner.ts:152:7
      at handleLoadedMetadata (src/components/Scanner.tsx:64:11)

    console.log
      [ZXingScannerService] ╨Э╨░╤Б╤В╤А╨╛╨╣╨║╨░ ╨░╨▓╤В╨╛╨╝╨░╤В╨╕╤З╨╡╤Б╨║╨╛╨│╨╛ ╤Б╨║╨░╨╜╨╕╤А╨╛╨▓╨░╨╜╨╕╤П...

      at ZXingScannerService.log (src/services/scanner/ScannerService.ts:190:15)

    console.log
      [ZXingScannerService] ╨б╨║╨░╨╜╨╕╤А╨╛╨▓╨░╨╜╨╕╨╡ ╤Г╤Б╨┐╨╡╤И╨╜╨╛ ╨╖╨░╨┐╤Г╤Й╨╡╨╜╨╛

      at ZXingScannerService.log (src/services/scanner/ScannerService.ts:190:15)

    console.log
      тЬЕ useScanner: ╨б╨║╨░╨╜╨╕╤А╨╛╨▓╨░╨╜╨╕╨╡ ╨╖╨░╨┐╤Г╤Й╨╡╨╜╨╛ ╤Г╤Б╨┐╨╡╤И╨╜╨╛

      at log (src/hooks/useScanner.ts:171:15)

    console.log
      тЬЕ Scanner: ╨б╨║╨░╨╜╨╕╤А╨╛╨▓╨░╨╜╨╕╨╡ ╨╖╨░╨┐╤Г╤Й╨╡╨╜╨╛

      at log (src/components/Scanner.tsx:65:19)

    console.log
      ЁЯз╣ useScanner: ╨Ю╤З╨╕╤Б╤В╨║╨░ ╨┐╤А╨╕ ╤А╨░╨╖╨╝╨╛╨╜╤В╨╕╤А╨╛╨▓╨░╨╜╨╕╨╕

      at log (src/hooks/useScanner.ts:388:15)

    console.log
      [ZXingScannerService] ╨Ю╤Б╤В╨░╨╜╨╛╨▓╨║╨░ ╤Б╨║╨░╨╜╨╕╤А╨╛╨▓╨░╨╜╨╕╤П...

      at ZXingScannerService.log (src/services/scanner/ScannerService.ts:190:15)

    console.log
      [ZXingScannerService] ╨б╨║╨░╨╜╨╕╤А╨╛╨▓╨░╨╜╨╕╨╡ ╨╛╤Б╤В╨░╨╜╨╛╨▓╨╗╨╡╨╜╨╛

      at ZXingScannerService.log (src/services/scanner/ScannerService.ts:190:15)

    console.log
      ЁЯЪА useScanner: ╨Ч╨░╨┐╤Г╤Б╨║ ╨░╨▓╤В╨╛╨╕╨╜╨╕╤Ж╨╕╨░╨╗╨╕╨╖╨░╤Ж╨╕╨╕...

      at log (src/hooks/useScanner.ts:382:13)

    console.log
      ЁЯФД useScanner: ╨Ш╨╜╨╕╤Ж╨╕╨░╨╗╨╕╨╖╨░╤Ж╨╕╤П ╤Б╨║╨░╨╜╨╡╤А╨░...

      at log (src/hooks/useScanner.ts:92:15)

    console.log
      ЁЯПн ScannerFactory: ╨б╨╛╨╖╨┤╨░╨╜╨╕╨╡ ╤Б╨║╨░╨╜╨╡╤А╨░... {
        preferredType: 'auto',
        fallbackToZXing: true,
        config: {
          enableDiagnostics: true,
          formats: [ 'ean_13', 'ean_8', 'upc_a', 'code_128' ]
        }
      }

      at Function.log [as createScanner] (src/services/scanner/index.ts:37:13)

    console.log
      ЁЯФН ScannerFactory: ╨Р╨▓╤В╨╛╨╝╨░╤В╨╕╤З╨╡╤Б╨║╨╕╨╣ ╨▓╤Л╨▒╨╛╤А ╤Б╨║╨░╨╜╨╡╤А╨░...

      at Function.log [as createBestAvailableScanner] (src/services/scanner/index.ts:87:13)

    console.log
      ЁЯз╣ useScanner: ╨Ю╤З╨╕╤Б╤В╨║╨░ ╨┐╤А╨╕ ╤А╨░╨╖╨╝╨╛╨╜╤В╨╕╤А╨╛╨▓╨░╨╜╨╕╨╕

      at log (src/hooks/useScanner.ts:388:15)

    console.log
      ЁЯЪА useScanner: ╨Ч╨░╨┐╤Г╤Б╨║ ╨░╨▓╤В╨╛╨╕╨╜╨╕╤Ж╨╕╨░╨╗╨╕╨╖╨░╤Ж╨╕╨╕...

      at log (src/hooks/useScanner.ts:382:13)

    console.log
      ЁЯФД useScanner: ╨Ш╨╜╨╕╤Ж╨╕╨░╨╗╨╕╨╖╨░╤Ж╨╕╤П ╤Б╨║╨░╨╜╨╡╤А╨░...

      at log (src/hooks/useScanner.ts:92:15)

    console.log
      ЁЯПн ScannerFactory: ╨б╨╛╨╖╨┤╨░╨╜╨╕╨╡ ╤Б╨║╨░╨╜╨╡╤А╨░... {
        preferredType: 'auto',
        fallbackToZXing: true,
        config: {
          enableDiagnostics: true,
          formats: [ 'ean_13', 'ean_8', 'upc_a', 'code_128' ]
        }
      }

      at Function.log [as createScanner] (src/services/scanner/index.ts:37:13)

    console.log
      ЁЯФН ScannerFactory: ╨Р╨▓╤В╨╛╨╝╨░╤В╨╕╤З╨╡╤Б╨║╨╕╨╣ ╨▓╤Л╨▒╨╛╤А ╤Б╨║╨░╨╜╨╡╤А╨░...

      at Function.log [as createBestAvailableScanner] (src/services/scanner/index.ts:87:13)

    console.log
      ЁЯУК ScannerFactory: ╨Ф╨╛╤Б╤В╤Г╨┐╨╜╨╛╤Б╤В╤М API: {
        barcodeDetector: false,
        zxing: true,
        camera: true,
        secureContext: true
      }

      at Function.log [as createBestAvailableScanner] (src/services/scanner/index.ts:91:13)

    console.log
      ЁЯФД ScannerFactory: Fallback ╨║ ZXing

      at Function.log [as createBestAvailableScanner] (src/services/scanner/index.ts:110:15)

    console.log
      [ZXingScannerService] ╨Ш╨╜╨╕╤Ж╨╕╨░╨╗╨╕╨╖╨░╤Ж╨╕╤П ZXing ╤Б╨║╨░╨╜╨╡╤А╨░...

      at ZXingScannerService.log (src/services/scanner/ScannerService.ts:190:15)

    console.log
      ЁЯУК ScannerFactory: ╨Ф╨╛╤Б╤В╤Г╨┐╨╜╨╛╤Б╤В╤М API: {
        barcodeDetector: false,
        zxing: true,
        camera: true,
        secureContext: true
      }

      at Function.log [as createBestAvailableScanner] (src/services/scanner/index.ts:91:13)

    console.log
      ЁЯФД ScannerFactory: Fallback ╨║ ZXing

      at Function.log [as createBestAvailableScanner] (src/services/scanner/index.ts:110:15)

    console.log
      [ZXingScannerService] ╨Ш╨╜╨╕╤Ж╨╕╨░╨╗╨╕╨╖╨░╤Ж╨╕╤П ZXing ╤Б╨║╨░╨╜╨╡╤А╨░...

      at ZXingScannerService.log (src/services/scanner/ScannerService.ts:190:15)

    console.log
      тЬЕ useScanner: ╨б╨║╨░╨╜╨╡╤А ╨╕╨╜╨╕╤Ж╨╕╨░╨╗╨╕╨╖╨╕╤А╨╛╨▓╨░╨╜ {
        caps: {
          supportedFormats: [ 'ean_13', 'ean_8', 'upc_a', 'code_128' ],
          supportsFlashlight: true,
          supportsZoom: true,
          supportsFocus: true,
          maxZoom: 3
        },
        cameras: [ { deviceId: 'camera1', kind: 'videoinput', label: 'Camera 1' } ],
        permission: { granted: false, denied: false, prompt: true }
      }

      at log (src/hooks/useScanner.ts:110:15)

    console.log
      тЬЕ useScanner: ╨б╨║╨░╨╜╨╡╤А ╨╕╨╜╨╕╤Ж╨╕╨░╨╗╨╕╨╖╨╕╤А╨╛╨▓╨░╨╜ {
        caps: {
          supportedFormats: [ 'ean_13', 'ean_8', 'upc_a', 'code_128' ],
          supportsFlashlight: true,
          supportsZoom: true,
          supportsFocus: true,
          maxZoom: 3
        },
        cameras: [ { deviceId: 'camera1', kind: 'videoinput', label: 'Camera 1' } ],
        permission: { granted: false, denied: false, prompt: true }
      }

      at log (src/hooks/useScanner.ts:110:15)

    console.log
      тЦ╢я╕П useScanner: ╨Ч╨░╨┐╤Г╤Б╨║ ╤Б╨║╨░╨╜╨╕╤А╨╛╨▓╨░╨╜╨╕╤П...

      at log (src/hooks/useScanner.ts:136:15)

    console.log
      ЁЯФН useScanner: ╨Ф╨╕╨░╨│╨╜╨╛╤Б╤В╨╕╨║╨░ ╨┐╨╡╤А╨╡╨┤ ╨╖╨░╨┐╤Г╤Б╨║╨╛╨╝: {
        scannerType: 'ZXingScannerService',
        videoElement: {
          readyState: 4,
          videoWidth: 0,
          videoHeight: 0,
          srcObject: false,
          autoplay: true,
          muted: true,
          playsInline: true
        },
        capabilities: {
          supportedFormats: [ 'ean_13', 'ean_8', 'upc_a', 'code_128' ],
          supportsFlashlight: true,
          supportsZoom: true,
          supportsFocus: true,
          maxZoom: 3
        },
        permissionStatus: { granted: false, denied: false, prompt: true }
      }

      at log (src/hooks/useScanner.ts:137:15)

    console.log
      [ZXingScannerService] ╨Ч╨░╨┐╤Г╤Б╨║ ╤Б╨║╨░╨╜╨╕╤А╨╛╨▓╨░╨╜╨╕╤П...

      at ZXingScannerService.log (src/services/scanner/ScannerService.ts:190:15)

    console.log
      [ZXingScannerService] ╨Я╨╛╨┐╤Л╤В╨║╨░ ╨┐╨╛╨╗╤Г╤З╨╡╨╜╨╕╤П ╨║╨░╨╝╨╡╤А╤Л ╤Б ╨╛╨│╤А╨░╨╜╨╕╤З╨╡╨╜╨╕╤П╨╝╨╕: {
        video: {
          facingMode: undefined,
          width: { ideal: 1920, max: 1920 },
          height: { ideal: 1080, max: 1080 },
          frameRate: { ideal: 30, max: 60 },
          focusMode: { ideal: 'continuous' },
          exposureMode: { ideal: 'continuous' },
          whiteBalanceMode: { ideal: 'continuous' }
        }
      }

      at ZXingScannerService.log (src/services/scanner/ScannerService.ts:190:15)

    console.log
      [ZXingScannerService] ╨Ь╨╛╨▒╨╕╨╗╤М╨╜╤Л╨╡ ╨░╤В╤А╨╕╨▒╤Г╤В╤Л ╨▓╨╕╨┤╨╡╨╛ ╤Г╤Б╤В╨░╨╜╨╛╨▓╨╗╨╡╨╜╤Л

      at ZXingScannerService.log (src/services/scanner/ScannerService.ts:190:15)

    console.log
      [ZXingScannerService] ╨Т╨╕╨┤╨╡╨╛ ╤Г╨╢╨╡ ╨│╨╛╤В╨╛╨▓╨╛

      at ZXingScannerService.log (src/services/scanner/ScannerService.ts:190:15)

    console.log
      [ZXingScannerService] ╨Т╨╕╨┤╨╡╨╛ ╨│╨╛╤В╨╛╨▓╨╛ ╨║ ╨▓╨╛╤Б╨┐╤А╨╛╨╕╨╖╨▓╨╡╨┤╨╡╨╜╨╕╤О

      at ZXingScannerService.log (src/services/scanner/ScannerService.ts:190:15)

    console.log
      [ZXingScannerService] ╨Т╨╕╨┤╨╡╨╛ ╤Г╤Б╨┐╨╡╤И╨╜╨╛ ╨╖╨░╨┐╤Г╤Й╨╡╨╜╨╛

      at ZXingScannerService.log (src/services/scanner/ScannerService.ts:190:15)

    console.error
      [ZXingScannerService] ╨Ю╤И╨╕╨▒╨║╨░ ╨┐╤А╨╛╨▓╨╡╤А╨║╨╕ ╨┐╨╛╨┤╨┤╨╡╤А╨╢╨║╨╕ ╤Д╨╛╨╜╨░╤А╨╕╨║╨░: TypeError: videoTrack.getCapabilities is not a function
          at ZXingScannerService.getCapabilities [as checkFlashlightSupport] (D:\Dev\ExoScan\exoscan-web\src\services\scanner\ZXingScannerService.ts:275:39)
          at ZXingScannerService.checkFlashlightSupport [as startScanning] (D:\Dev\ExoScan\exoscan-web\src\services\scanner\ZXingScannerService.ts:93:18)
          at D:\Dev\ExoScan\exoscan-web\src\hooks\useScanner.ts:152:7
          at handleLoadedMetadata (D:\Dev\ExoScan\exoscan-web\src\components\Scanner.tsx:64:11)

      194 |   protected logError(message: string, error?: any): void {
      195 |     if (this.config.enableDiagnostics) {
    > 196 |       console.error(`[${this.constructor.name}] ${message}`, error)
          |               ^
      197 |     }
      198 |   }
      199 | }

      at ZXingScannerService.error [as logError] (src/services/scanner/ScannerService.ts:196:15)
      at ZXingScannerService.logError [as checkFlashlightSupport] (src/services/scanner/ZXingScannerService.ts:287:12)
      at ZXingScannerService.checkFlashlightSupport [as startScanning] (src/services/scanner/ZXingScannerService.ts:93:18)
      at src/hooks/useScanner.ts:152:7
      at handleLoadedMetadata (src/components/Scanner.tsx:64:11)

    console.log
      [ZXingScannerService] ╨Э╨░╤Б╤В╤А╨╛╨╣╨║╨░ ╨░╨▓╤В╨╛╨╝╨░╤В╨╕╤З╨╡╤Б╨║╨╛╨│╨╛ ╤Б╨║╨░╨╜╨╕╤А╨╛╨▓╨░╨╜╨╕╤П...

      at ZXingScannerService.log (src/services/scanner/ScannerService.ts:190:15)

    console.log
      [ZXingScannerService] ╨б╨║╨░╨╜╨╕╤А╨╛╨▓╨░╨╜╨╕╨╡ ╤Г╤Б╨┐╨╡╤И╨╜╨╛ ╨╖╨░╨┐╤Г╤Й╨╡╨╜╨╛

      at ZXingScannerService.log (src/services/scanner/ScannerService.ts:190:15)

    console.log
      тЬЕ useScanner: ╨б╨║╨░╨╜╨╕╤А╨╛╨▓╨░╨╜╨╕╨╡ ╨╖╨░╨┐╤Г╤Й╨╡╨╜╨╛ ╤Г╤Б╨┐╨╡╤И╨╜╨╛

      at log (src/hooks/useScanner.ts:171:15)

    console.log
      тЬЕ Scanner: ╨б╨║╨░╨╜╨╕╤А╨╛╨▓╨░╨╜╨╕╨╡ ╨╖╨░╨┐╤Г╤Й╨╡╨╜╨╛

      at log (src/components/Scanner.tsx:65:19)

    console.log
      ЁЯз╣ useScanner: ╨Ю╤З╨╕╤Б╤В╨║╨░ ╨┐╤А╨╕ ╤А╨░╨╖╨╝╨╛╨╜╤В╨╕╤А╨╛╨▓╨░╨╜╨╕╨╕

      at log (src/hooks/useScanner.ts:388:15)
          at Array.forEach (<anonymous>)

    console.log
      [ZXingScannerService] ╨Ю╤Б╤В╨░╨╜╨╛╨▓╨║╨░ ╤Б╨║╨░╨╜╨╕╤А╨╛╨▓╨░╨╜╨╕╤П...

      at ZXingScannerService.log (src/services/scanner/ScannerService.ts:190:15)
          at Array.forEach (<anonymous>)

    console.log
      [ZXingScannerService] ╨б╨║╨░╨╜╨╕╤А╨╛╨▓╨░╨╜╨╕╨╡ ╨╛╤Б╤В╨░╨╜╨╛╨▓╨╗╨╡╨╜╨╛

      at ZXingScannerService.log (src/services/scanner/ScannerService.ts:190:15)
          at Array.forEach (<anonymous>)

  тЧП Scanner Component - React Strict Mode Tests тА║ Strict Mode Double Mounting тА║ should prevent race conditions during rapid mount/unmount

    expect(jest.fn()).toHaveBeenCalledTimes(expected)

    Expected number of calls: 2
    Received number of calls: 1

    Ignored nodes: comments, script, style
    <html>
      <head />
      <body>
        <div />
        <div>
          <div
            class="relative w-full h-full bg-black"
          >
            <video
              autoplay=""
              class="w-full h-full object-cover"
              playsinline="true"
              webkit-playsinline="true"
            />
            <div
              class="absolute top-4 right-4 flex flex-col gap-2"
            >
              <button
                class="p-2 rounded-full transition-colors bg-black/50 text-white hover:bg-black/70"
                title="╨а╨╡╨╢╨╕╨╝ ╤Д╨╛╨║╤Г╤Б╨░: ╨Р╨▓╤В╨╛"
              >
                <svg
                  class="w-5 h-5"
                  fill="none"
                  stroke="currentColor"
                  viewBox="0 0 24 24"
                >
                  <path
                    d="M15 12a3 3 0 11-6 0 3 3 0 016 0z M2.458 12C3.732 7.943 7.523 5 12 5c4.478 0 8.268 2.943 9.542 7-1.274 4.057-5.064 7-9.542 7-4.477 0-8.268-2.943-9.542-7z"
                    stroke-linecap="round"
                    stroke-linejoin="round"
                    stroke-width="2"
                  />
                </svg>
              </button>
            </div>
            <div
              class="absolute bottom-4 left-1/2 transform -translate-x-1/2"
            >
              <div
                class="flex items-center gap-2 bg-black/50 rounded-full px-4 py-2"
              >
                <button
                  class="text-white p-1 disabled:opacity-50"
                  disabled=""
                >
                  <svg
                    class="w-4 h-4"
                    fill="none"
                    stroke="currentColor"
                    viewBox="0 0 24 24"
                  >
                    <path
                      d="M20 12H4"
                      stroke-linecap="round"
                      stroke-linejoin="round"
                      stroke-width="2"
                    />
                  </svg>
                </button>
                <span
                  class="text-white text-sm min-w-[3rem] text-center"
                >
                  1.0
                  x
                </span>
                <button
                  class="text-white p-1 disabled:opacity-50"
                >
                  <svg
                    class="w-4 h-4"
                    fill="none"
                    stroke="currentColor"
                    viewBox="0 0 24 24"
                  >
                    <path
                      d="M12 4v16m8-8H4"
                      stroke-linecap="round"
                      stroke-linejoin="round"
                      stroke-width="2"
                    />
                  </svg>
                </button>
              </div>
            </div>
          </div>
        </div>
      </body>
    </html>

      172 |       await waitFor(() => {
      173 |         // Should have called getUserMedia twice (once per mount)
    > 174 |         expect(mockGetUserMedia).toHaveBeenCalledTimes(2);
          |                                  ^
      175 |       });
      176 |       
      177 |       // But should have properly cleaned up the first stream

      at toHaveBeenCalledTimes (src/components/__tests__/Scanner.strict-mode.test.tsx:174:34)
      at runWithExpensiveErrorDiagnosticsDisabled (node_modules/@testing-library/dom/dist/config.js:47:12)
      at checkCallback (node_modules/@testing-library/dom/dist/wait-for.js:124:77)
      at checkRealTimersCallback (node_modules/@testing-library/dom/dist/wait-for.js:118:16)
      at Timeout.task [as _onTimeout] (node_modules/jsdom/lib/jsdom/browser/Window.js:579:19)

  тЧП Scanner Component - React Strict Mode Tests тА║ Strict Mode Double Mounting тА║ should handle useEffect cleanup properly in Strict Mode

    TestingLibraryElementError: Unable to find an element with the text: ╨Ч╨░╨┐╤Г╤Б╤В╨╕╤В╤М ╨║╨░╨╝╨╡╤А╤Г. This could be because the text is broken up by multiple elements. In this case, you can provide a function for your text matcher to make your matcher more flexible.

    Ignored nodes: comments, script, style
    <body>
      <div>
        <div
          class="relative w-full h-full bg-black"
        >
          <video
            autoplay=""
            class="w-full h-full object-cover"
            playsinline=""
          />
          <div
            class="absolute top-4 right-4 flex flex-col gap-2"
          >
            <button
              class="p-2 rounded-full transition-colors bg-black/50 text-white hover:bg-black/70"
              title="╨а╨╡╨╢╨╕╨╝ ╤Д╨╛╨║╤Г╤Б╨░: ╨Р╨▓╤В╨╛"
            >
              <svg
                class="w-5 h-5"
                fill="none"
                stroke="currentColor"
                viewBox="0 0 24 24"
              >
                <path
                  d="M15 12a3 3 0 11-6 0 3 3 0 016 0z M2.458 12C3.732 7.943 7.523 5 12 5c4.478 0 8.268 2.943 9.542 7-1.274 4.057-5.064 7-9.542 7-4.477 0-8.268-2.943-9.542-7z"
                  stroke-linecap="round"
                  stroke-linejoin="round"
                  stroke-width="2"
                />
              </svg>
            </button>
          </div>
          <div
            class="absolute bottom-4 left-1/2 transform -translate-x-1/2"
          >
            <div
              class="flex items-center gap-2 bg-black/50 rounded-full px-4 py-2"
            >
              <button
                class="text-white p-1 disabled:opacity-50"
                disabled=""
              >
                <svg
                  class="w-4 h-4"
                  fill="none"
                  stroke="currentColor"
                  viewBox="0 0 24 24"
                >
                  <path
                    d="M20 12H4"
                    stroke-linecap="round"
                    stroke-linejoin="round"
                    stroke-width="2"
                  />
                </svg>
              </button>
              <span
                class="text-white text-sm min-w-[3rem] text-center"
              >
                1.0
                x
              </span>
              <button
                class="text-white p-1 disabled:opacity-50"
              >
                <svg
                  class="w-4 h-4"
                  fill="none"
                  stroke="currentColor"
                  viewBox="0 0 24 24"
                >
                  <path
                    d="M12 4v16m8-8H4"
                    stroke-linecap="round"
                    stroke-linejoin="round"
                    stroke-width="2"
                  />
                </svg>
              </button>
            </div>
          </div>
          <div
            class="absolute inset-0 bg-black/50 flex items-center justify-center"
          >
            <div
              class="text-white text-center"
            >
              <div
                class="animate-spin rounded-full h-8 w-8 border-b-2 border-white mx-auto mb-2"
              />
              <p>
                ╨Ш╨╜╨╕╤Ж╨╕╨░╨╗╨╕╨╖╨░╤Ж╨╕╤П ╤Б╨║╨░╨╜╨╡╤А╨░...
              </p>
            </div>
          </div>
        </div>
      </div>
    </body>

      208 |       );
      209 |       
    > 210 |       const startButton = screen.getByText('╨Ч╨░╨┐╤Г╤Б╤В╨╕╤В╤М ╨║╨░╨╝╨╡╤А╤Г');
          |                                  ^
      211 |       await userEvent.click(startButton);
      212 |       
      213 |       await waitFor(() => {

      at Object.getElementError (node_modules/@testing-library/dom/dist/config.js:37:19)
      at node_modules/@testing-library/dom/dist/query-helpers.js:76:38
      at node_modules/@testing-library/dom/dist/query-helpers.js:52:17
      at node_modules/@testing-library/dom/dist/query-helpers.js:95:19
      at Object.getByText (src/components/__tests__/Scanner.strict-mode.test.tsx:210:34)

  тЧП Scanner Component - React Strict Mode Tests тА║ mountedRef Pattern Validation тА║ should respect mounted state during async operations

    TestingLibraryElementError: Unable to find an element with the text: ╨Ч╨░╨┐╤Г╤Б╤В╨╕╤В╤М ╨║╨░╨╝╨╡╤А╤Г. This could be because the text is broken up by multiple elements. In this case, you can provide a function for your text matcher to make your matcher more flexible.

    Ignored nodes: comments, script, style
    <body>
      <div>
        <div
          class="relative w-full h-full bg-black"
        >
          <video
            autoplay=""
            class="w-full h-full object-cover"
            playsinline=""
          />
          <div
            class="absolute top-4 right-4 flex flex-col gap-2"
          >
            <button
              class="p-2 rounded-full transition-colors bg-black/50 text-white hover:bg-black/70"
              title="╨а╨╡╨╢╨╕╨╝ ╤Д╨╛╨║╤Г╤Б╨░: ╨Р╨▓╤В╨╛"
            >
              <svg
                class="w-5 h-5"
                fill="none"
                stroke="currentColor"
                viewBox="0 0 24 24"
              >
                <path
                  d="M15 12a3 3 0 11-6 0 3 3 0 016 0z M2.458 12C3.732 7.943 7.523 5 12 5c4.478 0 8.268 2.943 9.542 7-1.274 4.057-5.064 7-9.542 7-4.477 0-8.268-2.943-9.542-7z"
                  stroke-linecap="round"
                  stroke-linejoin="round"
                  stroke-width="2"
                />
              </svg>
            </button>
          </div>
          <div
            class="absolute bottom-4 left-1/2 transform -translate-x-1/2"
          >
            <div
              class="flex items-center gap-2 bg-black/50 rounded-full px-4 py-2"
            >
              <button
                class="text-white p-1 disabled:opacity-50"
                disabled=""
              >
                <svg
                  class="w-4 h-4"
                  fill="none"
                  stroke="currentColor"
                  viewBox="0 0 24 24"
                >
                  <path
                    d="M20 12H4"
                    stroke-linecap="round"
                    stroke-linejoin="round"
                    stroke-width="2"
                  />
                </svg>
              </button>
              <span
                class="text-white text-sm min-w-[3rem] text-center"
              >
                1.0
                x
              </span>
              <button
                class="text-white p-1 disabled:opacity-50"
              >
                <svg
                  class="w-4 h-4"
                  fill="none"
                  stroke="currentColor"
                  viewBox="0 0 24 24"
                >
                  <path
                    d="M12 4v16m8-8H4"
                    stroke-linecap="round"
                    stroke-linejoin="round"
                    stroke-width="2"
                  />
                </svg>
              </button>
            </div>
          </div>
          <div
            class="absolute inset-0 bg-black/50 flex items-center justify-center"
          >
            <div
              class="text-white text-center"
            >
              <div
                class="animate-spin rounded-full h-8 w-8 border-b-2 border-white mx-auto mb-2"
              />
              <p>
                ╨Ш╨╜╨╕╤Ж╨╕╨░╨╗╨╕╨╖╨░╤Ж╨╕╤П ╤Б╨║╨░╨╜╨╡╤А╨░...
              </p>
            </div>
          </div>
        </div>
      </div>
    </body>

      240 |       );
      241 |       
    > 242 |       const startButton = screen.getByText('╨Ч╨░╨┐╤Г╤Б╤В╨╕╤В╤М ╨║╨░╨╝╨╡╤А╤Г');
          |                                  ^
      243 |       await userEvent.click(startButton);
      244 |       
      245 |       // Unmount before getUserMedia resolves

      at Object.getElementError (node_modules/@testing-library/dom/dist/config.js:37:19)
      at node_modules/@testing-library/dom/dist/query-helpers.js:76:38
      at node_modules/@testing-library/dom/dist/query-helpers.js:52:17
      at node_modules/@testing-library/dom/dist/query-helpers.js:95:19
      at Object.getByText (src/components/__tests__/Scanner.strict-mode.test.tsx:242:34)

  тЧП Scanner Component - React Strict Mode Tests тА║ mountedRef Pattern Validation тА║ should prevent state updates after unmount

    expect(jest.fn()).toHaveBeenCalled()

    Expected number of calls: >= 1
    Received number of calls:    0

    Ignored nodes: comments, script, style
    <html>
      <head />
      <body>
        <div />
      </body>
    </html>

      272 |       
      273 |       await waitFor(() => {
    > 274 |         expect(mockGetUserMedia).toHaveBeenCalled();
          |                                  ^
      275 |       });
      276 |       
      277 |       // Should not have React warnings about state updates after unmount

      at toHaveBeenCalled (src/components/__tests__/Scanner.strict-mode.test.tsx:274:34)
      at runWithExpensiveErrorDiagnosticsDisabled (node_modules/@testing-library/dom/dist/config.js:47:12)
      at checkCallback (node_modules/@testing-library/dom/dist/wait-for.js:124:77)
      at checkRealTimersCallback (node_modules/@testing-library/dom/dist/wait-for.js:118:16)
      at Timeout.task [as _onTimeout] (node_modules/jsdom/lib/jsdom/browser/Window.js:579:19)

FAIL src/components/__tests__/Scanner.test.tsx
  тЧП Console

    console.log
      ЁЯЪА useScanner: ╨Ч╨░╨┐╤Г╤Б╨║ ╨░╨▓╤В╨╛╨╕╨╜╨╕╤Ж╨╕╨░╨╗╨╕╨╖╨░╤Ж╨╕╨╕...

      at log (src/hooks/useScanner.ts:382:13)

    console.log
      ЁЯФД useScanner: ╨Ш╨╜╨╕╤Ж╨╕╨░╨╗╨╕╨╖╨░╤Ж╨╕╤П ╤Б╨║╨░╨╜╨╡╤А╨░...

      at log (src/hooks/useScanner.ts:92:15)

    console.log
      ЁЯПн ScannerFactory: ╨б╨╛╨╖╨┤╨░╨╜╨╕╨╡ ╤Б╨║╨░╨╜╨╡╤А╨░... {
        preferredType: 'auto',
        fallbackToZXing: true,
        config: {
          enableDiagnostics: true,
          formats: [ 'ean_13', 'ean_8', 'upc_a', 'code_128' ]
        }
      }

      at Function.log [as createScanner] (src/services/scanner/index.ts:37:13)

    console.log
      ЁЯФН ScannerFactory: ╨Р╨▓╤В╨╛╨╝╨░╤В╨╕╤З╨╡╤Б╨║╨╕╨╣ ╨▓╤Л╨▒╨╛╤А ╤Б╨║╨░╨╜╨╡╤А╨░...

      at Function.log [as createBestAvailableScanner] (src/services/scanner/index.ts:87:13)

    console.log
      ЁЯУК ScannerFactory: ╨Ф╨╛╤Б╤В╤Г╨┐╨╜╨╛╤Б╤В╤М API: {
        barcodeDetector: false,
        zxing: true,
        camera: true,
        secureContext: true
      }

      at Function.log [as createBestAvailableScanner] (src/services/scanner/index.ts:91:13)

    console.log
      ЁЯФД ScannerFactory: Fallback ╨║ ZXing

      at Function.log [as createBestAvailableScanner] (src/services/scanner/index.ts:110:15)

    console.log
      [ZXingScannerService] ╨Ш╨╜╨╕╤Ж╨╕╨░╨╗╨╕╨╖╨░╤Ж╨╕╤П ZXing ╤Б╨║╨░╨╜╨╡╤А╨░...

      at ZXingScannerService.log (src/services/scanner/ScannerService.ts:190:15)

    console.log
      тЬЕ useScanner: ╨б╨║╨░╨╜╨╡╤А ╨╕╨╜╨╕╤Ж╨╕╨░╨╗╨╕╨╖╨╕╤А╨╛╨▓╨░╨╜ {
        caps: {
          supportedFormats: [ 'ean_13', 'ean_8', 'upc_a', 'code_128' ],
          supportsFlashlight: true,
          supportsZoom: true,
          supportsFocus: true,
          maxZoom: 3
        },
        cameras: [ { deviceId: 'camera1', kind: 'videoinput', label: 'Camera 1' } ],
        permission: { granted: false, denied: false, prompt: true }
      }

      at log (src/hooks/useScanner.ts:110:15)

    console.log
      тЦ╢я╕П useScanner: ╨Ч╨░╨┐╤Г╤Б╨║ ╤Б╨║╨░╨╜╨╕╤А╨╛╨▓╨░╨╜╨╕╤П...

      at log (src/hooks/useScanner.ts:136:15)

    console.log
      ЁЯФН useScanner: ╨Ф╨╕╨░╨│╨╜╨╛╤Б╤В╨╕╨║╨░ ╨┐╨╡╤А╨╡╨┤ ╨╖╨░╨┐╤Г╤Б╨║╨╛╨╝: {
        scannerType: 'ZXingScannerService',
        videoElement: {
          readyState: 4,
          videoWidth: 0,
          videoHeight: 0,
          srcObject: false,
          autoplay: true,
          muted: true,
          playsInline: true
        },
        capabilities: {
          supportedFormats: [ 'ean_13', 'ean_8', 'upc_a', 'code_128' ],
          supportsFlashlight: true,
          supportsZoom: true,
          supportsFocus: true,
          maxZoom: 3
        },
        permissionStatus: { granted: false, denied: false, prompt: true }
      }

      at log (src/hooks/useScanner.ts:137:15)

    console.log
      [ZXingScannerService] ╨Ч╨░╨┐╤Г╤Б╨║ ╤Б╨║╨░╨╜╨╕╤А╨╛╨▓╨░╨╜╨╕╤П...

      at ZXingScannerService.log (src/services/scanner/ScannerService.ts:190:15)

    console.log
      [ZXingScannerService] ╨Я╨╛╨┐╤Л╤В╨║╨░ ╨┐╨╛╨╗╤Г╤З╨╡╨╜╨╕╤П ╨║╨░╨╝╨╡╤А╤Л ╤Б ╨╛╨│╤А╨░╨╜╨╕╤З╨╡╨╜╨╕╤П╨╝╨╕: {
        video: {
          facingMode: undefined,
          width: { ideal: 1920, max: 1920 },
          height: { ideal: 1080, max: 1080 },
          frameRate: { ideal: 30, max: 60 },
          focusMode: { ideal: 'continuous' },
          exposureMode: { ideal: 'continuous' },
          whiteBalanceMode: { ideal: 'continuous' }
        }
      }

      at ZXingScannerService.log (src/services/scanner/ScannerService.ts:190:15)

    console.log
      [ZXingScannerService] ╨Ь╨╛╨▒╨╕╨╗╤М╨╜╤Л╨╡ ╨░╤В╤А╨╕╨▒╤Г╤В╤Л ╨▓╨╕╨┤╨╡╨╛ ╤Г╤Б╤В╨░╨╜╨╛╨▓╨╗╨╡╨╜╤Л

      at ZXingScannerService.log (src/services/scanner/ScannerService.ts:190:15)

    console.log
      [ZXingScannerService] ╨Т╨╕╨┤╨╡╨╛ ╤Г╨╢╨╡ ╨│╨╛╤В╨╛╨▓╨╛

      at ZXingScannerService.log (src/services/scanner/ScannerService.ts:190:15)

    console.log
      [ZXingScannerService] ╨Т╨╕╨┤╨╡╨╛ ╨│╨╛╤В╨╛╨▓╨╛ ╨║ ╨▓╨╛╤Б╨┐╤А╨╛╨╕╨╖╨▓╨╡╨┤╨╡╨╜╨╕╤О

      at ZXingScannerService.log (src/services/scanner/ScannerService.ts:190:15)

    console.log
      [ZXingScannerService] ╨Т╨╕╨┤╨╡╨╛ ╤Г╤Б╨┐╨╡╤И╨╜╨╛ ╨╖╨░╨┐╤Г╤Й╨╡╨╜╨╛

      at ZXingScannerService.log (src/services/scanner/ScannerService.ts:190:15)

    console.error
      [ZXingScannerService] ╨Ю╤И╨╕╨▒╨║╨░ ╨┐╤А╨╛╨▓╨╡╤А╨║╨╕ ╨┐╨╛╨┤╨┤╨╡╤А╨╢╨║╨╕ ╤Д╨╛╨╜╨░╤А╨╕╨║╨░: TypeError: videoTrack.getCapabilities is not a function
          at ZXingScannerService.getCapabilities [as checkFlashlightSupport] (D:\Dev\ExoScan\exoscan-web\src\services\scanner\ZXingScannerService.ts:275:39)
          at ZXingScannerService.checkFlashlightSupport [as startScanning] (D:\Dev\ExoScan\exoscan-web\src\services\scanner\ZXingScannerService.ts:93:18)
          at runNextTicks (node:internal/process/task_queues:65:5)
          at processTimers (node:internal/timers:520:9)
          at D:\Dev\ExoScan\exoscan-web\src\hooks\useScanner.ts:152:7
          at handleLoadedMetadata (D:\Dev\ExoScan\exoscan-web\src\components\Scanner.tsx:64:11)

      194 |   protected logError(message: string, error?: any): void {
      195 |     if (this.config.enableDiagnostics) {
    > 196 |       console.error(`[${this.constructor.name}] ${message}`, error)
          |               ^
      197 |     }
      198 |   }
      199 | }

      at ZXingScannerService.error [as logError] (src/services/scanner/ScannerService.ts:196:15)
      at ZXingScannerService.logError [as checkFlashlightSupport] (src/services/scanner/ZXingScannerService.ts:287:12)
      at ZXingScannerService.checkFlashlightSupport [as startScanning] (src/services/scanner/ZXingScannerService.ts:93:18)
      at src/hooks/useScanner.ts:152:7
      at handleLoadedMetadata (src/components/Scanner.tsx:64:11)

    console.log
      [ZXingScannerService] ╨Э╨░╤Б╤В╤А╨╛╨╣╨║╨░ ╨░╨▓╤В╨╛╨╝╨░╤В╨╕╤З╨╡╤Б╨║╨╛╨│╨╛ ╤Б╨║╨░╨╜╨╕╤А╨╛╨▓╨░╨╜╨╕╤П...

      at ZXingScannerService.log (src/services/scanner/ScannerService.ts:190:15)

    console.log
      [ZXingScannerService] ╨б╨║╨░╨╜╨╕╤А╨╛╨▓╨░╨╜╨╕╨╡ ╤Г╤Б╨┐╨╡╤И╨╜╨╛ ╨╖╨░╨┐╤Г╤Й╨╡╨╜╨╛

      at ZXingScannerService.log (src/services/scanner/ScannerService.ts:190:15)

    console.log
      тЬЕ useScanner: ╨б╨║╨░╨╜╨╕╤А╨╛╨▓╨░╨╜╨╕╨╡ ╨╖╨░╨┐╤Г╤Й╨╡╨╜╨╛ ╤Г╤Б╨┐╨╡╤И╨╜╨╛

      at log (src/hooks/useScanner.ts:171:15)

    console.log
      тЬЕ Scanner: ╨б╨║╨░╨╜╨╕╤А╨╛╨▓╨░╨╜╨╕╨╡ ╨╖╨░╨┐╤Г╤Й╨╡╨╜╨╛

      at log (src/components/Scanner.tsx:65:19)

    console.log
      [ZXingScannerService] ╨Я╨╛╨┐╤Л╤В╨║╨░ ╨░╨▓╤В╨╛╨╝╨░╤В╨╕╤З╨╡╤Б╨║╨╛╨│╨╛ ╤Б╨║╨░╨╜╨╕╤А╨╛╨▓╨░╨╜╨╕╤П...

      at ZXingScannerService.log (src/services/scanner/ScannerService.ts:190:15)

    console.log
      [ZXingScannerService] ╨Ч╨░╤Е╨▓╨░╤В ╨║╨░╨┤╤А╨░ ╨┤╨╗╤П ╤Б╨║╨░╨╜╨╕╤А╨╛╨▓╨░╨╜╨╕╤П...

      at ZXingScannerService.log (src/services/scanner/ScannerService.ts:190:15)

    console.log
      [ZXingScannerService] ╨а╨░╨╖╨╝╨╡╤А╤Л ╨║╨░╨┤╤А╨░: 0x0

      at ZXingScannerService.log (src/services/scanner/ScannerService.ts:190:15)

    console.error
      Error: Not implemented: HTMLCanvasElement.prototype.toDataURL (without installing the canvas npm package)
          at ZXingScannerService.toDataURL [as captureFrame] (D:\Dev\ExoScan\exoscan-web\src\services\scanner\ZXingScannerService.ts:494:32)
          at captureFrame (D:\Dev\ExoScan\exoscan-web\src\services\scanner\ZXingScannerService.ts:454:35) {
        type: 'not implemented'
      }

      492 |       
      493 |       // ╨б╨╛╨╖╨┤╨░╨╡╨╝ ╨╕╨╖╨╛╨▒╤А╨░╨╢╨╡╨╜╨╕╨╡ ╨╕╨╖ canvas
    > 494 |       const imageData = canvas.toDataURL('image/png')
          |                                ^
      495 |       const image = new Image()
      496 |       
      497 |       return new Promise((resolve, reject) => {

      at VirtualConsole.<anonymous> (node_modules/@jest/environment-jsdom-abstract/build/index.js:87:23)
      at module.exports (node_modules/jsdom/lib/jsdom/browser/not-implemented.js:12:26)
      at HTMLCanvasElementImpl.toDataURL (node_modules/jsdom/lib/jsdom/living/nodes/HTMLCanvasElement-impl.js:55:5)
      at HTMLCanvasElement.toDataURL (node_modules/jsdom/lib/jsdom/living/generated/HTMLCanvasElement.js:162:34)
      at ZXingScannerService.toDataURL [as captureFrame] (src/services/scanner/ZXingScannerService.ts:494:32)
      at captureFrame (src/services/scanner/ZXingScannerService.ts:454:35)
      at Timeout.task [as _onTimeout] (node_modules/jsdom/lib/jsdom/browser/Window.js:579:19)

    console.log
      [ZXingScannerService] ╨Я╨╛╨┐╤Л╤В╨║╨░ ╨░╨▓╤В╨╛╨╝╨░╤В╨╕╤З╨╡╤Б╨║╨╛╨│╨╛ ╤Б╨║╨░╨╜╨╕╤А╨╛╨▓╨░╨╜╨╕╤П...

      at ZXingScannerService.log (src/services/scanner/ScannerService.ts:190:15)

    console.log
      [ZXingScannerService] ╨Ч╨░╤Е╨▓╨░╤В ╨║╨░╨┤╤А╨░ ╨┤╨╗╤П ╤Б╨║╨░╨╜╨╕╤А╨╛╨▓╨░╨╜╨╕╤П...

      at ZXingScannerService.log (src/services/scanner/ScannerService.ts:190:15)

    console.log
      [ZXingScannerService] ╨а╨░╨╖╨╝╨╡╤А╤Л ╨║╨░╨┤╤А╨░: 0x0

      at ZXingScannerService.log (src/services/scanner/ScannerService.ts:190:15)

    console.error
      Error: Not implemented: HTMLCanvasElement.prototype.toDataURL (without installing the canvas npm package)
          at ZXingScannerService.toDataURL [as captureFrame] (D:\Dev\ExoScan\exoscan-web\src\services\scanner\ZXingScannerService.ts:494:32)
          at captureFrame (D:\Dev\ExoScan\exoscan-web\src\services\scanner\ZXingScannerService.ts:454:35) {
        type: 'not implemented'
      }

      492 |       
      493 |       // ╨б╨╛╨╖╨┤╨░╨╡╨╝ ╨╕╨╖╨╛╨▒╤А╨░╨╢╨╡╨╜╨╕╨╡ ╨╕╨╖ canvas
    > 494 |       const imageData = canvas.toDataURL('image/png')
          |                                ^
      495 |       const image = new Image()
      496 |       
      497 |       return new Promise((resolve, reject) => {

      at VirtualConsole.<anonymous> (node_modules/@jest/environment-jsdom-abstract/build/index.js:87:23)
      at module.exports (node_modules/jsdom/lib/jsdom/browser/not-implemented.js:12:26)
      at HTMLCanvasElementImpl.toDataURL (node_modules/jsdom/lib/jsdom/living/nodes/HTMLCanvasElement-impl.js:55:5)
      at HTMLCanvasElement.toDataURL (node_modules/jsdom/lib/jsdom/living/generated/HTMLCanvasElement.js:162:34)
      at ZXingScannerService.toDataURL [as captureFrame] (src/services/scanner/ZXingScannerService.ts:494:32)
      at captureFrame (src/services/scanner/ZXingScannerService.ts:454:35)
      at Timeout.task [as _onTimeout] (node_modules/jsdom/lib/jsdom/browser/Window.js:579:19)

    console.log
      [ZXingScannerService] ╨Я╨╛╨┐╤Л╤В╨║╨░ ╨░╨▓╤В╨╛╨╝╨░╤В╨╕╤З╨╡╤Б╨║╨╛╨│╨╛ ╤Б╨║╨░╨╜╨╕╤А╨╛╨▓╨░╨╜╨╕╤П...

      at ZXingScannerService.log (src/services/scanner/ScannerService.ts:190:15)

    console.log
      [ZXingScannerService] ╨Ч╨░╤Е╨▓╨░╤В ╨║╨░╨┤╤А╨░ ╨┤╨╗╤П ╤Б╨║╨░╨╜╨╕╤А╨╛╨▓╨░╨╜╨╕╤П...

      at ZXingScannerService.log (src/services/scanner/ScannerService.ts:190:15)

    console.log
      [ZXingScannerService] ╨а╨░╨╖╨╝╨╡╤А╤Л ╨║╨░╨┤╤А╨░: 0x0

      at ZXingScannerService.log (src/services/scanner/ScannerService.ts:190:15)

    console.error
      Error: Not implemented: HTMLCanvasElement.prototype.toDataURL (without installing the canvas npm package)
          at ZXingScannerService.toDataURL [as captureFrame] (D:\Dev\ExoScan\exoscan-web\src\services\scanner\ZXingScannerService.ts:494:32)
          at captureFrame (D:\Dev\ExoScan\exoscan-web\src\services\scanner\ZXingScannerService.ts:454:35) {
        type: 'not implemented'
      }

      492 |       
      493 |       // ╨б╨╛╨╖╨┤╨░╨╡╨╝ ╨╕╨╖╨╛╨▒╤А╨░╨╢╨╡╨╜╨╕╨╡ ╨╕╨╖ canvas
    > 494 |       const imageData = canvas.toDataURL('image/png')
          |                                ^
      495 |       const image = new Image()
      496 |       
      497 |       return new Promise((resolve, reject) => {

      at VirtualConsole.<anonymous> (node_modules/@jest/environment-jsdom-abstract/build/index.js:87:23)
      at module.exports (node_modules/jsdom/lib/jsdom/browser/not-implemented.js:12:26)
      at HTMLCanvasElementImpl.toDataURL (node_modules/jsdom/lib/jsdom/living/nodes/HTMLCanvasElement-impl.js:55:5)
      at HTMLCanvasElement.toDataURL (node_modules/jsdom/lib/jsdom/living/generated/HTMLCanvasElement.js:162:34)
      at ZXingScannerService.toDataURL [as captureFrame] (src/services/scanner/ZXingScannerService.ts:494:32)
      at captureFrame (src/services/scanner/ZXingScannerService.ts:454:35)
      at Timeout.task [as _onTimeout] (node_modules/jsdom/lib/jsdom/browser/Window.js:579:19)

    console.log
      [ZXingScannerService] ╨Я╨╛╨┐╤Л╤В╨║╨░ ╨░╨▓╤В╨╛╨╝╨░╤В╨╕╤З╨╡╤Б╨║╨╛╨│╨╛ ╤Б╨║╨░╨╜╨╕╤А╨╛╨▓╨░╨╜╨╕╤П...

      at ZXingScannerService.log (src/services/scanner/ScannerService.ts:190:15)

    console.log
      [ZXingScannerService] ╨Ч╨░╤Е╨▓╨░╤В ╨║╨░╨┤╤А╨░ ╨┤╨╗╤П ╤Б╨║╨░╨╜╨╕╤А╨╛╨▓╨░╨╜╨╕╤П...

      at ZXingScannerService.log (src/services/scanner/ScannerService.ts:190:15)

    console.log
      [ZXingScannerService] ╨а╨░╨╖╨╝╨╡╤А╤Л ╨║╨░╨┤╤А╨░: 0x0

      at ZXingScannerService.log (src/services/scanner/ScannerService.ts:190:15)

    console.error
      Error: Not implemented: HTMLCanvasElement.prototype.toDataURL (without installing the canvas npm package)
          at ZXingScannerService.toDataURL [as captureFrame] (D:\Dev\ExoScan\exoscan-web\src\services\scanner\ZXingScannerService.ts:494:32)
          at captureFrame (D:\Dev\ExoScan\exoscan-web\src\services\scanner\ZXingScannerService.ts:454:35) {
        type: 'not implemented'
      }

      492 |       
      493 |       // ╨б╨╛╨╖╨┤╨░╨╡╨╝ ╨╕╨╖╨╛╨▒╤А╨░╨╢╨╡╨╜╨╕╨╡ ╨╕╨╖ canvas
    > 494 |       const imageData = canvas.toDataURL('image/png')
          |                                ^
      495 |       const image = new Image()
      496 |       
      497 |       return new Promise((resolve, reject) => {

      at VirtualConsole.<anonymous> (node_modules/@jest/environment-jsdom-abstract/build/index.js:87:23)
      at module.exports (node_modules/jsdom/lib/jsdom/browser/not-implemented.js:12:26)
      at HTMLCanvasElementImpl.toDataURL (node_modules/jsdom/lib/jsdom/living/nodes/HTMLCanvasElement-impl.js:55:5)
      at HTMLCanvasElement.toDataURL (node_modules/jsdom/lib/jsdom/living/generated/HTMLCanvasElement.js:162:34)
      at ZXingScannerService.toDataURL [as captureFrame] (src/services/scanner/ZXingScannerService.ts:494:32)
      at captureFrame (src/services/scanner/ZXingScannerService.ts:454:35)
      at Timeout.task [as _onTimeout] (node_modules/jsdom/lib/jsdom/browser/Window.js:579:19)

    console.log
      [ZXingScannerService] ╨Я╨╛╨┐╤Л╤В╨║╨░ ╨░╨▓╤В╨╛╨╝╨░╤В╨╕╤З╨╡╤Б╨║╨╛╨│╨╛ ╤Б╨║╨░╨╜╨╕╤А╨╛╨▓╨░╨╜╨╕╤П...

      at ZXingScannerService.log (src/services/scanner/ScannerService.ts:190:15)

    console.log
      [ZXingScannerService] ╨Ч╨░╤Е╨▓╨░╤В ╨║╨░╨┤╤А╨░ ╨┤╨╗╤П ╤Б╨║╨░╨╜╨╕╤А╨╛╨▓╨░╨╜╨╕╤П...

      at ZXingScannerService.log (src/services/scanner/ScannerService.ts:190:15)

    console.log
      [ZXingScannerService] ╨а╨░╨╖╨╝╨╡╤А╤Л ╨║╨░╨┤╤А╨░: 0x0

      at ZXingScannerService.log (src/services/scanner/ScannerService.ts:190:15)

    console.error
      Error: Not implemented: HTMLCanvasElement.prototype.toDataURL (without installing the canvas npm package)
          at ZXingScannerService.toDataURL [as captureFrame] (D:\Dev\ExoScan\exoscan-web\src\services\scanner\ZXingScannerService.ts:494:32)
          at captureFrame (D:\Dev\ExoScan\exoscan-web\src\services\scanner\ZXingScannerService.ts:454:35) {
        type: 'not implemented'
      }

      492 |       
      493 |       // ╨б╨╛╨╖╨┤╨░╨╡╨╝ ╨╕╨╖╨╛╨▒╤А╨░╨╢╨╡╨╜╨╕╨╡ ╨╕╨╖ canvas
    > 494 |       const imageData = canvas.toDataURL('image/png')
          |                                ^
      495 |       const image = new Image()
      496 |       
      497 |       return new Promise((resolve, reject) => {

      at VirtualConsole.<anonymous> (node_modules/@jest/environment-jsdom-abstract/build/index.js:87:23)
      at module.exports (node_modules/jsdom/lib/jsdom/browser/not-implemented.js:12:26)
      at HTMLCanvasElementImpl.toDataURL (node_modules/jsdom/lib/jsdom/living/nodes/HTMLCanvasElement-impl.js:55:5)
      at HTMLCanvasElement.toDataURL (node_modules/jsdom/lib/jsdom/living/generated/HTMLCanvasElement.js:162:34)
      at ZXingScannerService.toDataURL [as captureFrame] (src/services/scanner/ZXingScannerService.ts:494:32)
      at captureFrame (src/services/scanner/ZXingScannerService.ts:454:35)
      at Timeout.task [as _onTimeout] (node_modules/jsdom/lib/jsdom/browser/Window.js:579:19)

    console.log
      [ZXingScannerService] ╨Я╨╛╨┐╤Л╤В╨║╨░ ╨░╨▓╤В╨╛╨╝╨░╤В╨╕╤З╨╡╤Б╨║╨╛╨│╨╛ ╤Б╨║╨░╨╜╨╕╤А╨╛╨▓╨░╨╜╨╕╤П...

      at ZXingScannerService.log (src/services/scanner/ScannerService.ts:190:15)

    console.log
      [ZXingScannerService] ╨Ч╨░╤Е╨▓╨░╤В ╨║╨░╨┤╤А╨░ ╨┤╨╗╤П ╤Б╨║╨░╨╜╨╕╤А╨╛╨▓╨░╨╜╨╕╤П...

      at ZXingScannerService.log (src/services/scanner/ScannerService.ts:190:15)

    console.log
      [ZXingScannerService] ╨а╨░╨╖╨╝╨╡╤А╤Л ╨║╨░╨┤╤А╨░: 0x0

      at ZXingScannerService.log (src/services/scanner/ScannerService.ts:190:15)

    console.error
      Error: Not implemented: HTMLCanvasElement.prototype.toDataURL (without installing the canvas npm package)
          at ZXingScannerService.toDataURL [as captureFrame] (D:\Dev\ExoScan\exoscan-web\src\services\scanner\ZXingScannerService.ts:494:32)
          at captureFrame (D:\Dev\ExoScan\exoscan-web\src\services\scanner\ZXingScannerService.ts:454:35) {
        type: 'not implemented'
      }

      492 |       
      493 |       // ╨б╨╛╨╖╨┤╨░╨╡╨╝ ╨╕╨╖╨╛╨▒╤А╨░╨╢╨╡╨╜╨╕╨╡ ╨╕╨╖ canvas
    > 494 |       const imageData = canvas.toDataURL('image/png')
          |                                ^
      495 |       const image = new Image()
      496 |       
      497 |       return new Promise((resolve, reject) => {

      at VirtualConsole.<anonymous> (node_modules/@jest/environment-jsdom-abstract/build/index.js:87:23)
      at module.exports (node_modules/jsdom/lib/jsdom/browser/not-implemented.js:12:26)
      at HTMLCanvasElementImpl.toDataURL (node_modules/jsdom/lib/jsdom/living/nodes/HTMLCanvasElement-impl.js:55:5)
      at HTMLCanvasElement.toDataURL (node_modules/jsdom/lib/jsdom/living/generated/HTMLCanvasElement.js:162:34)
      at ZXingScannerService.toDataURL [as captureFrame] (src/services/scanner/ZXingScannerService.ts:494:32)
      at captureFrame (src/services/scanner/ZXingScannerService.ts:454:35)
      at Timeout.task [as _onTimeout] (node_modules/jsdom/lib/jsdom/browser/Window.js:579:19)

    console.log
      [ZXingScannerService] ╨Я╨╛╨┐╤Л╤В╨║╨░ ╨░╨▓╤В╨╛╨╝╨░╤В╨╕╤З╨╡╤Б╨║╨╛╨│╨╛ ╤Б╨║╨░╨╜╨╕╤А╨╛╨▓╨░╨╜╨╕╤П...

      at ZXingScannerService.log (src/services/scanner/ScannerService.ts:190:15)

    console.log
      [ZXingScannerService] ╨Ч╨░╤Е╨▓╨░╤В ╨║╨░╨┤╤А╨░ ╨┤╨╗╤П ╤Б╨║╨░╨╜╨╕╤А╨╛╨▓╨░╨╜╨╕╤П...

      at ZXingScannerService.log (src/services/scanner/ScannerService.ts:190:15)

    console.log
      [ZXingScannerService] ╨а╨░╨╖╨╝╨╡╤А╤Л ╨║╨░╨┤╤А╨░: 0x0

      at ZXingScannerService.log (src/services/scanner/ScannerService.ts:190:15)

    console.error
      Error: Not implemented: HTMLCanvasElement.prototype.toDataURL (without installing the canvas npm package)
          at ZXingScannerService.toDataURL [as captureFrame] (D:\Dev\ExoScan\exoscan-web\src\services\scanner\ZXingScannerService.ts:494:32)
          at captureFrame (D:\Dev\ExoScan\exoscan-web\src\services\scanner\ZXingScannerService.ts:454:35) {
        type: 'not implemented'
      }

      492 |       
      493 |       // ╨б╨╛╨╖╨┤╨░╨╡╨╝ ╨╕╨╖╨╛╨▒╤А╨░╨╢╨╡╨╜╨╕╨╡ ╨╕╨╖ canvas
    > 494 |       const imageData = canvas.toDataURL('image/png')
          |                                ^
      495 |       const image = new Image()
      496 |       
      497 |       return new Promise((resolve, reject) => {

      at VirtualConsole.<anonymous> (node_modules/@jest/environment-jsdom-abstract/build/index.js:87:23)
      at module.exports (node_modules/jsdom/lib/jsdom/browser/not-implemented.js:12:26)
      at HTMLCanvasElementImpl.toDataURL (node_modules/jsdom/lib/jsdom/living/nodes/HTMLCanvasElement-impl.js:55:5)
      at HTMLCanvasElement.toDataURL (node_modules/jsdom/lib/jsdom/living/generated/HTMLCanvasElement.js:162:34)
      at ZXingScannerService.toDataURL [as captureFrame] (src/services/scanner/ZXingScannerService.ts:494:32)
      at captureFrame (src/services/scanner/ZXingScannerService.ts:454:35)
      at Timeout.task [as _onTimeout] (node_modules/jsdom/lib/jsdom/browser/Window.js:579:19)

    console.log
      [ZXingScannerService] ╨Я╨╛╨┐╤Л╤В╨║╨░ ╨░╨▓╤В╨╛╨╝╨░╤В╨╕╤З╨╡╤Б╨║╨╛╨│╨╛ ╤Б╨║╨░╨╜╨╕╤А╨╛╨▓╨░╨╜╨╕╤П...

      at ZXingScannerService.log (src/services/scanner/ScannerService.ts:190:15)

    console.log
      [ZXingScannerService] ╨Ч╨░╤Е╨▓╨░╤В ╨║╨░╨┤╤А╨░ ╨┤╨╗╤П ╤Б╨║╨░╨╜╨╕╤А╨╛╨▓╨░╨╜╨╕╤П...

      at ZXingScannerService.log (src/services/scanner/ScannerService.ts:190:15)

    console.log
      [ZXingScannerService] ╨а╨░╨╖╨╝╨╡╤А╤Л ╨║╨░╨┤╤А╨░: 0x0

      at ZXingScannerService.log (src/services/scanner/ScannerService.ts:190:15)

    console.error
      Error: Not implemented: HTMLCanvasElement.prototype.toDataURL (without installing the canvas npm package)
          at ZXingScannerService.toDataURL [as captureFrame] (D:\Dev\ExoScan\exoscan-web\src\services\scanner\ZXingScannerService.ts:494:32)
          at captureFrame (D:\Dev\ExoScan\exoscan-web\src\services\scanner\ZXingScannerService.ts:454:35) {
        type: 'not implemented'
      }

      492 |       
      493 |       // ╨б╨╛╨╖╨┤╨░╨╡╨╝ ╨╕╨╖╨╛╨▒╤А╨░╨╢╨╡╨╜╨╕╨╡ ╨╕╨╖ canvas
    > 494 |       const imageData = canvas.toDataURL('image/png')
          |                                ^
      495 |       const image = new Image()
      496 |       
      497 |       return new Promise((resolve, reject) => {

      at VirtualConsole.<anonymous> (node_modules/@jest/environment-jsdom-abstract/build/index.js:87:23)
      at module.exports (node_modules/jsdom/lib/jsdom/browser/not-implemented.js:12:26)
      at HTMLCanvasElementImpl.toDataURL (node_modules/jsdom/lib/jsdom/living/nodes/HTMLCanvasElement-impl.js:55:5)
      at HTMLCanvasElement.toDataURL (node_modules/jsdom/lib/jsdom/living/generated/HTMLCanvasElement.js:162:34)
      at ZXingScannerService.toDataURL [as captureFrame] (src/services/scanner/ZXingScannerService.ts:494:32)
      at captureFrame (src/services/scanner/ZXingScannerService.ts:454:35)
      at Timeout.task [as _onTimeout] (node_modules/jsdom/lib/jsdom/browser/Window.js:579:19)

    console.log
      ЁЯз╣ useScanner: ╨Ю╤З╨╕╤Б╤В╨║╨░ ╨┐╤А╨╕ ╤А╨░╨╖╨╝╨╛╨╜╤В╨╕╤А╨╛╨▓╨░╨╜╨╕╨╕

      at log (src/hooks/useScanner.ts:388:15)
          at Array.forEach (<anonymous>)

    console.log
      [ZXingScannerService] ╨Ю╤Б╤В╨░╨╜╨╛╨▓╨║╨░ ╤Б╨║╨░╨╜╨╕╤А╨╛╨▓╨░╨╜╨╕╤П...

      at ZXingScannerService.log (src/services/scanner/ScannerService.ts:190:15)
          at Array.forEach (<anonymous>)

    console.log
      [ZXingScannerService] ╨б╨║╨░╨╜╨╕╤А╨╛╨▓╨░╨╜╨╕╨╡ ╨╛╤Б╤В╨░╨╜╨╛╨▓╨╗╨╡╨╜╨╛

      at ZXingScannerService.log (src/services/scanner/ScannerService.ts:190:15)
          at Array.forEach (<anonymous>)

    console.log
      ЁЯЪА useScanner: ╨Ч╨░╨┐╤Г╤Б╨║ ╨░╨▓╤В╨╛╨╕╨╜╨╕╤Ж╨╕╨░╨╗╨╕╨╖╨░╤Ж╨╕╨╕...

      at log (src/hooks/useScanner.ts:382:13)

    console.log
      ЁЯФД useScanner: ╨Ш╨╜╨╕╤Ж╨╕╨░╨╗╨╕╨╖╨░╤Ж╨╕╤П ╤Б╨║╨░╨╜╨╡╤А╨░...

      at log (src/hooks/useScanner.ts:92:15)

    console.log
      ЁЯПн ScannerFactory: ╨б╨╛╨╖╨┤╨░╨╜╨╕╨╡ ╤Б╨║╨░╨╜╨╡╤А╨░... {
        preferredType: 'auto',
        fallbackToZXing: true,
        config: {
          enableDiagnostics: true,
          formats: [ 'ean_13', 'ean_8', 'upc_a', 'code_128' ]
        }
      }

      at Function.log [as createScanner] (src/services/scanner/index.ts:37:13)

    console.log
      ЁЯФН ScannerFactory: ╨Р╨▓╤В╨╛╨╝╨░╤В╨╕╤З╨╡╤Б╨║╨╕╨╣ ╨▓╤Л╨▒╨╛╤А ╤Б╨║╨░╨╜╨╡╤А╨░...

      at Function.log [as createBestAvailableScanner] (src/services/scanner/index.ts:87:13)

    console.log
      ЁЯУК ScannerFactory: ╨Ф╨╛╤Б╤В╤Г╨┐╨╜╨╛╤Б╤В╤М API: {
        barcodeDetector: false,
        zxing: true,
        camera: true,
        secureContext: true
      }

      at Function.log [as createBestAvailableScanner] (src/services/scanner/index.ts:91:13)

    console.log
      ЁЯФД ScannerFactory: Fallback ╨║ ZXing

      at Function.log [as createBestAvailableScanner] (src/services/scanner/index.ts:110:15)

    console.log
      [ZXingScannerService] ╨Ш╨╜╨╕╤Ж╨╕╨░╨╗╨╕╨╖╨░╤Ж╨╕╤П ZXing ╤Б╨║╨░╨╜╨╡╤А╨░...

      at ZXingScannerService.log (src/services/scanner/ScannerService.ts:190:15)

    console.error
      An update to Scanner inside a test was not wrapped in act(...).
      
      When testing, code that causes React state updates should be wrapped into act(...):
      
      act(() => {
        /* fire events that update state */
      });
      /* assert on the output */
      
      This ensures that you're testing the behavior the user would see in the browser. Learn more at https://react.dev/link/wrap-tests-with-act

       97 |       // ╨Я╨╛╨╗╤Г╤З╨░╨╡╨╝ ╨▓╨╛╨╖╨╝╨╛╨╢╨╜╨╛╤Б╤В╨╕
       98 |       const caps = await scanner.getCapabilities()
    >  99 |       setCapabilities(caps)
          |       ^
      100 |
      101 |       // ╨Я╨╛╨╗╤Г╤З╨░╨╡╨╝ ╨┤╨╛╤Б╤В╤Г╨┐╨╜╤Л╨╡ ╨║╨░╨╝╨╡╤А╤Л
      102 |       const cameras = await scanner.getAvailableCameras()

      at node_modules/react-dom/cjs/react-dom-client.development.js:16023:19
      at runWithFiberInDEV (node_modules/react-dom/cjs/react-dom-client.development.js:1522:13)
      at warnIfUpdatesNotWrappedWithActDEV (node_modules/react-dom/cjs/react-dom-client.development.js:16022:9)
      at scheduleUpdateOnFiber (node_modules/react-dom/cjs/react-dom-client.development.js:14396:11)
      at dispatchSetStateInternal (node_modules/react-dom/cjs/react-dom-client.development.js:6969:13)
      at dispatchSetState (node_modules/react-dom/cjs/react-dom-client.development.js:6927:7)
      at setCapabilities (src/hooks/useScanner.ts:99:7)

    console.error
      An update to Scanner inside a test was not wrapped in act(...).
      
      When testing, code that causes React state updates should be wrapped into act(...):
      
      act(() => {
        /* fire events that update state */
      });
      /* assert on the output */
      
      This ensures that you're testing the behavior the user would see in the browser. Learn more at https://react.dev/link/wrap-tests-with-act

      101 |       // ╨Я╨╛╨╗╤Г╤З╨░╨╡╨╝ ╨┤╨╛╤Б╤В╤Г╨┐╨╜╤Л╨╡ ╨║╨░╨╝╨╡╤А╤Л
      102 |       const cameras = await scanner.getAvailableCameras()
    > 103 |       setAvailableCameras(cameras)
          |       ^
      104 |
      105 |       // ╨Я╤А╨╛╨▓╨╡╤А╤П╨╡╨╝ ╤А╨░╨╖╤А╨╡╤И╨╡╨╜╨╕╤П
      106 |       const permission = await scanner.getCameraPermissionStatus()

      at node_modules/react-dom/cjs/react-dom-client.development.js:16023:19
      at runWithFiberInDEV (node_modules/react-dom/cjs/react-dom-client.development.js:1522:13)
      at warnIfUpdatesNotWrappedWithActDEV (node_modules/react-dom/cjs/react-dom-client.development.js:16022:9)
      at scheduleUpdateOnFiber (node_modules/react-dom/cjs/react-dom-client.development.js:14396:11)
      at dispatchSetStateInternal (node_modules/react-dom/cjs/react-dom-client.development.js:6969:13)
      at dispatchSetState (node_modules/react-dom/cjs/react-dom-client.development.js:6927:7)
      at setAvailableCameras (src/hooks/useScanner.ts:103:7)

    console.error
      An update to Scanner inside a test was not wrapped in act(...).
      
      When testing, code that causes React state updates should be wrapped into act(...):
      
      act(() => {
        /* fire events that update state */
      });
      /* assert on the output */
      
      This ensures that you're testing the behavior the user would see in the browser. Learn more at https://react.dev/link/wrap-tests-with-act

      105 |       // ╨Я╤А╨╛╨▓╨╡╤А╤П╨╡╨╝ ╤А╨░╨╖╤А╨╡╤И╨╡╨╜╨╕╤П
      106 |       const permission = await scanner.getCameraPermissionStatus()
    > 107 |       setPermissionStatus(permission)
          |       ^
      108 |
      109 |       setIsInitialized(true)
      110 |       console.log('тЬЕ useScanner: ╨б╨║╨░╨╜╨╡╤А ╨╕╨╜╨╕╤Ж╨╕╨░╨╗╨╕╨╖╨╕╤А╨╛╨▓╨░╨╜', { caps, cameras, permission })

      at node_modules/react-dom/cjs/react-dom-client.development.js:16023:19
      at runWithFiberInDEV (node_modules/react-dom/cjs/react-dom-client.development.js:1522:13)
      at warnIfUpdatesNotWrappedWithActDEV (node_modules/react-dom/cjs/react-dom-client.development.js:16022:9)
      at scheduleUpdateOnFiber (node_modules/react-dom/cjs/react-dom-client.development.js:14396:11)
      at dispatchSetStateInternal (node_modules/react-dom/cjs/react-dom-client.development.js:6969:13)
      at dispatchSetState (node_modules/react-dom/cjs/react-dom-client.development.js:6927:7)
      at setPermissionStatus (src/hooks/useScanner.ts:107:7)

    console.error
      An update to Scanner inside a test was not wrapped in act(...).
      
      When testing, code that causes React state updates should be wrapped into act(...):
      
      act(() => {
        /* fire events that update state */
      });
      /* assert on the output */
      
      This ensures that you're testing the behavior the user would see in the browser. Learn more at https://react.dev/link/wrap-tests-with-act

      107 |       setPermissionStatus(permission)
      108 |
    > 109 |       setIsInitialized(true)
          |       ^
      110 |       console.log('тЬЕ useScanner: ╨б╨║╨░╨╜╨╡╤А ╨╕╨╜╨╕╤Ж╨╕╨░╨╗╨╕╨╖╨╕╤А╨╛╨▓╨░╨╜', { caps, cameras, permission })
      111 |
      112 |       // ╨Р╨▓╤В╨╛╨╖╨░╨┐╤Г╤Б╨║ ╨╡╤Б╨╗╨╕ ╨▓╨║╨╗╤О╤З╨╡╨╜

      at node_modules/react-dom/cjs/react-dom-client.development.js:16023:19
      at runWithFiberInDEV (node_modules/react-dom/cjs/react-dom-client.development.js:1522:13)
      at warnIfUpdatesNotWrappedWithActDEV (node_modules/react-dom/cjs/react-dom-client.development.js:16022:9)
      at scheduleUpdateOnFiber (node_modules/react-dom/cjs/react-dom-client.development.js:14396:11)
      at dispatchSetStateInternal (node_modules/react-dom/cjs/react-dom-client.development.js:6969:13)
      at dispatchSetState (node_modules/react-dom/cjs/react-dom-client.development.js:6927:7)
      at setIsInitialized (src/hooks/useScanner.ts:109:7)

    console.log
      тЬЕ useScanner: ╨б╨║╨░╨╜╨╡╤А ╨╕╨╜╨╕╤Ж╨╕╨░╨╗╨╕╨╖╨╕╤А╨╛╨▓╨░╨╜ {
        caps: {
          supportedFormats: [ 'ean_13', 'ean_8', 'upc_a', 'code_128' ],
          supportsFlashlight: true,
          supportsZoom: true,
          supportsFocus: true,
          maxZoom: 3
        },
        cameras: [ { deviceId: 'camera1', kind: 'videoinput', label: 'Camera 1' } ],
        permission: { granted: false, denied: false, prompt: true }
      }

      at log (src/hooks/useScanner.ts:110:15)

    console.log
      ЁЯз╣ useScanner: ╨Ю╤З╨╕╤Б╤В╨║╨░ ╨┐╤А╨╕ ╤А╨░╨╖╨╝╨╛╨╜╤В╨╕╤А╨╛╨▓╨░╨╜╨╕╨╕

      at log (src/hooks/useScanner.ts:388:15)
          at Array.forEach (<anonymous>)

    console.log
      [ZXingScannerService] ╨Ю╤Б╤В╨░╨╜╨╛╨▓╨║╨░ ╤Б╨║╨░╨╜╨╕╤А╨╛╨▓╨░╨╜╨╕╤П...

      at ZXingScannerService.log (src/services/scanner/ScannerService.ts:190:15)
          at Array.forEach (<anonymous>)

    console.log
      [ZXingScannerService] ╨б╨║╨░╨╜╨╕╤А╨╛╨▓╨░╨╜╨╕╨╡ ╨╛╤Б╤В╨░╨╜╨╛╨▓╨╗╨╡╨╜╨╛

      at ZXingScannerService.log (src/services/scanner/ScannerService.ts:190:15)
          at Array.forEach (<anonymous>)

    console.log
      ЁЯЪА useScanner: ╨Ч╨░╨┐╤Г╤Б╨║ ╨░╨▓╤В╨╛╨╕╨╜╨╕╤Ж╨╕╨░╨╗╨╕╨╖╨░╤Ж╨╕╨╕...

      at log (src/hooks/useScanner.ts:382:13)

    console.log
      ЁЯФД useScanner: ╨Ш╨╜╨╕╤Ж╨╕╨░╨╗╨╕╨╖╨░╤Ж╨╕╤П ╤Б╨║╨░╨╜╨╡╤А╨░...

      at log (src/hooks/useScanner.ts:92:15)

    console.log
      ЁЯПн ScannerFactory: ╨б╨╛╨╖╨┤╨░╨╜╨╕╨╡ ╤Б╨║╨░╨╜╨╡╤А╨░... {
        preferredType: 'auto',
        fallbackToZXing: true,
        config: {
          enableDiagnostics: true,
          formats: [ 'ean_13', 'ean_8', 'upc_a', 'code_128' ]
        }
      }

      at Function.log [as createScanner] (src/services/scanner/index.ts:37:13)

    console.log
      ЁЯФН ScannerFactory: ╨Р╨▓╤В╨╛╨╝╨░╤В╨╕╤З╨╡╤Б╨║╨╕╨╣ ╨▓╤Л╨▒╨╛╤А ╤Б╨║╨░╨╜╨╡╤А╨░...

      at Function.log [as createBestAvailableScanner] (src/services/scanner/index.ts:87:13)

    console.log
      ЁЯУК ScannerFactory: ╨Ф╨╛╤Б╤В╤Г╨┐╨╜╨╛╤Б╤В╤М API: {
        barcodeDetector: false,
        zxing: true,
        camera: true,
        secureContext: true
      }

      at Function.log [as createBestAvailableScanner] (src/services/scanner/index.ts:91:13)

    console.log
      ЁЯФД ScannerFactory: Fallback ╨║ ZXing

      at Function.log [as createBestAvailableScanner] (src/services/scanner/index.ts:110:15)

    console.log
      [ZXingScannerService] ╨Ш╨╜╨╕╤Ж╨╕╨░╨╗╨╕╨╖╨░╤Ж╨╕╤П ZXing ╤Б╨║╨░╨╜╨╡╤А╨░...

      at ZXingScannerService.log (src/services/scanner/ScannerService.ts:190:15)

    console.log
      тЬЕ useScanner: ╨б╨║╨░╨╜╨╡╤А ╨╕╨╜╨╕╤Ж╨╕╨░╨╗╨╕╨╖╨╕╤А╨╛╨▓╨░╨╜ {
        caps: {
          supportedFormats: [ 'ean_13', 'ean_8', 'upc_a', 'code_128' ],
          supportsFlashlight: true,
          supportsZoom: true,
          supportsFocus: true,
          maxZoom: 3
        },
        cameras: [ { deviceId: 'camera1', kind: 'videoinput', label: 'Camera 1' } ],
        permission: { granted: false, denied: false, prompt: true }
      }

      at log (src/hooks/useScanner.ts:110:15)

    console.log
      тЦ╢я╕П useScanner: ╨Ч╨░╨┐╤Г╤Б╨║ ╤Б╨║╨░╨╜╨╕╤А╨╛╨▓╨░╨╜╨╕╤П...

      at log (src/hooks/useScanner.ts:136:15)

    console.log
      ЁЯФН useScanner: ╨Ф╨╕╨░╨│╨╜╨╛╤Б╤В╨╕╨║╨░ ╨┐╨╡╤А╨╡╨┤ ╨╖╨░╨┐╤Г╤Б╨║╨╛╨╝: {
        scannerType: 'ZXingScannerService',
        videoElement: {
          readyState: 4,
          videoWidth: 0,
          videoHeight: 0,
          srcObject: false,
          autoplay: true,
          muted: true,
          playsInline: true
        },
        capabilities: {
          supportedFormats: [ 'ean_13', 'ean_8', 'upc_a', 'code_128' ],
          supportsFlashlight: true,
          supportsZoom: true,
          supportsFocus: true,
          maxZoom: 3
        },
        permissionStatus: { granted: false, denied: false, prompt: true }
      }

      at log (src/hooks/useScanner.ts:137:15)

    console.log
      [ZXingScannerService] ╨Ч╨░╨┐╤Г╤Б╨║ ╤Б╨║╨░╨╜╨╕╤А╨╛╨▓╨░╨╜╨╕╤П...

      at ZXingScannerService.log (src/services/scanner/ScannerService.ts:190:15)

    console.log
      [ZXingScannerService] ╨Я╨╛╨┐╤Л╤В╨║╨░ ╨┐╨╛╨╗╤Г╤З╨╡╨╜╨╕╤П ╨║╨░╨╝╨╡╤А╤Л ╤Б ╨╛╨│╤А╨░╨╜╨╕╤З╨╡╨╜╨╕╤П╨╝╨╕: {
        video: {
          facingMode: undefined,
          width: { ideal: 1920, max: 1920 },
          height: { ideal: 1080, max: 1080 },
          frameRate: { ideal: 30, max: 60 },
          focusMode: { ideal: 'continuous' },
          exposureMode: { ideal: 'continuous' },
          whiteBalanceMode: { ideal: 'continuous' }
        }
      }

      at ZXingScannerService.log (src/services/scanner/ScannerService.ts:190:15)

    console.log
      ЁЯз╣ useScanner: ╨Ю╤З╨╕╤Б╤В╨║╨░ ╨┐╤А╨╕ ╤А╨░╨╖╨╝╨╛╨╜╤В╨╕╤А╨╛╨▓╨░╨╜╨╕╨╕

      at log (src/hooks/useScanner.ts:388:15)
          at Array.forEach (<anonymous>)

    console.log
      [ZXingScannerService] ╨Ю╤Б╤В╨░╨╜╨╛╨▓╨║╨░ ╤Б╨║╨░╨╜╨╕╤А╨╛╨▓╨░╨╜╨╕╤П...

      at ZXingScannerService.log (src/services/scanner/ScannerService.ts:190:15)
          at Array.forEach (<anonymous>)

    console.log
      [ZXingScannerService] ╨б╨║╨░╨╜╨╕╤А╨╛╨▓╨░╨╜╨╕╨╡ ╨╛╤Б╤В╨░╨╜╨╛╨▓╨╗╨╡╨╜╨╛

      at ZXingScannerService.log (src/services/scanner/ScannerService.ts:190:15)
          at Array.forEach (<anonymous>)

    console.log
      ЁЯЪА useScanner: ╨Ч╨░╨┐╤Г╤Б╨║ ╨░╨▓╤В╨╛╨╕╨╜╨╕╤Ж╨╕╨░╨╗╨╕╨╖╨░╤Ж╨╕╨╕...

      at log (src/hooks/useScanner.ts:382:13)

    console.log
      ЁЯФД useScanner: ╨Ш╨╜╨╕╤Ж╨╕╨░╨╗╨╕╨╖╨░╤Ж╨╕╤П ╤Б╨║╨░╨╜╨╡╤А╨░...

      at log (src/hooks/useScanner.ts:92:15)

    console.log
      ЁЯПн ScannerFactory: ╨б╨╛╨╖╨┤╨░╨╜╨╕╨╡ ╤Б╨║╨░╨╜╨╡╤А╨░... {
        preferredType: 'auto',
        fallbackToZXing: true,
        config: {
          enableDiagnostics: true,
          formats: [ 'ean_13', 'ean_8', 'upc_a', 'code_128' ]
        }
      }

      at Function.log [as createScanner] (src/services/scanner/index.ts:37:13)

    console.log
      ЁЯФН ScannerFactory: ╨Р╨▓╤В╨╛╨╝╨░╤В╨╕╤З╨╡╤Б╨║╨╕╨╣ ╨▓╤Л╨▒╨╛╤А ╤Б╨║╨░╨╜╨╡╤А╨░...

      at Function.log [as createBestAvailableScanner] (src/services/scanner/index.ts:87:13)

    console.log
      ЁЯУК ScannerFactory: ╨Ф╨╛╤Б╤В╤Г╨┐╨╜╨╛╤Б╤В╤М API: {
        barcodeDetector: false,
        zxing: true,
        camera: true,
        secureContext: true
      }

      at Function.log [as createBestAvailableScanner] (src/services/scanner/index.ts:91:13)

    console.log
      ЁЯФД ScannerFactory: Fallback ╨║ ZXing

      at Function.log [as createBestAvailableScanner] (src/services/scanner/index.ts:110:15)

    console.log
      [ZXingScannerService] ╨Ш╨╜╨╕╤Ж╨╕╨░╨╗╨╕╨╖╨░╤Ж╨╕╤П ZXing ╤Б╨║╨░╨╜╨╡╤А╨░...

      at ZXingScannerService.log (src/services/scanner/ScannerService.ts:190:15)

    console.log
      тЬЕ useScanner: ╨б╨║╨░╨╜╨╡╤А ╨╕╨╜╨╕╤Ж╨╕╨░╨╗╨╕╨╖╨╕╤А╨╛╨▓╨░╨╜ {
        caps: {
          supportedFormats: [ 'ean_13', 'ean_8', 'upc_a', 'code_128' ],
          supportsFlashlight: true,
          supportsZoom: true,
          supportsFocus: true,
          maxZoom: 3
        },
        cameras: [ { deviceId: 'camera1', kind: 'videoinput', label: 'Camera 1' } ],
        permission: { granted: false, denied: false, prompt: true }
      }

      at log (src/hooks/useScanner.ts:110:15)

    console.log
      тЦ╢я╕П useScanner: ╨Ч╨░╨┐╤Г╤Б╨║ ╤Б╨║╨░╨╜╨╕╤А╨╛╨▓╨░╨╜╨╕╤П...

      at log (src/hooks/useScanner.ts:136:15)

    console.log
      ЁЯФН useScanner: ╨Ф╨╕╨░╨│╨╜╨╛╤Б╤В╨╕╨║╨░ ╨┐╨╡╤А╨╡╨┤ ╨╖╨░╨┐╤Г╤Б╨║╨╛╨╝: {
        scannerType: 'ZXingScannerService',
        videoElement: {
          readyState: 4,
          videoWidth: 0,
          videoHeight: 0,
          srcObject: false,
          autoplay: true,
          muted: true,
          playsInline: true
        },
        capabilities: {
          supportedFormats: [ 'ean_13', 'ean_8', 'upc_a', 'code_128' ],
          supportsFlashlight: true,
          supportsZoom: true,
          supportsFocus: true,
          maxZoom: 3
        },
        permissionStatus: { granted: false, denied: false, prompt: true }
      }

      at log (src/hooks/useScanner.ts:137:15)

    console.log
      [ZXingScannerService] ╨Ч╨░╨┐╤Г╤Б╨║ ╤Б╨║╨░╨╜╨╕╤А╨╛╨▓╨░╨╜╨╕╤П...

      at ZXingScannerService.log (src/services/scanner/ScannerService.ts:190:15)

    console.log
      [ZXingScannerService] ╨Я╨╛╨┐╤Л╤В╨║╨░ ╨┐╨╛╨╗╤Г╤З╨╡╨╜╨╕╤П ╨║╨░╨╝╨╡╤А╤Л ╤Б ╨╛╨│╤А╨░╨╜╨╕╤З╨╡╨╜╨╕╤П╨╝╨╕: {
        video: {
          facingMode: undefined,
          width: { ideal: 1920, max: 1920 },
          height: { ideal: 1080, max: 1080 },
          frameRate: { ideal: 30, max: 60 },
          focusMode: { ideal: 'continuous' },
          exposureMode: { ideal: 'continuous' },
          whiteBalanceMode: { ideal: 'continuous' }
        }
      }

      at ZXingScannerService.log (src/services/scanner/ScannerService.ts:190:15)

    console.log
      [ZXingScannerService] ╨Ь╨╛╨▒╨╕╨╗╤М╨╜╤Л╨╡ ╨░╤В╤А╨╕╨▒╤Г╤В╤Л ╨▓╨╕╨┤╨╡╨╛ ╤Г╤Б╤В╨░╨╜╨╛╨▓╨╗╨╡╨╜╤Л

      at ZXingScannerService.log (src/services/scanner/ScannerService.ts:190:15)

    console.log
      [ZXingScannerService] ╨Т╨╕╨┤╨╡╨╛ ╤Г╨╢╨╡ ╨│╨╛╤В╨╛╨▓╨╛

      at ZXingScannerService.log (src/services/scanner/ScannerService.ts:190:15)

    console.log
      [ZXingScannerService] ╨Т╨╕╨┤╨╡╨╛ ╨│╨╛╤В╨╛╨▓╨╛ ╨║ ╨▓╨╛╤Б╨┐╤А╨╛╨╕╨╖╨▓╨╡╨┤╨╡╨╜╨╕╤О

      at ZXingScannerService.log (src/services/scanner/ScannerService.ts:190:15)

    console.log
      [ZXingScannerService] ╨Т╨╕╨┤╨╡╨╛ ╤Г╤Б╨┐╨╡╤И╨╜╨╛ ╨╖╨░╨┐╤Г╤Й╨╡╨╜╨╛

      at ZXingScannerService.log (src/services/scanner/ScannerService.ts:190:15)

    console.error
      [ZXingScannerService] ╨Ю╤И╨╕╨▒╨║╨░ ╨┐╤А╨╛╨▓╨╡╤А╨║╨╕ ╨┐╨╛╨┤╨┤╨╡╤А╨╢╨║╨╕ ╤Д╨╛╨╜╨░╤А╨╕╨║╨░: TypeError: videoTrack.getCapabilities is not a function
          at ZXingScannerService.getCapabilities [as checkFlashlightSupport] (D:\Dev\ExoScan\exoscan-web\src\services\scanner\ZXingScannerService.ts:275:39)
          at ZXingScannerService.checkFlashlightSupport [as startScanning] (D:\Dev\ExoScan\exoscan-web\src\services\scanner\ZXingScannerService.ts:93:18)
          at D:\Dev\ExoScan\exoscan-web\src\hooks\useScanner.ts:152:7
          at handleLoadedMetadata (D:\Dev\ExoScan\exoscan-web\src\components\Scanner.tsx:64:11)

      194 |   protected logError(message: string, error?: any): void {
      195 |     if (this.config.enableDiagnostics) {
    > 196 |       console.error(`[${this.constructor.name}] ${message}`, error)
          |               ^
      197 |     }
      198 |   }
      199 | }

      at ZXingScannerService.error [as logError] (src/services/scanner/ScannerService.ts:196:15)
      at ZXingScannerService.logError [as checkFlashlightSupport] (src/services/scanner/ZXingScannerService.ts:287:12)
      at ZXingScannerService.checkFlashlightSupport [as startScanning] (src/services/scanner/ZXingScannerService.ts:93:18)
      at src/hooks/useScanner.ts:152:7
      at handleLoadedMetadata (src/components/Scanner.tsx:64:11)

    console.log
      [ZXingScannerService] ╨Э╨░╤Б╤В╤А╨╛╨╣╨║╨░ ╨░╨▓╤В╨╛╨╝╨░╤В╨╕╤З╨╡╤Б╨║╨╛╨│╨╛ ╤Б╨║╨░╨╜╨╕╤А╨╛╨▓╨░╨╜╨╕╤П...

      at ZXingScannerService.log (src/services/scanner/ScannerService.ts:190:15)

    console.log
      [ZXingScannerService] ╨б╨║╨░╨╜╨╕╤А╨╛╨▓╨░╨╜╨╕╨╡ ╤Г╤Б╨┐╨╡╤И╨╜╨╛ ╨╖╨░╨┐╤Г╤Й╨╡╨╜╨╛

      at ZXingScannerService.log (src/services/scanner/ScannerService.ts:190:15)

    console.log
      тЬЕ useScanner: ╨б╨║╨░╨╜╨╕╤А╨╛╨▓╨░╨╜╨╕╨╡ ╨╖╨░╨┐╤Г╤Й╨╡╨╜╨╛ ╤Г╤Б╨┐╨╡╤И╨╜╨╛

      at log (src/hooks/useScanner.ts:171:15)

    console.log
      тЬЕ Scanner: ╨б╨║╨░╨╜╨╕╤А╨╛╨▓╨░╨╜╨╕╨╡ ╨╖╨░╨┐╤Г╤Й╨╡╨╜╨╛

      at log (src/components/Scanner.tsx:65:19)

    console.log
      [ZXingScannerService] ╨Я╨╛╨┐╤Л╤В╨║╨░ ╨░╨▓╤В╨╛╨╝╨░╤В╨╕╤З╨╡╤Б╨║╨╛╨│╨╛ ╤Б╨║╨░╨╜╨╕╤А╨╛╨▓╨░╨╜╨╕╤П...

      at ZXingScannerService.log (src/services/scanner/ScannerService.ts:190:15)

    console.log
      [ZXingScannerService] ╨Ч╨░╤Е╨▓╨░╤В ╨║╨░╨┤╤А╨░ ╨┤╨╗╤П ╤Б╨║╨░╨╜╨╕╤А╨╛╨▓╨░╨╜╨╕╤П...

      at ZXingScannerService.log (src/services/scanner/ScannerService.ts:190:15)

    console.log
      [ZXingScannerService] ╨а╨░╨╖╨╝╨╡╤А╤Л ╨║╨░╨┤╤А╨░: 0x0

      at ZXingScannerService.log (src/services/scanner/ScannerService.ts:190:15)

    console.error
      Error: Not implemented: HTMLCanvasElement.prototype.toDataURL (without installing the canvas npm package)
          at ZXingScannerService.toDataURL [as captureFrame] (D:\Dev\ExoScan\exoscan-web\src\services\scanner\ZXingScannerService.ts:494:32)
          at captureFrame (D:\Dev\ExoScan\exoscan-web\src\services\scanner\ZXingScannerService.ts:454:35) {
        type: 'not implemented'
      }

      492 |       
      493 |       // ╨б╨╛╨╖╨┤╨░╨╡╨╝ ╨╕╨╖╨╛╨▒╤А╨░╨╢╨╡╨╜╨╕╨╡ ╨╕╨╖ canvas
    > 494 |       const imageData = canvas.toDataURL('image/png')
          |                                ^
      495 |       const image = new Image()
      496 |       
      497 |       return new Promise((resolve, reject) => {

      at VirtualConsole.<anonymous> (node_modules/@jest/environment-jsdom-abstract/build/index.js:87:23)
      at module.exports (node_modules/jsdom/lib/jsdom/browser/not-implemented.js:12:26)
      at HTMLCanvasElementImpl.toDataURL (node_modules/jsdom/lib/jsdom/living/nodes/HTMLCanvasElement-impl.js:55:5)
      at HTMLCanvasElement.toDataURL (node_modules/jsdom/lib/jsdom/living/generated/HTMLCanvasElement.js:162:34)
      at ZXingScannerService.toDataURL [as captureFrame] (src/services/scanner/ZXingScannerService.ts:494:32)
      at captureFrame (src/services/scanner/ZXingScannerService.ts:454:35)
      at Timeout.task [as _onTimeout] (node_modules/jsdom/lib/jsdom/browser/Window.js:579:19)

    console.log
      [ZXingScannerService] ╨Я╨╛╨┐╤Л╤В╨║╨░ ╨░╨▓╤В╨╛╨╝╨░╤В╨╕╤З╨╡╤Б╨║╨╛╨│╨╛ ╤Б╨║╨░╨╜╨╕╤А╨╛╨▓╨░╨╜╨╕╤П...

      at ZXingScannerService.log (src/services/scanner/ScannerService.ts:190:15)

    console.log
      [ZXingScannerService] ╨Ч╨░╤Е╨▓╨░╤В ╨║╨░╨┤╤А╨░ ╨┤╨╗╤П ╤Б╨║╨░╨╜╨╕╤А╨╛╨▓╨░╨╜╨╕╤П...

      at ZXingScannerService.log (src/services/scanner/ScannerService.ts:190:15)

    console.log
      [ZXingScannerService] ╨а╨░╨╖╨╝╨╡╤А╤Л ╨║╨░╨┤╤А╨░: 0x0

      at ZXingScannerService.log (src/services/scanner/ScannerService.ts:190:15)

    console.error
      Error: Not implemented: HTMLCanvasElement.prototype.toDataURL (without installing the canvas npm package)
          at ZXingScannerService.toDataURL [as captureFrame] (D:\Dev\ExoScan\exoscan-web\src\services\scanner\ZXingScannerService.ts:494:32)
          at captureFrame (D:\Dev\ExoScan\exoscan-web\src\services\scanner\ZXingScannerService.ts:454:35) {
        type: 'not implemented'
      }

      492 |       
      493 |       // ╨б╨╛╨╖╨┤╨░╨╡╨╝ ╨╕╨╖╨╛╨▒╤А╨░╨╢╨╡╨╜╨╕╨╡ ╨╕╨╖ canvas
    > 494 |       const imageData = canvas.toDataURL('image/png')
          |                                ^
      495 |       const image = new Image()
      496 |       
      497 |       return new Promise((resolve, reject) => {

      at VirtualConsole.<anonymous> (node_modules/@jest/environment-jsdom-abstract/build/index.js:87:23)
      at module.exports (node_modules/jsdom/lib/jsdom/browser/not-implemented.js:12:26)
      at HTMLCanvasElementImpl.toDataURL (node_modules/jsdom/lib/jsdom/living/nodes/HTMLCanvasElement-impl.js:55:5)
      at HTMLCanvasElement.toDataURL (node_modules/jsdom/lib/jsdom/living/generated/HTMLCanvasElement.js:162:34)
      at ZXingScannerService.toDataURL [as captureFrame] (src/services/scanner/ZXingScannerService.ts:494:32)
      at captureFrame (src/services/scanner/ZXingScannerService.ts:454:35)
      at Timeout.task [as _onTimeout] (node_modules/jsdom/lib/jsdom/browser/Window.js:579:19)

    console.log
      [ZXingScannerService] ╨Я╨╛╨┐╤Л╤В╨║╨░ ╨░╨▓╤В╨╛╨╝╨░╤В╨╕╤З╨╡╤Б╨║╨╛╨│╨╛ ╤Б╨║╨░╨╜╨╕╤А╨╛╨▓╨░╨╜╨╕╤П...

      at ZXingScannerService.log (src/services/scanner/ScannerService.ts:190:15)

    console.log
      [ZXingScannerService] ╨Ч╨░╤Е╨▓╨░╤В ╨║╨░╨┤╤А╨░ ╨┤╨╗╤П ╤Б╨║╨░╨╜╨╕╤А╨╛╨▓╨░╨╜╨╕╤П...

      at ZXingScannerService.log (src/services/scanner/ScannerService.ts:190:15)

    console.log
      [ZXingScannerService] ╨а╨░╨╖╨╝╨╡╤А╤Л ╨║╨░╨┤╤А╨░: 0x0

      at ZXingScannerService.log (src/services/scanner/ScannerService.ts:190:15)

    console.error
      Error: Not implemented: HTMLCanvasElement.prototype.toDataURL (without installing the canvas npm package)
          at ZXingScannerService.toDataURL [as captureFrame] (D:\Dev\ExoScan\exoscan-web\src\services\scanner\ZXingScannerService.ts:494:32)
          at captureFrame (D:\Dev\ExoScan\exoscan-web\src\services\scanner\ZXingScannerService.ts:454:35) {
        type: 'not implemented'
      }

      492 |       
      493 |       // ╨б╨╛╨╖╨┤╨░╨╡╨╝ ╨╕╨╖╨╛╨▒╤А╨░╨╢╨╡╨╜╨╕╨╡ ╨╕╨╖ canvas
    > 494 |       const imageData = canvas.toDataURL('image/png')
          |                                ^
      495 |       const image = new Image()
      496 |       
      497 |       return new Promise((resolve, reject) => {

      at VirtualConsole.<anonymous> (node_modules/@jest/environment-jsdom-abstract/build/index.js:87:23)
      at module.exports (node_modules/jsdom/lib/jsdom/browser/not-implemented.js:12:26)
      at HTMLCanvasElementImpl.toDataURL (node_modules/jsdom/lib/jsdom/living/nodes/HTMLCanvasElement-impl.js:55:5)
      at HTMLCanvasElement.toDataURL (node_modules/jsdom/lib/jsdom/living/generated/HTMLCanvasElement.js:162:34)
      at ZXingScannerService.toDataURL [as captureFrame] (src/services/scanner/ZXingScannerService.ts:494:32)
      at captureFrame (src/services/scanner/ZXingScannerService.ts:454:35)
      at Timeout.task [as _onTimeout] (node_modules/jsdom/lib/jsdom/browser/Window.js:579:19)

    console.log
      [ZXingScannerService] ╨Я╨╛╨┐╤Л╤В╨║╨░ ╨░╨▓╤В╨╛╨╝╨░╤В╨╕╤З╨╡╤Б╨║╨╛╨│╨╛ ╤Б╨║╨░╨╜╨╕╤А╨╛╨▓╨░╨╜╨╕╤П...

      at ZXingScannerService.log (src/services/scanner/ScannerService.ts:190:15)

    console.log
      [ZXingScannerService] ╨Ч╨░╤Е╨▓╨░╤В ╨║╨░╨┤╤А╨░ ╨┤╨╗╤П ╤Б╨║╨░╨╜╨╕╤А╨╛╨▓╨░╨╜╨╕╤П...

      at ZXingScannerService.log (src/services/scanner/ScannerService.ts:190:15)

    console.log
      [ZXingScannerService] ╨а╨░╨╖╨╝╨╡╤А╤Л ╨║╨░╨┤╤А╨░: 0x0

      at ZXingScannerService.log (src/services/scanner/ScannerService.ts:190:15)

    console.error
      Error: Not implemented: HTMLCanvasElement.prototype.toDataURL (without installing the canvas npm package)
          at ZXingScannerService.toDataURL [as captureFrame] (D:\Dev\ExoScan\exoscan-web\src\services\scanner\ZXingScannerService.ts:494:32)
          at captureFrame (D:\Dev\ExoScan\exoscan-web\src\services\scanner\ZXingScannerService.ts:454:35) {
        type: 'not implemented'
      }

      492 |       
      493 |       // ╨б╨╛╨╖╨┤╨░╨╡╨╝ ╨╕╨╖╨╛╨▒╤А╨░╨╢╨╡╨╜╨╕╨╡ ╨╕╨╖ canvas
    > 494 |       const imageData = canvas.toDataURL('image/png')
          |                                ^
      495 |       const image = new Image()
      496 |       
      497 |       return new Promise((resolve, reject) => {

      at VirtualConsole.<anonymous> (node_modules/@jest/environment-jsdom-abstract/build/index.js:87:23)
      at module.exports (node_modules/jsdom/lib/jsdom/browser/not-implemented.js:12:26)
      at HTMLCanvasElementImpl.toDataURL (node_modules/jsdom/lib/jsdom/living/nodes/HTMLCanvasElement-impl.js:55:5)
      at HTMLCanvasElement.toDataURL (node_modules/jsdom/lib/jsdom/living/generated/HTMLCanvasElement.js:162:34)
      at ZXingScannerService.toDataURL [as captureFrame] (src/services/scanner/ZXingScannerService.ts:494:32)
      at captureFrame (src/services/scanner/ZXingScannerService.ts:454:35)
      at Timeout.task [as _onTimeout] (node_modules/jsdom/lib/jsdom/browser/Window.js:579:19)

    console.log
      [ZXingScannerService] ╨Я╨╛╨┐╤Л╤В╨║╨░ ╨░╨▓╤В╨╛╨╝╨░╤В╨╕╤З╨╡╤Б╨║╨╛╨│╨╛ ╤Б╨║╨░╨╜╨╕╤А╨╛╨▓╨░╨╜╨╕╤П...

      at ZXingScannerService.log (src/services/scanner/ScannerService.ts:190:15)

    console.log
      [ZXingScannerService] ╨Ч╨░╤Е╨▓╨░╤В ╨║╨░╨┤╤А╨░ ╨┤╨╗╤П ╤Б╨║╨░╨╜╨╕╤А╨╛╨▓╨░╨╜╨╕╤П...

      at ZXingScannerService.log (src/services/scanner/ScannerService.ts:190:15)

    console.log
      [ZXingScannerService] ╨а╨░╨╖╨╝╨╡╤А╤Л ╨║╨░╨┤╤А╨░: 0x0

      at ZXingScannerService.log (src/services/scanner/ScannerService.ts:190:15)

    console.error
      Error: Not implemented: HTMLCanvasElement.prototype.toDataURL (without installing the canvas npm package)
          at ZXingScannerService.toDataURL [as captureFrame] (D:\Dev\ExoScan\exoscan-web\src\services\scanner\ZXingScannerService.ts:494:32)
          at captureFrame (D:\Dev\ExoScan\exoscan-web\src\services\scanner\ZXingScannerService.ts:454:35) {
        type: 'not implemented'
      }

      492 |       
      493 |       // ╨б╨╛╨╖╨┤╨░╨╡╨╝ ╨╕╨╖╨╛╨▒╤А╨░╨╢╨╡╨╜╨╕╨╡ ╨╕╨╖ canvas
    > 494 |       const imageData = canvas.toDataURL('image/png')
          |                                ^
      495 |       const image = new Image()
      496 |       
      497 |       return new Promise((resolve, reject) => {

      at VirtualConsole.<anonymous> (node_modules/@jest/environment-jsdom-abstract/build/index.js:87:23)
      at module.exports (node_modules/jsdom/lib/jsdom/browser/not-implemented.js:12:26)
      at HTMLCanvasElementImpl.toDataURL (node_modules/jsdom/lib/jsdom/living/nodes/HTMLCanvasElement-impl.js:55:5)
      at HTMLCanvasElement.toDataURL (node_modules/jsdom/lib/jsdom/living/generated/HTMLCanvasElement.js:162:34)
      at ZXingScannerService.toDataURL [as captureFrame] (src/services/scanner/ZXingScannerService.ts:494:32)
      at captureFrame (src/services/scanner/ZXingScannerService.ts:454:35)
      at Timeout.task [as _onTimeout] (node_modules/jsdom/lib/jsdom/browser/Window.js:579:19)

    console.log
      [ZXingScannerService] ╨Я╨╛╨┐╤Л╤В╨║╨░ ╨░╨▓╤В╨╛╨╝╨░╤В╨╕╤З╨╡╤Б╨║╨╛╨│╨╛ ╤Б╨║╨░╨╜╨╕╤А╨╛╨▓╨░╨╜╨╕╤П...

      at ZXingScannerService.log (src/services/scanner/ScannerService.ts:190:15)

    console.log
      [ZXingScannerService] ╨Ч╨░╤Е╨▓╨░╤В ╨║╨░╨┤╤А╨░ ╨┤╨╗╤П ╤Б╨║╨░╨╜╨╕╤А╨╛╨▓╨░╨╜╨╕╤П...

      at ZXingScannerService.log (src/services/scanner/ScannerService.ts:190:15)

    console.log
      [ZXingScannerService] ╨а╨░╨╖╨╝╨╡╤А╤Л ╨║╨░╨┤╤А╨░: 0x0

      at ZXingScannerService.log (src/services/scanner/ScannerService.ts:190:15)

    console.error
      Error: Not implemented: HTMLCanvasElement.prototype.toDataURL (without installing the canvas npm package)
          at ZXingScannerService.toDataURL [as captureFrame] (D:\Dev\ExoScan\exoscan-web\src\services\scanner\ZXingScannerService.ts:494:32)
          at captureFrame (D:\Dev\ExoScan\exoscan-web\src\services\scanner\ZXingScannerService.ts:454:35) {
        type: 'not implemented'
      }

      492 |       
      493 |       // ╨б╨╛╨╖╨┤╨░╨╡╨╝ ╨╕╨╖╨╛╨▒╤А╨░╨╢╨╡╨╜╨╕╨╡ ╨╕╨╖ canvas
    > 494 |       const imageData = canvas.toDataURL('image/png')
          |                                ^
      495 |       const image = new Image()
      496 |       
      497 |       return new Promise((resolve, reject) => {

      at VirtualConsole.<anonymous> (node_modules/@jest/environment-jsdom-abstract/build/index.js:87:23)
      at module.exports (node_modules/jsdom/lib/jsdom/browser/not-implemented.js:12:26)
      at HTMLCanvasElementImpl.toDataURL (node_modules/jsdom/lib/jsdom/living/nodes/HTMLCanvasElement-impl.js:55:5)
      at HTMLCanvasElement.toDataURL (node_modules/jsdom/lib/jsdom/living/generated/HTMLCanvasElement.js:162:34)
      at ZXingScannerService.toDataURL [as captureFrame] (src/services/scanner/ZXingScannerService.ts:494:32)
      at captureFrame (src/services/scanner/ZXingScannerService.ts:454:35)
      at Timeout.task [as _onTimeout] (node_modules/jsdom/lib/jsdom/browser/Window.js:579:19)

    console.log
      [ZXingScannerService] ╨Я╨╛╨┐╤Л╤В╨║╨░ ╨░╨▓╤В╨╛╨╝╨░╤В╨╕╤З╨╡╤Б╨║╨╛╨│╨╛ ╤Б╨║╨░╨╜╨╕╤А╨╛╨▓╨░╨╜╨╕╤П...

      at ZXingScannerService.log (src/services/scanner/ScannerService.ts:190:15)

    console.log
      [ZXingScannerService] ╨Ч╨░╤Е╨▓╨░╤В ╨║╨░╨┤╤А╨░ ╨┤╨╗╤П ╤Б╨║╨░╨╜╨╕╤А╨╛╨▓╨░╨╜╨╕╤П...

      at ZXingScannerService.log (src/services/scanner/ScannerService.ts:190:15)

    console.log
      [ZXingScannerService] ╨а╨░╨╖╨╝╨╡╤А╤Л ╨║╨░╨┤╤А╨░: 0x0

      at ZXingScannerService.log (src/services/scanner/ScannerService.ts:190:15)

    console.error
      Error: Not implemented: HTMLCanvasElement.prototype.toDataURL (without installing the canvas npm package)
          at ZXingScannerService.toDataURL [as captureFrame] (D:\Dev\ExoScan\exoscan-web\src\services\scanner\ZXingScannerService.ts:494:32)
          at captureFrame (D:\Dev\ExoScan\exoscan-web\src\services\scanner\ZXingScannerService.ts:454:35) {
        type: 'not implemented'
      }

      492 |       
      493 |       // ╨б╨╛╨╖╨┤╨░╨╡╨╝ ╨╕╨╖╨╛╨▒╤А╨░╨╢╨╡╨╜╨╕╨╡ ╨╕╨╖ canvas
    > 494 |       const imageData = canvas.toDataURL('image/png')
          |                                ^
      495 |       const image = new Image()
      496 |       
      497 |       return new Promise((resolve, reject) => {

      at VirtualConsole.<anonymous> (node_modules/@jest/environment-jsdom-abstract/build/index.js:87:23)
      at module.exports (node_modules/jsdom/lib/jsdom/browser/not-implemented.js:12:26)
      at HTMLCanvasElementImpl.toDataURL (node_modules/jsdom/lib/jsdom/living/nodes/HTMLCanvasElement-impl.js:55:5)
      at HTMLCanvasElement.toDataURL (node_modules/jsdom/lib/jsdom/living/generated/HTMLCanvasElement.js:162:34)
      at ZXingScannerService.toDataURL [as captureFrame] (src/services/scanner/ZXingScannerService.ts:494:32)
      at captureFrame (src/services/scanner/ZXingScannerService.ts:454:35)
      at Timeout.task [as _onTimeout] (node_modules/jsdom/lib/jsdom/browser/Window.js:579:19)

    console.log
      [ZXingScannerService] ╨Я╨╛╨┐╤Л╤В╨║╨░ ╨░╨▓╤В╨╛╨╝╨░╤В╨╕╤З╨╡╤Б╨║╨╛╨│╨╛ ╤Б╨║╨░╨╜╨╕╤А╨╛╨▓╨░╨╜╨╕╤П...

      at ZXingScannerService.log (src/services/scanner/ScannerService.ts:190:15)

    console.log
      [ZXingScannerService] ╨Ч╨░╤Е╨▓╨░╤В ╨║╨░╨┤╤А╨░ ╨┤╨╗╤П ╤Б╨║╨░╨╜╨╕╤А╨╛╨▓╨░╨╜╨╕╤П...

      at ZXingScannerService.log (src/services/scanner/ScannerService.ts:190:15)

    console.log
      [ZXingScannerService] ╨а╨░╨╖╨╝╨╡╤А╤Л ╨║╨░╨┤╤А╨░: 0x0

      at ZXingScannerService.log (src/services/scanner/ScannerService.ts:190:15)

    console.error
      Error: Not implemented: HTMLCanvasElement.prototype.toDataURL (without installing the canvas npm package)
          at ZXingScannerService.toDataURL [as captureFrame] (D:\Dev\ExoScan\exoscan-web\src\services\scanner\ZXingScannerService.ts:494:32)
          at captureFrame (D:\Dev\ExoScan\exoscan-web\src\services\scanner\ZXingScannerService.ts:454:35) {
        type: 'not implemented'
      }

      492 |       
      493 |       // ╨б╨╛╨╖╨┤╨░╨╡╨╝ ╨╕╨╖╨╛╨▒╤А╨░╨╢╨╡╨╜╨╕╨╡ ╨╕╨╖ canvas
    > 494 |       const imageData = canvas.toDataURL('image/png')
          |                                ^
      495 |       const image = new Image()
      496 |       
      497 |       return new Promise((resolve, reject) => {

      at VirtualConsole.<anonymous> (node_modules/@jest/environment-jsdom-abstract/build/index.js:87:23)
      at module.exports (node_modules/jsdom/lib/jsdom/browser/not-implemented.js:12:26)
      at HTMLCanvasElementImpl.toDataURL (node_modules/jsdom/lib/jsdom/living/nodes/HTMLCanvasElement-impl.js:55:5)
      at HTMLCanvasElement.toDataURL (node_modules/jsdom/lib/jsdom/living/generated/HTMLCanvasElement.js:162:34)
      at ZXingScannerService.toDataURL [as captureFrame] (src/services/scanner/ZXingScannerService.ts:494:32)
      at captureFrame (src/services/scanner/ZXingScannerService.ts:454:35)
      at Timeout.task [as _onTimeout] (node_modules/jsdom/lib/jsdom/browser/Window.js:579:19)

    console.log
      ЁЯз╣ useScanner: ╨Ю╤З╨╕╤Б╤В╨║╨░ ╨┐╤А╨╕ ╤А╨░╨╖╨╝╨╛╨╜╤В╨╕╤А╨╛╨▓╨░╨╜╨╕╨╕

      at log (src/hooks/useScanner.ts:388:15)
          at Array.forEach (<anonymous>)

    console.log
      [ZXingScannerService] ╨Ю╤Б╤В╨░╨╜╨╛╨▓╨║╨░ ╤Б╨║╨░╨╜╨╕╤А╨╛╨▓╨░╨╜╨╕╤П...

      at ZXingScannerService.log (src/services/scanner/ScannerService.ts:190:15)
          at Array.forEach (<anonymous>)

    console.log
      [ZXingScannerService] ╨б╨║╨░╨╜╨╕╤А╨╛╨▓╨░╨╜╨╕╨╡ ╨╛╤Б╤В╨░╨╜╨╛╨▓╨╗╨╡╨╜╨╛

      at ZXingScannerService.log (src/services/scanner/ScannerService.ts:190:15)
          at Array.forEach (<anonymous>)

    console.log
      ЁЯЪА useScanner: ╨Ч╨░╨┐╤Г╤Б╨║ ╨░╨▓╤В╨╛╨╕╨╜╨╕╤Ж╨╕╨░╨╗╨╕╨╖╨░╤Ж╨╕╨╕...

      at log (src/hooks/useScanner.ts:382:13)

    console.log
      ЁЯФД useScanner: ╨Ш╨╜╨╕╤Ж╨╕╨░╨╗╨╕╨╖╨░╤Ж╨╕╤П ╤Б╨║╨░╨╜╨╡╤А╨░...

      at log (src/hooks/useScanner.ts:92:15)

    console.log
      ЁЯПн ScannerFactory: ╨б╨╛╨╖╨┤╨░╨╜╨╕╨╡ ╤Б╨║╨░╨╜╨╡╤А╨░... {
        preferredType: 'auto',
        fallbackToZXing: true,
        config: {
          enableDiagnostics: true,
          formats: [ 'ean_13', 'ean_8', 'upc_a', 'code_128' ]
        }
      }

      at Function.log [as createScanner] (src/services/scanner/index.ts:37:13)

    console.log
      ЁЯФН ScannerFactory: ╨Р╨▓╤В╨╛╨╝╨░╤В╨╕╤З╨╡╤Б╨║╨╕╨╣ ╨▓╤Л╨▒╨╛╤А ╤Б╨║╨░╨╜╨╡╤А╨░...

      at Function.log [as createBestAvailableScanner] (src/services/scanner/index.ts:87:13)

    console.log
      ЁЯУК ScannerFactory: ╨Ф╨╛╤Б╤В╤Г╨┐╨╜╨╛╤Б╤В╤М API: {
        barcodeDetector: false,
        zxing: true,
        camera: true,
        secureContext: true
      }

      at Function.log [as createBestAvailableScanner] (src/services/scanner/index.ts:91:13)

    console.log
      ЁЯФД ScannerFactory: Fallback ╨║ ZXing

      at Function.log [as createBestAvailableScanner] (src/services/scanner/index.ts:110:15)

    console.log
      [ZXingScannerService] ╨Ш╨╜╨╕╤Ж╨╕╨░╨╗╨╕╨╖╨░╤Ж╨╕╤П ZXing ╤Б╨║╨░╨╜╨╡╤А╨░...

      at ZXingScannerService.log (src/services/scanner/ScannerService.ts:190:15)

    console.log
      тЬЕ useScanner: ╨б╨║╨░╨╜╨╡╤А ╨╕╨╜╨╕╤Ж╨╕╨░╨╗╨╕╨╖╨╕╤А╨╛╨▓╨░╨╜ {
        caps: {
          supportedFormats: [ 'ean_13', 'ean_8', 'upc_a', 'code_128' ],
          supportsFlashlight: true,
          supportsZoom: true,
          supportsFocus: true,
          maxZoom: 3
        },
        cameras: [ { deviceId: 'camera1', kind: 'videoinput', label: 'Camera 1' } ],
        permission: { granted: false, denied: false, prompt: true }
      }

      at log (src/hooks/useScanner.ts:110:15)

    console.log
      тЦ╢я╕П useScanner: ╨Ч╨░╨┐╤Г╤Б╨║ ╤Б╨║╨░╨╜╨╕╤А╨╛╨▓╨░╨╜╨╕╤П...

      at log (src/hooks/useScanner.ts:136:15)

    console.log
      ЁЯФН useScanner: ╨Ф╨╕╨░╨│╨╜╨╛╤Б╤В╨╕╨║╨░ ╨┐╨╡╤А╨╡╨┤ ╨╖╨░╨┐╤Г╤Б╨║╨╛╨╝: {
        scannerType: 'ZXingScannerService',
        videoElement: {
          readyState: 4,
          videoWidth: 0,
          videoHeight: 0,
          srcObject: false,
          autoplay: true,
          muted: true,
          playsInline: true
        },
        capabilities: {
          supportedFormats: [ 'ean_13', 'ean_8', 'upc_a', 'code_128' ],
          supportsFlashlight: true,
          supportsZoom: true,
          supportsFocus: true,
          maxZoom: 3
        },
        permissionStatus: { granted: false, denied: false, prompt: true }
      }

      at log (src/hooks/useScanner.ts:137:15)

    console.log
      [ZXingScannerService] ╨Ч╨░╨┐╤Г╤Б╨║ ╤Б╨║╨░╨╜╨╕╤А╨╛╨▓╨░╨╜╨╕╤П...

      at ZXingScannerService.log (src/services/scanner/ScannerService.ts:190:15)

    console.log
      [ZXingScannerService] ╨Я╨╛╨┐╤Л╤В╨║╨░ ╨┐╨╛╨╗╤Г╤З╨╡╨╜╨╕╤П ╨║╨░╨╝╨╡╤А╤Л ╤Б ╨╛╨│╤А╨░╨╜╨╕╤З╨╡╨╜╨╕╤П╨╝╨╕: {
        video: {
          facingMode: undefined,
          width: { ideal: 1920, max: 1920 },
          height: { ideal: 1080, max: 1080 },
          frameRate: { ideal: 30, max: 60 },
          focusMode: { ideal: 'continuous' },
          exposureMode: { ideal: 'continuous' },
          whiteBalanceMode: { ideal: 'continuous' }
        }
      }

      at ZXingScannerService.log (src/services/scanner/ScannerService.ts:190:15)

    console.error
      [ZXingScannerService] ╨Ю╤И╨╕╨▒╨║╨░ ╨┐╨╛╨╗╤Г╤З╨╡╨╜╨╕╤П ╨║╨░╨╝╨╡╤А╤Л: Error [NotAllowedError]: Permission denied
          at Object.<anonymous> (D:\Dev\ExoScan\exoscan-web\src\components\__tests__\Scanner.test.tsx:176:31)
          at Promise.finally.completed (D:\Dev\ExoScan\exoscan-web\node_modules\jest-circus\build\jestAdapterInit.js:1557:28)
          at new Promise (<anonymous>)
          at callAsyncCircusFn (D:\Dev\ExoScan\exoscan-web\node_modules\jest-circus\build\jestAdapterInit.js:1497:10)
          at _callCircusTest (D:\Dev\ExoScan\exoscan-web\node_modules\jest-circus\build\jestAdapterInit.js:1007:40)
          at _runTest (D:\Dev\ExoScan\exoscan-web\node_modules\jest-circus\build\jestAdapterInit.js:947:3)
          at D:\Dev\ExoScan\exoscan-web\node_modules\jest-circus\build\jestAdapterInit.js:849:7
          at _runTestsForDescribeBlock (D:\Dev\ExoScan\exoscan-web\node_modules\jest-circus\build\jestAdapterInit.js:862:11)
          at _runTestsForDescribeBlock (D:\Dev\ExoScan\exoscan-web\node_modules\jest-circus\build\jestAdapterInit.js:857:11)
          at _runTestsForDescribeBlock (D:\Dev\ExoScan\exoscan-web\node_modules\jest-circus\build\jestAdapterInit.js:857:11)
          at run (D:\Dev\ExoScan\exoscan-web\node_modules\jest-circus\build\jestAdapterInit.js:761:3)
          at runAndTransformResultsToJestFormat (D:\Dev\ExoScan\exoscan-web\node_modules\jest-circus\build\jestAdapterInit.js:1918:21)
          at jestAdapter (D:\Dev\ExoScan\exoscan-web\node_modules\jest-circus\build\runner.js:101:19)
          at runTestInternal (D:\Dev\ExoScan\exoscan-web\node_modules\jest-runner\build\testWorker.js:275:16)
          at runTest (D:\Dev\ExoScan\exoscan-web\node_modules\jest-runner\build\testWorker.js:343:7)
          at Object.worker (D:\Dev\ExoScan\exoscan-web\node_modules\jest-runner\build\testWorker.js:497:12)

      194 |   protected logError(message: string, error?: any): void {
      195 |     if (this.config.enableDiagnostics) {
    > 196 |       console.error(`[${this.constructor.name}] ${message}`, error)
          |               ^
      197 |     }
      198 |   }
      199 | }

      at ZXingScannerService.error [as logError] (src/services/scanner/ScannerService.ts:196:15)
      at ZXingScannerService.logError [as getCameraStream] (src/services/scanner/ZXingScannerService.ts:333:14)
      at ZXingScannerService.startScanning (src/services/scanner/ZXingScannerService.ts:71:22)
      at src/hooks/useScanner.ts:152:7
      at handleLoadedMetadata (src/components/Scanner.tsx:64:11)

    console.log
      [ZXingScannerService] ╨Я╨╛╨┐╤Л╤В╨║╨░ ╨┐╨╛╨╗╤Г╤З╨╡╨╜╨╕╤П ╨║╨░╨╝╨╡╤А╤Л ╤Б ╨╛╨│╤А╨░╨╜╨╕╤З╨╡╨╜╨╕╤П╨╝╨╕: {
        video: {
          width: { ideal: 1280 },
          height: { ideal: 720 },
          frameRate: { ideal: 30 }
        }
      }

      at ZXingScannerService.log (src/services/scanner/ScannerService.ts:190:15)

    console.error
      [ZXingScannerService] ╨Ю╤И╨╕╨▒╨║╨░ ╨┐╨╛╨╗╤Г╤З╨╡╨╜╨╕╤П ╨║╨░╨╝╨╡╤А╤Л: Error [NotAllowedError]: Permission denied
          at Object.<anonymous> (D:\Dev\ExoScan\exoscan-web\src\components\__tests__\Scanner.test.tsx:176:31)
          at Promise.finally.completed (D:\Dev\ExoScan\exoscan-web\node_modules\jest-circus\build\jestAdapterInit.js:1557:28)
          at new Promise (<anonymous>)
          at callAsyncCircusFn (D:\Dev\ExoScan\exoscan-web\node_modules\jest-circus\build\jestAdapterInit.js:1497:10)
          at _callCircusTest (D:\Dev\ExoScan\exoscan-web\node_modules\jest-circus\build\jestAdapterInit.js:1007:40)
          at _runTest (D:\Dev\ExoScan\exoscan-web\node_modules\jest-circus\build\jestAdapterInit.js:947:3)
          at D:\Dev\ExoScan\exoscan-web\node_modules\jest-circus\build\jestAdapterInit.js:849:7
          at _runTestsForDescribeBlock (D:\Dev\ExoScan\exoscan-web\node_modules\jest-circus\build\jestAdapterInit.js:862:11)
          at _runTestsForDescribeBlock (D:\Dev\ExoScan\exoscan-web\node_modules\jest-circus\build\jestAdapterInit.js:857:11)
          at _runTestsForDescribeBlock (D:\Dev\ExoScan\exoscan-web\node_modules\jest-circus\build\jestAdapterInit.js:857:11)
          at run (D:\Dev\ExoScan\exoscan-web\node_modules\jest-circus\build\jestAdapterInit.js:761:3)
          at runAndTransformResultsToJestFormat (D:\Dev\ExoScan\exoscan-web\node_modules\jest-circus\build\jestAdapterInit.js:1918:21)
          at jestAdapter (D:\Dev\ExoScan\exoscan-web\node_modules\jest-circus\build\runner.js:101:19)
          at runTestInternal (D:\Dev\ExoScan\exoscan-web\node_modules\jest-runner\build\testWorker.js:275:16)
          at runTest (D:\Dev\ExoScan\exoscan-web\node_modules\jest-runner\build\testWorker.js:343:7)
          at Object.worker (D:\Dev\ExoScan\exoscan-web\node_modules\jest-runner\build\testWorker.js:497:12)

      194 |   protected logError(message: string, error?: any): void {
      195 |     if (this.config.enableDiagnostics) {
    > 196 |       console.error(`[${this.constructor.name}] ${message}`, error)
          |               ^
      197 |     }
      198 |   }
      199 | }

      at ZXingScannerService.error [as logError] (src/services/scanner/ScannerService.ts:196:15)
      at ZXingScannerService.logError [as getCameraStream] (src/services/scanner/ZXingScannerService.ts:333:14)
      at ZXingScannerService.startScanning (src/services/scanner/ZXingScannerService.ts:71:22)
      at src/hooks/useScanner.ts:152:7
      at handleLoadedMetadata (src/components/Scanner.tsx:64:11)

    console.log
      [ZXingScannerService] ╨Я╨╛╨┐╤Л╤В╨║╨░ ╨┐╨╛╨╗╤Г╤З╨╡╨╜╨╕╤П ╨║╨░╨╝╨╡╤А╤Л ╤Б ╨╛╨│╤А╨░╨╜╨╕╤З╨╡╨╜╨╕╤П╨╝╨╕: { video: {} }

      at ZXingScannerService.log (src/services/scanner/ScannerService.ts:190:15)

    console.error
      [ZXingScannerService] ╨Ю╤И╨╕╨▒╨║╨░ ╨┐╨╛╨╗╤Г╤З╨╡╨╜╨╕╤П ╨║╨░╨╝╨╡╤А╤Л: Error [NotAllowedError]: Permission denied
          at Object.<anonymous> (D:\Dev\ExoScan\exoscan-web\src\components\__tests__\Scanner.test.tsx:176:31)
          at Promise.finally.completed (D:\Dev\ExoScan\exoscan-web\node_modules\jest-circus\build\jestAdapterInit.js:1557:28)
          at new Promise (<anonymous>)
          at callAsyncCircusFn (D:\Dev\ExoScan\exoscan-web\node_modules\jest-circus\build\jestAdapterInit.js:1497:10)
          at _callCircusTest (D:\Dev\ExoScan\exoscan-web\node_modules\jest-circus\build\jestAdapterInit.js:1007:40)
          at _runTest (D:\Dev\ExoScan\exoscan-web\node_modules\jest-circus\build\jestAdapterInit.js:947:3)
          at D:\Dev\ExoScan\exoscan-web\node_modules\jest-circus\build\jestAdapterInit.js:849:7
          at _runTestsForDescribeBlock (D:\Dev\ExoScan\exoscan-web\node_modules\jest-circus\build\jestAdapterInit.js:862:11)
          at _runTestsForDescribeBlock (D:\Dev\ExoScan\exoscan-web\node_modules\jest-circus\build\jestAdapterInit.js:857:11)
          at _runTestsForDescribeBlock (D:\Dev\ExoScan\exoscan-web\node_modules\jest-circus\build\jestAdapterInit.js:857:11)
          at run (D:\Dev\ExoScan\exoscan-web\node_modules\jest-circus\build\jestAdapterInit.js:761:3)
          at runAndTransformResultsToJestFormat (D:\Dev\ExoScan\exoscan-web\node_modules\jest-circus\build\jestAdapterInit.js:1918:21)
          at jestAdapter (D:\Dev\ExoScan\exoscan-web\node_modules\jest-circus\build\runner.js:101:19)
          at runTestInternal (D:\Dev\ExoScan\exoscan-web\node_modules\jest-runner\build\testWorker.js:275:16)
          at runTest (D:\Dev\ExoScan\exoscan-web\node_modules\jest-runner\build\testWorker.js:343:7)
          at Object.worker (D:\Dev\ExoScan\exoscan-web\node_modules\jest-runner\build\testWorker.js:497:12)

      194 |   protected logError(message: string, error?: any): void {
      195 |     if (this.config.enableDiagnostics) {
    > 196 |       console.error(`[${this.constructor.name}] ${message}`, error)
          |               ^
      197 |     }
      198 |   }
      199 | }

      at ZXingScannerService.error [as logError] (src/services/scanner/ScannerService.ts:196:15)
      at ZXingScannerService.logError [as getCameraStream] (src/services/scanner/ZXingScannerService.ts:333:14)
      at ZXingScannerService.startScanning (src/services/scanner/ZXingScannerService.ts:71:22)
      at src/hooks/useScanner.ts:152:7
      at handleLoadedMetadata (src/components/Scanner.tsx:64:11)

    console.error
      [ZXingScannerService] ╨Ю╤И╨╕╨▒╨║╨░ ╨╖╨░╨┐╤Г╤Б╨║╨░ ╤Б╨║╨░╨╜╨╕╤А╨╛╨▓╨░╨╜╨╕╤П: Error: ╨Э╨╡ ╤Г╨┤╨░╨╗╨╛╤Б╤М ╨┐╨╛╨╗╤Г╤З╨╕╤В╤М ╨┤╨╛╤Б╤В╤Г╨┐ ╨║ ╨║╨░╨╝╨╡╤А╨╡
          at ZXingScannerService.getCameraStream (D:\Dev\ExoScan\exoscan-web\src\services\scanner\ZXingScannerService.ts:337:11)
          at ZXingScannerService.startScanning (D:\Dev\ExoScan\exoscan-web\src\services\scanner\ZXingScannerService.ts:71:22)
          at D:\Dev\ExoScan\exoscan-web\src\hooks\useScanner.ts:152:7
          at handleLoadedMetadata (D:\Dev\ExoScan\exoscan-web\src\components\Scanner.tsx:64:11)

      194 |   protected logError(message: string, error?: any): void {
      195 |     if (this.config.enableDiagnostics) {
    > 196 |       console.error(`[${this.constructor.name}] ${message}`, error)
          |               ^
      197 |     }
      198 |   }
      199 | }

      at ZXingScannerService.error [as logError] (src/services/scanner/ScannerService.ts:196:15)
      at ZXingScannerService.logError [as startScanning] (src/services/scanner/ZXingScannerService.ts:107:12)
      at src/hooks/useScanner.ts:152:7
      at handleLoadedMetadata (src/components/Scanner.tsx:64:11)

    console.error
      тЭМ Scanner: Scan error: Error: ╨Э╨╡ ╤Г╨┤╨░╨╗╨╛╤Б╤М ╨┐╨╛╨╗╤Г╤З╨╕╤В╤М ╨┤╨╛╤Б╤В╤Г╨┐ ╨║ ╨║╨░╨╝╨╡╤А╨╡
          at ZXingScannerService.getCameraStream (D:\Dev\ExoScan\exoscan-web\src\services\scanner\ZXingScannerService.ts:337:11)
          at ZXingScannerService.startScanning (D:\Dev\ExoScan\exoscan-web\src\services\scanner\ZXingScannerService.ts:71:22)
          at D:\Dev\ExoScan\exoscan-web\src\hooks\useScanner.ts:152:7
          at handleLoadedMetadata (D:\Dev\ExoScan\exoscan-web\src\components\Scanner.tsx:64:11)

      48 |     },
      49 |     onScanError: (error) => {
    > 50 |       console.error('тЭМ Scanner: Scan error:', error)
         |               ^
      51 |       onError(error)
      52 |     }
      53 |   });

      at error (src/components/Scanner.tsx:50:15)
      at onScanError (src/hooks/useScanner.ts:162:11)
      at ZXingScannerService.onError [as startScanning] (src/services/scanner/ZXingScannerService.ts:109:9)
      at src/hooks/useScanner.ts:152:7
      at handleLoadedMetadata (src/components/Scanner.tsx:64:11)

    console.error
      тЭМ useScanner: ╨Ю╤И╨╕╨▒╨║╨░ ╤Б╨║╨░╨╜╨╕╤А╨╛╨▓╨░╨╜╨╕╤П: Error: ╨Э╨╡ ╤Г╨┤╨░╨╗╨╛╤Б╤М ╨┐╨╛╨╗╤Г╤З╨╕╤В╤М ╨┤╨╛╤Б╤В╤Г╨┐ ╨║ ╨║╨░╨╝╨╡╤А╨╡
          at ZXingScannerService.getCameraStream (D:\Dev\ExoScan\exoscan-web\src\services\scanner\ZXingScannerService.ts:337:11)
          at ZXingScannerService.startScanning (D:\Dev\ExoScan\exoscan-web\src\services\scanner\ZXingScannerService.ts:71:22)
          at D:\Dev\ExoScan\exoscan-web\src\hooks\useScanner.ts:152:7
          at handleLoadedMetadata (D:\Dev\ExoScan\exoscan-web\src\components\Scanner.tsx:64:11)

      161 |           setError(error)
      162 |           onScanError?.(error)
    > 163 |           console.error('тЭМ useScanner: ╨Ю╤И╨╕╨▒╨║╨░ ╤Б╨║╨░╨╜╨╕╤А╨╛╨▓╨░╨╜╨╕╤П:', error)
          |                   ^
      164 |         }
      165 |       )
      166 |

      at error (src/hooks/useScanner.ts:163:19)
      at ZXingScannerService.onError [as startScanning] (src/services/scanner/ZXingScannerService.ts:109:9)
      at src/hooks/useScanner.ts:152:7
      at handleLoadedMetadata (src/components/Scanner.tsx:64:11)

    console.error
      тЭМ useScanner: ╨Ф╨╡╤В╨░╨╗╤М╨╜╨░╤П ╨╛╤И╨╕╨▒╨║╨░ ╨╖╨░╨┐╤Г╤Б╨║╨░: {
        error: '╨Э╨╡ ╤Г╨┤╨░╨╗╨╛╤Б╤М ╨┐╨╛╨╗╤Г╤З╨╕╤В╤М ╨┤╨╛╤Б╤В╤Г╨┐ ╨║ ╨║╨░╨╝╨╡╤А╨╡',
        stack: 'Error: ╨Э╨╡ ╤Г╨┤╨░╨╗╨╛╤Б╤М ╨┐╨╛╨╗╤Г╤З╨╕╤В╤М ╨┤╨╛╤Б╤В╤Г╨┐ ╨║ ╨║╨░╨╝╨╡╤А╨╡\n' +
          '    at ZXingScannerService.getCameraStream (D:\\Dev\\ExoScan\\exoscan-web\\src\\services\\scanner\\ZXingScannerService.ts:337:11)\n' +
          '    at ZXingScannerService.startScanning (D:\\Dev\\ExoScan\\exoscan-web\\src\\services\\scanner\\ZXingScannerService.ts:71:22)\n' +
          '    at D:\\Dev\\ExoScan\\exoscan-web\\src\\hooks\\useScanner.ts:152:7\n' +
          '    at handleLoadedMetadata (D:\\Dev\\ExoScan\\exoscan-web\\src\\components\\Scanner.tsx:64:11)',
        videoElement: { readyState: 4, srcObject: false }
      }

      173 |     } catch (err) {
      174 |       const error = err instanceof Error ? err : new Error('╨Ю╤И╨╕╨▒╨║╨░ ╨╖╨░╨┐╤Г╤Б╨║╨░ ╤Б╨║╨░╨╜╨╕╤А╨╛╨▓╨░╨╜╨╕╤П')
    > 175 |       console.error('тЭМ useScanner: ╨Ф╨╡╤В╨░╨╗╤М╨╜╨░╤П ╨╛╤И╨╕╨▒╨║╨░ ╨╖╨░╨┐╤Г╤Б╨║╨░:', {
          |               ^
      176 |         error: error.message,
      177 |         stack: error.stack,
      178 |         videoElement: {

      at error (src/hooks/useScanner.ts:175:15)
      at handleLoadedMetadata (src/components/Scanner.tsx:64:11)

    console.error
      тЭМ Scanner: Scan error: Error: ╨Э╨╡ ╤Г╨┤╨░╨╗╨╛╤Б╤М ╨┐╨╛╨╗╤Г╤З╨╕╤В╤М ╨┤╨╛╤Б╤В╤Г╨┐ ╨║ ╨║╨░╨╝╨╡╤А╨╡
          at ZXingScannerService.getCameraStream (D:\Dev\ExoScan\exoscan-web\src\services\scanner\ZXingScannerService.ts:337:11)
          at ZXingScannerService.startScanning (D:\Dev\ExoScan\exoscan-web\src\services\scanner\ZXingScannerService.ts:71:22)
          at D:\Dev\ExoScan\exoscan-web\src\hooks\useScanner.ts:152:7
          at handleLoadedMetadata (D:\Dev\ExoScan\exoscan-web\src\components\Scanner.tsx:64:11)

      48 |     },
      49 |     onScanError: (error) => {
    > 50 |       console.error('тЭМ Scanner: Scan error:', error)
         |               ^
      51 |       onError(error)
      52 |     }
      53 |   });

      at error (src/components/Scanner.tsx:50:15)
      at onScanError (src/hooks/useScanner.ts:185:7)
      at handleLoadedMetadata (src/components/Scanner.tsx:64:11)

    console.error
      тЭМ Scanner: ╨Ю╤И╨╕╨▒╨║╨░ ╨╖╨░╨┐╤Г╤Б╨║╨░ ╤Б╨║╨░╨╜╨╕╤А╨╛╨▓╨░╨╜╨╕╤П: Error: ╨Э╨╡ ╤Г╨┤╨░╨╗╨╛╤Б╤М ╨┐╨╛╨╗╤Г╤З╨╕╤В╤М ╨┤╨╛╤Б╤В╤Г╨┐ ╨║ ╨║╨░╨╝╨╡╤А╨╡
          at ZXingScannerService.getCameraStream (D:\Dev\ExoScan\exoscan-web\src\services\scanner\ZXingScannerService.ts:337:11)
          at ZXingScannerService.startScanning (D:\Dev\ExoScan\exoscan-web\src\services\scanner\ZXingScannerService.ts:71:22)
          at D:\Dev\ExoScan\exoscan-web\src\hooks\useScanner.ts:152:7
          at handleLoadedMetadata (D:\Dev\ExoScan\exoscan-web\src\components\Scanner.tsx:64:11)

      65 |           console.log('тЬЕ Scanner: ╨б╨║╨░╨╜╨╕╤А╨╛╨▓╨░╨╜╨╕╨╡ ╨╖╨░╨┐╤Г╤Й╨╡╨╜╨╛');
      66 |         } catch (err) {
    > 67 |           console.error('тЭМ Scanner: ╨Ю╤И╨╕╨▒╨║╨░ ╨╖╨░╨┐╤Г╤Б╨║╨░ ╤Б╨║╨░╨╜╨╕╤А╨╛╨▓╨░╨╜╨╕╤П:', err);
         |                   ^
      68 |           onError(err instanceof Error ? err : new Error('╨Ю╤И╨╕╨▒╨║╨░ ╨╖╨░╨┐╤Г╤Б╨║╨░ ╤Б╨║╨░╨╜╨╕╤А╨╛╨▓╨░╨╜╨╕╤П'));
      69 |         }
      70 |       };

      at error (src/components/Scanner.tsx:67:19)

    console.log
      тЦ╢я╕П useScanner: ╨Ч╨░╨┐╤Г╤Б╨║ ╤Б╨║╨░╨╜╨╕╤А╨╛╨▓╨░╨╜╨╕╤П...

      at log (src/hooks/useScanner.ts:136:15)

    console.log
      ЁЯФН useScanner: ╨Ф╨╕╨░╨│╨╜╨╛╤Б╤В╨╕╨║╨░ ╨┐╨╡╤А╨╡╨┤ ╨╖╨░╨┐╤Г╤Б╨║╨╛╨╝: {
        scannerType: 'ZXingScannerService',
        videoElement: {
          readyState: 4,
          videoWidth: 0,
          videoHeight: 0,
          srcObject: false,
          autoplay: true,
          muted: true,
          playsInline: true
        },
        capabilities: {
          supportedFormats: [ 'ean_13', 'ean_8', 'upc_a', 'code_128' ],
          supportsFlashlight: true,
          supportsZoom: true,
          supportsFocus: true,
          maxZoom: 3
        },
        permissionStatus: { granted: false, denied: false, prompt: true }
      }

      at log (src/hooks/useScanner.ts:137:15)

    console.log
      [ZXingScannerService] ╨Ч╨░╨┐╤Г╤Б╨║ ╤Б╨║╨░╨╜╨╕╤А╨╛╨▓╨░╨╜╨╕╤П...

      at ZXingScannerService.log (src/services/scanner/ScannerService.ts:190:15)

    console.log
      [ZXingScannerService] ╨Я╨╛╨┐╤Л╤В╨║╨░ ╨┐╨╛╨╗╤Г╤З╨╡╨╜╨╕╤П ╨║╨░╨╝╨╡╤А╤Л ╤Б ╨╛╨│╤А╨░╨╜╨╕╤З╨╡╨╜╨╕╤П╨╝╨╕: {
        video: {
          facingMode: undefined,
          width: { ideal: 1920, max: 1920 },
          height: { ideal: 1080, max: 1080 },
          frameRate: { ideal: 30, max: 60 },
          focusMode: { ideal: 'continuous' },
          exposureMode: { ideal: 'continuous' },
          whiteBalanceMode: { ideal: 'continuous' }
        }
      }

      at ZXingScannerService.log (src/services/scanner/ScannerService.ts:190:15)

    console.error
      [ZXingScannerService] ╨Ю╤И╨╕╨▒╨║╨░ ╨┐╨╛╨╗╤Г╤З╨╡╨╜╨╕╤П ╨║╨░╨╝╨╡╤А╤Л: Error [NotAllowedError]: Permission denied
          at Object.<anonymous> (D:\Dev\ExoScan\exoscan-web\src\components\__tests__\Scanner.test.tsx:176:31)
          at Promise.finally.completed (D:\Dev\ExoScan\exoscan-web\node_modules\jest-circus\build\jestAdapterInit.js:1557:28)
          at new Promise (<anonymous>)
          at callAsyncCircusFn (D:\Dev\ExoScan\exoscan-web\node_modules\jest-circus\build\jestAdapterInit.js:1497:10)
          at _callCircusTest (D:\Dev\ExoScan\exoscan-web\node_modules\jest-circus\build\jestAdapterInit.js:1007:40)
          at _runTest (D:\Dev\ExoScan\exoscan-web\node_modules\jest-circus\build\jestAdapterInit.js:947:3)
          at D:\Dev\ExoScan\exoscan-web\node_modules\jest-circus\build\jestAdapterInit.js:849:7
          at _runTestsForDescribeBlock (D:\Dev\ExoScan\exoscan-web\node_modules\jest-circus\build\jestAdapterInit.js:862:11)
          at _runTestsForDescribeBlock (D:\Dev\ExoScan\exoscan-web\node_modules\jest-circus\build\jestAdapterInit.js:857:11)
          at _runTestsForDescribeBlock (D:\Dev\ExoScan\exoscan-web\node_modules\jest-circus\build\jestAdapterInit.js:857:11)
          at run (D:\Dev\ExoScan\exoscan-web\node_modules\jest-circus\build\jestAdapterInit.js:761:3)
          at runAndTransformResultsToJestFormat (D:\Dev\ExoScan\exoscan-web\node_modules\jest-circus\build\jestAdapterInit.js:1918:21)
          at jestAdapter (D:\Dev\ExoScan\exoscan-web\node_modules\jest-circus\build\runner.js:101:19)
          at runTestInternal (D:\Dev\ExoScan\exoscan-web\node_modules\jest-runner\build\testWorker.js:275:16)
          at runTest (D:\Dev\ExoScan\exoscan-web\node_modules\jest-runner\build\testWorker.js:343:7)
          at Object.worker (D:\Dev\ExoScan\exoscan-web\node_modules\jest-runner\build\testWorker.js:497:12)

      194 |   protected logError(message: string, error?: any): void {
      195 |     if (this.config.enableDiagnostics) {
    > 196 |       console.error(`[${this.constructor.name}] ${message}`, error)
          |               ^
      197 |     }
      198 |   }
      199 | }

      at ZXingScannerService.error [as logError] (src/services/scanner/ScannerService.ts:196:15)
      at ZXingScannerService.logError [as getCameraStream] (src/services/scanner/ZXingScannerService.ts:333:14)
      at ZXingScannerService.startScanning (src/services/scanner/ZXingScannerService.ts:71:22)
      at src/hooks/useScanner.ts:152:7
      at handleLoadedMetadata (src/components/Scanner.tsx:64:11)

    console.log
      [ZXingScannerService] ╨Я╨╛╨┐╤Л╤В╨║╨░ ╨┐╨╛╨╗╤Г╤З╨╡╨╜╨╕╤П ╨║╨░╨╝╨╡╤А╤Л ╤Б ╨╛╨│╤А╨░╨╜╨╕╤З╨╡╨╜╨╕╤П╨╝╨╕: {
        video: {
          width: { ideal: 1280 },
          height: { ideal: 720 },
          frameRate: { ideal: 30 }
        }
      }

      at ZXingScannerService.log (src/services/scanner/ScannerService.ts:190:15)

    console.error
      [ZXingScannerService] ╨Ю╤И╨╕╨▒╨║╨░ ╨┐╨╛╨╗╤Г╤З╨╡╨╜╨╕╤П ╨║╨░╨╝╨╡╤А╤Л: Error [NotAllowedError]: Permission denied
          at Object.<anonymous> (D:\Dev\ExoScan\exoscan-web\src\components\__tests__\Scanner.test.tsx:176:31)
          at Promise.finally.completed (D:\Dev\ExoScan\exoscan-web\node_modules\jest-circus\build\jestAdapterInit.js:1557:28)
          at new Promise (<anonymous>)
          at callAsyncCircusFn (D:\Dev\ExoScan\exoscan-web\node_modules\jest-circus\build\jestAdapterInit.js:1497:10)
          at _callCircusTest (D:\Dev\ExoScan\exoscan-web\node_modules\jest-circus\build\jestAdapterInit.js:1007:40)
          at _runTest (D:\Dev\ExoScan\exoscan-web\node_modules\jest-circus\build\jestAdapterInit.js:947:3)
          at D:\Dev\ExoScan\exoscan-web\node_modules\jest-circus\build\jestAdapterInit.js:849:7
          at _runTestsForDescribeBlock (D:\Dev\ExoScan\exoscan-web\node_modules\jest-circus\build\jestAdapterInit.js:862:11)
          at _runTestsForDescribeBlock (D:\Dev\ExoScan\exoscan-web\node_modules\jest-circus\build\jestAdapterInit.js:857:11)
          at _runTestsForDescribeBlock (D:\Dev\ExoScan\exoscan-web\node_modules\jest-circus\build\jestAdapterInit.js:857:11)
          at run (D:\Dev\ExoScan\exoscan-web\node_modules\jest-circus\build\jestAdapterInit.js:761:3)
          at runAndTransformResultsToJestFormat (D:\Dev\ExoScan\exoscan-web\node_modules\jest-circus\build\jestAdapterInit.js:1918:21)
          at jestAdapter (D:\Dev\ExoScan\exoscan-web\node_modules\jest-circus\build\runner.js:101:19)
          at runTestInternal (D:\Dev\ExoScan\exoscan-web\node_modules\jest-runner\build\testWorker.js:275:16)
          at runTest (D:\Dev\ExoScan\exoscan-web\node_modules\jest-runner\build\testWorker.js:343:7)
          at Object.worker (D:\Dev\ExoScan\exoscan-web\node_modules\jest-runner\build\testWorker.js:497:12)

      194 |   protected logError(message: string, error?: any): void {
      195 |     if (this.config.enableDiagnostics) {
    > 196 |       console.error(`[${this.constructor.name}] ${message}`, error)
          |               ^
      197 |     }
      198 |   }
      199 | }

      at ZXingScannerService.error [as logError] (src/services/scanner/ScannerService.ts:196:15)
      at ZXingScannerService.logError [as getCameraStream] (src/services/scanner/ZXingScannerService.ts:333:14)
      at ZXingScannerService.startScanning (src/services/scanner/ZXingScannerService.ts:71:22)
      at src/hooks/useScanner.ts:152:7
      at handleLoadedMetadata (src/components/Scanner.tsx:64:11)

    console.log
      [ZXingScannerService] ╨Я╨╛╨┐╤Л╤В╨║╨░ ╨┐╨╛╨╗╤Г╤З╨╡╨╜╨╕╤П ╨║╨░╨╝╨╡╤А╤Л ╤Б ╨╛╨│╤А╨░╨╜╨╕╤З╨╡╨╜╨╕╤П╨╝╨╕: { video: {} }

      at ZXingScannerService.log (src/services/scanner/ScannerService.ts:190:15)

    console.error
      [ZXingScannerService] ╨Ю╤И╨╕╨▒╨║╨░ ╨┐╨╛╨╗╤Г╤З╨╡╨╜╨╕╤П ╨║╨░╨╝╨╡╤А╤Л: Error [NotAllowedError]: Permission denied
          at Object.<anonymous> (D:\Dev\ExoScan\exoscan-web\src\components\__tests__\Scanner.test.tsx:176:31)
          at Promise.finally.completed (D:\Dev\ExoScan\exoscan-web\node_modules\jest-circus\build\jestAdapterInit.js:1557:28)
          at new Promise (<anonymous>)
          at callAsyncCircusFn (D:\Dev\ExoScan\exoscan-web\node_modules\jest-circus\build\jestAdapterInit.js:1497:10)
          at _callCircusTest (D:\Dev\ExoScan\exoscan-web\node_modules\jest-circus\build\jestAdapterInit.js:1007:40)
          at _runTest (D:\Dev\ExoScan\exoscan-web\node_modules\jest-circus\build\jestAdapterInit.js:947:3)
          at D:\Dev\ExoScan\exoscan-web\node_modules\jest-circus\build\jestAdapterInit.js:849:7
          at _runTestsForDescribeBlock (D:\Dev\ExoScan\exoscan-web\node_modules\jest-circus\build\jestAdapterInit.js:862:11)
          at _runTestsForDescribeBlock (D:\Dev\ExoScan\exoscan-web\node_modules\jest-circus\build\jestAdapterInit.js:857:11)
          at _runTestsForDescribeBlock (D:\Dev\ExoScan\exoscan-web\node_modules\jest-circus\build\jestAdapterInit.js:857:11)
          at run (D:\Dev\ExoScan\exoscan-web\node_modules\jest-circus\build\jestAdapterInit.js:761:3)
          at runAndTransformResultsToJestFormat (D:\Dev\ExoScan\exoscan-web\node_modules\jest-circus\build\jestAdapterInit.js:1918:21)
          at jestAdapter (D:\Dev\ExoScan\exoscan-web\node_modules\jest-circus\build\runner.js:101:19)
          at runTestInternal (D:\Dev\ExoScan\exoscan-web\node_modules\jest-runner\build\testWorker.js:275:16)
          at runTest (D:\Dev\ExoScan\exoscan-web\node_modules\jest-runner\build\testWorker.js:343:7)
          at Object.worker (D:\Dev\ExoScan\exoscan-web\node_modules\jest-runner\build\testWorker.js:497:12)

      194 |   protected logError(message: string, error?: any): void {
      195 |     if (this.config.enableDiagnostics) {
    > 196 |       console.error(`[${this.constructor.name}] ${message}`, error)
          |               ^
      197 |     }
      198 |   }
      199 | }

      at ZXingScannerService.error [as logError] (src/services/scanner/ScannerService.ts:196:15)
      at ZXingScannerService.logError [as getCameraStream] (src/services/scanner/ZXingScannerService.ts:333:14)
      at ZXingScannerService.startScanning (src/services/scanner/ZXingScannerService.ts:71:22)
      at src/hooks/useScanner.ts:152:7
      at handleLoadedMetadata (src/components/Scanner.tsx:64:11)

    console.error
      [ZXingScannerService] ╨Ю╤И╨╕╨▒╨║╨░ ╨╖╨░╨┐╤Г╤Б╨║╨░ ╤Б╨║╨░╨╜╨╕╤А╨╛╨▓╨░╨╜╨╕╤П: Error: ╨Э╨╡ ╤Г╨┤╨░╨╗╨╛╤Б╤М ╨┐╨╛╨╗╤Г╤З╨╕╤В╤М ╨┤╨╛╤Б╤В╤Г╨┐ ╨║ ╨║╨░╨╝╨╡╤А╨╡
          at ZXingScannerService.getCameraStream (D:\Dev\ExoScan\exoscan-web\src\services\scanner\ZXingScannerService.ts:337:11)
          at processTicksAndRejections (node:internal/process/task_queues:105:5)
          at runNextTicks (node:internal/process/task_queues:69:3)
          at listOnTimeout (node:internal/timers:549:9)
          at processTimers (node:internal/timers:523:7)
          at ZXingScannerService.startScanning (D:\Dev\ExoScan\exoscan-web\src\services\scanner\ZXingScannerService.ts:71:22)
          at D:\Dev\ExoScan\exoscan-web\src\hooks\useScanner.ts:152:7
          at handleLoadedMetadata (D:\Dev\ExoScan\exoscan-web\src\components\Scanner.tsx:64:11)

      194 |   protected logError(message: string, error?: any): void {
      195 |     if (this.config.enableDiagnostics) {
    > 196 |       console.error(`[${this.constructor.name}] ${message}`, error)
          |               ^
      197 |     }
      198 |   }
      199 | }

      at ZXingScannerService.error [as logError] (src/services/scanner/ScannerService.ts:196:15)
      at ZXingScannerService.logError [as startScanning] (src/services/scanner/ZXingScannerService.ts:107:12)
      at src/hooks/useScanner.ts:152:7
      at handleLoadedMetadata (src/components/Scanner.tsx:64:11)

    console.error
      тЭМ Scanner: Scan error: Error: ╨Э╨╡ ╤Г╨┤╨░╨╗╨╛╤Б╤М ╨┐╨╛╨╗╤Г╤З╨╕╤В╤М ╨┤╨╛╤Б╤В╤Г╨┐ ╨║ ╨║╨░╨╝╨╡╤А╨╡
          at ZXingScannerService.getCameraStream (D:\Dev\ExoScan\exoscan-web\src\services\scanner\ZXingScannerService.ts:337:11)
          at processTicksAndRejections (node:internal/process/task_queues:105:5)
          at runNextTicks (node:internal/process/task_queues:69:3)
          at listOnTimeout (node:internal/timers:549:9)
          at processTimers (node:internal/timers:523:7)
          at ZXingScannerService.startScanning (D:\Dev\ExoScan\exoscan-web\src\services\scanner\ZXingScannerService.ts:71:22)
          at D:\Dev\ExoScan\exoscan-web\src\hooks\useScanner.ts:152:7
          at handleLoadedMetadata (D:\Dev\ExoScan\exoscan-web\src\components\Scanner.tsx:64:11)

      48 |     },
      49 |     onScanError: (error) => {
    > 50 |       console.error('тЭМ Scanner: Scan error:', error)
         |               ^
      51 |       onError(error)
      52 |     }
      53 |   });

      at error (src/components/Scanner.tsx:50:15)
      at onScanError (src/hooks/useScanner.ts:162:11)
      at ZXingScannerService.onError [as startScanning] (src/services/scanner/ZXingScannerService.ts:109:9)
      at src/hooks/useScanner.ts:152:7
      at handleLoadedMetadata (src/components/Scanner.tsx:64:11)

    console.error
      тЭМ useScanner: ╨Ю╤И╨╕╨▒╨║╨░ ╤Б╨║╨░╨╜╨╕╤А╨╛╨▓╨░╨╜╨╕╤П: Error: ╨Э╨╡ ╤Г╨┤╨░╨╗╨╛╤Б╤М ╨┐╨╛╨╗╤Г╤З╨╕╤В╤М ╨┤╨╛╤Б╤В╤Г╨┐ ╨║ ╨║╨░╨╝╨╡╤А╨╡
          at ZXingScannerService.getCameraStream (D:\Dev\ExoScan\exoscan-web\src\services\scanner\ZXingScannerService.ts:337:11)
          at processTicksAndRejections (node:internal/process/task_queues:105:5)
          at runNextTicks (node:internal/process/task_queues:69:3)
          at listOnTimeout (node:internal/timers:549:9)
          at processTimers (node:internal/timers:523:7)
          at ZXingScannerService.startScanning (D:\Dev\ExoScan\exoscan-web\src\services\scanner\ZXingScannerService.ts:71:22)
          at D:\Dev\ExoScan\exoscan-web\src\hooks\useScanner.ts:152:7
          at handleLoadedMetadata (D:\Dev\ExoScan\exoscan-web\src\components\Scanner.tsx:64:11)

      161 |           setError(error)
      162 |           onScanError?.(error)
    > 163 |           console.error('тЭМ useScanner: ╨Ю╤И╨╕╨▒╨║╨░ ╤Б╨║╨░╨╜╨╕╤А╨╛╨▓╨░╨╜╨╕╤П:', error)
          |                   ^
      164 |         }
      165 |       )
      166 |

      at error (src/hooks/useScanner.ts:163:19)
      at ZXingScannerService.onError [as startScanning] (src/services/scanner/ZXingScannerService.ts:109:9)
      at src/hooks/useScanner.ts:152:7
      at handleLoadedMetadata (src/components/Scanner.tsx:64:11)

    console.error
      тЭМ useScanner: ╨Ф╨╡╤В╨░╨╗╤М╨╜╨░╤П ╨╛╤И╨╕╨▒╨║╨░ ╨╖╨░╨┐╤Г╤Б╨║╨░: {
        error: '╨Э╨╡ ╤Г╨┤╨░╨╗╨╛╤Б╤М ╨┐╨╛╨╗╤Г╤З╨╕╤В╤М ╨┤╨╛╤Б╤В╤Г╨┐ ╨║ ╨║╨░╨╝╨╡╤А╨╡',
        stack: 'Error: ╨Э╨╡ ╤Г╨┤╨░╨╗╨╛╤Б╤М ╨┐╨╛╨╗╤Г╤З╨╕╤В╤М ╨┤╨╛╤Б╤В╤Г╨┐ ╨║ ╨║╨░╨╝╨╡╤А╨╡\n' +
          '    at ZXingScannerService.getCameraStream (D:\\Dev\\ExoScan\\exoscan-web\\src\\services\\scanner\\ZXingScannerService.ts:337:11)\n' +
          '    at processTicksAndRejections (node:internal/process/task_queues:105:5)\n' +
          '    at runNextTicks (node:internal/process/task_queues:69:3)\n' +
          '    at listOnTimeout (node:internal/timers:549:9)\n' +
          '    at processTimers (node:internal/timers:523:7)\n' +
          '    at ZXingScannerService.startScanning (D:\\Dev\\ExoScan\\exoscan-web\\src\\services\\scanner\\ZXingScannerService.ts:71:22)\n' +
          '    at D:\\Dev\\ExoScan\\exoscan-web\\src\\hooks\\useScanner.ts:152:7\n' +
          '    at handleLoadedMetadata (D:\\Dev\\ExoScan\\exoscan-web\\src\\components\\Scanner.tsx:64:11)',
        videoElement: { readyState: 4, srcObject: false }
      }

      173 |     } catch (err) {
      174 |       const error = err instanceof Error ? err : new Error('╨Ю╤И╨╕╨▒╨║╨░ ╨╖╨░╨┐╤Г╤Б╨║╨░ ╤Б╨║╨░╨╜╨╕╤А╨╛╨▓╨░╨╜╨╕╤П')
    > 175 |       console.error('тЭМ useScanner: ╨Ф╨╡╤В╨░╨╗╤М╨╜╨░╤П ╨╛╤И╨╕╨▒╨║╨░ ╨╖╨░╨┐╤Г╤Б╨║╨░:', {
          |               ^
      176 |         error: error.message,
      177 |         stack: error.stack,
      178 |         videoElement: {

      at error (src/hooks/useScanner.ts:175:15)
      at handleLoadedMetadata (src/components/Scanner.tsx:64:11)

    console.error
      тЭМ Scanner: Scan error: Error: ╨Э╨╡ ╤Г╨┤╨░╨╗╨╛╤Б╤М ╨┐╨╛╨╗╤Г╤З╨╕╤В╤М ╨┤╨╛╤Б╤В╤Г╨┐ ╨║ ╨║╨░╨╝╨╡╤А╨╡
          at ZXingScannerService.getCameraStream (D:\Dev\ExoScan\exoscan-web\src\services\scanner\ZXingScannerService.ts:337:11)
          at processTicksAndRejections (node:internal/process/task_queues:105:5)
          at runNextTicks (node:internal/process/task_queues:69:3)
          at listOnTimeout (node:internal/timers:549:9)
          at processTimers (node:internal/timers:523:7)
          at ZXingScannerService.startScanning (D:\Dev\ExoScan\exoscan-web\src\services\scanner\ZXingScannerService.ts:71:22)
          at D:\Dev\ExoScan\exoscan-web\src\hooks\useScanner.ts:152:7
          at handleLoadedMetadata (D:\Dev\ExoScan\exoscan-web\src\components\Scanner.tsx:64:11)

      48 |     },
      49 |     onScanError: (error) => {
    > 50 |       console.error('тЭМ Scanner: Scan error:', error)
         |               ^
      51 |       onError(error)
      52 |     }
      53 |   });

      at error (src/components/Scanner.tsx:50:15)
      at onScanError (src/hooks/useScanner.ts:185:7)
      at handleLoadedMetadata (src/components/Scanner.tsx:64:11)

    console.error
      тЭМ Scanner: ╨Ю╤И╨╕╨▒╨║╨░ ╨╖╨░╨┐╤Г╤Б╨║╨░ ╤Б╨║╨░╨╜╨╕╤А╨╛╨▓╨░╨╜╨╕╤П: Error: ╨Э╨╡ ╤Г╨┤╨░╨╗╨╛╤Б╤М ╨┐╨╛╨╗╤Г╤З╨╕╤В╤М ╨┤╨╛╤Б╤В╤Г╨┐ ╨║ ╨║╨░╨╝╨╡╤А╨╡
          at ZXingScannerService.getCameraStream (D:\Dev\ExoScan\exoscan-web\src\services\scanner\ZXingScannerService.ts:337:11)
          at processTicksAndRejections (node:internal/process/task_queues:105:5)
          at runNextTicks (node:internal/process/task_queues:69:3)
          at listOnTimeout (node:internal/timers:549:9)
          at processTimers (node:internal/timers:523:7)
          at ZXingScannerService.startScanning (D:\Dev\ExoScan\exoscan-web\src\services\scanner\ZXingScannerService.ts:71:22)
          at D:\Dev\ExoScan\exoscan-web\src\hooks\useScanner.ts:152:7
          at handleLoadedMetadata (D:\Dev\ExoScan\exoscan-web\src\components\Scanner.tsx:64:11)

      65 |           console.log('тЬЕ Scanner: ╨б╨║╨░╨╜╨╕╤А╨╛╨▓╨░╨╜╨╕╨╡ ╨╖╨░╨┐╤Г╤Й╨╡╨╜╨╛');
      66 |         } catch (err) {
    > 67 |           console.error('тЭМ Scanner: ╨Ю╤И╨╕╨▒╨║╨░ ╨╖╨░╨┐╤Г╤Б╨║╨░ ╤Б╨║╨░╨╜╨╕╤А╨╛╨▓╨░╨╜╨╕╤П:', err);
         |                   ^
      68 |           onError(err instanceof Error ? err : new Error('╨Ю╤И╨╕╨▒╨║╨░ ╨╖╨░╨┐╤Г╤Б╨║╨░ ╤Б╨║╨░╨╜╨╕╤А╨╛╨▓╨░╨╜╨╕╤П'));
      69 |         }
      70 |       };

      at error (src/components/Scanner.tsx:67:19)

    console.log
      ЁЯз╣ useScanner: ╨Ю╤З╨╕╤Б╤В╨║╨░ ╨┐╤А╨╕ ╤А╨░╨╖╨╝╨╛╨╜╤В╨╕╤А╨╛╨▓╨░╨╜╨╕╨╕

      at log (src/hooks/useScanner.ts:388:15)
          at Array.forEach (<anonymous>)

    console.log
      [ZXingScannerService] ╨Ю╤Б╤В╨░╨╜╨╛╨▓╨║╨░ ╤Б╨║╨░╨╜╨╕╤А╨╛╨▓╨░╨╜╨╕╤П...

      at ZXingScannerService.log (src/services/scanner/ScannerService.ts:190:15)
          at Array.forEach (<anonymous>)

    console.log
      [ZXingScannerService] ╨б╨║╨░╨╜╨╕╤А╨╛╨▓╨░╨╜╨╕╨╡ ╨╛╤Б╤В╨░╨╜╨╛╨▓╨╗╨╡╨╜╨╛

      at ZXingScannerService.log (src/services/scanner/ScannerService.ts:190:15)
          at Array.forEach (<anonymous>)

    console.log
      ЁЯЪА useScanner: ╨Ч╨░╨┐╤Г╤Б╨║ ╨░╨▓╤В╨╛╨╕╨╜╨╕╤Ж╨╕╨░╨╗╨╕╨╖╨░╤Ж╨╕╨╕...

      at log (src/hooks/useScanner.ts:382:13)

    console.log
      ЁЯФД useScanner: ╨Ш╨╜╨╕╤Ж╨╕╨░╨╗╨╕╨╖╨░╤Ж╨╕╤П ╤Б╨║╨░╨╜╨╡╤А╨░...

      at log (src/hooks/useScanner.ts:92:15)

    console.log
      ЁЯПн ScannerFactory: ╨б╨╛╨╖╨┤╨░╨╜╨╕╨╡ ╤Б╨║╨░╨╜╨╡╤А╨░... {
        preferredType: 'auto',
        fallbackToZXing: true,
        config: {
          enableDiagnostics: true,
          formats: [ 'ean_13', 'ean_8', 'upc_a', 'code_128' ]
        }
      }

      at Function.log [as createScanner] (src/services/scanner/index.ts:37:13)

    console.log
      ЁЯФН ScannerFactory: ╨Р╨▓╤В╨╛╨╝╨░╤В╨╕╤З╨╡╤Б╨║╨╕╨╣ ╨▓╤Л╨▒╨╛╤А ╤Б╨║╨░╨╜╨╡╤А╨░...

      at Function.log [as createBestAvailableScanner] (src/services/scanner/index.ts:87:13)

    console.log
      ЁЯУК ScannerFactory: ╨Ф╨╛╤Б╤В╤Г╨┐╨╜╨╛╤Б╤В╤М API: {
        barcodeDetector: false,
        zxing: true,
        camera: true,
        secureContext: true
      }

      at Function.log [as createBestAvailableScanner] (src/services/scanner/index.ts:91:13)

    console.log
      ЁЯФД ScannerFactory: Fallback ╨║ ZXing

      at Function.log [as createBestAvailableScanner] (src/services/scanner/index.ts:110:15)

    console.log
      [ZXingScannerService] ╨Ш╨╜╨╕╤Ж╨╕╨░╨╗╨╕╨╖╨░╤Ж╨╕╤П ZXing ╤Б╨║╨░╨╜╨╡╤А╨░...

      at ZXingScannerService.log (src/services/scanner/ScannerService.ts:190:15)

    console.log
      тЬЕ useScanner: ╨б╨║╨░╨╜╨╡╤А ╨╕╨╜╨╕╤Ж╨╕╨░╨╗╨╕╨╖╨╕╤А╨╛╨▓╨░╨╜ {
        caps: {
          supportedFormats: [ 'ean_13', 'ean_8', 'upc_a', 'code_128' ],
          supportsFlashlight: true,
          supportsZoom: true,
          supportsFocus: true,
          maxZoom: 3
        },
        cameras: [ { deviceId: 'camera1', kind: 'videoinput', label: 'Camera 1' } ],
        permission: { granted: false, denied: false, prompt: true }
      }

      at log (src/hooks/useScanner.ts:110:15)

    console.log
      тЦ╢я╕П useScanner: ╨Ч╨░╨┐╤Г╤Б╨║ ╤Б╨║╨░╨╜╨╕╤А╨╛╨▓╨░╨╜╨╕╤П...

      at log (src/hooks/useScanner.ts:136:15)

    console.log
      ЁЯФН useScanner: ╨Ф╨╕╨░╨│╨╜╨╛╤Б╤В╨╕╨║╨░ ╨┐╨╡╤А╨╡╨┤ ╨╖╨░╨┐╤Г╤Б╨║╨╛╨╝: {
        scannerType: 'ZXingScannerService',
        videoElement: {
          readyState: 4,
          videoWidth: 0,
          videoHeight: 0,
          srcObject: false,
          autoplay: true,
          muted: true,
          playsInline: true
        },
        capabilities: {
          supportedFormats: [ 'ean_13', 'ean_8', 'upc_a', 'code_128' ],
          supportsFlashlight: true,
          supportsZoom: true,
          supportsFocus: true,
          maxZoom: 3
        },
        permissionStatus: { granted: false, denied: false, prompt: true }
      }

      at log (src/hooks/useScanner.ts:137:15)

    console.log
      [ZXingScannerService] ╨Ч╨░╨┐╤Г╤Б╨║ ╤Б╨║╨░╨╜╨╕╤А╨╛╨▓╨░╨╜╨╕╤П...

      at ZXingScannerService.log (src/services/scanner/ScannerService.ts:190:15)

    console.log
      [ZXingScannerService] ╨Я╨╛╨┐╤Л╤В╨║╨░ ╨┐╨╛╨╗╤Г╤З╨╡╨╜╨╕╤П ╨║╨░╨╝╨╡╤А╤Л ╤Б ╨╛╨│╤А╨░╨╜╨╕╤З╨╡╨╜╨╕╤П╨╝╨╕: {
        video: {
          facingMode: undefined,
          width: { ideal: 1920, max: 1920 },
          height: { ideal: 1080, max: 1080 },
          frameRate: { ideal: 30, max: 60 },
          focusMode: { ideal: 'continuous' },
          exposureMode: { ideal: 'continuous' },
          whiteBalanceMode: { ideal: 'continuous' }
        }
      }

      at ZXingScannerService.log (src/services/scanner/ScannerService.ts:190:15)

    console.log
      [ZXingScannerService] ╨Ь╨╛╨▒╨╕╨╗╤М╨╜╤Л╨╡ ╨░╤В╤А╨╕╨▒╤Г╤В╤Л ╨▓╨╕╨┤╨╡╨╛ ╤Г╤Б╤В╨░╨╜╨╛╨▓╨╗╨╡╨╜╤Л

      at ZXingScannerService.log (src/services/scanner/ScannerService.ts:190:15)

    console.log
      [ZXingScannerService] ╨Т╨╕╨┤╨╡╨╛ ╤Г╨╢╨╡ ╨│╨╛╤В╨╛╨▓╨╛

      at ZXingScannerService.log (src/services/scanner/ScannerService.ts:190:15)

    console.log
      [ZXingScannerService] ╨Т╨╕╨┤╨╡╨╛ ╨│╨╛╤В╨╛╨▓╨╛ ╨║ ╨▓╨╛╤Б╨┐╤А╨╛╨╕╨╖╨▓╨╡╨┤╨╡╨╜╨╕╤О

      at ZXingScannerService.log (src/services/scanner/ScannerService.ts:190:15)

    console.log
      [ZXingScannerService] ╨Т╨╕╨┤╨╡╨╛ ╤Г╤Б╨┐╨╡╤И╨╜╨╛ ╨╖╨░╨┐╤Г╤Й╨╡╨╜╨╛

      at ZXingScannerService.log (src/services/scanner/ScannerService.ts:190:15)

    console.error
      [ZXingScannerService] ╨Ю╤И╨╕╨▒╨║╨░ ╨┐╤А╨╛╨▓╨╡╤А╨║╨╕ ╨┐╨╛╨┤╨┤╨╡╤А╨╢╨║╨╕ ╤Д╨╛╨╜╨░╤А╨╕╨║╨░: TypeError: videoTrack.getCapabilities is not a function
          at ZXingScannerService.getCapabilities [as checkFlashlightSupport] (D:\Dev\ExoScan\exoscan-web\src\services\scanner\ZXingScannerService.ts:275:39)
          at ZXingScannerService.checkFlashlightSupport [as startScanning] (D:\Dev\ExoScan\exoscan-web\src\services\scanner\ZXingScannerService.ts:93:18)
          at D:\Dev\ExoScan\exoscan-web\src\hooks\useScanner.ts:152:7
          at handleLoadedMetadata (D:\Dev\ExoScan\exoscan-web\src\components\Scanner.tsx:64:11)

      194 |   protected logError(message: string, error?: any): void {
      195 |     if (this.config.enableDiagnostics) {
    > 196 |       console.error(`[${this.constructor.name}] ${message}`, error)
          |               ^
      197 |     }
      198 |   }
      199 | }

      at ZXingScannerService.error [as logError] (src/services/scanner/ScannerService.ts:196:15)
      at ZXingScannerService.logError [as checkFlashlightSupport] (src/services/scanner/ZXingScannerService.ts:287:12)
      at ZXingScannerService.checkFlashlightSupport [as startScanning] (src/services/scanner/ZXingScannerService.ts:93:18)
      at src/hooks/useScanner.ts:152:7
      at handleLoadedMetadata (src/components/Scanner.tsx:64:11)

    console.log
      [ZXingScannerService] ╨Э╨░╤Б╤В╤А╨╛╨╣╨║╨░ ╨░╨▓╤В╨╛╨╝╨░╤В╨╕╤З╨╡╤Б╨║╨╛╨│╨╛ ╤Б╨║╨░╨╜╨╕╤А╨╛╨▓╨░╨╜╨╕╤П...

      at ZXingScannerService.log (src/services/scanner/ScannerService.ts:190:15)

    console.log
      [ZXingScannerService] ╨б╨║╨░╨╜╨╕╤А╨╛╨▓╨░╨╜╨╕╨╡ ╤Г╤Б╨┐╨╡╤И╨╜╨╛ ╨╖╨░╨┐╤Г╤Й╨╡╨╜╨╛

      at ZXingScannerService.log (src/services/scanner/ScannerService.ts:190:15)

    console.log
      тЬЕ useScanner: ╨б╨║╨░╨╜╨╕╤А╨╛╨▓╨░╨╜╨╕╨╡ ╨╖╨░╨┐╤Г╤Й╨╡╨╜╨╛ ╤Г╤Б╨┐╨╡╤И╨╜╨╛

      at log (src/hooks/useScanner.ts:171:15)

    console.log
      тЬЕ Scanner: ╨б╨║╨░╨╜╨╕╤А╨╛╨▓╨░╨╜╨╕╨╡ ╨╖╨░╨┐╤Г╤Й╨╡╨╜╨╛

      at log (src/components/Scanner.tsx:65:19)

    console.log
      ЁЯз╣ useScanner: ╨Ю╤З╨╕╤Б╤В╨║╨░ ╨┐╤А╨╕ ╤А╨░╨╖╨╝╨╛╨╜╤В╨╕╤А╨╛╨▓╨░╨╜╨╕╨╕

      at log (src/hooks/useScanner.ts:388:15)

    console.log
      [ZXingScannerService] ╨Ю╤Б╤В╨░╨╜╨╛╨▓╨║╨░ ╤Б╨║╨░╨╜╨╕╤А╨╛╨▓╨░╨╜╨╕╤П...

      at ZXingScannerService.log (src/services/scanner/ScannerService.ts:190:15)

    console.log
      [ZXingScannerService] ╨б╨║╨░╨╜╨╕╤А╨╛╨▓╨░╨╜╨╕╨╡ ╨╛╤Б╤В╨░╨╜╨╛╨▓╨╗╨╡╨╜╨╛

      at ZXingScannerService.log (src/services/scanner/ScannerService.ts:190:15)

    console.log
      ЁЯЪА useScanner: ╨Ч╨░╨┐╤Г╤Б╨║ ╨░╨▓╤В╨╛╨╕╨╜╨╕╤Ж╨╕╨░╨╗╨╕╨╖╨░╤Ж╨╕╨╕...

      at log (src/hooks/useScanner.ts:382:13)

    console.log
      ЁЯФД useScanner: ╨Ш╨╜╨╕╤Ж╨╕╨░╨╗╨╕╨╖╨░╤Ж╨╕╤П ╤Б╨║╨░╨╜╨╡╤А╨░...

      at log (src/hooks/useScanner.ts:92:15)

    console.log
      ЁЯПн ScannerFactory: ╨б╨╛╨╖╨┤╨░╨╜╨╕╨╡ ╤Б╨║╨░╨╜╨╡╤А╨░... {
        preferredType: 'auto',
        fallbackToZXing: true,
        config: {
          enableDiagnostics: true,
          formats: [ 'ean_13', 'ean_8', 'upc_a', 'code_128' ]
        }
      }

      at Function.log [as createScanner] (src/services/scanner/index.ts:37:13)

    console.log
      ЁЯФН ScannerFactory: ╨Р╨▓╤В╨╛╨╝╨░╤В╨╕╤З╨╡╤Б╨║╨╕╨╣ ╨▓╤Л╨▒╨╛╤А ╤Б╨║╨░╨╜╨╡╤А╨░...

      at Function.log [as createBestAvailableScanner] (src/services/scanner/index.ts:87:13)

    console.log
      ЁЯз╣ useScanner: ╨Ю╤З╨╕╤Б╤В╨║╨░ ╨┐╤А╨╕ ╤А╨░╨╖╨╝╨╛╨╜╤В╨╕╤А╨╛╨▓╨░╨╜╨╕╨╕

      at log (src/hooks/useScanner.ts:388:15)

    console.log
      ЁЯУК ScannerFactory: ╨Ф╨╛╤Б╤В╤Г╨┐╨╜╨╛╤Б╤В╤М API: {
        barcodeDetector: false,
        zxing: true,
        camera: true,
        secureContext: true
      }

      at Function.log [as createBestAvailableScanner] (src/services/scanner/index.ts:91:13)

    console.log
      ЁЯФД ScannerFactory: Fallback ╨║ ZXing

      at Function.log [as createBestAvailableScanner] (src/services/scanner/index.ts:110:15)

    console.log
      [ZXingScannerService] ╨Ш╨╜╨╕╤Ж╨╕╨░╨╗╨╕╨╖╨░╤Ж╨╕╤П ZXing ╤Б╨║╨░╨╜╨╡╤А╨░...

      at ZXingScannerService.log (src/services/scanner/ScannerService.ts:190:15)

    console.log
      тЬЕ useScanner: ╨б╨║╨░╨╜╨╡╤А ╨╕╨╜╨╕╤Ж╨╕╨░╨╗╨╕╨╖╨╕╤А╨╛╨▓╨░╨╜ {
        caps: {
          supportedFormats: [ 'ean_13', 'ean_8', 'upc_a', 'code_128' ],
          supportsFlashlight: true,
          supportsZoom: true,
          supportsFocus: true,
          maxZoom: 3
        },
        cameras: [ { deviceId: 'camera1', kind: 'videoinput', label: 'Camera 1' } ],
        permission: { granted: false, denied: false, prompt: true }
      }

      at log (src/hooks/useScanner.ts:110:15)

    console.log
      ЁЯЪА useScanner: ╨Ч╨░╨┐╤Г╤Б╨║ ╨░╨▓╤В╨╛╨╕╨╜╨╕╤Ж╨╕╨░╨╗╨╕╨╖╨░╤Ж╨╕╨╕...

      at log (src/hooks/useScanner.ts:382:13)

    console.log
      ЁЯФД useScanner: ╨Ш╨╜╨╕╤Ж╨╕╨░╨╗╨╕╨╖╨░╤Ж╨╕╤П ╤Б╨║╨░╨╜╨╡╤А╨░...

      at log (src/hooks/useScanner.ts:92:15)

    console.log
      ЁЯПн ScannerFactory: ╨б╨╛╨╖╨┤╨░╨╜╨╕╨╡ ╤Б╨║╨░╨╜╨╡╤А╨░... {
        preferredType: 'auto',
        fallbackToZXing: true,
        config: {
          enableDiagnostics: true,
          formats: [ 'ean_13', 'ean_8', 'upc_a', 'code_128' ]
        }
      }

      at Function.log [as createScanner] (src/services/scanner/index.ts:37:13)

    console.log
      ЁЯФН ScannerFactory: ╨Р╨▓╤В╨╛╨╝╨░╤В╨╕╤З╨╡╤Б╨║╨╕╨╣ ╨▓╤Л╨▒╨╛╤А ╤Б╨║╨░╨╜╨╡╤А╨░...

      at Function.log [as createBestAvailableScanner] (src/services/scanner/index.ts:87:13)

    console.log
      ЁЯУК ScannerFactory: ╨Ф╨╛╤Б╤В╤Г╨┐╨╜╨╛╤Б╤В╤М API: {
        barcodeDetector: false,
        zxing: true,
        camera: true,
        secureContext: true
      }

      at Function.log [as createBestAvailableScanner] (src/services/scanner/index.ts:91:13)

    console.log
      ЁЯФД ScannerFactory: Fallback ╨║ ZXing

      at Function.log [as createBestAvailableScanner] (src/services/scanner/index.ts:110:15)

    console.log
      [ZXingScannerService] ╨Ш╨╜╨╕╤Ж╨╕╨░╨╗╨╕╨╖╨░╤Ж╨╕╤П ZXing ╤Б╨║╨░╨╜╨╡╤А╨░...

      at ZXingScannerService.log (src/services/scanner/ScannerService.ts:190:15)

    console.log
      тЬЕ useScanner: ╨б╨║╨░╨╜╨╡╤А ╨╕╨╜╨╕╤Ж╨╕╨░╨╗╨╕╨╖╨╕╤А╨╛╨▓╨░╨╜ {
        caps: {
          supportedFormats: [ 'ean_13', 'ean_8', 'upc_a', 'code_128' ],
          supportsFlashlight: true,
          supportsZoom: true,
          supportsFocus: true,
          maxZoom: 3
        },
        cameras: [ { deviceId: 'camera1', kind: 'videoinput', label: 'Camera 1' } ],
        permission: { granted: false, denied: false, prompt: true }
      }

      at log (src/hooks/useScanner.ts:110:15)

    console.log
      тЦ╢я╕П useScanner: ╨Ч╨░╨┐╤Г╤Б╨║ ╤Б╨║╨░╨╜╨╕╤А╨╛╨▓╨░╨╜╨╕╤П...

      at log (src/hooks/useScanner.ts:136:15)

    console.log
      ЁЯФН useScanner: ╨Ф╨╕╨░╨│╨╜╨╛╤Б╤В╨╕╨║╨░ ╨┐╨╡╤А╨╡╨┤ ╨╖╨░╨┐╤Г╤Б╨║╨╛╨╝: {
        scannerType: 'ZXingScannerService',
        videoElement: {
          readyState: 4,
          videoWidth: 0,
          videoHeight: 0,
          srcObject: false,
          autoplay: true,
          muted: true,
          playsInline: true
        },
        capabilities: {
          supportedFormats: [ 'ean_13', 'ean_8', 'upc_a', 'code_128' ],
          supportsFlashlight: true,
          supportsZoom: true,
          supportsFocus: true,
          maxZoom: 3
        },
        permissionStatus: { granted: false, denied: false, prompt: true }
      }

      at log (src/hooks/useScanner.ts:137:15)

    console.log
      [ZXingScannerService] ╨Ч╨░╨┐╤Г╤Б╨║ ╤Б╨║╨░╨╜╨╕╤А╨╛╨▓╨░╨╜╨╕╤П...

      at ZXingScannerService.log (src/services/scanner/ScannerService.ts:190:15)

    console.log
      [ZXingScannerService] ╨Я╨╛╨┐╤Л╤В╨║╨░ ╨┐╨╛╨╗╤Г╤З╨╡╨╜╨╕╤П ╨║╨░╨╝╨╡╤А╤Л ╤Б ╨╛╨│╤А╨░╨╜╨╕╤З╨╡╨╜╨╕╤П╨╝╨╕: {
        video: {
          facingMode: undefined,
          width: { ideal: 1920, max: 1920 },
          height: { ideal: 1080, max: 1080 },
          frameRate: { ideal: 30, max: 60 },
          focusMode: { ideal: 'continuous' },
          exposureMode: { ideal: 'continuous' },
          whiteBalanceMode: { ideal: 'continuous' }
        }
      }

      at ZXingScannerService.log (src/services/scanner/ScannerService.ts:190:15)

    console.log
      [ZXingScannerService] ╨Ь╨╛╨▒╨╕╨╗╤М╨╜╤Л╨╡ ╨░╤В╤А╨╕╨▒╤Г╤В╤Л ╨▓╨╕╨┤╨╡╨╛ ╤Г╤Б╤В╨░╨╜╨╛╨▓╨╗╨╡╨╜╤Л

      at ZXingScannerService.log (src/services/scanner/ScannerService.ts:190:15)

    console.log
      [ZXingScannerService] ╨Т╨╕╨┤╨╡╨╛ ╤Г╨╢╨╡ ╨│╨╛╤В╨╛╨▓╨╛

      at ZXingScannerService.log (src/services/scanner/ScannerService.ts:190:15)

    console.log
      [ZXingScannerService] ╨Т╨╕╨┤╨╡╨╛ ╨│╨╛╤В╨╛╨▓╨╛ ╨║ ╨▓╨╛╤Б╨┐╤А╨╛╨╕╨╖╨▓╨╡╨┤╨╡╨╜╨╕╤О

      at ZXingScannerService.log (src/services/scanner/ScannerService.ts:190:15)

    console.log
      [ZXingScannerService] ╨Т╨╕╨┤╨╡╨╛ ╤Г╤Б╨┐╨╡╤И╨╜╨╛ ╨╖╨░╨┐╤Г╤Й╨╡╨╜╨╛

      at ZXingScannerService.log (src/services/scanner/ScannerService.ts:190:15)

    console.error
      [ZXingScannerService] ╨Ю╤И╨╕╨▒╨║╨░ ╨┐╤А╨╛╨▓╨╡╤А╨║╨╕ ╨┐╨╛╨┤╨┤╨╡╤А╨╢╨║╨╕ ╤Д╨╛╨╜╨░╤А╨╕╨║╨░: TypeError: videoTrack.getCapabilities is not a function
          at ZXingScannerService.getCapabilities [as checkFlashlightSupport] (D:\Dev\ExoScan\exoscan-web\src\services\scanner\ZXingScannerService.ts:275:39)
          at ZXingScannerService.checkFlashlightSupport [as startScanning] (D:\Dev\ExoScan\exoscan-web\src\services\scanner\ZXingScannerService.ts:93:18)
          at D:\Dev\ExoScan\exoscan-web\src\hooks\useScanner.ts:152:7
          at handleLoadedMetadata (D:\Dev\ExoScan\exoscan-web\src\components\Scanner.tsx:64:11)

      194 |   protected logError(message: string, error?: any): void {
      195 |     if (this.config.enableDiagnostics) {
    > 196 |       console.error(`[${this.constructor.name}] ${message}`, error)
          |               ^
      197 |     }
      198 |   }
      199 | }

      at ZXingScannerService.error [as logError] (src/services/scanner/ScannerService.ts:196:15)
      at ZXingScannerService.logError [as checkFlashlightSupport] (src/services/scanner/ZXingScannerService.ts:287:12)
      at ZXingScannerService.checkFlashlightSupport [as startScanning] (src/services/scanner/ZXingScannerService.ts:93:18)
      at src/hooks/useScanner.ts:152:7
      at handleLoadedMetadata (src/components/Scanner.tsx:64:11)

    console.log
      [ZXingScannerService] ╨Э╨░╤Б╤В╤А╨╛╨╣╨║╨░ ╨░╨▓╤В╨╛╨╝╨░╤В╨╕╤З╨╡╤Б╨║╨╛╨│╨╛ ╤Б╨║╨░╨╜╨╕╤А╨╛╨▓╨░╨╜╨╕╤П...

      at ZXingScannerService.log (src/services/scanner/ScannerService.ts:190:15)

    console.log
      [ZXingScannerService] ╨б╨║╨░╨╜╨╕╤А╨╛╨▓╨░╨╜╨╕╨╡ ╤Г╤Б╨┐╨╡╤И╨╜╨╛ ╨╖╨░╨┐╤Г╤Й╨╡╨╜╨╛

      at ZXingScannerService.log (src/services/scanner/ScannerService.ts:190:15)

    console.log
      тЬЕ useScanner: ╨б╨║╨░╨╜╨╕╤А╨╛╨▓╨░╨╜╨╕╨╡ ╨╖╨░╨┐╤Г╤Й╨╡╨╜╨╛ ╤Г╤Б╨┐╨╡╤И╨╜╨╛

      at log (src/hooks/useScanner.ts:171:15)

    console.log
      тЬЕ Scanner: ╨б╨║╨░╨╜╨╕╤А╨╛╨▓╨░╨╜╨╕╨╡ ╨╖╨░╨┐╤Г╤Й╨╡╨╜╨╛

      at log (src/components/Scanner.tsx:65:19)

    console.log
      ЁЯз╣ useScanner: ╨Ю╤З╨╕╤Б╤В╨║╨░ ╨┐╤А╨╕ ╤А╨░╨╖╨╝╨╛╨╜╤В╨╕╤А╨╛╨▓╨░╨╜╨╕╨╕

      at log (src/hooks/useScanner.ts:388:15)
          at Array.forEach (<anonymous>)

    console.log
      [ZXingScannerService] ╨Ю╤Б╤В╨░╨╜╨╛╨▓╨║╨░ ╤Б╨║╨░╨╜╨╕╤А╨╛╨▓╨░╨╜╨╕╤П...

      at ZXingScannerService.log (src/services/scanner/ScannerService.ts:190:15)
          at Array.forEach (<anonymous>)

    console.log
      [ZXingScannerService] ╨б╨║╨░╨╜╨╕╤А╨╛╨▓╨░╨╜╨╕╨╡ ╨╛╤Б╤В╨░╨╜╨╛╨▓╨╗╨╡╨╜╨╛

      at ZXingScannerService.log (src/services/scanner/ScannerService.ts:190:15)
          at Array.forEach (<anonymous>)

    console.log
      ЁЯЪА useScanner: ╨Ч╨░╨┐╤Г╤Б╨║ ╨░╨▓╤В╨╛╨╕╨╜╨╕╤Ж╨╕╨░╨╗╨╕╨╖╨░╤Ж╨╕╨╕...

      at log (src/hooks/useScanner.ts:382:13)

    console.log
      ЁЯФД useScanner: ╨Ш╨╜╨╕╤Ж╨╕╨░╨╗╨╕╨╖╨░╤Ж╨╕╤П ╤Б╨║╨░╨╜╨╡╤А╨░...

      at log (src/hooks/useScanner.ts:92:15)

    console.log
      ЁЯПн ScannerFactory: ╨б╨╛╨╖╨┤╨░╨╜╨╕╨╡ ╤Б╨║╨░╨╜╨╡╤А╨░... {
        preferredType: 'auto',
        fallbackToZXing: true,
        config: {
          enableDiagnostics: true,
          formats: [ 'ean_13', 'ean_8', 'upc_a', 'code_128' ]
        }
      }

      at Function.log [as createScanner] (src/services/scanner/index.ts:37:13)

    console.log
      ЁЯФН ScannerFactory: ╨Р╨▓╤В╨╛╨╝╨░╤В╨╕╤З╨╡╤Б╨║╨╕╨╣ ╨▓╤Л╨▒╨╛╤А ╤Б╨║╨░╨╜╨╡╤А╨░...

      at Function.log [as createBestAvailableScanner] (src/services/scanner/index.ts:87:13)

    console.log
      ЁЯУК ScannerFactory: ╨Ф╨╛╤Б╤В╤Г╨┐╨╜╨╛╤Б╤В╤М API: {
        barcodeDetector: false,
        zxing: true,
        camera: true,
        secureContext: true
      }

      at Function.log [as createBestAvailableScanner] (src/services/scanner/index.ts:91:13)

    console.log
      ЁЯФД ScannerFactory: Fallback ╨║ ZXing

      at Function.log [as createBestAvailableScanner] (src/services/scanner/index.ts:110:15)

    console.log
      [ZXingScannerService] ╨Ш╨╜╨╕╤Ж╨╕╨░╨╗╨╕╨╖╨░╤Ж╨╕╤П ZXing ╤Б╨║╨░╨╜╨╡╤А╨░...

      at ZXingScannerService.log (src/services/scanner/ScannerService.ts:190:15)

    console.log
      тЬЕ useScanner: ╨б╨║╨░╨╜╨╡╤А ╨╕╨╜╨╕╤Ж╨╕╨░╨╗╨╕╨╖╨╕╤А╨╛╨▓╨░╨╜ {
        caps: {
          supportedFormats: [ 'ean_13', 'ean_8', 'upc_a', 'code_128' ],
          supportsFlashlight: true,
          supportsZoom: true,
          supportsFocus: true,
          maxZoom: 3
        },
        cameras: [ { deviceId: 'camera1', kind: 'videoinput', label: 'Camera 1' } ],
        permission: { granted: false, denied: false, prompt: true }
      }

      at log (src/hooks/useScanner.ts:110:15)

    console.log
      тЦ╢я╕П useScanner: ╨Ч╨░╨┐╤Г╤Б╨║ ╤Б╨║╨░╨╜╨╕╤А╨╛╨▓╨░╨╜╨╕╤П...

      at log (src/hooks/useScanner.ts:136:15)

    console.log
      ЁЯФН useScanner: ╨Ф╨╕╨░╨│╨╜╨╛╤Б╤В╨╕╨║╨░ ╨┐╨╡╤А╨╡╨┤ ╨╖╨░╨┐╤Г╤Б╨║╨╛╨╝: {
        scannerType: 'ZXingScannerService',
        videoElement: {
          readyState: 4,
          videoWidth: 0,
          videoHeight: 0,
          srcObject: false,
          autoplay: true,
          muted: true,
          playsInline: true
        },
        capabilities: {
          supportedFormats: [ 'ean_13', 'ean_8', 'upc_a', 'code_128' ],
          supportsFlashlight: true,
          supportsZoom: true,
          supportsFocus: true,
          maxZoom: 3
        },
        permissionStatus: { granted: false, denied: false, prompt: true }
      }

      at log (src/hooks/useScanner.ts:137:15)

    console.log
      [ZXingScannerService] ╨Ч╨░╨┐╤Г╤Б╨║ ╤Б╨║╨░╨╜╨╕╤А╨╛╨▓╨░╨╜╨╕╤П...

      at ZXingScannerService.log (src/services/scanner/ScannerService.ts:190:15)

    console.log
      [ZXingScannerService] ╨Я╨╛╨┐╤Л╤В╨║╨░ ╨┐╨╛╨╗╤Г╤З╨╡╨╜╨╕╤П ╨║╨░╨╝╨╡╤А╤Л ╤Б ╨╛╨│╤А╨░╨╜╨╕╤З╨╡╨╜╨╕╤П╨╝╨╕: {
        video: {
          facingMode: undefined,
          width: { ideal: 1920, max: 1920 },
          height: { ideal: 1080, max: 1080 },
          frameRate: { ideal: 30, max: 60 },
          focusMode: { ideal: 'continuous' },
          exposureMode: { ideal: 'continuous' },
          whiteBalanceMode: { ideal: 'continuous' }
        }
      }

      at ZXingScannerService.log (src/services/scanner/ScannerService.ts:190:15)

    console.log
      [ZXingScannerService] ╨Ь╨╛╨▒╨╕╨╗╤М╨╜╤Л╨╡ ╨░╤В╤А╨╕╨▒╤Г╤В╤Л ╨▓╨╕╨┤╨╡╨╛ ╤Г╤Б╤В╨░╨╜╨╛╨▓╨╗╨╡╨╜╤Л

      at ZXingScannerService.log (src/services/scanner/ScannerService.ts:190:15)

    console.log
      [ZXingScannerService] ╨Т╨╕╨┤╨╡╨╛ ╤Г╨╢╨╡ ╨│╨╛╤В╨╛╨▓╨╛

      at ZXingScannerService.log (src/services/scanner/ScannerService.ts:190:15)

    console.log
      [ZXingScannerService] ╨Т╨╕╨┤╨╡╨╛ ╨│╨╛╤В╨╛╨▓╨╛ ╨║ ╨▓╨╛╤Б╨┐╤А╨╛╨╕╨╖╨▓╨╡╨┤╨╡╨╜╨╕╤О

      at ZXingScannerService.log (src/services/scanner/ScannerService.ts:190:15)

    console.log
      [ZXingScannerService] ╨Т╨╕╨┤╨╡╨╛ ╤Г╤Б╨┐╨╡╤И╨╜╨╛ ╨╖╨░╨┐╤Г╤Й╨╡╨╜╨╛

      at ZXingScannerService.log (src/services/scanner/ScannerService.ts:190:15)

    console.error
      [ZXingScannerService] ╨Ю╤И╨╕╨▒╨║╨░ ╨┐╤А╨╛╨▓╨╡╤А╨║╨╕ ╨┐╨╛╨┤╨┤╨╡╤А╨╢╨║╨╕ ╤Д╨╛╨╜╨░╤А╨╕╨║╨░: TypeError: videoTrack.getCapabilities is not a function
          at ZXingScannerService.getCapabilities [as checkFlashlightSupport] (D:\Dev\ExoScan\exoscan-web\src\services\scanner\ZXingScannerService.ts:275:39)
          at ZXingScannerService.checkFlashlightSupport [as startScanning] (D:\Dev\ExoScan\exoscan-web\src\services\scanner\ZXingScannerService.ts:93:18)
          at D:\Dev\ExoScan\exoscan-web\src\hooks\useScanner.ts:152:7
          at handleLoadedMetadata (D:\Dev\ExoScan\exoscan-web\src\components\Scanner.tsx:64:11)

      194 |   protected logError(message: string, error?: any): void {
      195 |     if (this.config.enableDiagnostics) {
    > 196 |       console.error(`[${this.constructor.name}] ${message}`, error)
          |               ^
      197 |     }
      198 |   }
      199 | }

      at ZXingScannerService.error [as logError] (src/services/scanner/ScannerService.ts:196:15)
      at ZXingScannerService.logError [as checkFlashlightSupport] (src/services/scanner/ZXingScannerService.ts:287:12)
      at ZXingScannerService.checkFlashlightSupport [as startScanning] (src/services/scanner/ZXingScannerService.ts:93:18)
      at src/hooks/useScanner.ts:152:7
      at handleLoadedMetadata (src/components/Scanner.tsx:64:11)

    console.log
      [ZXingScannerService] ╨Э╨░╤Б╤В╤А╨╛╨╣╨║╨░ ╨░╨▓╤В╨╛╨╝╨░╤В╨╕╤З╨╡╤Б╨║╨╛╨│╨╛ ╤Б╨║╨░╨╜╨╕╤А╨╛╨▓╨░╨╜╨╕╤П...

      at ZXingScannerService.log (src/services/scanner/ScannerService.ts:190:15)

    console.log
      [ZXingScannerService] ╨б╨║╨░╨╜╨╕╤А╨╛╨▓╨░╨╜╨╕╨╡ ╤Г╤Б╨┐╨╡╤И╨╜╨╛ ╨╖╨░╨┐╤Г╤Й╨╡╨╜╨╛

      at ZXingScannerService.log (src/services/scanner/ScannerService.ts:190:15)

    console.log
      тЬЕ useScanner: ╨б╨║╨░╨╜╨╕╤А╨╛╨▓╨░╨╜╨╕╨╡ ╨╖╨░╨┐╤Г╤Й╨╡╨╜╨╛ ╤Г╤Б╨┐╨╡╤И╨╜╨╛

      at log (src/hooks/useScanner.ts:171:15)

    console.log
      тЬЕ Scanner: ╨б╨║╨░╨╜╨╕╤А╨╛╨▓╨░╨╜╨╕╨╡ ╨╖╨░╨┐╤Г╤Й╨╡╨╜╨╛

      at log (src/components/Scanner.tsx:65:19)

    console.log
      ЁЯз╣ useScanner: ╨Ю╤З╨╕╤Б╤В╨║╨░ ╨┐╤А╨╕ ╤А╨░╨╖╨╝╨╛╨╜╤В╨╕╤А╨╛╨▓╨░╨╜╨╕╨╕

      at log (src/hooks/useScanner.ts:388:15)
          at Array.forEach (<anonymous>)

    console.log
      [ZXingScannerService] ╨Ю╤Б╤В╨░╨╜╨╛╨▓╨║╨░ ╤Б╨║╨░╨╜╨╕╤А╨╛╨▓╨░╨╜╨╕╤П...

      at ZXingScannerService.log (src/services/scanner/ScannerService.ts:190:15)
          at Array.forEach (<anonymous>)

    console.log
      [ZXingScannerService] ╨б╨║╨░╨╜╨╕╤А╨╛╨▓╨░╨╜╨╕╨╡ ╨╛╤Б╤В╨░╨╜╨╛╨▓╨╗╨╡╨╜╨╛

      at ZXingScannerService.log (src/services/scanner/ScannerService.ts:190:15)
          at Array.forEach (<anonymous>)

    console.log
      ЁЯЪА useScanner: ╨Ч╨░╨┐╤Г╤Б╨║ ╨░╨▓╤В╨╛╨╕╨╜╨╕╤Ж╨╕╨░╨╗╨╕╨╖╨░╤Ж╨╕╨╕...

      at log (src/hooks/useScanner.ts:382:13)

    console.log
      ЁЯФД useScanner: ╨Ш╨╜╨╕╤Ж╨╕╨░╨╗╨╕╨╖╨░╤Ж╨╕╤П ╤Б╨║╨░╨╜╨╡╤А╨░...

      at log (src/hooks/useScanner.ts:92:15)

    console.log
      ЁЯПн ScannerFactory: ╨б╨╛╨╖╨┤╨░╨╜╨╕╨╡ ╤Б╨║╨░╨╜╨╡╤А╨░... {
        preferredType: 'auto',
        fallbackToZXing: true,
        config: {
          enableDiagnostics: true,
          formats: [ 'ean_13', 'ean_8', 'upc_a', 'code_128' ]
        }
      }

      at Function.log [as createScanner] (src/services/scanner/index.ts:37:13)

    console.log
      ЁЯФН ScannerFactory: ╨Р╨▓╤В╨╛╨╝╨░╤В╨╕╤З╨╡╤Б╨║╨╕╨╣ ╨▓╤Л╨▒╨╛╤А ╤Б╨║╨░╨╜╨╡╤А╨░...

      at Function.log [as createBestAvailableScanner] (src/services/scanner/index.ts:87:13)

    console.log
      ЁЯУК ScannerFactory: ╨Ф╨╛╤Б╤В╤Г╨┐╨╜╨╛╤Б╤В╤М API: {
        barcodeDetector: false,
        zxing: true,
        camera: true,
        secureContext: true
      }

      at Function.log [as createBestAvailableScanner] (src/services/scanner/index.ts:91:13)

    console.log
      ЁЯФД ScannerFactory: Fallback ╨║ ZXing

      at Function.log [as createBestAvailableScanner] (src/services/scanner/index.ts:110:15)

    console.log
      [ZXingScannerService] ╨Ш╨╜╨╕╤Ж╨╕╨░╨╗╨╕╨╖╨░╤Ж╨╕╤П ZXing ╤Б╨║╨░╨╜╨╡╤А╨░...

      at ZXingScannerService.log (src/services/scanner/ScannerService.ts:190:15)

    console.log
      тЬЕ useScanner: ╨б╨║╨░╨╜╨╡╤А ╨╕╨╜╨╕╤Ж╨╕╨░╨╗╨╕╨╖╨╕╤А╨╛╨▓╨░╨╜ {
        caps: {
          supportedFormats: [ 'ean_13', 'ean_8', 'upc_a', 'code_128' ],
          supportsFlashlight: true,
          supportsZoom: true,
          supportsFocus: true,
          maxZoom: 3
        },
        cameras: [ { deviceId: 'camera1', kind: 'videoinput', label: 'Camera 1' } ],
        permission: { granted: false, denied: false, prompt: true }
      }

      at log (src/hooks/useScanner.ts:110:15)

    console.log
      тЦ╢я╕П useScanner: ╨Ч╨░╨┐╤Г╤Б╨║ ╤Б╨║╨░╨╜╨╕╤А╨╛╨▓╨░╨╜╨╕╤П...

      at log (src/hooks/useScanner.ts:136:15)

    console.log
      ЁЯФН useScanner: ╨Ф╨╕╨░╨│╨╜╨╛╤Б╤В╨╕╨║╨░ ╨┐╨╡╤А╨╡╨┤ ╨╖╨░╨┐╤Г╤Б╨║╨╛╨╝: {
        scannerType: 'ZXingScannerService',
        videoElement: {
          readyState: 4,
          videoWidth: 0,
          videoHeight: 0,
          srcObject: false,
          autoplay: true,
          muted: true,
          playsInline: true
        },
        capabilities: {
          supportedFormats: [ 'ean_13', 'ean_8', 'upc_a', 'code_128' ],
          supportsFlashlight: true,
          supportsZoom: true,
          supportsFocus: true,
          maxZoom: 3
        },
        permissionStatus: { granted: false, denied: false, prompt: true }
      }

      at log (src/hooks/useScanner.ts:137:15)

    console.log
      [ZXingScannerService] ╨Ч╨░╨┐╤Г╤Б╨║ ╤Б╨║╨░╨╜╨╕╤А╨╛╨▓╨░╨╜╨╕╤П...

      at ZXingScannerService.log (src/services/scanner/ScannerService.ts:190:15)

    console.log
      [ZXingScannerService] ╨Я╨╛╨┐╤Л╤В╨║╨░ ╨┐╨╛╨╗╤Г╤З╨╡╨╜╨╕╤П ╨║╨░╨╝╨╡╤А╤Л ╤Б ╨╛╨│╤А╨░╨╜╨╕╤З╨╡╨╜╨╕╤П╨╝╨╕: {
        video: {
          facingMode: undefined,
          width: { ideal: 1920, max: 1920 },
          height: { ideal: 1080, max: 1080 },
          frameRate: { ideal: 30, max: 60 },
          focusMode: { ideal: 'continuous' },
          exposureMode: { ideal: 'continuous' },
          whiteBalanceMode: { ideal: 'continuous' }
        }
      }

      at ZXingScannerService.log (src/services/scanner/ScannerService.ts:190:15)

    console.error
      [ZXingScannerService] ╨Ю╤И╨╕╨▒╨║╨░ ╨┐╨╛╨╗╤Г╤З╨╡╨╜╨╕╤П ╨║╨░╨╝╨╡╤А╤Л: Error [NotFoundError]: Camera not found
          at Object.<anonymous> (D:\Dev\ExoScan\exoscan-web\src\components\__tests__\Scanner.test.tsx:257:29)
          at Promise.finally.completed (D:\Dev\ExoScan\exoscan-web\node_modules\jest-circus\build\jestAdapterInit.js:1557:28)
          at new Promise (<anonymous>)
          at callAsyncCircusFn (D:\Dev\ExoScan\exoscan-web\node_modules\jest-circus\build\jestAdapterInit.js:1497:10)
          at _callCircusTest (D:\Dev\ExoScan\exoscan-web\node_modules\jest-circus\build\jestAdapterInit.js:1007:40)
          at _runTest (D:\Dev\ExoScan\exoscan-web\node_modules\jest-circus\build\jestAdapterInit.js:947:3)
          at D:\Dev\ExoScan\exoscan-web\node_modules\jest-circus\build\jestAdapterInit.js:849:7
          at _runTestsForDescribeBlock (D:\Dev\ExoScan\exoscan-web\node_modules\jest-circus\build\jestAdapterInit.js:862:11)
          at _runTestsForDescribeBlock (D:\Dev\ExoScan\exoscan-web\node_modules\jest-circus\build\jestAdapterInit.js:857:11)
          at _runTestsForDescribeBlock (D:\Dev\ExoScan\exoscan-web\node_modules\jest-circus\build\jestAdapterInit.js:857:11)
          at run (D:\Dev\ExoScan\exoscan-web\node_modules\jest-circus\build\jestAdapterInit.js:761:3)
          at runAndTransformResultsToJestFormat (D:\Dev\ExoScan\exoscan-web\node_modules\jest-circus\build\jestAdapterInit.js:1918:21)
          at jestAdapter (D:\Dev\ExoScan\exoscan-web\node_modules\jest-circus\build\runner.js:101:19)
          at runTestInternal (D:\Dev\ExoScan\exoscan-web\node_modules\jest-runner\build\testWorker.js:275:16)
          at runTest (D:\Dev\ExoScan\exoscan-web\node_modules\jest-runner\build\testWorker.js:343:7)
          at Object.worker (D:\Dev\ExoScan\exoscan-web\node_modules\jest-runner\build\testWorker.js:497:12)

      194 |   protected logError(message: string, error?: any): void {
      195 |     if (this.config.enableDiagnostics) {
    > 196 |       console.error(`[${this.constructor.name}] ${message}`, error)
          |               ^
      197 |     }
      198 |   }
      199 | }

      at ZXingScannerService.error [as logError] (src/services/scanner/ScannerService.ts:196:15)
      at ZXingScannerService.logError [as getCameraStream] (src/services/scanner/ZXingScannerService.ts:333:14)
      at ZXingScannerService.startScanning (src/services/scanner/ZXingScannerService.ts:71:22)
      at src/hooks/useScanner.ts:152:7
      at handleLoadedMetadata (src/components/Scanner.tsx:64:11)

    console.log
      [ZXingScannerService] ╨Я╨╛╨┐╤Л╤В╨║╨░ ╨┐╨╛╨╗╤Г╤З╨╡╨╜╨╕╤П ╨║╨░╨╝╨╡╤А╤Л ╤Б ╨╛╨│╤А╨░╨╜╨╕╤З╨╡╨╜╨╕╤П╨╝╨╕: {
        video: {
          width: { ideal: 1280 },
          height: { ideal: 720 },
          frameRate: { ideal: 30 }
        }
      }

      at ZXingScannerService.log (src/services/scanner/ScannerService.ts:190:15)

    console.error
      [ZXingScannerService] ╨Ю╤И╨╕╨▒╨║╨░ ╨┐╨╛╨╗╤Г╤З╨╡╨╜╨╕╤П ╨║╨░╨╝╨╡╤А╤Л: Error [NotFoundError]: Camera not found
          at Object.<anonymous> (D:\Dev\ExoScan\exoscan-web\src\components\__tests__\Scanner.test.tsx:257:29)
          at Promise.finally.completed (D:\Dev\ExoScan\exoscan-web\node_modules\jest-circus\build\jestAdapterInit.js:1557:28)
          at new Promise (<anonymous>)
          at callAsyncCircusFn (D:\Dev\ExoScan\exoscan-web\node_modules\jest-circus\build\jestAdapterInit.js:1497:10)
          at _callCircusTest (D:\Dev\ExoScan\exoscan-web\node_modules\jest-circus\build\jestAdapterInit.js:1007:40)
          at _runTest (D:\Dev\ExoScan\exoscan-web\node_modules\jest-circus\build\jestAdapterInit.js:947:3)
          at D:\Dev\ExoScan\exoscan-web\node_modules\jest-circus\build\jestAdapterInit.js:849:7
          at _runTestsForDescribeBlock (D:\Dev\ExoScan\exoscan-web\node_modules\jest-circus\build\jestAdapterInit.js:862:11)
          at _runTestsForDescribeBlock (D:\Dev\ExoScan\exoscan-web\node_modules\jest-circus\build\jestAdapterInit.js:857:11)
          at _runTestsForDescribeBlock (D:\Dev\ExoScan\exoscan-web\node_modules\jest-circus\build\jestAdapterInit.js:857:11)
          at run (D:\Dev\ExoScan\exoscan-web\node_modules\jest-circus\build\jestAdapterInit.js:761:3)
          at runAndTransformResultsToJestFormat (D:\Dev\ExoScan\exoscan-web\node_modules\jest-circus\build\jestAdapterInit.js:1918:21)
          at jestAdapter (D:\Dev\ExoScan\exoscan-web\node_modules\jest-circus\build\runner.js:101:19)
          at runTestInternal (D:\Dev\ExoScan\exoscan-web\node_modules\jest-runner\build\testWorker.js:275:16)
          at runTest (D:\Dev\ExoScan\exoscan-web\node_modules\jest-runner\build\testWorker.js:343:7)
          at Object.worker (D:\Dev\ExoScan\exoscan-web\node_modules\jest-runner\build\testWorker.js:497:12)

      194 |   protected logError(message: string, error?: any): void {
      195 |     if (this.config.enableDiagnostics) {
    > 196 |       console.error(`[${this.constructor.name}] ${message}`, error)
          |               ^
      197 |     }
      198 |   }
      199 | }

      at ZXingScannerService.error [as logError] (src/services/scanner/ScannerService.ts:196:15)
      at ZXingScannerService.logError [as getCameraStream] (src/services/scanner/ZXingScannerService.ts:333:14)
      at ZXingScannerService.startScanning (src/services/scanner/ZXingScannerService.ts:71:22)
      at src/hooks/useScanner.ts:152:7
      at handleLoadedMetadata (src/components/Scanner.tsx:64:11)

    console.log
      [ZXingScannerService] ╨Я╨╛╨┐╤Л╤В╨║╨░ ╨┐╨╛╨╗╤Г╤З╨╡╨╜╨╕╤П ╨║╨░╨╝╨╡╤А╤Л ╤Б ╨╛╨│╤А╨░╨╜╨╕╤З╨╡╨╜╨╕╤П╨╝╨╕: { video: {} }

      at ZXingScannerService.log (src/services/scanner/ScannerService.ts:190:15)

    console.error
      [ZXingScannerService] ╨Ю╤И╨╕╨▒╨║╨░ ╨┐╨╛╨╗╤Г╤З╨╡╨╜╨╕╤П ╨║╨░╨╝╨╡╤А╤Л: Error [NotFoundError]: Camera not found
          at Object.<anonymous> (D:\Dev\ExoScan\exoscan-web\src\components\__tests__\Scanner.test.tsx:257:29)
          at Promise.finally.completed (D:\Dev\ExoScan\exoscan-web\node_modules\jest-circus\build\jestAdapterInit.js:1557:28)
          at new Promise (<anonymous>)
          at callAsyncCircusFn (D:\Dev\ExoScan\exoscan-web\node_modules\jest-circus\build\jestAdapterInit.js:1497:10)
          at _callCircusTest (D:\Dev\ExoScan\exoscan-web\node_modules\jest-circus\build\jestAdapterInit.js:1007:40)
          at _runTest (D:\Dev\ExoScan\exoscan-web\node_modules\jest-circus\build\jestAdapterInit.js:947:3)
          at D:\Dev\ExoScan\exoscan-web\node_modules\jest-circus\build\jestAdapterInit.js:849:7
          at _runTestsForDescribeBlock (D:\Dev\ExoScan\exoscan-web\node_modules\jest-circus\build\jestAdapterInit.js:862:11)
          at _runTestsForDescribeBlock (D:\Dev\ExoScan\exoscan-web\node_modules\jest-circus\build\jestAdapterInit.js:857:11)
          at _runTestsForDescribeBlock (D:\Dev\ExoScan\exoscan-web\node_modules\jest-circus\build\jestAdapterInit.js:857:11)
          at run (D:\Dev\ExoScan\exoscan-web\node_modules\jest-circus\build\jestAdapterInit.js:761:3)
          at runAndTransformResultsToJestFormat (D:\Dev\ExoScan\exoscan-web\node_modules\jest-circus\build\jestAdapterInit.js:1918:21)
          at jestAdapter (D:\Dev\ExoScan\exoscan-web\node_modules\jest-circus\build\runner.js:101:19)
          at runTestInternal (D:\Dev\ExoScan\exoscan-web\node_modules\jest-runner\build\testWorker.js:275:16)
          at runTest (D:\Dev\ExoScan\exoscan-web\node_modules\jest-runner\build\testWorker.js:343:7)
          at Object.worker (D:\Dev\ExoScan\exoscan-web\node_modules\jest-runner\build\testWorker.js:497:12)

      194 |   protected logError(message: string, error?: any): void {
      195 |     if (this.config.enableDiagnostics) {
    > 196 |       console.error(`[${this.constructor.name}] ${message}`, error)
          |               ^
      197 |     }
      198 |   }
      199 | }

      at ZXingScannerService.error [as logError] (src/services/scanner/ScannerService.ts:196:15)
      at ZXingScannerService.logError [as getCameraStream] (src/services/scanner/ZXingScannerService.ts:333:14)
      at ZXingScannerService.startScanning (src/services/scanner/ZXingScannerService.ts:71:22)
      at src/hooks/useScanner.ts:152:7
      at handleLoadedMetadata (src/components/Scanner.tsx:64:11)

    console.error
      [ZXingScannerService] ╨Ю╤И╨╕╨▒╨║╨░ ╨╖╨░╨┐╤Г╤Б╨║╨░ ╤Б╨║╨░╨╜╨╕╤А╨╛╨▓╨░╨╜╨╕╤П: Error: ╨Э╨╡ ╤Г╨┤╨░╨╗╨╛╤Б╤М ╨┐╨╛╨╗╤Г╤З╨╕╤В╤М ╨┤╨╛╤Б╤В╤Г╨┐ ╨║ ╨║╨░╨╝╨╡╤А╨╡
          at ZXingScannerService.getCameraStream (D:\Dev\ExoScan\exoscan-web\src\services\scanner\ZXingScannerService.ts:337:11)
          at ZXingScannerService.startScanning (D:\Dev\ExoScan\exoscan-web\src\services\scanner\ZXingScannerService.ts:71:22)
          at D:\Dev\ExoScan\exoscan-web\src\hooks\useScanner.ts:152:7
          at handleLoadedMetadata (D:\Dev\ExoScan\exoscan-web\src\components\Scanner.tsx:64:11)

      194 |   protected logError(message: string, error?: any): void {
      195 |     if (this.config.enableDiagnostics) {
    > 196 |       console.error(`[${this.constructor.name}] ${message}`, error)
          |               ^
      197 |     }
      198 |   }
      199 | }

      at ZXingScannerService.error [as logError] (src/services/scanner/ScannerService.ts:196:15)
      at ZXingScannerService.logError [as startScanning] (src/services/scanner/ZXingScannerService.ts:107:12)
      at src/hooks/useScanner.ts:152:7
      at handleLoadedMetadata (src/components/Scanner.tsx:64:11)

    console.error
      тЭМ Scanner: Scan error: Error: ╨Э╨╡ ╤Г╨┤╨░╨╗╨╛╤Б╤М ╨┐╨╛╨╗╤Г╤З╨╕╤В╤М ╨┤╨╛╤Б╤В╤Г╨┐ ╨║ ╨║╨░╨╝╨╡╤А╨╡
          at ZXingScannerService.getCameraStream (D:\Dev\ExoScan\exoscan-web\src\services\scanner\ZXingScannerService.ts:337:11)
          at ZXingScannerService.startScanning (D:\Dev\ExoScan\exoscan-web\src\services\scanner\ZXingScannerService.ts:71:22)
          at D:\Dev\ExoScan\exoscan-web\src\hooks\useScanner.ts:152:7
          at handleLoadedMetadata (D:\Dev\ExoScan\exoscan-web\src\components\Scanner.tsx:64:11)

      48 |     },
      49 |     onScanError: (error) => {
    > 50 |       console.error('тЭМ Scanner: Scan error:', error)
         |               ^
      51 |       onError(error)
      52 |     }
      53 |   });

      at error (src/components/Scanner.tsx:50:15)
      at onScanError (src/hooks/useScanner.ts:162:11)
      at ZXingScannerService.onError [as startScanning] (src/services/scanner/ZXingScannerService.ts:109:9)
      at src/hooks/useScanner.ts:152:7
      at handleLoadedMetadata (src/components/Scanner.tsx:64:11)

    console.error
      тЭМ useScanner: ╨Ю╤И╨╕╨▒╨║╨░ ╤Б╨║╨░╨╜╨╕╤А╨╛╨▓╨░╨╜╨╕╤П: Error: ╨Э╨╡ ╤Г╨┤╨░╨╗╨╛╤Б╤М ╨┐╨╛╨╗╤Г╤З╨╕╤В╤М ╨┤╨╛╤Б╤В╤Г╨┐ ╨║ ╨║╨░╨╝╨╡╤А╨╡
          at ZXingScannerService.getCameraStream (D:\Dev\ExoScan\exoscan-web\src\services\scanner\ZXingScannerService.ts:337:11)
          at ZXingScannerService.startScanning (D:\Dev\ExoScan\exoscan-web\src\services\scanner\ZXingScannerService.ts:71:22)
          at D:\Dev\ExoScan\exoscan-web\src\hooks\useScanner.ts:152:7
          at handleLoadedMetadata (D:\Dev\ExoScan\exoscan-web\src\components\Scanner.tsx:64:11)

      161 |           setError(error)
      162 |           onScanError?.(error)
    > 163 |           console.error('тЭМ useScanner: ╨Ю╤И╨╕╨▒╨║╨░ ╤Б╨║╨░╨╜╨╕╤А╨╛╨▓╨░╨╜╨╕╤П:', error)
          |                   ^
      164 |         }
      165 |       )
      166 |

      at error (src/hooks/useScanner.ts:163:19)
      at ZXingScannerService.onError [as startScanning] (src/services/scanner/ZXingScannerService.ts:109:9)
      at src/hooks/useScanner.ts:152:7
      at handleLoadedMetadata (src/components/Scanner.tsx:64:11)

    console.error
      тЭМ useScanner: ╨Ф╨╡╤В╨░╨╗╤М╨╜╨░╤П ╨╛╤И╨╕╨▒╨║╨░ ╨╖╨░╨┐╤Г╤Б╨║╨░: {
        error: '╨Э╨╡ ╤Г╨┤╨░╨╗╨╛╤Б╤М ╨┐╨╛╨╗╤Г╤З╨╕╤В╤М ╨┤╨╛╤Б╤В╤Г╨┐ ╨║ ╨║╨░╨╝╨╡╤А╨╡',
        stack: 'Error: ╨Э╨╡ ╤Г╨┤╨░╨╗╨╛╤Б╤М ╨┐╨╛╨╗╤Г╤З╨╕╤В╤М ╨┤╨╛╤Б╤В╤Г╨┐ ╨║ ╨║╨░╨╝╨╡╤А╨╡\n' +
          '    at ZXingScannerService.getCameraStream (D:\\Dev\\ExoScan\\exoscan-web\\src\\services\\scanner\\ZXingScannerService.ts:337:11)\n' +
          '    at ZXingScannerService.startScanning (D:\\Dev\\ExoScan\\exoscan-web\\src\\services\\scanner\\ZXingScannerService.ts:71:22)\n' +
          '    at D:\\Dev\\ExoScan\\exoscan-web\\src\\hooks\\useScanner.ts:152:7\n' +
          '    at handleLoadedMetadata (D:\\Dev\\ExoScan\\exoscan-web\\src\\components\\Scanner.tsx:64:11)',
        videoElement: { readyState: 4, srcObject: false }
      }

      173 |     } catch (err) {
      174 |       const error = err instanceof Error ? err : new Error('╨Ю╤И╨╕╨▒╨║╨░ ╨╖╨░╨┐╤Г╤Б╨║╨░ ╤Б╨║╨░╨╜╨╕╤А╨╛╨▓╨░╨╜╨╕╤П')
    > 175 |       console.error('тЭМ useScanner: ╨Ф╨╡╤В╨░╨╗╤М╨╜╨░╤П ╨╛╤И╨╕╨▒╨║╨░ ╨╖╨░╨┐╤Г╤Б╨║╨░:', {
          |               ^
      176 |         error: error.message,
      177 |         stack: error.stack,
      178 |         videoElement: {

      at error (src/hooks/useScanner.ts:175:15)
      at handleLoadedMetadata (src/components/Scanner.tsx:64:11)

    console.error
      тЭМ Scanner: Scan error: Error: ╨Э╨╡ ╤Г╨┤╨░╨╗╨╛╤Б╤М ╨┐╨╛╨╗╤Г╤З╨╕╤В╤М ╨┤╨╛╤Б╤В╤Г╨┐ ╨║ ╨║╨░╨╝╨╡╤А╨╡
          at ZXingScannerService.getCameraStream (D:\Dev\ExoScan\exoscan-web\src\services\scanner\ZXingScannerService.ts:337:11)
          at ZXingScannerService.startScanning (D:\Dev\ExoScan\exoscan-web\src\services\scanner\ZXingScannerService.ts:71:22)
          at D:\Dev\ExoScan\exoscan-web\src\hooks\useScanner.ts:152:7
          at handleLoadedMetadata (D:\Dev\ExoScan\exoscan-web\src\components\Scanner.tsx:64:11)

      48 |     },
      49 |     onScanError: (error) => {
    > 50 |       console.error('тЭМ Scanner: Scan error:', error)
         |               ^
      51 |       onError(error)
      52 |     }
      53 |   });

      at error (src/components/Scanner.tsx:50:15)
      at onScanError (src/hooks/useScanner.ts:185:7)
      at handleLoadedMetadata (src/components/Scanner.tsx:64:11)

    console.error
      тЭМ Scanner: ╨Ю╤И╨╕╨▒╨║╨░ ╨╖╨░╨┐╤Г╤Б╨║╨░ ╤Б╨║╨░╨╜╨╕╤А╨╛╨▓╨░╨╜╨╕╤П: Error: ╨Э╨╡ ╤Г╨┤╨░╨╗╨╛╤Б╤М ╨┐╨╛╨╗╤Г╤З╨╕╤В╤М ╨┤╨╛╤Б╤В╤Г╨┐ ╨║ ╨║╨░╨╝╨╡╤А╨╡
          at ZXingScannerService.getCameraStream (D:\Dev\ExoScan\exoscan-web\src\services\scanner\ZXingScannerService.ts:337:11)
          at ZXingScannerService.startScanning (D:\Dev\ExoScan\exoscan-web\src\services\scanner\ZXingScannerService.ts:71:22)
          at D:\Dev\ExoScan\exoscan-web\src\hooks\useScanner.ts:152:7
          at handleLoadedMetadata (D:\Dev\ExoScan\exoscan-web\src\components\Scanner.tsx:64:11)

      65 |           console.log('тЬЕ Scanner: ╨б╨║╨░╨╜╨╕╤А╨╛╨▓╨░╨╜╨╕╨╡ ╨╖╨░╨┐╤Г╤Й╨╡╨╜╨╛');
      66 |         } catch (err) {
    > 67 |           console.error('тЭМ Scanner: ╨Ю╤И╨╕╨▒╨║╨░ ╨╖╨░╨┐╤Г╤Б╨║╨░ ╤Б╨║╨░╨╜╨╕╤А╨╛╨▓╨░╨╜╨╕╤П:', err);
         |                   ^
      68 |           onError(err instanceof Error ? err : new Error('╨Ю╤И╨╕╨▒╨║╨░ ╨╖╨░╨┐╤Г╤Б╨║╨░ ╤Б╨║╨░╨╜╨╕╤А╨╛╨▓╨░╨╜╨╕╤П'));
      69 |         }
      70 |       };

      at error (src/components/Scanner.tsx:67:19)

    console.log
      тЦ╢я╕П useScanner: ╨Ч╨░╨┐╤Г╤Б╨║ ╤Б╨║╨░╨╜╨╕╤А╨╛╨▓╨░╨╜╨╕╤П...

      at log (src/hooks/useScanner.ts:136:15)

    console.log
      ЁЯФН useScanner: ╨Ф╨╕╨░╨│╨╜╨╛╤Б╤В╨╕╨║╨░ ╨┐╨╡╤А╨╡╨┤ ╨╖╨░╨┐╤Г╤Б╨║╨╛╨╝: {
        scannerType: 'ZXingScannerService',
        videoElement: {
          readyState: 4,
          videoWidth: 0,
          videoHeight: 0,
          srcObject: false,
          autoplay: true,
          muted: true,
          playsInline: true
        },
        capabilities: {
          supportedFormats: [ 'ean_13', 'ean_8', 'upc_a', 'code_128' ],
          supportsFlashlight: true,
          supportsZoom: true,
          supportsFocus: true,
          maxZoom: 3
        },
        permissionStatus: { granted: false, denied: false, prompt: true }
      }

      at log (src/hooks/useScanner.ts:137:15)

    console.log
      [ZXingScannerService] ╨Ч╨░╨┐╤Г╤Б╨║ ╤Б╨║╨░╨╜╨╕╤А╨╛╨▓╨░╨╜╨╕╤П...

      at ZXingScannerService.log (src/services/scanner/ScannerService.ts:190:15)

    console.log
      [ZXingScannerService] ╨Я╨╛╨┐╤Л╤В╨║╨░ ╨┐╨╛╨╗╤Г╤З╨╡╨╜╨╕╤П ╨║╨░╨╝╨╡╤А╤Л ╤Б ╨╛╨│╤А╨░╨╜╨╕╤З╨╡╨╜╨╕╤П╨╝╨╕: {
        video: {
          facingMode: undefined,
          width: { ideal: 1920, max: 1920 },
          height: { ideal: 1080, max: 1080 },
          frameRate: { ideal: 30, max: 60 },
          focusMode: { ideal: 'continuous' },
          exposureMode: { ideal: 'continuous' },
          whiteBalanceMode: { ideal: 'continuous' }
        }
      }

      at ZXingScannerService.log (src/services/scanner/ScannerService.ts:190:15)

    console.error
      [ZXingScannerService] ╨Ю╤И╨╕╨▒╨║╨░ ╨┐╨╛╨╗╤Г╤З╨╡╨╜╨╕╤П ╨║╨░╨╝╨╡╤А╤Л: Error [NotFoundError]: Camera not found
          at Object.<anonymous> (D:\Dev\ExoScan\exoscan-web\src\components\__tests__\Scanner.test.tsx:257:29)
          at Promise.finally.completed (D:\Dev\ExoScan\exoscan-web\node_modules\jest-circus\build\jestAdapterInit.js:1557:28)
          at new Promise (<anonymous>)
          at callAsyncCircusFn (D:\Dev\ExoScan\exoscan-web\node_modules\jest-circus\build\jestAdapterInit.js:1497:10)
          at _callCircusTest (D:\Dev\ExoScan\exoscan-web\node_modules\jest-circus\build\jestAdapterInit.js:1007:40)
          at _runTest (D:\Dev\ExoScan\exoscan-web\node_modules\jest-circus\build\jestAdapterInit.js:947:3)
          at D:\Dev\ExoScan\exoscan-web\node_modules\jest-circus\build\jestAdapterInit.js:849:7
          at _runTestsForDescribeBlock (D:\Dev\ExoScan\exoscan-web\node_modules\jest-circus\build\jestAdapterInit.js:862:11)
          at _runTestsForDescribeBlock (D:\Dev\ExoScan\exoscan-web\node_modules\jest-circus\build\jestAdapterInit.js:857:11)
          at _runTestsForDescribeBlock (D:\Dev\ExoScan\exoscan-web\node_modules\jest-circus\build\jestAdapterInit.js:857:11)
          at run (D:\Dev\ExoScan\exoscan-web\node_modules\jest-circus\build\jestAdapterInit.js:761:3)
          at runAndTransformResultsToJestFormat (D:\Dev\ExoScan\exoscan-web\node_modules\jest-circus\build\jestAdapterInit.js:1918:21)
          at jestAdapter (D:\Dev\ExoScan\exoscan-web\node_modules\jest-circus\build\runner.js:101:19)
          at runTestInternal (D:\Dev\ExoScan\exoscan-web\node_modules\jest-runner\build\testWorker.js:275:16)
          at runTest (D:\Dev\ExoScan\exoscan-web\node_modules\jest-runner\build\testWorker.js:343:7)
          at Object.worker (D:\Dev\ExoScan\exoscan-web\node_modules\jest-runner\build\testWorker.js:497:12)

      194 |   protected logError(message: string, error?: any): void {
      195 |     if (this.config.enableDiagnostics) {
    > 196 |       console.error(`[${this.constructor.name}] ${message}`, error)
          |               ^
      197 |     }
      198 |   }
      199 | }

      at ZXingScannerService.error [as logError] (src/services/scanner/ScannerService.ts:196:15)
      at ZXingScannerService.logError [as getCameraStream] (src/services/scanner/ZXingScannerService.ts:333:14)
      at ZXingScannerService.startScanning (src/services/scanner/ZXingScannerService.ts:71:22)
      at src/hooks/useScanner.ts:152:7
      at handleLoadedMetadata (src/components/Scanner.tsx:64:11)

    console.log
      [ZXingScannerService] ╨Я╨╛╨┐╤Л╤В╨║╨░ ╨┐╨╛╨╗╤Г╤З╨╡╨╜╨╕╤П ╨║╨░╨╝╨╡╤А╤Л ╤Б ╨╛╨│╤А╨░╨╜╨╕╤З╨╡╨╜╨╕╤П╨╝╨╕: {
        video: {
          width: { ideal: 1280 },
          height: { ideal: 720 },
          frameRate: { ideal: 30 }
        }
      }

      at ZXingScannerService.log (src/services/scanner/ScannerService.ts:190:15)

    console.error
      [ZXingScannerService] ╨Ю╤И╨╕╨▒╨║╨░ ╨┐╨╛╨╗╤Г╤З╨╡╨╜╨╕╤П ╨║╨░╨╝╨╡╤А╤Л: Error [NotFoundError]: Camera not found
          at Object.<anonymous> (D:\Dev\ExoScan\exoscan-web\src\components\__tests__\Scanner.test.tsx:257:29)
          at Promise.finally.completed (D:\Dev\ExoScan\exoscan-web\node_modules\jest-circus\build\jestAdapterInit.js:1557:28)
          at new Promise (<anonymous>)
          at callAsyncCircusFn (D:\Dev\ExoScan\exoscan-web\node_modules\jest-circus\build\jestAdapterInit.js:1497:10)
          at _callCircusTest (D:\Dev\ExoScan\exoscan-web\node_modules\jest-circus\build\jestAdapterInit.js:1007:40)
          at _runTest (D:\Dev\ExoScan\exoscan-web\node_modules\jest-circus\build\jestAdapterInit.js:947:3)
          at D:\Dev\ExoScan\exoscan-web\node_modules\jest-circus\build\jestAdapterInit.js:849:7
          at _runTestsForDescribeBlock (D:\Dev\ExoScan\exoscan-web\node_modules\jest-circus\build\jestAdapterInit.js:862:11)
          at _runTestsForDescribeBlock (D:\Dev\ExoScan\exoscan-web\node_modules\jest-circus\build\jestAdapterInit.js:857:11)
          at _runTestsForDescribeBlock (D:\Dev\ExoScan\exoscan-web\node_modules\jest-circus\build\jestAdapterInit.js:857:11)
          at run (D:\Dev\ExoScan\exoscan-web\node_modules\jest-circus\build\jestAdapterInit.js:761:3)
          at runAndTransformResultsToJestFormat (D:\Dev\ExoScan\exoscan-web\node_modules\jest-circus\build\jestAdapterInit.js:1918:21)
          at jestAdapter (D:\Dev\ExoScan\exoscan-web\node_modules\jest-circus\build\runner.js:101:19)
          at runTestInternal (D:\Dev\ExoScan\exoscan-web\node_modules\jest-runner\build\testWorker.js:275:16)
          at runTest (D:\Dev\ExoScan\exoscan-web\node_modules\jest-runner\build\testWorker.js:343:7)
          at Object.worker (D:\Dev\ExoScan\exoscan-web\node_modules\jest-runner\build\testWorker.js:497:12)

      194 |   protected logError(message: string, error?: any): void {
      195 |     if (this.config.enableDiagnostics) {
    > 196 |       console.error(`[${this.constructor.name}] ${message}`, error)
          |               ^
      197 |     }
      198 |   }
      199 | }

      at ZXingScannerService.error [as logError] (src/services/scanner/ScannerService.ts:196:15)
      at ZXingScannerService.logError [as getCameraStream] (src/services/scanner/ZXingScannerService.ts:333:14)
      at ZXingScannerService.startScanning (src/services/scanner/ZXingScannerService.ts:71:22)
      at src/hooks/useScanner.ts:152:7
      at handleLoadedMetadata (src/components/Scanner.tsx:64:11)

    console.log
      [ZXingScannerService] ╨Я╨╛╨┐╤Л╤В╨║╨░ ╨┐╨╛╨╗╤Г╤З╨╡╨╜╨╕╤П ╨║╨░╨╝╨╡╤А╤Л ╤Б ╨╛╨│╤А╨░╨╜╨╕╤З╨╡╨╜╨╕╤П╨╝╨╕: { video: {} }

      at ZXingScannerService.log (src/services/scanner/ScannerService.ts:190:15)

    console.error
      [ZXingScannerService] ╨Ю╤И╨╕╨▒╨║╨░ ╨┐╨╛╨╗╤Г╤З╨╡╨╜╨╕╤П ╨║╨░╨╝╨╡╤А╤Л: Error [NotFoundError]: Camera not found
          at Object.<anonymous> (D:\Dev\ExoScan\exoscan-web\src\components\__tests__\Scanner.test.tsx:257:29)
          at Promise.finally.completed (D:\Dev\ExoScan\exoscan-web\node_modules\jest-circus\build\jestAdapterInit.js:1557:28)
          at new Promise (<anonymous>)
          at callAsyncCircusFn (D:\Dev\ExoScan\exoscan-web\node_modules\jest-circus\build\jestAdapterInit.js:1497:10)
          at _callCircusTest (D:\Dev\ExoScan\exoscan-web\node_modules\jest-circus\build\jestAdapterInit.js:1007:40)
          at _runTest (D:\Dev\ExoScan\exoscan-web\node_modules\jest-circus\build\jestAdapterInit.js:947:3)
          at D:\Dev\ExoScan\exoscan-web\node_modules\jest-circus\build\jestAdapterInit.js:849:7
          at _runTestsForDescribeBlock (D:\Dev\ExoScan\exoscan-web\node_modules\jest-circus\build\jestAdapterInit.js:862:11)
          at _runTestsForDescribeBlock (D:\Dev\ExoScan\exoscan-web\node_modules\jest-circus\build\jestAdapterInit.js:857:11)
          at _runTestsForDescribeBlock (D:\Dev\ExoScan\exoscan-web\node_modules\jest-circus\build\jestAdapterInit.js:857:11)
          at run (D:\Dev\ExoScan\exoscan-web\node_modules\jest-circus\build\jestAdapterInit.js:761:3)
          at runAndTransformResultsToJestFormat (D:\Dev\ExoScan\exoscan-web\node_modules\jest-circus\build\jestAdapterInit.js:1918:21)
          at jestAdapter (D:\Dev\ExoScan\exoscan-web\node_modules\jest-circus\build\runner.js:101:19)
          at runTestInternal (D:\Dev\ExoScan\exoscan-web\node_modules\jest-runner\build\testWorker.js:275:16)
          at runTest (D:\Dev\ExoScan\exoscan-web\node_modules\jest-runner\build\testWorker.js:343:7)
          at Object.worker (D:\Dev\ExoScan\exoscan-web\node_modules\jest-runner\build\testWorker.js:497:12)

      194 |   protected logError(message: string, error?: any): void {
      195 |     if (this.config.enableDiagnostics) {
    > 196 |       console.error(`[${this.constructor.name}] ${message}`, error)
          |               ^
      197 |     }
      198 |   }
      199 | }

      at ZXingScannerService.error [as logError] (src/services/scanner/ScannerService.ts:196:15)
      at ZXingScannerService.logError [as getCameraStream] (src/services/scanner/ZXingScannerService.ts:333:14)
      at ZXingScannerService.startScanning (src/services/scanner/ZXingScannerService.ts:71:22)
      at src/hooks/useScanner.ts:152:7
      at handleLoadedMetadata (src/components/Scanner.tsx:64:11)

    console.error
      [ZXingScannerService] ╨Ю╤И╨╕╨▒╨║╨░ ╨╖╨░╨┐╤Г╤Б╨║╨░ ╤Б╨║╨░╨╜╨╕╤А╨╛╨▓╨░╨╜╨╕╤П: Error: ╨Э╨╡ ╤Г╨┤╨░╨╗╨╛╤Б╤М ╨┐╨╛╨╗╤Г╤З╨╕╤В╤М ╨┤╨╛╤Б╤В╤Г╨┐ ╨║ ╨║╨░╨╝╨╡╤А╨╡
          at ZXingScannerService.getCameraStream (D:\Dev\ExoScan\exoscan-web\src\services\scanner\ZXingScannerService.ts:337:11)
          at processTicksAndRejections (node:internal/process/task_queues:105:5)
          at runNextTicks (node:internal/process/task_queues:69:3)
          at listOnTimeout (node:internal/timers:549:9)
          at processTimers (node:internal/timers:523:7)
          at ZXingScannerService.startScanning (D:\Dev\ExoScan\exoscan-web\src\services\scanner\ZXingScannerService.ts:71:22)
          at D:\Dev\ExoScan\exoscan-web\src\hooks\useScanner.ts:152:7
          at handleLoadedMetadata (D:\Dev\ExoScan\exoscan-web\src\components\Scanner.tsx:64:11)

      194 |   protected logError(message: string, error?: any): void {
      195 |     if (this.config.enableDiagnostics) {
    > 196 |       console.error(`[${this.constructor.name}] ${message}`, error)
          |               ^
      197 |     }
      198 |   }
      199 | }

      at ZXingScannerService.error [as logError] (src/services/scanner/ScannerService.ts:196:15)
      at ZXingScannerService.logError [as startScanning] (src/services/scanner/ZXingScannerService.ts:107:12)
      at src/hooks/useScanner.ts:152:7
      at handleLoadedMetadata (src/components/Scanner.tsx:64:11)

    console.error
      тЭМ Scanner: Scan error: Error: ╨Э╨╡ ╤Г╨┤╨░╨╗╨╛╤Б╤М ╨┐╨╛╨╗╤Г╤З╨╕╤В╤М ╨┤╨╛╤Б╤В╤Г╨┐ ╨║ ╨║╨░╨╝╨╡╤А╨╡
          at ZXingScannerService.getCameraStream (D:\Dev\ExoScan\exoscan-web\src\services\scanner\ZXingScannerService.ts:337:11)
          at processTicksAndRejections (node:internal/process/task_queues:105:5)
          at runNextTicks (node:internal/process/task_queues:69:3)
          at listOnTimeout (node:internal/timers:549:9)
          at processTimers (node:internal/timers:523:7)
          at ZXingScannerService.startScanning (D:\Dev\ExoScan\exoscan-web\src\services\scanner\ZXingScannerService.ts:71:22)
          at D:\Dev\ExoScan\exoscan-web\src\hooks\useScanner.ts:152:7
          at handleLoadedMetadata (D:\Dev\ExoScan\exoscan-web\src\components\Scanner.tsx:64:11)

      48 |     },
      49 |     onScanError: (error) => {
    > 50 |       console.error('тЭМ Scanner: Scan error:', error)
         |               ^
      51 |       onError(error)
      52 |     }
      53 |   });

      at error (src/components/Scanner.tsx:50:15)
      at onScanError (src/hooks/useScanner.ts:162:11)
      at ZXingScannerService.onError [as startScanning] (src/services/scanner/ZXingScannerService.ts:109:9)
      at src/hooks/useScanner.ts:152:7
      at handleLoadedMetadata (src/components/Scanner.tsx:64:11)

    console.error
      тЭМ useScanner: ╨Ю╤И╨╕╨▒╨║╨░ ╤Б╨║╨░╨╜╨╕╤А╨╛╨▓╨░╨╜╨╕╤П: Error: ╨Э╨╡ ╤Г╨┤╨░╨╗╨╛╤Б╤М ╨┐╨╛╨╗╤Г╤З╨╕╤В╤М ╨┤╨╛╤Б╤В╤Г╨┐ ╨║ ╨║╨░╨╝╨╡╤А╨╡
          at ZXingScannerService.getCameraStream (D:\Dev\ExoScan\exoscan-web\src\services\scanner\ZXingScannerService.ts:337:11)
          at processTicksAndRejections (node:internal/process/task_queues:105:5)
          at runNextTicks (node:internal/process/task_queues:69:3)
          at listOnTimeout (node:internal/timers:549:9)
          at processTimers (node:internal/timers:523:7)
          at ZXingScannerService.startScanning (D:\Dev\ExoScan\exoscan-web\src\services\scanner\ZXingScannerService.ts:71:22)
          at D:\Dev\ExoScan\exoscan-web\src\hooks\useScanner.ts:152:7
          at handleLoadedMetadata (D:\Dev\ExoScan\exoscan-web\src\components\Scanner.tsx:64:11)

      161 |           setError(error)
      162 |           onScanError?.(error)
    > 163 |           console.error('тЭМ useScanner: ╨Ю╤И╨╕╨▒╨║╨░ ╤Б╨║╨░╨╜╨╕╤А╨╛╨▓╨░╨╜╨╕╤П:', error)
          |                   ^
      164 |         }
      165 |       )
      166 |

      at error (src/hooks/useScanner.ts:163:19)
      at ZXingScannerService.onError [as startScanning] (src/services/scanner/ZXingScannerService.ts:109:9)
      at src/hooks/useScanner.ts:152:7
      at handleLoadedMetadata (src/components/Scanner.tsx:64:11)

    console.error
      тЭМ useScanner: ╨Ф╨╡╤В╨░╨╗╤М╨╜╨░╤П ╨╛╤И╨╕╨▒╨║╨░ ╨╖╨░╨┐╤Г╤Б╨║╨░: {
        error: '╨Э╨╡ ╤Г╨┤╨░╨╗╨╛╤Б╤М ╨┐╨╛╨╗╤Г╤З╨╕╤В╤М ╨┤╨╛╤Б╤В╤Г╨┐ ╨║ ╨║╨░╨╝╨╡╤А╨╡',
        stack: 'Error: ╨Э╨╡ ╤Г╨┤╨░╨╗╨╛╤Б╤М ╨┐╨╛╨╗╤Г╤З╨╕╤В╤М ╨┤╨╛╤Б╤В╤Г╨┐ ╨║ ╨║╨░╨╝╨╡╤А╨╡\n' +
          '    at ZXingScannerService.getCameraStream (D:\\Dev\\ExoScan\\exoscan-web\\src\\services\\scanner\\ZXingScannerService.ts:337:11)\n' +
          '    at processTicksAndRejections (node:internal/process/task_queues:105:5)\n' +
          '    at runNextTicks (node:internal/process/task_queues:69:3)\n' +
          '    at listOnTimeout (node:internal/timers:549:9)\n' +
          '    at processTimers (node:internal/timers:523:7)\n' +
          '    at ZXingScannerService.startScanning (D:\\Dev\\ExoScan\\exoscan-web\\src\\services\\scanner\\ZXingScannerService.ts:71:22)\n' +
          '    at D:\\Dev\\ExoScan\\exoscan-web\\src\\hooks\\useScanner.ts:152:7\n' +
          '    at handleLoadedMetadata (D:\\Dev\\ExoScan\\exoscan-web\\src\\components\\Scanner.tsx:64:11)',
        videoElement: { readyState: 4, srcObject: false }
      }

      173 |     } catch (err) {
      174 |       const error = err instanceof Error ? err : new Error('╨Ю╤И╨╕╨▒╨║╨░ ╨╖╨░╨┐╤Г╤Б╨║╨░ ╤Б╨║╨░╨╜╨╕╤А╨╛╨▓╨░╨╜╨╕╤П')
    > 175 |       console.error('тЭМ useScanner: ╨Ф╨╡╤В╨░╨╗╤М╨╜╨░╤П ╨╛╤И╨╕╨▒╨║╨░ ╨╖╨░╨┐╤Г╤Б╨║╨░:', {
          |               ^
      176 |         error: error.message,
      177 |         stack: error.stack,
      178 |         videoElement: {

      at error (src/hooks/useScanner.ts:175:15)
      at handleLoadedMetadata (src/components/Scanner.tsx:64:11)

    console.error
      тЭМ Scanner: Scan error: Error: ╨Э╨╡ ╤Г╨┤╨░╨╗╨╛╤Б╤М ╨┐╨╛╨╗╤Г╤З╨╕╤В╤М ╨┤╨╛╤Б╤В╤Г╨┐ ╨║ ╨║╨░╨╝╨╡╤А╨╡
          at ZXingScannerService.getCameraStream (D:\Dev\ExoScan\exoscan-web\src\services\scanner\ZXingScannerService.ts:337:11)
          at processTicksAndRejections (node:internal/process/task_queues:105:5)
          at runNextTicks (node:internal/process/task_queues:69:3)
          at listOnTimeout (node:internal/timers:549:9)
          at processTimers (node:internal/timers:523:7)
          at ZXingScannerService.startScanning (D:\Dev\ExoScan\exoscan-web\src\services\scanner\ZXingScannerService.ts:71:22)
          at D:\Dev\ExoScan\exoscan-web\src\hooks\useScanner.ts:152:7
          at handleLoadedMetadata (D:\Dev\ExoScan\exoscan-web\src\components\Scanner.tsx:64:11)

      48 |     },
      49 |     onScanError: (error) => {
    > 50 |       console.error('тЭМ Scanner: Scan error:', error)
         |               ^
      51 |       onError(error)
      52 |     }
      53 |   });

      at error (src/components/Scanner.tsx:50:15)
      at onScanError (src/hooks/useScanner.ts:185:7)
      at handleLoadedMetadata (src/components/Scanner.tsx:64:11)

    console.error
      тЭМ Scanner: ╨Ю╤И╨╕╨▒╨║╨░ ╨╖╨░╨┐╤Г╤Б╨║╨░ ╤Б╨║╨░╨╜╨╕╤А╨╛╨▓╨░╨╜╨╕╤П: Error: ╨Э╨╡ ╤Г╨┤╨░╨╗╨╛╤Б╤М ╨┐╨╛╨╗╤Г╤З╨╕╤В╤М ╨┤╨╛╤Б╤В╤Г╨┐ ╨║ ╨║╨░╨╝╨╡╤А╨╡
          at ZXingScannerService.getCameraStream (D:\Dev\ExoScan\exoscan-web\src\services\scanner\ZXingScannerService.ts:337:11)
          at processTicksAndRejections (node:internal/process/task_queues:105:5)
          at runNextTicks (node:internal/process/task_queues:69:3)
          at listOnTimeout (node:internal/timers:549:9)
          at processTimers (node:internal/timers:523:7)
          at ZXingScannerService.startScanning (D:\Dev\ExoScan\exoscan-web\src\services\scanner\ZXingScannerService.ts:71:22)
          at D:\Dev\ExoScan\exoscan-web\src\hooks\useScanner.ts:152:7
          at handleLoadedMetadata (D:\Dev\ExoScan\exoscan-web\src\components\Scanner.tsx:64:11)

      65 |           console.log('тЬЕ Scanner: ╨б╨║╨░╨╜╨╕╤А╨╛╨▓╨░╨╜╨╕╨╡ ╨╖╨░╨┐╤Г╤Й╨╡╨╜╨╛');
      66 |         } catch (err) {
    > 67 |           console.error('тЭМ Scanner: ╨Ю╤И╨╕╨▒╨║╨░ ╨╖╨░╨┐╤Г╤Б╨║╨░ ╤Б╨║╨░╨╜╨╕╤А╨╛╨▓╨░╨╜╨╕╤П:', err);
         |                   ^
      68 |           onError(err instanceof Error ? err : new Error('╨Ю╤И╨╕╨▒╨║╨░ ╨╖╨░╨┐╤Г╤Б╨║╨░ ╤Б╨║╨░╨╜╨╕╤А╨╛╨▓╨░╨╜╨╕╤П'));
      69 |         }
      70 |       };

      at error (src/components/Scanner.tsx:67:19)

    console.log
      ЁЯз╣ useScanner: ╨Ю╤З╨╕╤Б╤В╨║╨░ ╨┐╤А╨╕ ╤А╨░╨╖╨╝╨╛╨╜╤В╨╕╤А╨╛╨▓╨░╨╜╨╕╨╕

      at log (src/hooks/useScanner.ts:388:15)
          at Array.forEach (<anonymous>)

    console.log
      [ZXingScannerService] ╨Ю╤Б╤В╨░╨╜╨╛╨▓╨║╨░ ╤Б╨║╨░╨╜╨╕╤А╨╛╨▓╨░╨╜╨╕╤П...

      at ZXingScannerService.log (src/services/scanner/ScannerService.ts:190:15)
          at Array.forEach (<anonymous>)

    console.log
      [ZXingScannerService] ╨б╨║╨░╨╜╨╕╤А╨╛╨▓╨░╨╜╨╕╨╡ ╨╛╤Б╤В╨░╨╜╨╛╨▓╨╗╨╡╨╜╨╛

      at ZXingScannerService.log (src/services/scanner/ScannerService.ts:190:15)
          at Array.forEach (<anonymous>)

    console.log
      ЁЯЪА useScanner: ╨Ч╨░╨┐╤Г╤Б╨║ ╨░╨▓╤В╨╛╨╕╨╜╨╕╤Ж╨╕╨░╨╗╨╕╨╖╨░╤Ж╨╕╨╕...

      at log (src/hooks/useScanner.ts:382:13)

    console.log
      ЁЯФД useScanner: ╨Ш╨╜╨╕╤Ж╨╕╨░╨╗╨╕╨╖╨░╤Ж╨╕╤П ╤Б╨║╨░╨╜╨╡╤А╨░...

      at log (src/hooks/useScanner.ts:92:15)

    console.log
      ЁЯПн ScannerFactory: ╨б╨╛╨╖╨┤╨░╨╜╨╕╨╡ ╤Б╨║╨░╨╜╨╡╤А╨░... {
        preferredType: 'auto',
        fallbackToZXing: true,
        config: {
          enableDiagnostics: true,
          formats: [ 'ean_13', 'ean_8', 'upc_a', 'code_128' ]
        }
      }

      at Function.log [as createScanner] (src/services/scanner/index.ts:37:13)

    console.log
      ЁЯФН ScannerFactory: ╨Р╨▓╤В╨╛╨╝╨░╤В╨╕╤З╨╡╤Б╨║╨╕╨╣ ╨▓╤Л╨▒╨╛╤А ╤Б╨║╨░╨╜╨╡╤А╨░...

      at Function.log [as createBestAvailableScanner] (src/services/scanner/index.ts:87:13)

    console.log
      ЁЯУК ScannerFactory: ╨Ф╨╛╤Б╤В╤Г╨┐╨╜╨╛╤Б╤В╤М API: {
        barcodeDetector: false,
        zxing: true,
        camera: true,
        secureContext: true
      }

      at Function.log [as createBestAvailableScanner] (src/services/scanner/index.ts:91:13)

    console.log
      ЁЯФД ScannerFactory: Fallback ╨║ ZXing

      at Function.log [as createBestAvailableScanner] (src/services/scanner/index.ts:110:15)

    console.log
      [ZXingScannerService] ╨Ш╨╜╨╕╤Ж╨╕╨░╨╗╨╕╨╖╨░╤Ж╨╕╤П ZXing ╤Б╨║╨░╨╜╨╡╤А╨░...

      at ZXingScannerService.log (src/services/scanner/ScannerService.ts:190:15)

    console.log
      тЬЕ useScanner: ╨б╨║╨░╨╜╨╡╤А ╨╕╨╜╨╕╤Ж╨╕╨░╨╗╨╕╨╖╨╕╤А╨╛╨▓╨░╨╜ {
        caps: {
          supportedFormats: [ 'ean_13', 'ean_8', 'upc_a', 'code_128' ],
          supportsFlashlight: true,
          supportsZoom: true,
          supportsFocus: true,
          maxZoom: 3
        },
        cameras: [ { deviceId: 'camera1', kind: 'videoinput', label: 'Camera 1' } ],
        permission: { granted: false, denied: false, prompt: true }
      }

      at log (src/hooks/useScanner.ts:110:15)

    console.log
      тЦ╢я╕П useScanner: ╨Ч╨░╨┐╤Г╤Б╨║ ╤Б╨║╨░╨╜╨╕╤А╨╛╨▓╨░╨╜╨╕╤П...

      at log (src/hooks/useScanner.ts:136:15)

    console.log
      ЁЯФН useScanner: ╨Ф╨╕╨░╨│╨╜╨╛╤Б╤В╨╕╨║╨░ ╨┐╨╡╤А╨╡╨┤ ╨╖╨░╨┐╤Г╤Б╨║╨╛╨╝: {
        scannerType: 'ZXingScannerService',
        videoElement: {
          readyState: 4,
          videoWidth: 0,
          videoHeight: 0,
          srcObject: false,
          autoplay: true,
          muted: true,
          playsInline: true
        },
        capabilities: {
          supportedFormats: [ 'ean_13', 'ean_8', 'upc_a', 'code_128' ],
          supportsFlashlight: true,
          supportsZoom: true,
          supportsFocus: true,
          maxZoom: 3
        },
        permissionStatus: { granted: false, denied: false, prompt: true }
      }

      at log (src/hooks/useScanner.ts:137:15)

    console.log
      [ZXingScannerService] ╨Ч╨░╨┐╤Г╤Б╨║ ╤Б╨║╨░╨╜╨╕╤А╨╛╨▓╨░╨╜╨╕╤П...

      at ZXingScannerService.log (src/services/scanner/ScannerService.ts:190:15)

    console.log
      [ZXingScannerService] ╨Я╨╛╨┐╤Л╤В╨║╨░ ╨┐╨╛╨╗╤Г╤З╨╡╨╜╨╕╤П ╨║╨░╨╝╨╡╤А╤Л ╤Б ╨╛╨│╤А╨░╨╜╨╕╤З╨╡╨╜╨╕╤П╨╝╨╕: {
        video: {
          facingMode: undefined,
          width: { ideal: 1920, max: 1920 },
          height: { ideal: 1080, max: 1080 },
          frameRate: { ideal: 30, max: 60 },
          focusMode: { ideal: 'continuous' },
          exposureMode: { ideal: 'continuous' },
          whiteBalanceMode: { ideal: 'continuous' }
        }
      }

      at ZXingScannerService.log (src/services/scanner/ScannerService.ts:190:15)

    console.error
      [ZXingScannerService] ╨Ю╤И╨╕╨▒╨║╨░ ╨┐╨╛╨╗╤Г╤З╨╡╨╜╨╕╤П ╨║╨░╨╝╨╡╤А╤Л: Error: Generic error
          at Object.<anonymous> (D:\Dev\ExoScan\exoscan-web\src\components\__tests__\Scanner.test.tsx:271:42)
          at Promise.finally.completed (D:\Dev\ExoScan\exoscan-web\node_modules\jest-circus\build\jestAdapterInit.js:1557:28)
          at new Promise (<anonymous>)
          at callAsyncCircusFn (D:\Dev\ExoScan\exoscan-web\node_modules\jest-circus\build\jestAdapterInit.js:1497:10)
          at _callCircusTest (D:\Dev\ExoScan\exoscan-web\node_modules\jest-circus\build\jestAdapterInit.js:1007:40)
          at _runTest (D:\Dev\ExoScan\exoscan-web\node_modules\jest-circus\build\jestAdapterInit.js:947:3)
          at D:\Dev\ExoScan\exoscan-web\node_modules\jest-circus\build\jestAdapterInit.js:849:7
          at _runTestsForDescribeBlock (D:\Dev\ExoScan\exoscan-web\node_modules\jest-circus\build\jestAdapterInit.js:862:11)
          at _runTestsForDescribeBlock (D:\Dev\ExoScan\exoscan-web\node_modules\jest-circus\build\jestAdapterInit.js:857:11)
          at _runTestsForDescribeBlock (D:\Dev\ExoScan\exoscan-web\node_modules\jest-circus\build\jestAdapterInit.js:857:11)
          at run (D:\Dev\ExoScan\exoscan-web\node_modules\jest-circus\build\jestAdapterInit.js:761:3)
          at runAndTransformResultsToJestFormat (D:\Dev\ExoScan\exoscan-web\node_modules\jest-circus\build\jestAdapterInit.js:1918:21)
          at jestAdapter (D:\Dev\ExoScan\exoscan-web\node_modules\jest-circus\build\runner.js:101:19)
          at runTestInternal (D:\Dev\ExoScan\exoscan-web\node_modules\jest-runner\build\testWorker.js:275:16)
          at runTest (D:\Dev\ExoScan\exoscan-web\node_modules\jest-runner\build\testWorker.js:343:7)
          at Object.worker (D:\Dev\ExoScan\exoscan-web\node_modules\jest-runner\build\testWorker.js:497:12)

      194 |   protected logError(message: string, error?: any): void {
      195 |     if (this.config.enableDiagnostics) {
    > 196 |       console.error(`[${this.constructor.name}] ${message}`, error)
          |               ^
      197 |     }
      198 |   }
      199 | }

      at ZXingScannerService.error [as logError] (src/services/scanner/ScannerService.ts:196:15)
      at ZXingScannerService.logError [as getCameraStream] (src/services/scanner/ZXingScannerService.ts:333:14)
      at ZXingScannerService.startScanning (src/services/scanner/ZXingScannerService.ts:71:22)
      at src/hooks/useScanner.ts:152:7
      at handleLoadedMetadata (src/components/Scanner.tsx:64:11)

    console.log
      [ZXingScannerService] ╨Я╨╛╨┐╤Л╤В╨║╨░ ╨┐╨╛╨╗╤Г╤З╨╡╨╜╨╕╤П ╨║╨░╨╝╨╡╤А╤Л ╤Б ╨╛╨│╤А╨░╨╜╨╕╤З╨╡╨╜╨╕╤П╨╝╨╕: {
        video: {
          width: { ideal: 1280 },
          height: { ideal: 720 },
          frameRate: { ideal: 30 }
        }
      }

      at ZXingScannerService.log (src/services/scanner/ScannerService.ts:190:15)

    console.error
      [ZXingScannerService] ╨Ю╤И╨╕╨▒╨║╨░ ╨┐╨╛╨╗╤Г╤З╨╡╨╜╨╕╤П ╨║╨░╨╝╨╡╤А╤Л: Error: Generic error
          at Object.<anonymous> (D:\Dev\ExoScan\exoscan-web\src\components\__tests__\Scanner.test.tsx:271:42)
          at Promise.finally.completed (D:\Dev\ExoScan\exoscan-web\node_modules\jest-circus\build\jestAdapterInit.js:1557:28)
          at new Promise (<anonymous>)
          at callAsyncCircusFn (D:\Dev\ExoScan\exoscan-web\node_modules\jest-circus\build\jestAdapterInit.js:1497:10)
          at _callCircusTest (D:\Dev\ExoScan\exoscan-web\node_modules\jest-circus\build\jestAdapterInit.js:1007:40)
          at _runTest (D:\Dev\ExoScan\exoscan-web\node_modules\jest-circus\build\jestAdapterInit.js:947:3)
          at D:\Dev\ExoScan\exoscan-web\node_modules\jest-circus\build\jestAdapterInit.js:849:7
          at _runTestsForDescribeBlock (D:\Dev\ExoScan\exoscan-web\node_modules\jest-circus\build\jestAdapterInit.js:862:11)
          at _runTestsForDescribeBlock (D:\Dev\ExoScan\exoscan-web\node_modules\jest-circus\build\jestAdapterInit.js:857:11)
          at _runTestsForDescribeBlock (D:\Dev\ExoScan\exoscan-web\node_modules\jest-circus\build\jestAdapterInit.js:857:11)
          at run (D:\Dev\ExoScan\exoscan-web\node_modules\jest-circus\build\jestAdapterInit.js:761:3)
          at runAndTransformResultsToJestFormat (D:\Dev\ExoScan\exoscan-web\node_modules\jest-circus\build\jestAdapterInit.js:1918:21)
          at jestAdapter (D:\Dev\ExoScan\exoscan-web\node_modules\jest-circus\build\runner.js:101:19)
          at runTestInternal (D:\Dev\ExoScan\exoscan-web\node_modules\jest-runner\build\testWorker.js:275:16)
          at runTest (D:\Dev\ExoScan\exoscan-web\node_modules\jest-runner\build\testWorker.js:343:7)
          at Object.worker (D:\Dev\ExoScan\exoscan-web\node_modules\jest-runner\build\testWorker.js:497:12)

      194 |   protected logError(message: string, error?: any): void {
      195 |     if (this.config.enableDiagnostics) {
    > 196 |       console.error(`[${this.constructor.name}] ${message}`, error)
          |               ^
      197 |     }
      198 |   }
      199 | }

      at ZXingScannerService.error [as logError] (src/services/scanner/ScannerService.ts:196:15)
      at ZXingScannerService.logError [as getCameraStream] (src/services/scanner/ZXingScannerService.ts:333:14)
      at ZXingScannerService.startScanning (src/services/scanner/ZXingScannerService.ts:71:22)
      at src/hooks/useScanner.ts:152:7
      at handleLoadedMetadata (src/components/Scanner.tsx:64:11)

    console.log
      [ZXingScannerService] ╨Я╨╛╨┐╤Л╤В╨║╨░ ╨┐╨╛╨╗╤Г╤З╨╡╨╜╨╕╤П ╨║╨░╨╝╨╡╤А╤Л ╤Б ╨╛╨│╤А╨░╨╜╨╕╤З╨╡╨╜╨╕╤П╨╝╨╕: { video: {} }

      at ZXingScannerService.log (src/services/scanner/ScannerService.ts:190:15)

    console.error
      [ZXingScannerService] ╨Ю╤И╨╕╨▒╨║╨░ ╨┐╨╛╨╗╤Г╤З╨╡╨╜╨╕╤П ╨║╨░╨╝╨╡╤А╤Л: Error: Generic error
          at Object.<anonymous> (D:\Dev\ExoScan\exoscan-web\src\components\__tests__\Scanner.test.tsx:271:42)
          at Promise.finally.completed (D:\Dev\ExoScan\exoscan-web\node_modules\jest-circus\build\jestAdapterInit.js:1557:28)
          at new Promise (<anonymous>)
          at callAsyncCircusFn (D:\Dev\ExoScan\exoscan-web\node_modules\jest-circus\build\jestAdapterInit.js:1497:10)
          at _callCircusTest (D:\Dev\ExoScan\exoscan-web\node_modules\jest-circus\build\jestAdapterInit.js:1007:40)
          at _runTest (D:\Dev\ExoScan\exoscan-web\node_modules\jest-circus\build\jestAdapterInit.js:947:3)
          at D:\Dev\ExoScan\exoscan-web\node_modules\jest-circus\build\jestAdapterInit.js:849:7
          at _runTestsForDescribeBlock (D:\Dev\ExoScan\exoscan-web\node_modules\jest-circus\build\jestAdapterInit.js:862:11)
          at _runTestsForDescribeBlock (D:\Dev\ExoScan\exoscan-web\node_modules\jest-circus\build\jestAdapterInit.js:857:11)
          at _runTestsForDescribeBlock (D:\Dev\ExoScan\exoscan-web\node_modules\jest-circus\build\jestAdapterInit.js:857:11)
          at run (D:\Dev\ExoScan\exoscan-web\node_modules\jest-circus\build\jestAdapterInit.js:761:3)
          at runAndTransformResultsToJestFormat (D:\Dev\ExoScan\exoscan-web\node_modules\jest-circus\build\jestAdapterInit.js:1918:21)
          at jestAdapter (D:\Dev\ExoScan\exoscan-web\node_modules\jest-circus\build\runner.js:101:19)
          at runTestInternal (D:\Dev\ExoScan\exoscan-web\node_modules\jest-runner\build\testWorker.js:275:16)
          at runTest (D:\Dev\ExoScan\exoscan-web\node_modules\jest-runner\build\testWorker.js:343:7)
          at Object.worker (D:\Dev\ExoScan\exoscan-web\node_modules\jest-runner\build\testWorker.js:497:12)

      194 |   protected logError(message: string, error?: any): void {
      195 |     if (this.config.enableDiagnostics) {
    > 196 |       console.error(`[${this.constructor.name}] ${message}`, error)
          |               ^
      197 |     }
      198 |   }
      199 | }

      at ZXingScannerService.error [as logError] (src/services/scanner/ScannerService.ts:196:15)
      at ZXingScannerService.logError [as getCameraStream] (src/services/scanner/ZXingScannerService.ts:333:14)
      at ZXingScannerService.startScanning (src/services/scanner/ZXingScannerService.ts:71:22)
      at src/hooks/useScanner.ts:152:7
      at handleLoadedMetadata (src/components/Scanner.tsx:64:11)

    console.error
      [ZXingScannerService] ╨Ю╤И╨╕╨▒╨║╨░ ╨╖╨░╨┐╤Г╤Б╨║╨░ ╤Б╨║╨░╨╜╨╕╤А╨╛╨▓╨░╨╜╨╕╤П: Error: ╨Э╨╡ ╤Г╨┤╨░╨╗╨╛╤Б╤М ╨┐╨╛╨╗╤Г╤З╨╕╤В╤М ╨┤╨╛╤Б╤В╤Г╨┐ ╨║ ╨║╨░╨╝╨╡╤А╨╡
          at ZXingScannerService.getCameraStream (D:\Dev\ExoScan\exoscan-web\src\services\scanner\ZXingScannerService.ts:337:11)
          at ZXingScannerService.startScanning (D:\Dev\ExoScan\exoscan-web\src\services\scanner\ZXingScannerService.ts:71:22)
          at D:\Dev\ExoScan\exoscan-web\src\hooks\useScanner.ts:152:7
          at handleLoadedMetadata (D:\Dev\ExoScan\exoscan-web\src\components\Scanner.tsx:64:11)

      194 |   protected logError(message: string, error?: any): void {
      195 |     if (this.config.enableDiagnostics) {
    > 196 |       console.error(`[${this.constructor.name}] ${message}`, error)
          |               ^
      197 |     }
      198 |   }
      199 | }

      at ZXingScannerService.error [as logError] (src/services/scanner/ScannerService.ts:196:15)
      at ZXingScannerService.logError [as startScanning] (src/services/scanner/ZXingScannerService.ts:107:12)
      at src/hooks/useScanner.ts:152:7
      at handleLoadedMetadata (src/components/Scanner.tsx:64:11)

    console.error
      тЭМ Scanner: Scan error: Error: ╨Э╨╡ ╤Г╨┤╨░╨╗╨╛╤Б╤М ╨┐╨╛╨╗╤Г╤З╨╕╤В╤М ╨┤╨╛╤Б╤В╤Г╨┐ ╨║ ╨║╨░╨╝╨╡╤А╨╡
          at ZXingScannerService.getCameraStream (D:\Dev\ExoScan\exoscan-web\src\services\scanner\ZXingScannerService.ts:337:11)
          at ZXingScannerService.startScanning (D:\Dev\ExoScan\exoscan-web\src\services\scanner\ZXingScannerService.ts:71:22)
          at D:\Dev\ExoScan\exoscan-web\src\hooks\useScanner.ts:152:7
          at handleLoadedMetadata (D:\Dev\ExoScan\exoscan-web\src\components\Scanner.tsx:64:11)

      48 |     },
      49 |     onScanError: (error) => {
    > 50 |       console.error('тЭМ Scanner: Scan error:', error)
         |               ^
      51 |       onError(error)
      52 |     }
      53 |   });

      at error (src/components/Scanner.tsx:50:15)
      at onScanError (src/hooks/useScanner.ts:162:11)
      at ZXingScannerService.onError [as startScanning] (src/services/scanner/ZXingScannerService.ts:109:9)
      at src/hooks/useScanner.ts:152:7
      at handleLoadedMetadata (src/components/Scanner.tsx:64:11)

    console.error
      тЭМ useScanner: ╨Ю╤И╨╕╨▒╨║╨░ ╤Б╨║╨░╨╜╨╕╤А╨╛╨▓╨░╨╜╨╕╤П: Error: ╨Э╨╡ ╤Г╨┤╨░╨╗╨╛╤Б╤М ╨┐╨╛╨╗╤Г╤З╨╕╤В╤М ╨┤╨╛╤Б╤В╤Г╨┐ ╨║ ╨║╨░╨╝╨╡╤А╨╡
          at ZXingScannerService.getCameraStream (D:\Dev\ExoScan\exoscan-web\src\services\scanner\ZXingScannerService.ts:337:11)
          at ZXingScannerService.startScanning (D:\Dev\ExoScan\exoscan-web\src\services\scanner\ZXingScannerService.ts:71:22)
          at D:\Dev\ExoScan\exoscan-web\src\hooks\useScanner.ts:152:7
          at handleLoadedMetadata (D:\Dev\ExoScan\exoscan-web\src\components\Scanner.tsx:64:11)

      161 |           setError(error)
      162 |           onScanError?.(error)
    > 163 |           console.error('тЭМ useScanner: ╨Ю╤И╨╕╨▒╨║╨░ ╤Б╨║╨░╨╜╨╕╤А╨╛╨▓╨░╨╜╨╕╤П:', error)
          |                   ^
      164 |         }
      165 |       )
      166 |

      at error (src/hooks/useScanner.ts:163:19)
      at ZXingScannerService.onError [as startScanning] (src/services/scanner/ZXingScannerService.ts:109:9)
      at src/hooks/useScanner.ts:152:7
      at handleLoadedMetadata (src/components/Scanner.tsx:64:11)

    console.error
      тЭМ useScanner: ╨Ф╨╡╤В╨░╨╗╤М╨╜╨░╤П ╨╛╤И╨╕╨▒╨║╨░ ╨╖╨░╨┐╤Г╤Б╨║╨░: {
        error: '╨Э╨╡ ╤Г╨┤╨░╨╗╨╛╤Б╤М ╨┐╨╛╨╗╤Г╤З╨╕╤В╤М ╨┤╨╛╤Б╤В╤Г╨┐ ╨║ ╨║╨░╨╝╨╡╤А╨╡',
        stack: 'Error: ╨Э╨╡ ╤Г╨┤╨░╨╗╨╛╤Б╤М ╨┐╨╛╨╗╤Г╤З╨╕╤В╤М ╨┤╨╛╤Б╤В╤Г╨┐ ╨║ ╨║╨░╨╝╨╡╤А╨╡\n' +
          '    at ZXingScannerService.getCameraStream (D:\\Dev\\ExoScan\\exoscan-web\\src\\services\\scanner\\ZXingScannerService.ts:337:11)\n' +
          '    at ZXingScannerService.startScanning (D:\\Dev\\ExoScan\\exoscan-web\\src\\services\\scanner\\ZXingScannerService.ts:71:22)\n' +
          '    at D:\\Dev\\ExoScan\\exoscan-web\\src\\hooks\\useScanner.ts:152:7\n' +
          '    at handleLoadedMetadata (D:\\Dev\\ExoScan\\exoscan-web\\src\\components\\Scanner.tsx:64:11)',
        videoElement: { readyState: 4, srcObject: false }
      }

      173 |     } catch (err) {
      174 |       const error = err instanceof Error ? err : new Error('╨Ю╤И╨╕╨▒╨║╨░ ╨╖╨░╨┐╤Г╤Б╨║╨░ ╤Б╨║╨░╨╜╨╕╤А╨╛╨▓╨░╨╜╨╕╤П')
    > 175 |       console.error('тЭМ useScanner: ╨Ф╨╡╤В╨░╨╗╤М╨╜╨░╤П ╨╛╤И╨╕╨▒╨║╨░ ╨╖╨░╨┐╤Г╤Б╨║╨░:', {
          |               ^
      176 |         error: error.message,
      177 |         stack: error.stack,
      178 |         videoElement: {

      at error (src/hooks/useScanner.ts:175:15)
      at handleLoadedMetadata (src/components/Scanner.tsx:64:11)

    console.error
      тЭМ Scanner: Scan error: Error: ╨Э╨╡ ╤Г╨┤╨░╨╗╨╛╤Б╤М ╨┐╨╛╨╗╤Г╤З╨╕╤В╤М ╨┤╨╛╤Б╤В╤Г╨┐ ╨║ ╨║╨░╨╝╨╡╤А╨╡
          at ZXingScannerService.getCameraStream (D:\Dev\ExoScan\exoscan-web\src\services\scanner\ZXingScannerService.ts:337:11)
          at ZXingScannerService.startScanning (D:\Dev\ExoScan\exoscan-web\src\services\scanner\ZXingScannerService.ts:71:22)
          at D:\Dev\ExoScan\exoscan-web\src\hooks\useScanner.ts:152:7
          at handleLoadedMetadata (D:\Dev\ExoScan\exoscan-web\src\components\Scanner.tsx:64:11)

      48 |     },
      49 |     onScanError: (error) => {
    > 50 |       console.error('тЭМ Scanner: Scan error:', error)
         |               ^
      51 |       onError(error)
      52 |     }
      53 |   });

      at error (src/components/Scanner.tsx:50:15)
      at onScanError (src/hooks/useScanner.ts:185:7)
      at handleLoadedMetadata (src/components/Scanner.tsx:64:11)

    console.error
      тЭМ Scanner: ╨Ю╤И╨╕╨▒╨║╨░ ╨╖╨░╨┐╤Г╤Б╨║╨░ ╤Б╨║╨░╨╜╨╕╤А╨╛╨▓╨░╨╜╨╕╤П: Error: ╨Э╨╡ ╤Г╨┤╨░╨╗╨╛╤Б╤М ╨┐╨╛╨╗╤Г╤З╨╕╤В╤М ╨┤╨╛╤Б╤В╤Г╨┐ ╨║ ╨║╨░╨╝╨╡╤А╨╡
          at ZXingScannerService.getCameraStream (D:\Dev\ExoScan\exoscan-web\src\services\scanner\ZXingScannerService.ts:337:11)
          at ZXingScannerService.startScanning (D:\Dev\ExoScan\exoscan-web\src\services\scanner\ZXingScannerService.ts:71:22)
          at D:\Dev\ExoScan\exoscan-web\src\hooks\useScanner.ts:152:7
          at handleLoadedMetadata (D:\Dev\ExoScan\exoscan-web\src\components\Scanner.tsx:64:11)

      65 |           console.log('тЬЕ Scanner: ╨б╨║╨░╨╜╨╕╤А╨╛╨▓╨░╨╜╨╕╨╡ ╨╖╨░╨┐╤Г╤Й╨╡╨╜╨╛');
      66 |         } catch (err) {
    > 67 |           console.error('тЭМ Scanner: ╨Ю╤И╨╕╨▒╨║╨░ ╨╖╨░╨┐╤Г╤Б╨║╨░ ╤Б╨║╨░╨╜╨╕╤А╨╛╨▓╨░╨╜╨╕╤П:', err);
         |                   ^
      68 |           onError(err instanceof Error ? err : new Error('╨Ю╤И╨╕╨▒╨║╨░ ╨╖╨░╨┐╤Г╤Б╨║╨░ ╤Б╨║╨░╨╜╨╕╤А╨╛╨▓╨░╨╜╨╕╤П'));
      69 |         }
      70 |       };

      at error (src/components/Scanner.tsx:67:19)

    console.log
      тЦ╢я╕П useScanner: ╨Ч╨░╨┐╤Г╤Б╨║ ╤Б╨║╨░╨╜╨╕╤А╨╛╨▓╨░╨╜╨╕╤П...

      at log (src/hooks/useScanner.ts:136:15)

    console.log
      ЁЯФН useScanner: ╨Ф╨╕╨░╨│╨╜╨╛╤Б╤В╨╕╨║╨░ ╨┐╨╡╤А╨╡╨┤ ╨╖╨░╨┐╤Г╤Б╨║╨╛╨╝: {
        scannerType: 'ZXingScannerService',
        videoElement: {
          readyState: 4,
          videoWidth: 0,
          videoHeight: 0,
          srcObject: false,
          autoplay: true,
          muted: true,
          playsInline: true
        },
        capabilities: {
          supportedFormats: [ 'ean_13', 'ean_8', 'upc_a', 'code_128' ],
          supportsFlashlight: true,
          supportsZoom: true,
          supportsFocus: true,
          maxZoom: 3
        },
        permissionStatus: { granted: false, denied: false, prompt: true }
      }

      at log (src/hooks/useScanner.ts:137:15)

    console.log
      [ZXingScannerService] ╨Ч╨░╨┐╤Г╤Б╨║ ╤Б╨║╨░╨╜╨╕╤А╨╛╨▓╨░╨╜╨╕╤П...

      at ZXingScannerService.log (src/services/scanner/ScannerService.ts:190:15)

    console.log
      [ZXingScannerService] ╨Я╨╛╨┐╤Л╤В╨║╨░ ╨┐╨╛╨╗╤Г╤З╨╡╨╜╨╕╤П ╨║╨░╨╝╨╡╤А╤Л ╤Б ╨╛╨│╤А╨░╨╜╨╕╤З╨╡╨╜╨╕╤П╨╝╨╕: {
        video: {
          facingMode: undefined,
          width: { ideal: 1920, max: 1920 },
          height: { ideal: 1080, max: 1080 },
          frameRate: { ideal: 30, max: 60 },
          focusMode: { ideal: 'continuous' },
          exposureMode: { ideal: 'continuous' },
          whiteBalanceMode: { ideal: 'continuous' }
        }
      }

      at ZXingScannerService.log (src/services/scanner/ScannerService.ts:190:15)

    console.error
      [ZXingScannerService] ╨Ю╤И╨╕╨▒╨║╨░ ╨┐╨╛╨╗╤Г╤З╨╡╨╜╨╕╤П ╨║╨░╨╝╨╡╤А╤Л: Error: Generic error
          at Object.<anonymous> (D:\Dev\ExoScan\exoscan-web\src\components\__tests__\Scanner.test.tsx:271:42)
          at Promise.finally.completed (D:\Dev\ExoScan\exoscan-web\node_modules\jest-circus\build\jestAdapterInit.js:1557:28)
          at new Promise (<anonymous>)
          at callAsyncCircusFn (D:\Dev\ExoScan\exoscan-web\node_modules\jest-circus\build\jestAdapterInit.js:1497:10)
          at _callCircusTest (D:\Dev\ExoScan\exoscan-web\node_modules\jest-circus\build\jestAdapterInit.js:1007:40)
          at _runTest (D:\Dev\ExoScan\exoscan-web\node_modules\jest-circus\build\jestAdapterInit.js:947:3)
          at D:\Dev\ExoScan\exoscan-web\node_modules\jest-circus\build\jestAdapterInit.js:849:7
          at _runTestsForDescribeBlock (D:\Dev\ExoScan\exoscan-web\node_modules\jest-circus\build\jestAdapterInit.js:862:11)
          at _runTestsForDescribeBlock (D:\Dev\ExoScan\exoscan-web\node_modules\jest-circus\build\jestAdapterInit.js:857:11)
          at _runTestsForDescribeBlock (D:\Dev\ExoScan\exoscan-web\node_modules\jest-circus\build\jestAdapterInit.js:857:11)
          at run (D:\Dev\ExoScan\exoscan-web\node_modules\jest-circus\build\jestAdapterInit.js:761:3)
          at runAndTransformResultsToJestFormat (D:\Dev\ExoScan\exoscan-web\node_modules\jest-circus\build\jestAdapterInit.js:1918:21)
          at jestAdapter (D:\Dev\ExoScan\exoscan-web\node_modules\jest-circus\build\runner.js:101:19)
          at runTestInternal (D:\Dev\ExoScan\exoscan-web\node_modules\jest-runner\build\testWorker.js:275:16)
          at runTest (D:\Dev\ExoScan\exoscan-web\node_modules\jest-runner\build\testWorker.js:343:7)
          at Object.worker (D:\Dev\ExoScan\exoscan-web\node_modules\jest-runner\build\testWorker.js:497:12)

      194 |   protected logError(message: string, error?: any): void {
      195 |     if (this.config.enableDiagnostics) {
    > 196 |       console.error(`[${this.constructor.name}] ${message}`, error)
          |               ^
      197 |     }
      198 |   }
      199 | }

      at ZXingScannerService.error [as logError] (src/services/scanner/ScannerService.ts:196:15)
      at ZXingScannerService.logError [as getCameraStream] (src/services/scanner/ZXingScannerService.ts:333:14)
      at ZXingScannerService.startScanning (src/services/scanner/ZXingScannerService.ts:71:22)
      at src/hooks/useScanner.ts:152:7
      at handleLoadedMetadata (src/components/Scanner.tsx:64:11)

    console.log
      [ZXingScannerService] ╨Я╨╛╨┐╤Л╤В╨║╨░ ╨┐╨╛╨╗╤Г╤З╨╡╨╜╨╕╤П ╨║╨░╨╝╨╡╤А╤Л ╤Б ╨╛╨│╤А╨░╨╜╨╕╤З╨╡╨╜╨╕╤П╨╝╨╕: {
        video: {
          width: { ideal: 1280 },
          height: { ideal: 720 },
          frameRate: { ideal: 30 }
        }
      }

      at ZXingScannerService.log (src/services/scanner/ScannerService.ts:190:15)

    console.error
      [ZXingScannerService] ╨Ю╤И╨╕╨▒╨║╨░ ╨┐╨╛╨╗╤Г╤З╨╡╨╜╨╕╤П ╨║╨░╨╝╨╡╤А╤Л: Error: Generic error
          at Object.<anonymous> (D:\Dev\ExoScan\exoscan-web\src\components\__tests__\Scanner.test.tsx:271:42)
          at Promise.finally.completed (D:\Dev\ExoScan\exoscan-web\node_modules\jest-circus\build\jestAdapterInit.js:1557:28)
          at new Promise (<anonymous>)
          at callAsyncCircusFn (D:\Dev\ExoScan\exoscan-web\node_modules\jest-circus\build\jestAdapterInit.js:1497:10)
          at _callCircusTest (D:\Dev\ExoScan\exoscan-web\node_modules\jest-circus\build\jestAdapterInit.js:1007:40)
          at _runTest (D:\Dev\ExoScan\exoscan-web\node_modules\jest-circus\build\jestAdapterInit.js:947:3)
          at D:\Dev\ExoScan\exoscan-web\node_modules\jest-circus\build\jestAdapterInit.js:849:7
          at _runTestsForDescribeBlock (D:\Dev\ExoScan\exoscan-web\node_modules\jest-circus\build\jestAdapterInit.js:862:11)
          at _runTestsForDescribeBlock (D:\Dev\ExoScan\exoscan-web\node_modules\jest-circus\build\jestAdapterInit.js:857:11)
          at _runTestsForDescribeBlock (D:\Dev\ExoScan\exoscan-web\node_modules\jest-circus\build\jestAdapterInit.js:857:11)
          at run (D:\Dev\ExoScan\exoscan-web\node_modules\jest-circus\build\jestAdapterInit.js:761:3)
          at runAndTransformResultsToJestFormat (D:\Dev\ExoScan\exoscan-web\node_modules\jest-circus\build\jestAdapterInit.js:1918:21)
          at jestAdapter (D:\Dev\ExoScan\exoscan-web\node_modules\jest-circus\build\runner.js:101:19)
          at runTestInternal (D:\Dev\ExoScan\exoscan-web\node_modules\jest-runner\build\testWorker.js:275:16)
          at runTest (D:\Dev\ExoScan\exoscan-web\node_modules\jest-runner\build\testWorker.js:343:7)
          at Object.worker (D:\Dev\ExoScan\exoscan-web\node_modules\jest-runner\build\testWorker.js:497:12)

      194 |   protected logError(message: string, error?: any): void {
      195 |     if (this.config.enableDiagnostics) {
    > 196 |       console.error(`[${this.constructor.name}] ${message}`, error)
          |               ^
      197 |     }
      198 |   }
      199 | }

      at ZXingScannerService.error [as logError] (src/services/scanner/ScannerService.ts:196:15)
      at ZXingScannerService.logError [as getCameraStream] (src/services/scanner/ZXingScannerService.ts:333:14)
      at ZXingScannerService.startScanning (src/services/scanner/ZXingScannerService.ts:71:22)
      at src/hooks/useScanner.ts:152:7
      at handleLoadedMetadata (src/components/Scanner.tsx:64:11)

    console.log
      [ZXingScannerService] ╨Я╨╛╨┐╤Л╤В╨║╨░ ╨┐╨╛╨╗╤Г╤З╨╡╨╜╨╕╤П ╨║╨░╨╝╨╡╤А╤Л ╤Б ╨╛╨│╤А╨░╨╜╨╕╤З╨╡╨╜╨╕╤П╨╝╨╕: { video: {} }

      at ZXingScannerService.log (src/services/scanner/ScannerService.ts:190:15)

    console.error
      [ZXingScannerService] ╨Ю╤И╨╕╨▒╨║╨░ ╨┐╨╛╨╗╤Г╤З╨╡╨╜╨╕╤П ╨║╨░╨╝╨╡╤А╤Л: Error: Generic error
          at Object.<anonymous> (D:\Dev\ExoScan\exoscan-web\src\components\__tests__\Scanner.test.tsx:271:42)
          at Promise.finally.completed (D:\Dev\ExoScan\exoscan-web\node_modules\jest-circus\build\jestAdapterInit.js:1557:28)
          at new Promise (<anonymous>)
          at callAsyncCircusFn (D:\Dev\ExoScan\exoscan-web\node_modules\jest-circus\build\jestAdapterInit.js:1497:10)
          at _callCircusTest (D:\Dev\ExoScan\exoscan-web\node_modules\jest-circus\build\jestAdapterInit.js:1007:40)
          at _runTest (D:\Dev\ExoScan\exoscan-web\node_modules\jest-circus\build\jestAdapterInit.js:947:3)
          at D:\Dev\ExoScan\exoscan-web\node_modules\jest-circus\build\jestAdapterInit.js:849:7
          at _runTestsForDescribeBlock (D:\Dev\ExoScan\exoscan-web\node_modules\jest-circus\build\jestAdapterInit.js:862:11)
          at _runTestsForDescribeBlock (D:\Dev\ExoScan\exoscan-web\node_modules\jest-circus\build\jestAdapterInit.js:857:11)
          at _runTestsForDescribeBlock (D:\Dev\ExoScan\exoscan-web\node_modules\jest-circus\build\jestAdapterInit.js:857:11)
          at run (D:\Dev\ExoScan\exoscan-web\node_modules\jest-circus\build\jestAdapterInit.js:761:3)
          at runAndTransformResultsToJestFormat (D:\Dev\ExoScan\exoscan-web\node_modules\jest-circus\build\jestAdapterInit.js:1918:21)
          at jestAdapter (D:\Dev\ExoScan\exoscan-web\node_modules\jest-circus\build\runner.js:101:19)
          at runTestInternal (D:\Dev\ExoScan\exoscan-web\node_modules\jest-runner\build\testWorker.js:275:16)
          at runTest (D:\Dev\ExoScan\exoscan-web\node_modules\jest-runner\build\testWorker.js:343:7)
          at Object.worker (D:\Dev\ExoScan\exoscan-web\node_modules\jest-runner\build\testWorker.js:497:12)

      194 |   protected logError(message: string, error?: any): void {
      195 |     if (this.config.enableDiagnostics) {
    > 196 |       console.error(`[${this.constructor.name}] ${message}`, error)
          |               ^
      197 |     }
      198 |   }
      199 | }

      at ZXingScannerService.error [as logError] (src/services/scanner/ScannerService.ts:196:15)
      at ZXingScannerService.logError [as getCameraStream] (src/services/scanner/ZXingScannerService.ts:333:14)
      at ZXingScannerService.startScanning (src/services/scanner/ZXingScannerService.ts:71:22)
      at src/hooks/useScanner.ts:152:7
      at handleLoadedMetadata (src/components/Scanner.tsx:64:11)

    console.error
      [ZXingScannerService] ╨Ю╤И╨╕╨▒╨║╨░ ╨╖╨░╨┐╤Г╤Б╨║╨░ ╤Б╨║╨░╨╜╨╕╤А╨╛╨▓╨░╨╜╨╕╤П: Error: ╨Э╨╡ ╤Г╨┤╨░╨╗╨╛╤Б╤М ╨┐╨╛╨╗╤Г╤З╨╕╤В╤М ╨┤╨╛╤Б╤В╤Г╨┐ ╨║ ╨║╨░╨╝╨╡╤А╨╡
          at ZXingScannerService.getCameraStream (D:\Dev\ExoScan\exoscan-web\src\services\scanner\ZXingScannerService.ts:337:11)
          at processTicksAndRejections (node:internal/process/task_queues:105:5)
          at runNextTicks (node:internal/process/task_queues:69:3)
          at listOnTimeout (node:internal/timers:549:9)
          at processTimers (node:internal/timers:523:7)
          at ZXingScannerService.startScanning (D:\Dev\ExoScan\exoscan-web\src\services\scanner\ZXingScannerService.ts:71:22)
          at D:\Dev\ExoScan\exoscan-web\src\hooks\useScanner.ts:152:7
          at handleLoadedMetadata (D:\Dev\ExoScan\exoscan-web\src\components\Scanner.tsx:64:11)

      194 |   protected logError(message: string, error?: any): void {
      195 |     if (this.config.enableDiagnostics) {
    > 196 |       console.error(`[${this.constructor.name}] ${message}`, error)
          |               ^
      197 |     }
      198 |   }
      199 | }

      at ZXingScannerService.error [as logError] (src/services/scanner/ScannerService.ts:196:15)
      at ZXingScannerService.logError [as startScanning] (src/services/scanner/ZXingScannerService.ts:107:12)
      at src/hooks/useScanner.ts:152:7
      at handleLoadedMetadata (src/components/Scanner.tsx:64:11)

    console.error
      тЭМ Scanner: Scan error: Error: ╨Э╨╡ ╤Г╨┤╨░╨╗╨╛╤Б╤М ╨┐╨╛╨╗╤Г╤З╨╕╤В╤М ╨┤╨╛╤Б╤В╤Г╨┐ ╨║ ╨║╨░╨╝╨╡╤А╨╡
          at ZXingScannerService.getCameraStream (D:\Dev\ExoScan\exoscan-web\src\services\scanner\ZXingScannerService.ts:337:11)
          at processTicksAndRejections (node:internal/process/task_queues:105:5)
          at runNextTicks (node:internal/process/task_queues:69:3)
          at listOnTimeout (node:internal/timers:549:9)
          at processTimers (node:internal/timers:523:7)
          at ZXingScannerService.startScanning (D:\Dev\ExoScan\exoscan-web\src\services\scanner\ZXingScannerService.ts:71:22)
          at D:\Dev\ExoScan\exoscan-web\src\hooks\useScanner.ts:152:7
          at handleLoadedMetadata (D:\Dev\ExoScan\exoscan-web\src\components\Scanner.tsx:64:11)

      48 |     },
      49 |     onScanError: (error) => {
    > 50 |       console.error('тЭМ Scanner: Scan error:', error)
         |               ^
      51 |       onError(error)
      52 |     }
      53 |   });

      at error (src/components/Scanner.tsx:50:15)
      at onScanError (src/hooks/useScanner.ts:162:11)
      at ZXingScannerService.onError [as startScanning] (src/services/scanner/ZXingScannerService.ts:109:9)
      at src/hooks/useScanner.ts:152:7
      at handleLoadedMetadata (src/components/Scanner.tsx:64:11)

    console.error
      тЭМ useScanner: ╨Ю╤И╨╕╨▒╨║╨░ ╤Б╨║╨░╨╜╨╕╤А╨╛╨▓╨░╨╜╨╕╤П: Error: ╨Э╨╡ ╤Г╨┤╨░╨╗╨╛╤Б╤М ╨┐╨╛╨╗╤Г╤З╨╕╤В╤М ╨┤╨╛╤Б╤В╤Г╨┐ ╨║ ╨║╨░╨╝╨╡╤А╨╡
          at ZXingScannerService.getCameraStream (D:\Dev\ExoScan\exoscan-web\src\services\scanner\ZXingScannerService.ts:337:11)
          at processTicksAndRejections (node:internal/process/task_queues:105:5)
          at runNextTicks (node:internal/process/task_queues:69:3)
          at listOnTimeout (node:internal/timers:549:9)
          at processTimers (node:internal/timers:523:7)
          at ZXingScannerService.startScanning (D:\Dev\ExoScan\exoscan-web\src\services\scanner\ZXingScannerService.ts:71:22)
          at D:\Dev\ExoScan\exoscan-web\src\hooks\useScanner.ts:152:7
          at handleLoadedMetadata (D:\Dev\ExoScan\exoscan-web\src\components\Scanner.tsx:64:11)

      161 |           setError(error)
      162 |           onScanError?.(error)
    > 163 |           console.error('тЭМ useScanner: ╨Ю╤И╨╕╨▒╨║╨░ ╤Б╨║╨░╨╜╨╕╤А╨╛╨▓╨░╨╜╨╕╤П:', error)
          |                   ^
      164 |         }
      165 |       )
      166 |

      at error (src/hooks/useScanner.ts:163:19)
      at ZXingScannerService.onError [as startScanning] (src/services/scanner/ZXingScannerService.ts:109:9)
      at src/hooks/useScanner.ts:152:7
      at handleLoadedMetadata (src/components/Scanner.tsx:64:11)

    console.error
      тЭМ useScanner: ╨Ф╨╡╤В╨░╨╗╤М╨╜╨░╤П ╨╛╤И╨╕╨▒╨║╨░ ╨╖╨░╨┐╤Г╤Б╨║╨░: {
        error: '╨Э╨╡ ╤Г╨┤╨░╨╗╨╛╤Б╤М ╨┐╨╛╨╗╤Г╤З╨╕╤В╤М ╨┤╨╛╤Б╤В╤Г╨┐ ╨║ ╨║╨░╨╝╨╡╤А╨╡',
        stack: 'Error: ╨Э╨╡ ╤Г╨┤╨░╨╗╨╛╤Б╤М ╨┐╨╛╨╗╤Г╤З╨╕╤В╤М ╨┤╨╛╤Б╤В╤Г╨┐ ╨║ ╨║╨░╨╝╨╡╤А╨╡\n' +
          '    at ZXingScannerService.getCameraStream (D:\\Dev\\ExoScan\\exoscan-web\\src\\services\\scanner\\ZXingScannerService.ts:337:11)\n' +
          '    at processTicksAndRejections (node:internal/process/task_queues:105:5)\n' +
          '    at runNextTicks (node:internal/process/task_queues:69:3)\n' +
          '    at listOnTimeout (node:internal/timers:549:9)\n' +
          '    at processTimers (node:internal/timers:523:7)\n' +
          '    at ZXingScannerService.startScanning (D:\\Dev\\ExoScan\\exoscan-web\\src\\services\\scanner\\ZXingScannerService.ts:71:22)\n' +
          '    at D:\\Dev\\ExoScan\\exoscan-web\\src\\hooks\\useScanner.ts:152:7\n' +
          '    at handleLoadedMetadata (D:\\Dev\\ExoScan\\exoscan-web\\src\\components\\Scanner.tsx:64:11)',
        videoElement: { readyState: 4, srcObject: false }
      }

      173 |     } catch (err) {
      174 |       const error = err instanceof Error ? err : new Error('╨Ю╤И╨╕╨▒╨║╨░ ╨╖╨░╨┐╤Г╤Б╨║╨░ ╤Б╨║╨░╨╜╨╕╤А╨╛╨▓╨░╨╜╨╕╤П')
    > 175 |       console.error('тЭМ useScanner: ╨Ф╨╡╤В╨░╨╗╤М╨╜╨░╤П ╨╛╤И╨╕╨▒╨║╨░ ╨╖╨░╨┐╤Г╤Б╨║╨░:', {
          |               ^
      176 |         error: error.message,
      177 |         stack: error.stack,
      178 |         videoElement: {

      at error (src/hooks/useScanner.ts:175:15)
      at handleLoadedMetadata (src/components/Scanner.tsx:64:11)

    console.error
      тЭМ Scanner: Scan error: Error: ╨Э╨╡ ╤Г╨┤╨░╨╗╨╛╤Б╤М ╨┐╨╛╨╗╤Г╤З╨╕╤В╤М ╨┤╨╛╤Б╤В╤Г╨┐ ╨║ ╨║╨░╨╝╨╡╤А╨╡
          at ZXingScannerService.getCameraStream (D:\Dev\ExoScan\exoscan-web\src\services\scanner\ZXingScannerService.ts:337:11)
          at processTicksAndRejections (node:internal/process/task_queues:105:5)
          at runNextTicks (node:internal/process/task_queues:69:3)
          at listOnTimeout (node:internal/timers:549:9)
          at processTimers (node:internal/timers:523:7)
          at ZXingScannerService.startScanning (D:\Dev\ExoScan\exoscan-web\src\services\scanner\ZXingScannerService.ts:71:22)
          at D:\Dev\ExoScan\exoscan-web\src\hooks\useScanner.ts:152:7
          at handleLoadedMetadata (D:\Dev\ExoScan\exoscan-web\src\components\Scanner.tsx:64:11)

      48 |     },
      49 |     onScanError: (error) => {
    > 50 |       console.error('тЭМ Scanner: Scan error:', error)
         |               ^
      51 |       onError(error)
      52 |     }
      53 |   });

      at error (src/components/Scanner.tsx:50:15)
      at onScanError (src/hooks/useScanner.ts:185:7)
      at handleLoadedMetadata (src/components/Scanner.tsx:64:11)

    console.error
      тЭМ Scanner: ╨Ю╤И╨╕╨▒╨║╨░ ╨╖╨░╨┐╤Г╤Б╨║╨░ ╤Б╨║╨░╨╜╨╕╤А╨╛╨▓╨░╨╜╨╕╤П: Error: ╨Э╨╡ ╤Г╨┤╨░╨╗╨╛╤Б╤М ╨┐╨╛╨╗╤Г╤З╨╕╤В╤М ╨┤╨╛╤Б╤В╤Г╨┐ ╨║ ╨║╨░╨╝╨╡╤А╨╡
          at ZXingScannerService.getCameraStream (D:\Dev\ExoScan\exoscan-web\src\services\scanner\ZXingScannerService.ts:337:11)
          at processTicksAndRejections (node:internal/process/task_queues:105:5)
          at runNextTicks (node:internal/process/task_queues:69:3)
          at listOnTimeout (node:internal/timers:549:9)
          at processTimers (node:internal/timers:523:7)
          at ZXingScannerService.startScanning (D:\Dev\ExoScan\exoscan-web\src\services\scanner\ZXingScannerService.ts:71:22)
          at D:\Dev\ExoScan\exoscan-web\src\hooks\useScanner.ts:152:7
          at handleLoadedMetadata (D:\Dev\ExoScan\exoscan-web\src\components\Scanner.tsx:64:11)

      65 |           console.log('тЬЕ Scanner: ╨б╨║╨░╨╜╨╕╤А╨╛╨▓╨░╨╜╨╕╨╡ ╨╖╨░╨┐╤Г╤Й╨╡╨╜╨╛');
      66 |         } catch (err) {
    > 67 |           console.error('тЭМ Scanner: ╨Ю╤И╨╕╨▒╨║╨░ ╨╖╨░╨┐╤Г╤Б╨║╨░ ╤Б╨║╨░╨╜╨╕╤А╨╛╨▓╨░╨╜╨╕╤П:', err);
         |                   ^
      68 |           onError(err instanceof Error ? err : new Error('╨Ю╤И╨╕╨▒╨║╨░ ╨╖╨░╨┐╤Г╤Б╨║╨░ ╤Б╨║╨░╨╜╨╕╤А╨╛╨▓╨░╨╜╨╕╤П'));
      69 |         }
      70 |       };

      at error (src/components/Scanner.tsx:67:19)

    console.log
      ЁЯз╣ useScanner: ╨Ю╤З╨╕╤Б╤В╨║╨░ ╨┐╤А╨╕ ╤А╨░╨╖╨╝╨╛╨╜╤В╨╕╤А╨╛╨▓╨░╨╜╨╕╨╕

      at log (src/hooks/useScanner.ts:388:15)
          at Array.forEach (<anonymous>)

    console.log
      [ZXingScannerService] ╨Ю╤Б╤В╨░╨╜╨╛╨▓╨║╨░ ╤Б╨║╨░╨╜╨╕╤А╨╛╨▓╨░╨╜╨╕╤П...

      at ZXingScannerService.log (src/services/scanner/ScannerService.ts:190:15)
          at Array.forEach (<anonymous>)

    console.log
      [ZXingScannerService] ╨б╨║╨░╨╜╨╕╤А╨╛╨▓╨░╨╜╨╕╨╡ ╨╛╤Б╤В╨░╨╜╨╛╨▓╨╗╨╡╨╜╨╛

      at ZXingScannerService.log (src/services/scanner/ScannerService.ts:190:15)
          at Array.forEach (<anonymous>)

  тЧП Scanner Component - Baseline Tests тА║ Component Rendering тА║ should render scanner interface when active

    Unable to find role="video"

    Ignored nodes: comments, script, style
    <body>
      <div>
        <div
          class="relative w-full h-full bg-black"
        >
          <video
            autoplay=""
            class="w-full h-full object-cover"
            playsinline="true"
            webkit-playsinline="true"
          />
          <div
            class="absolute top-4 right-4 flex flex-col gap-2"
          >
            <button
              class="p-2 rounded-full transition-colors bg-black/50 text-white hover:bg-black/70"
              title="╨а╨╡╨╢╨╕╨╝ ╤Д╨╛╨║╤Г╤Б╨░: ╨Р╨▓╤В╨╛"
            >
              <svg
                class="w-5 h-5"
                fill="none"
                stroke="currentColor"
                viewBox="0 0 24 24"
              >
                <path
                  d="M15 12a3 3 0 11-6 0 3 3 0 016 0z M2.458 12C3.732 7.943 7.523 5 12 5c4.478 0 8.268 2.943 9.542 7-1.274 4.057-5.064 7-9.542 7-4.477 0-8.268-2.943-9.542-7z"
                  stroke-linecap="round"
                  stroke-linejoin="round"
                  stroke-width="2"
                />
              </svg>
            </button>
          </div>
          <div
            class="absolute bottom-4 left-1/2 transform -translate-x-1/2"
          >
            <div
              class="flex items-center gap-2 bg-black/50 rounded-full px-4 py-2"
            >
              <button
                class="text-white p-1 disabled:opacity-50"
                disabled=""
              >
                <svg
                  class="w-4 h-4"
                  fill="none"
                  stroke="currentColor"
                  viewBox="0 0 24 24"
                >
                  <path
                    d="M20 12H4"
                    stroke-linecap="round"
                    stroke-linejoin="round"
                    stroke-width="2"
                  />
                </svg>
              </button>
              <span
                class="text-white text-sm min-w-[3rem] text-center"
              >
                1.0
                x
              </span>
              <button
                class="text-white p-1 disabled:opacity-50"
              >
                <svg
                  class="w-4 h-4"
                  fill="none"
                  stroke="currentColor"
                  viewBox="0 0 24 24"
                >
                  <path
                    d="M12 4v16m8-8H4"
                    stroke-linecap="round"
                    stroke-linejoin="round"
                    stroke-width="2"
                  />
                </svg>
              </button>
            </div>
          </div>
        </div>
      </div>
    </body>

      139 |       
      140 |       // Wait for the component to initialize
    > 141 |       await waitFor(() => {
          |                    ^
      142 |         expect(screen.getByRole('video')).toBeInTheDocument();
      143 |       });
      144 |     });

      at waitForWrapper (node_modules/@testing-library/dom/dist/wait-for.js:163:27)
      at Object.<anonymous> (src/components/__tests__/Scanner.test.tsx:141:20)

  тЧП Scanner Component - Baseline Tests тА║ Component Rendering тА║ should not render when inactive

    expect(received).toBeNull()

    Received: <div class="relative w-full h-full bg-black"><video autoplay="" class="w-full h-full object-cover" playsinline="" /><div class="absolute top-4 right-4 flex flex-col gap-2"><button class="p-2 rounded-full transition-colors bg-black/50 text-white hover:bg-black/70" title="╨а╨╡╨╢╨╕╨╝ ╤Д╨╛╨║╤Г╤Б╨░: ╨Р╨▓╤В╨╛"><svg class="w-5 h-5" fill="none" stroke="currentColor" viewBox="0 0 24 24"><path d="M15 12a3 3 0 11-6 0 3 3 0 016 0z M2.458 12C3.732 7.943 7.523 5 12 5c4.478 0 8.268 2.943 9.542 7-1.274 4.057-5.064 7-9.542 7-4.477 0-8.268-2.943-9.542-7z" stroke-linecap="round" stroke-linejoin="round" stroke-width="2" /></svg></button></div><div class="absolute bottom-4 left-1/2 transform -translate-x-1/2"><div class="flex items-center gap-2 bg-black/50 rounded-full px-4 py-2"><button class="text-white p-1 disabled:opacity-50" disabled=""><svg class="w-4 h-4" fill="none" stroke="currentColor" viewBox="0 0 24 24"><path d="M20 12H4" stroke-linecap="round" stroke-linejoin="round" stroke-width="2" /></svg></button><span class="text-white text-sm min-w-[3rem] text-center">1.0x</span><button class="text-white p-1 disabled:opacity-50"><svg class="w-4 h-4" fill="none" stroke="currentColor" viewBox="0 0 24 24"><path d="M12 4v16m8-8H4" stroke-linecap="round" stroke-linejoin="round" stroke-width="2" /></svg></button></div></div><div class="absolute inset-0 bg-black/50 flex items-center justify-center"><div class="text-white text-center"><div class="animate-spin rounded-full h-8 w-8 border-b-2 border-white mx-auto mb-2" /><p>╨Ш╨╜╨╕╤Ж╨╕╨░╨╗╨╕╨╖╨░╤Ж╨╕╤П ╤Б╨║╨░╨╜╨╡╤А╨░...</p></div></div></div>

      147 |       const { container } = render(<Scanner onScan={mockOnScan} onError={mockOnError} isActive={false} />);
      148 |       
    > 149 |       expect(container.firstChild).toBeNull();
          |                                    ^
      150 |     });
      151 |
      152 |     it('should show loading state during camera initialization', async () => {

      at Object.toBeNull (src/components/__tests__/Scanner.test.tsx:149:36)

  тЧП Scanner Component - Baseline Tests тА║ Component Rendering тА║ should show loading state during camera initialization

    Unable to find an element with the text: Starting camera.... This could be because the text is broken up by multiple elements. In this case, you can provide a function for your text matcher to make your matcher more flexible.

    Ignored nodes: comments, script, style
    <body>
      <div>
        <div
          class="relative w-full h-full bg-black"
        >
          <video
            autoplay=""
            class="w-full h-full object-cover"
            playsinline=""
          />
          <div
            class="absolute top-4 right-4 flex flex-col gap-2"
          >
            <button
              class="p-2 rounded-full transition-colors bg-black/50 text-white hover:bg-black/70"
              title="╨а╨╡╨╢╨╕╨╝ ╤Д╨╛╨║╤Г╤Б╨░: ╨Р╨▓╤В╨╛"
            >
              <svg
                class="w-5 h-5"
                fill="none"
                stroke="currentColor"
                viewBox="0 0 24 24"
              >
                <path
                  d="M15 12a3 3 0 11-6 0 3 3 0 016 0z M2.458 12C3.732 7.943 7.523 5 12 5c4.478 0 8.268 2.943 9.542 7-1.274 4.057-5.064 7-9.542 7-4.477 0-8.268-2.943-9.542-7z"
                  stroke-linecap="round"
                  stroke-linejoin="round"
                  stroke-width="2"
                />
              </svg>
            </button>
          </div>
          <div
            class="absolute bottom-4 left-1/2 transform -translate-x-1/2"
          >
            <div
              class="flex items-center gap-2 bg-black/50 rounded-full px-4 py-2"
            >
              <button
                class="text-white p-1 disabled:opacity-50"
                disabled=""
              >
                <svg
                  class="w-4 h-4"
                  fill="none"
                  stroke="currentColor"
                  viewBox="0 0 24 24"
                >
                  <path
                    d="M20 12H4"
                    stroke-linecap="round"
                    stroke-linejoin="round"
                    stroke-width="2"
                  />
                </svg>
              </button>
              <span
                class="text-white text-sm min-w-[3rem] text-center"
              >
                1.0
                x
              </span>
              <button
                class="text-white p-1 disabled:opacity-50"
              >
                <svg
                  class="w-4 h-4"
                  fill="none"
                  stroke="currentColor"
                  viewBox="0 0 24 24"
                >
                  <path
                    d="M12 4v16m8-8H4"
                    stroke-linecap="round"
                    stroke-linejoin="round"
                    stroke-width="2"
                  />
                </svg>
              </button>
            </div>
          </div>
        </div>
      </div>
    </body>

      156 |       render(<Scanner onScan={mockOnScan} onError={mockOnError} isActive={true} />);
      157 |       
    > 158 |       await waitFor(() => {
          |                    ^
      159 |         expect(screen.getByText('Starting camera...')).toBeInTheDocument();
      160 |       });
      161 |     });

      at waitForWrapper (node_modules/@testing-library/dom/dist/wait-for.js:163:27)
      at Object.<anonymous> (src/components/__tests__/Scanner.test.tsx:158:20)

  тЧП Scanner Component - Baseline Tests тА║ MediaStream Lifecycle тА║ should initialize camera successfully

    expect(jest.fn()).toHaveBeenCalledWith(...expected)

    - Expected
    + Received

      Object {
        "video": Object {
    -     "facingMode": "environment",
    +     "exposureMode": Object {
    +       "ideal": "continuous",
    +     },
    +     "facingMode": undefined,
    +     "focusMode": Object {
    +       "ideal": "continuous",
    +     },
    +     "frameRate": Object {
    +       "ideal": 30,
    +       "max": 60,
    +     },
    +     "height": Object {
    +       "ideal": 1080,
    +       "max": 1080,
    +     },
    +     "whiteBalanceMode": Object {
    +       "ideal": "continuous",
    +     },
    +     "width": Object {
    +       "ideal": 1920,
    +       "max": 1920,
    +     },
        },
      },

    Number of calls: 1

    Ignored nodes: comments, script, style
    <html>
      <head />
      <body>
        <div>
          <div
            class="relative w-full h-full bg-black"
          >
            <video
              autoplay=""
              class="w-full h-full object-cover"
              playsinline="true"
              webkit-playsinline="true"
            />
            <div
              class="absolute top-4 right-4 flex flex-col gap-2"
            >
              <button
                class="p-2 rounded-full transition-colors bg-black/50 text-white hover:bg-black/70"
                title="╨а╨╡╨╢╨╕╨╝ ╤Д╨╛╨║╤Г╤Б╨░: ╨Р╨▓╤В╨╛"
              >
                <svg
                  class="w-5 h-5"
                  fill="none"
                  stroke="currentColor"
                  viewBox="0 0 24 24"
                >
                  <path
                    d="M15 12a3 3 0 11-6 0 3 3 0 016 0z M2.458 12C3.732 7.943 7.523 5 12 5c4.478 0 8.268 2.943 9.542 7-1.274 4.057-5.064 7-9.542 7-4.477 0-8.268-2.943-9.542-7z"
                    stroke-linecap="round"
                    stroke-linejoin="round"
                    stroke-width="2"
                  />
                </svg>
              </button>
            </div>
            <div
              class="absolute bottom-4 left-1/2 transform -translate-x-1/2"
            >
              <div
                class="flex items-center gap-2 bg-black/50 rounded-full px-4 py-2"
              >
                <button
                  class="text-white p-1 disabled:opacity-50"
                  disabled=""
                >
                  <svg
                    class="w-4 h-4"
                    fill="none"
                    stroke="currentColor"
                    viewBox="0 0 24 24"
                  >
                    <path
                      d="M20 12H4"
                      stroke-linecap="round"
                      stroke-linejoin="round"
                      stroke-width="2"
                    />
                  </svg>
                </button>
                <span
                  class="text-white text-sm min-w-[3rem] text-center"
                >
                  1.0
                  x
                </span>
                <button
                  class="text-white p-1 disabled:opacity-50"
                >
                  <svg
                    class="w-4 h-4"
                    fill="none"
                    stroke="currentColor"
                    viewBox="0 0 24 24"
                  >
                    <path
                      d="M12 4v16m8-8H4"
                      stroke-linecap="round"
                      stroke-linejoin="round"
                      stroke-width="2"
                    />
                  </svg>
                </button>
              </div>
            </div>
          </div>
        </div>
      </body>
    </html>

      167 |       
      168 |       await waitFor(() => {
    > 169 |         expect(mockGetUserMedia).toHaveBeenCalledWith({
          |                                  ^
      170 |           video: { facingMode: 'environment' }
      171 |         });
      172 |       });

      at toHaveBeenCalledWith (src/components/__tests__/Scanner.test.tsx:169:34)
      at runWithExpensiveErrorDiagnosticsDisabled (node_modules/@testing-library/dom/dist/config.js:47:12)
      at checkCallback (node_modules/@testing-library/dom/dist/wait-for.js:124:77)
      at checkRealTimersCallback (node_modules/@testing-library/dom/dist/wait-for.js:118:16)
      at Timeout.task [as _onTimeout] (node_modules/jsdom/lib/jsdom/browser/Window.js:579:19)

  тЧП Scanner Component - Baseline Tests тА║ React Strict Mode Behavior тА║ should handle double mounting without errors

    Cannot update an unmounted root.

      214 |       // Simulate Strict Mode double mounting
      215 |       unmount();
    > 216 |       rerender(<Scanner onScan={mockOnScan} onError={mockOnError} isActive={true} />);
          |       ^
      217 |       
      218 |       // Should not throw errors or call getUserMedia multiple times unnecessarily
      219 |       await waitFor(() => {

      at ReactDOMRoot.process.env.NODE_ENV.ReactDOMHydrationRoot.render.ReactDOMRoot.render [as render] (node_modules/react-dom/cjs/react-dom-client.development.js:24739:34)
      at Object.render (node_modules/@testing-library/react/dist/pure.js:161:12)
      at node_modules/@testing-library/react/dist/pure.js:194:12
      at node_modules/@testing-library/react/dist/act-compat.js:48:24
      at process.env.NODE_ENV.exports.act (node_modules/react/cjs/react.development.js:789:22)
      at node_modules/@testing-library/react/dist/act-compat.js:47:25
      at renderRoot (node_modules/@testing-library/react/dist/pure.js:190:26)
      at rerender (node_modules/@testing-library/react/dist/pure.js:211:7)
      at Object.rerender (src/components/__tests__/Scanner.test.tsx:216:7)

FAIL src/components/__tests__/Scanner.integration.test.tsx (10.831 s)
  тЧП Console

    console.log
      ЁЯЪА useScanner: ╨Ч╨░╨┐╤Г╤Б╨║ ╨░╨▓╤В╨╛╨╕╨╜╨╕╤Ж╨╕╨░╨╗╨╕╨╖╨░╤Ж╨╕╨╕...

      at log (src/hooks/useScanner.ts:382:13)

    console.log
      ЁЯФД useScanner: ╨Ш╨╜╨╕╤Ж╨╕╨░╨╗╨╕╨╖╨░╤Ж╨╕╤П ╤Б╨║╨░╨╜╨╡╤А╨░...

      at log (src/hooks/useScanner.ts:92:15)

    console.log
      ЁЯПн ScannerFactory: ╨б╨╛╨╖╨┤╨░╨╜╨╕╨╡ ╤Б╨║╨░╨╜╨╡╤А╨░... {
        preferredType: 'auto',
        fallbackToZXing: true,
        config: {
          enableDiagnostics: true,
          formats: [ 'ean_13', 'ean_8', 'upc_a', 'code_128' ]
        }
      }

      at Function.log [as createScanner] (src/services/scanner/index.ts:37:13)

    console.log
      ЁЯФН ScannerFactory: ╨Р╨▓╤В╨╛╨╝╨░╤В╨╕╤З╨╡╤Б╨║╨╕╨╣ ╨▓╤Л╨▒╨╛╤А ╤Б╨║╨░╨╜╨╡╤А╨░...

      at Function.log [as createBestAvailableScanner] (src/services/scanner/index.ts:87:13)

    console.log
      ЁЯУК ScannerFactory: ╨Ф╨╛╤Б╤В╤Г╨┐╨╜╨╛╤Б╤В╤М API: {
        barcodeDetector: false,
        zxing: true,
        camera: true,
        secureContext: true
      }

      at Function.log [as createBestAvailableScanner] (src/services/scanner/index.ts:91:13)

    console.log
      ЁЯФД ScannerFactory: Fallback ╨║ ZXing

      at Function.log [as createBestAvailableScanner] (src/services/scanner/index.ts:110:15)

    console.log
      [ZXingScannerService] ╨Ш╨╜╨╕╤Ж╨╕╨░╨╗╨╕╨╖╨░╤Ж╨╕╤П ZXing ╤Б╨║╨░╨╜╨╡╤А╨░...

      at ZXingScannerService.log (src/services/scanner/ScannerService.ts:190:15)

    console.error
      An update to Scanner inside a test was not wrapped in act(...).
      
      When testing, code that causes React state updates should be wrapped into act(...):
      
      act(() => {
        /* fire events that update state */
      });
      /* assert on the output */
      
      This ensures that you're testing the behavior the user would see in the browser. Learn more at https://react.dev/link/wrap-tests-with-act

       97 |       // ╨Я╨╛╨╗╤Г╤З╨░╨╡╨╝ ╨▓╨╛╨╖╨╝╨╛╨╢╨╜╨╛╤Б╤В╨╕
       98 |       const caps = await scanner.getCapabilities()
    >  99 |       setCapabilities(caps)
          |       ^
      100 |
      101 |       // ╨Я╨╛╨╗╤Г╤З╨░╨╡╨╝ ╨┤╨╛╤Б╤В╤Г╨┐╨╜╤Л╨╡ ╨║╨░╨╝╨╡╤А╤Л
      102 |       const cameras = await scanner.getAvailableCameras()

      at node_modules/react-dom/cjs/react-dom-client.development.js:16023:19
      at runWithFiberInDEV (node_modules/react-dom/cjs/react-dom-client.development.js:1522:13)
      at warnIfUpdatesNotWrappedWithActDEV (node_modules/react-dom/cjs/react-dom-client.development.js:16022:9)
      at scheduleUpdateOnFiber (node_modules/react-dom/cjs/react-dom-client.development.js:14396:11)
      at dispatchSetStateInternal (node_modules/react-dom/cjs/react-dom-client.development.js:6969:13)
      at dispatchSetState (node_modules/react-dom/cjs/react-dom-client.development.js:6927:7)
      at setCapabilities (src/hooks/useScanner.ts:99:7)

    console.error
      An update to Scanner inside a test was not wrapped in act(...).
      
      When testing, code that causes React state updates should be wrapped into act(...):
      
      act(() => {
        /* fire events that update state */
      });
      /* assert on the output */
      
      This ensures that you're testing the behavior the user would see in the browser. Learn more at https://react.dev/link/wrap-tests-with-act

      101 |       // ╨Я╨╛╨╗╤Г╤З╨░╨╡╨╝ ╨┤╨╛╤Б╤В╤Г╨┐╨╜╤Л╨╡ ╨║╨░╨╝╨╡╤А╤Л
      102 |       const cameras = await scanner.getAvailableCameras()
    > 103 |       setAvailableCameras(cameras)
          |       ^
      104 |
      105 |       // ╨Я╤А╨╛╨▓╨╡╤А╤П╨╡╨╝ ╤А╨░╨╖╤А╨╡╤И╨╡╨╜╨╕╤П
      106 |       const permission = await scanner.getCameraPermissionStatus()

      at node_modules/react-dom/cjs/react-dom-client.development.js:16023:19
      at runWithFiberInDEV (node_modules/react-dom/cjs/react-dom-client.development.js:1522:13)
      at warnIfUpdatesNotWrappedWithActDEV (node_modules/react-dom/cjs/react-dom-client.development.js:16022:9)
      at scheduleUpdateOnFiber (node_modules/react-dom/cjs/react-dom-client.development.js:14396:11)
      at dispatchSetStateInternal (node_modules/react-dom/cjs/react-dom-client.development.js:6969:13)
      at dispatchSetState (node_modules/react-dom/cjs/react-dom-client.development.js:6927:7)
      at setAvailableCameras (src/hooks/useScanner.ts:103:7)

    console.error
      An update to Scanner inside a test was not wrapped in act(...).
      
      When testing, code that causes React state updates should be wrapped into act(...):
      
      act(() => {
        /* fire events that update state */
      });
      /* assert on the output */
      
      This ensures that you're testing the behavior the user would see in the browser. Learn more at https://react.dev/link/wrap-tests-with-act

      105 |       // ╨Я╤А╨╛╨▓╨╡╤А╤П╨╡╨╝ ╤А╨░╨╖╤А╨╡╤И╨╡╨╜╨╕╤П
      106 |       const permission = await scanner.getCameraPermissionStatus()
    > 107 |       setPermissionStatus(permission)
          |       ^
      108 |
      109 |       setIsInitialized(true)
      110 |       console.log('тЬЕ useScanner: ╨б╨║╨░╨╜╨╡╤А ╨╕╨╜╨╕╤Ж╨╕╨░╨╗╨╕╨╖╨╕╤А╨╛╨▓╨░╨╜', { caps, cameras, permission })

      at node_modules/react-dom/cjs/react-dom-client.development.js:16023:19
      at runWithFiberInDEV (node_modules/react-dom/cjs/react-dom-client.development.js:1522:13)
      at warnIfUpdatesNotWrappedWithActDEV (node_modules/react-dom/cjs/react-dom-client.development.js:16022:9)
      at scheduleUpdateOnFiber (node_modules/react-dom/cjs/react-dom-client.development.js:14396:11)
      at dispatchSetStateInternal (node_modules/react-dom/cjs/react-dom-client.development.js:6969:13)
      at dispatchSetState (node_modules/react-dom/cjs/react-dom-client.development.js:6927:7)
      at setPermissionStatus (src/hooks/useScanner.ts:107:7)

    console.error
      An update to Scanner inside a test was not wrapped in act(...).
      
      When testing, code that causes React state updates should be wrapped into act(...):
      
      act(() => {
        /* fire events that update state */
      });
      /* assert on the output */
      
      This ensures that you're testing the behavior the user would see in the browser. Learn more at https://react.dev/link/wrap-tests-with-act

      107 |       setPermissionStatus(permission)
      108 |
    > 109 |       setIsInitialized(true)
          |       ^
      110 |       console.log('тЬЕ useScanner: ╨б╨║╨░╨╜╨╡╤А ╨╕╨╜╨╕╤Ж╨╕╨░╨╗╨╕╨╖╨╕╤А╨╛╨▓╨░╨╜', { caps, cameras, permission })
      111 |
      112 |       // ╨Р╨▓╤В╨╛╨╖╨░╨┐╤Г╤Б╨║ ╨╡╤Б╨╗╨╕ ╨▓╨║╨╗╤О╤З╨╡╨╜

      at node_modules/react-dom/cjs/react-dom-client.development.js:16023:19
      at runWithFiberInDEV (node_modules/react-dom/cjs/react-dom-client.development.js:1522:13)
      at warnIfUpdatesNotWrappedWithActDEV (node_modules/react-dom/cjs/react-dom-client.development.js:16022:9)
      at scheduleUpdateOnFiber (node_modules/react-dom/cjs/react-dom-client.development.js:14396:11)
      at dispatchSetStateInternal (node_modules/react-dom/cjs/react-dom-client.development.js:6969:13)
      at dispatchSetState (node_modules/react-dom/cjs/react-dom-client.development.js:6927:7)
      at setIsInitialized (src/hooks/useScanner.ts:109:7)

    console.log
      тЬЕ useScanner: ╨б╨║╨░╨╜╨╡╤А ╨╕╨╜╨╕╤Ж╨╕╨░╨╗╨╕╨╖╨╕╤А╨╛╨▓╨░╨╜ {
        caps: {
          supportedFormats: [ 'ean_13', 'ean_8', 'upc_a', 'code_128' ],
          supportsFlashlight: true,
          supportsZoom: true,
          supportsFocus: true,
          maxZoom: 3
        },
        cameras: [
          {
            deviceId: 'camera1',
            kind: 'videoinput',
            label: 'Back Camera',
            groupId: 'group1'
          },
          {
            deviceId: 'camera2',
            kind: 'videoinput',
            label: 'Front Camera',
            groupId: 'group2'
          }
        ],
        permission: { granted: false, denied: false, prompt: true }
      }

      at log (src/hooks/useScanner.ts:110:15)

    console.log
      ЁЯз╣ useScanner: ╨Ю╤З╨╕╤Б╤В╨║╨░ ╨┐╤А╨╕ ╤А╨░╨╖╨╝╨╛╨╜╤В╨╕╤А╨╛╨▓╨░╨╜╨╕╨╕

      at log (src/hooks/useScanner.ts:388:15)
          at Array.forEach (<anonymous>)

    console.log
      [ZXingScannerService] ╨Ю╤Б╤В╨░╨╜╨╛╨▓╨║╨░ ╤Б╨║╨░╨╜╨╕╤А╨╛╨▓╨░╨╜╨╕╤П...

      at ZXingScannerService.log (src/services/scanner/ScannerService.ts:190:15)
          at Array.forEach (<anonymous>)

    console.log
      [ZXingScannerService] ╨б╨║╨░╨╜╨╕╤А╨╛╨▓╨░╨╜╨╕╨╡ ╨╛╤Б╤В╨░╨╜╨╛╨▓╨╗╨╡╨╜╨╛

      at ZXingScannerService.log (src/services/scanner/ScannerService.ts:190:15)
          at Array.forEach (<anonymous>)

    console.log
      ЁЯЪА useScanner: ╨Ч╨░╨┐╤Г╤Б╨║ ╨░╨▓╤В╨╛╨╕╨╜╨╕╤Ж╨╕╨░╨╗╨╕╨╖╨░╤Ж╨╕╨╕...

      at log (src/hooks/useScanner.ts:382:13)

    console.log
      ЁЯФД useScanner: ╨Ш╨╜╨╕╤Ж╨╕╨░╨╗╨╕╨╖╨░╤Ж╨╕╤П ╤Б╨║╨░╨╜╨╡╤А╨░...

      at log (src/hooks/useScanner.ts:92:15)

    console.log
      ЁЯПн ScannerFactory: ╨б╨╛╨╖╨┤╨░╨╜╨╕╨╡ ╤Б╨║╨░╨╜╨╡╤А╨░... {
        preferredType: 'auto',
        fallbackToZXing: true,
        config: {
          enableDiagnostics: true,
          formats: [ 'ean_13', 'ean_8', 'upc_a', 'code_128' ]
        }
      }

      at Function.log [as createScanner] (src/services/scanner/index.ts:37:13)

    console.log
      ЁЯФН ScannerFactory: ╨Р╨▓╤В╨╛╨╝╨░╤В╨╕╤З╨╡╤Б╨║╨╕╨╣ ╨▓╤Л╨▒╨╛╤А ╤Б╨║╨░╨╜╨╡╤А╨░...

      at Function.log [as createBestAvailableScanner] (src/services/scanner/index.ts:87:13)

    console.log
      ЁЯУК ScannerFactory: ╨Ф╨╛╤Б╤В╤Г╨┐╨╜╨╛╤Б╤В╤М API: {
        barcodeDetector: false,
        zxing: true,
        camera: true,
        secureContext: true
      }

      at Function.log [as createBestAvailableScanner] (src/services/scanner/index.ts:91:13)

    console.log
      ЁЯФД ScannerFactory: Fallback ╨║ ZXing

      at Function.log [as createBestAvailableScanner] (src/services/scanner/index.ts:110:15)

    console.log
      [ZXingScannerService] ╨Ш╨╜╨╕╤Ж╨╕╨░╨╗╨╕╨╖╨░╤Ж╨╕╤П ZXing ╤Б╨║╨░╨╜╨╡╤А╨░...

      at ZXingScannerService.log (src/services/scanner/ScannerService.ts:190:15)

    console.log
      тЬЕ useScanner: ╨б╨║╨░╨╜╨╡╤А ╨╕╨╜╨╕╤Ж╨╕╨░╨╗╨╕╨╖╨╕╤А╨╛╨▓╨░╨╜ {
        caps: {
          supportedFormats: [ 'ean_13', 'ean_8', 'upc_a', 'code_128' ],
          supportsFlashlight: true,
          supportsZoom: true,
          supportsFocus: true,
          maxZoom: 3
        },
        cameras: [
          {
            deviceId: 'camera1',
            kind: 'videoinput',
            label: 'Back Camera',
            groupId: 'group1'
          },
          {
            deviceId: 'camera2',
            kind: 'videoinput',
            label: 'Front Camera',
            groupId: 'group2'
          }
        ],
        permission: { granted: false, denied: false, prompt: true }
      }

      at log (src/hooks/useScanner.ts:110:15)

    console.log
      ЁЯз╣ useScanner: ╨Ю╤З╨╕╤Б╤В╨║╨░ ╨┐╤А╨╕ ╤А╨░╨╖╨╝╨╛╨╜╤В╨╕╤А╨╛╨▓╨░╨╜╨╕╨╕

      at log (src/hooks/useScanner.ts:388:15)
          at Array.forEach (<anonymous>)

    console.log
      [ZXingScannerService] ╨Ю╤Б╤В╨░╨╜╨╛╨▓╨║╨░ ╤Б╨║╨░╨╜╨╕╤А╨╛╨▓╨░╨╜╨╕╤П...

      at ZXingScannerService.log (src/services/scanner/ScannerService.ts:190:15)
          at Array.forEach (<anonymous>)

    console.log
      [ZXingScannerService] ╨б╨║╨░╨╜╨╕╤А╨╛╨▓╨░╨╜╨╕╨╡ ╨╛╤Б╤В╨░╨╜╨╛╨▓╨╗╨╡╨╜╨╛

      at ZXingScannerService.log (src/services/scanner/ScannerService.ts:190:15)
          at Array.forEach (<anonymous>)

    console.log
      ЁЯЪА useScanner: ╨Ч╨░╨┐╤Г╤Б╨║ ╨░╨▓╤В╨╛╨╕╨╜╨╕╤Ж╨╕╨░╨╗╨╕╨╖╨░╤Ж╨╕╨╕...

      at log (src/hooks/useScanner.ts:382:13)

    console.log
      ЁЯФД useScanner: ╨Ш╨╜╨╕╤Ж╨╕╨░╨╗╨╕╨╖╨░╤Ж╨╕╤П ╤Б╨║╨░╨╜╨╡╤А╨░...

      at log (src/hooks/useScanner.ts:92:15)

    console.log
      ЁЯПн ScannerFactory: ╨б╨╛╨╖╨┤╨░╨╜╨╕╨╡ ╤Б╨║╨░╨╜╨╡╤А╨░... {
        preferredType: 'auto',
        fallbackToZXing: true,
        config: {
          enableDiagnostics: true,
          formats: [ 'ean_13', 'ean_8', 'upc_a', 'code_128' ]
        }
      }

      at Function.log [as createScanner] (src/services/scanner/index.ts:37:13)

    console.log
      ЁЯФН ScannerFactory: ╨Р╨▓╤В╨╛╨╝╨░╤В╨╕╤З╨╡╤Б╨║╨╕╨╣ ╨▓╤Л╨▒╨╛╤А ╤Б╨║╨░╨╜╨╡╤А╨░...

      at Function.log [as createBestAvailableScanner] (src/services/scanner/index.ts:87:13)

    console.log
      ЁЯУК ScannerFactory: ╨Ф╨╛╤Б╤В╤Г╨┐╨╜╨╛╤Б╤В╤М API: {
        barcodeDetector: false,
        zxing: true,
        camera: true,
        secureContext: true
      }

      at Function.log [as createBestAvailableScanner] (src/services/scanner/index.ts:91:13)

    console.log
      ЁЯФД ScannerFactory: Fallback ╨║ ZXing

      at Function.log [as createBestAvailableScanner] (src/services/scanner/index.ts:110:15)

    console.log
      [ZXingScannerService] ╨Ш╨╜╨╕╤Ж╨╕╨░╨╗╨╕╨╖╨░╤Ж╨╕╤П ZXing ╤Б╨║╨░╨╜╨╡╤А╨░...

      at ZXingScannerService.log (src/services/scanner/ScannerService.ts:190:15)

    console.log
      тЬЕ useScanner: ╨б╨║╨░╨╜╨╡╤А ╨╕╨╜╨╕╤Ж╨╕╨░╨╗╨╕╨╖╨╕╤А╨╛╨▓╨░╨╜ {
        caps: {
          supportedFormats: [ 'ean_13', 'ean_8', 'upc_a', 'code_128' ],
          supportsFlashlight: true,
          supportsZoom: true,
          supportsFocus: true,
          maxZoom: 3
        },
        cameras: [
          {
            deviceId: 'camera1',
            kind: 'videoinput',
            label: 'Back Camera',
            groupId: 'group1'
          },
          {
            deviceId: 'camera2',
            kind: 'videoinput',
            label: 'Front Camera',
            groupId: 'group2'
          }
        ],
        permission: { granted: false, denied: false, prompt: true }
      }

      at log (src/hooks/useScanner.ts:110:15)

    console.log
      ЁЯз╣ useScanner: ╨Ю╤З╨╕╤Б╤В╨║╨░ ╨┐╤А╨╕ ╤А╨░╨╖╨╝╨╛╨╜╤В╨╕╤А╨╛╨▓╨░╨╜╨╕╨╕

      at log (src/hooks/useScanner.ts:388:15)
          at Array.forEach (<anonymous>)

    console.log
      [ZXingScannerService] ╨Ю╤Б╤В╨░╨╜╨╛╨▓╨║╨░ ╤Б╨║╨░╨╜╨╕╤А╨╛╨▓╨░╨╜╨╕╤П...

      at ZXingScannerService.log (src/services/scanner/ScannerService.ts:190:15)
          at Array.forEach (<anonymous>)

    console.log
      [ZXingScannerService] ╨б╨║╨░╨╜╨╕╤А╨╛╨▓╨░╨╜╨╕╨╡ ╨╛╤Б╤В╨░╨╜╨╛╨▓╨╗╨╡╨╜╨╛

      at ZXingScannerService.log (src/services/scanner/ScannerService.ts:190:15)
          at Array.forEach (<anonymous>)

    console.log
      ЁЯЪА useScanner: ╨Ч╨░╨┐╤Г╤Б╨║ ╨░╨▓╤В╨╛╨╕╨╜╨╕╤Ж╨╕╨░╨╗╨╕╨╖╨░╤Ж╨╕╨╕...

      at log (src/hooks/useScanner.ts:382:13)

    console.log
      ЁЯФД useScanner: ╨Ш╨╜╨╕╤Ж╨╕╨░╨╗╨╕╨╖╨░╤Ж╨╕╤П ╤Б╨║╨░╨╜╨╡╤А╨░...

      at log (src/hooks/useScanner.ts:92:15)

    console.log
      ЁЯПн ScannerFactory: ╨б╨╛╨╖╨┤╨░╨╜╨╕╨╡ ╤Б╨║╨░╨╜╨╡╤А╨░... {
        preferredType: 'auto',
        fallbackToZXing: true,
        config: {
          enableDiagnostics: true,
          formats: [ 'ean_13', 'ean_8', 'upc_a', 'code_128' ]
        }
      }

      at Function.log [as createScanner] (src/services/scanner/index.ts:37:13)

    console.log
      ЁЯФН ScannerFactory: ╨Р╨▓╤В╨╛╨╝╨░╤В╨╕╤З╨╡╤Б╨║╨╕╨╣ ╨▓╤Л╨▒╨╛╤А ╤Б╨║╨░╨╜╨╡╤А╨░...

      at Function.log [as createBestAvailableScanner] (src/services/scanner/index.ts:87:13)

    console.log
      ЁЯУК ScannerFactory: ╨Ф╨╛╤Б╤В╤Г╨┐╨╜╨╛╤Б╤В╤М API: {
        barcodeDetector: false,
        zxing: true,
        camera: true,
        secureContext: true
      }

      at Function.log [as createBestAvailableScanner] (src/services/scanner/index.ts:91:13)

    console.log
      ЁЯФД ScannerFactory: Fallback ╨║ ZXing

      at Function.log [as createBestAvailableScanner] (src/services/scanner/index.ts:110:15)

    console.log
      [ZXingScannerService] ╨Ш╨╜╨╕╤Ж╨╕╨░╨╗╨╕╨╖╨░╤Ж╨╕╤П ZXing ╤Б╨║╨░╨╜╨╡╤А╨░...

      at ZXingScannerService.log (src/services/scanner/ScannerService.ts:190:15)

    console.log
      тЬЕ useScanner: ╨б╨║╨░╨╜╨╡╤А ╨╕╨╜╨╕╤Ж╨╕╨░╨╗╨╕╨╖╨╕╤А╨╛╨▓╨░╨╜ {
        caps: {
          supportedFormats: [ 'ean_13', 'ean_8', 'upc_a', 'code_128' ],
          supportsFlashlight: true,
          supportsZoom: true,
          supportsFocus: true,
          maxZoom: 3
        },
        cameras: [
          {
            deviceId: 'camera1',
            kind: 'videoinput',
            label: 'Back Camera',
            groupId: 'group1'
          },
          {
            deviceId: 'camera2',
            kind: 'videoinput',
            label: 'Front Camera',
            groupId: 'group2'
          }
        ],
        permission: { granted: false, denied: false, prompt: true }
      }

      at log (src/hooks/useScanner.ts:110:15)

    console.log
      ЁЯз╣ useScanner: ╨Ю╤З╨╕╤Б╤В╨║╨░ ╨┐╤А╨╕ ╤А╨░╨╖╨╝╨╛╨╜╤В╨╕╤А╨╛╨▓╨░╨╜╨╕╨╕

      at log (src/hooks/useScanner.ts:388:15)
          at Array.forEach (<anonymous>)

    console.log
      [ZXingScannerService] ╨Ю╤Б╤В╨░╨╜╨╛╨▓╨║╨░ ╤Б╨║╨░╨╜╨╕╤А╨╛╨▓╨░╨╜╨╕╤П...

      at ZXingScannerService.log (src/services/scanner/ScannerService.ts:190:15)
          at Array.forEach (<anonymous>)

    console.log
      [ZXingScannerService] ╨б╨║╨░╨╜╨╕╤А╨╛╨▓╨░╨╜╨╕╨╡ ╨╛╤Б╤В╨░╨╜╨╛╨▓╨╗╨╡╨╜╨╛

      at ZXingScannerService.log (src/services/scanner/ScannerService.ts:190:15)
          at Array.forEach (<anonymous>)

    console.log
      ЁЯЪА useScanner: ╨Ч╨░╨┐╤Г╤Б╨║ ╨░╨▓╤В╨╛╨╕╨╜╨╕╤Ж╨╕╨░╨╗╨╕╨╖╨░╤Ж╨╕╨╕...

      at log (src/hooks/useScanner.ts:382:13)

    console.log
      ЁЯФД useScanner: ╨Ш╨╜╨╕╤Ж╨╕╨░╨╗╨╕╨╖╨░╤Ж╨╕╤П ╤Б╨║╨░╨╜╨╡╤А╨░...

      at log (src/hooks/useScanner.ts:92:15)

    console.log
      ЁЯПн ScannerFactory: ╨б╨╛╨╖╨┤╨░╨╜╨╕╨╡ ╤Б╨║╨░╨╜╨╡╤А╨░... {
        preferredType: 'auto',
        fallbackToZXing: true,
        config: {
          enableDiagnostics: true,
          formats: [ 'ean_13', 'ean_8', 'upc_a', 'code_128' ]
        }
      }

      at Function.log [as createScanner] (src/services/scanner/index.ts:37:13)

    console.log
      ЁЯФН ScannerFactory: ╨Р╨▓╤В╨╛╨╝╨░╤В╨╕╤З╨╡╤Б╨║╨╕╨╣ ╨▓╤Л╨▒╨╛╤А ╤Б╨║╨░╨╜╨╡╤А╨░...

      at Function.log [as createBestAvailableScanner] (src/services/scanner/index.ts:87:13)

    console.log
      ЁЯУК ScannerFactory: ╨Ф╨╛╤Б╤В╤Г╨┐╨╜╨╛╤Б╤В╤М API: {
        barcodeDetector: false,
        zxing: true,
        camera: true,
        secureContext: true
      }

      at Function.log [as createBestAvailableScanner] (src/services/scanner/index.ts:91:13)

    console.log
      ЁЯФД ScannerFactory: Fallback ╨║ ZXing

      at Function.log [as createBestAvailableScanner] (src/services/scanner/index.ts:110:15)

    console.log
      [ZXingScannerService] ╨Ш╨╜╨╕╤Ж╨╕╨░╨╗╨╕╨╖╨░╤Ж╨╕╤П ZXing ╤Б╨║╨░╨╜╨╡╤А╨░...

      at ZXingScannerService.log (src/services/scanner/ScannerService.ts:190:15)

    console.log
      тЬЕ useScanner: ╨б╨║╨░╨╜╨╡╤А ╨╕╨╜╨╕╤Ж╨╕╨░╨╗╨╕╨╖╨╕╤А╨╛╨▓╨░╨╜ {
        caps: {
          supportedFormats: [ 'ean_13', 'ean_8', 'upc_a', 'code_128' ],
          supportsFlashlight: true,
          supportsZoom: true,
          supportsFocus: true,
          maxZoom: 3
        },
        cameras: [
          {
            deviceId: 'camera1',
            kind: 'videoinput',
            label: 'Back Camera',
            groupId: 'group1'
          },
          {
            deviceId: 'camera2',
            kind: 'videoinput',
            label: 'Front Camera',
            groupId: 'group2'
          }
        ],
        permission: { granted: false, denied: false, prompt: true }
      }

      at log (src/hooks/useScanner.ts:110:15)

    console.log
      ЁЯз╣ useScanner: ╨Ю╤З╨╕╤Б╤В╨║╨░ ╨┐╤А╨╕ ╤А╨░╨╖╨╝╨╛╨╜╤В╨╕╤А╨╛╨▓╨░╨╜╨╕╨╕

      at log (src/hooks/useScanner.ts:388:15)
          at Array.forEach (<anonymous>)

    console.log
      [ZXingScannerService] ╨Ю╤Б╤В╨░╨╜╨╛╨▓╨║╨░ ╤Б╨║╨░╨╜╨╕╤А╨╛╨▓╨░╨╜╨╕╤П...

      at ZXingScannerService.log (src/services/scanner/ScannerService.ts:190:15)
          at Array.forEach (<anonymous>)

    console.log
      [ZXingScannerService] ╨б╨║╨░╨╜╨╕╤А╨╛╨▓╨░╨╜╨╕╨╡ ╨╛╤Б╤В╨░╨╜╨╛╨▓╨╗╨╡╨╜╨╛

      at ZXingScannerService.log (src/services/scanner/ScannerService.ts:190:15)
          at Array.forEach (<anonymous>)

    console.log
      ЁЯЪА useScanner: ╨Ч╨░╨┐╤Г╤Б╨║ ╨░╨▓╤В╨╛╨╕╨╜╨╕╤Ж╨╕╨░╨╗╨╕╨╖╨░╤Ж╨╕╨╕...

      at log (src/hooks/useScanner.ts:382:13)

    console.log
      ЁЯФД useScanner: ╨Ш╨╜╨╕╤Ж╨╕╨░╨╗╨╕╨╖╨░╤Ж╨╕╤П ╤Б╨║╨░╨╜╨╡╤А╨░...

      at log (src/hooks/useScanner.ts:92:15)

    console.log
      ЁЯПн ScannerFactory: ╨б╨╛╨╖╨┤╨░╨╜╨╕╨╡ ╤Б╨║╨░╨╜╨╡╤А╨░... {
        preferredType: 'auto',
        fallbackToZXing: true,
        config: {
          enableDiagnostics: true,
          formats: [ 'ean_13', 'ean_8', 'upc_a', 'code_128' ]
        }
      }

      at Function.log [as createScanner] (src/services/scanner/index.ts:37:13)

    console.log
      ЁЯФН ScannerFactory: ╨Р╨▓╤В╨╛╨╝╨░╤В╨╕╤З╨╡╤Б╨║╨╕╨╣ ╨▓╤Л╨▒╨╛╤А ╤Б╨║╨░╨╜╨╡╤А╨░...

      at Function.log [as createBestAvailableScanner] (src/services/scanner/index.ts:87:13)

    console.log
      ЁЯУК ScannerFactory: ╨Ф╨╛╤Б╤В╤Г╨┐╨╜╨╛╤Б╤В╤М API: {
        barcodeDetector: false,
        zxing: true,
        camera: true,
        secureContext: true
      }

      at Function.log [as createBestAvailableScanner] (src/services/scanner/index.ts:91:13)

    console.log
      ЁЯФД ScannerFactory: Fallback ╨║ ZXing

      at Function.log [as createBestAvailableScanner] (src/services/scanner/index.ts:110:15)

    console.log
      [ZXingScannerService] ╨Ш╨╜╨╕╤Ж╨╕╨░╨╗╨╕╨╖╨░╤Ж╨╕╤П ZXing ╤Б╨║╨░╨╜╨╡╤А╨░...

      at ZXingScannerService.log (src/services/scanner/ScannerService.ts:190:15)

    console.log
      тЬЕ useScanner: ╨б╨║╨░╨╜╨╡╤А ╨╕╨╜╨╕╤Ж╨╕╨░╨╗╨╕╨╖╨╕╤А╨╛╨▓╨░╨╜ {
        caps: {
          supportedFormats: [ 'ean_13', 'ean_8', 'upc_a', 'code_128' ],
          supportsFlashlight: true,
          supportsZoom: true,
          supportsFocus: true,
          maxZoom: 3
        },
        cameras: [
          {
            deviceId: 'camera1',
            kind: 'videoinput',
            label: 'Back Camera',
            groupId: 'group1'
          },
          {
            deviceId: 'camera2',
            kind: 'videoinput',
            label: 'Front Camera',
            groupId: 'group2'
          }
        ],
        permission: { granted: false, denied: false, prompt: true }
      }

      at log (src/hooks/useScanner.ts:110:15)

    console.log
      ЁЯз╣ useScanner: ╨Ю╤З╨╕╤Б╤В╨║╨░ ╨┐╤А╨╕ ╤А╨░╨╖╨╝╨╛╨╜╤В╨╕╤А╨╛╨▓╨░╨╜╨╕╨╕

      at log (src/hooks/useScanner.ts:388:15)
          at Array.forEach (<anonymous>)

    console.log
      [ZXingScannerService] ╨Ю╤Б╤В╨░╨╜╨╛╨▓╨║╨░ ╤Б╨║╨░╨╜╨╕╤А╨╛╨▓╨░╨╜╨╕╤П...

      at ZXingScannerService.log (src/services/scanner/ScannerService.ts:190:15)
          at Array.forEach (<anonymous>)

    console.log
      [ZXingScannerService] ╨б╨║╨░╨╜╨╕╤А╨╛╨▓╨░╨╜╨╕╨╡ ╨╛╤Б╤В╨░╨╜╨╛╨▓╨╗╨╡╨╜╨╛

      at ZXingScannerService.log (src/services/scanner/ScannerService.ts:190:15)
          at Array.forEach (<anonymous>)

    console.log
      ЁЯЪА useScanner: ╨Ч╨░╨┐╤Г╤Б╨║ ╨░╨▓╤В╨╛╨╕╨╜╨╕╤Ж╨╕╨░╨╗╨╕╨╖╨░╤Ж╨╕╨╕...

      at log (src/hooks/useScanner.ts:382:13)

    console.log
      ЁЯФД useScanner: ╨Ш╨╜╨╕╤Ж╨╕╨░╨╗╨╕╨╖╨░╤Ж╨╕╤П ╤Б╨║╨░╨╜╨╡╤А╨░...

      at log (src/hooks/useScanner.ts:92:15)

    console.log
      ЁЯПн ScannerFactory: ╨б╨╛╨╖╨┤╨░╨╜╨╕╨╡ ╤Б╨║╨░╨╜╨╡╤А╨░... {
        preferredType: 'auto',
        fallbackToZXing: true,
        config: {
          enableDiagnostics: true,
          formats: [ 'ean_13', 'ean_8', 'upc_a', 'code_128' ]
        }
      }

      at Function.log [as createScanner] (src/services/scanner/index.ts:37:13)

    console.log
      ЁЯФН ScannerFactory: ╨Р╨▓╤В╨╛╨╝╨░╤В╨╕╤З╨╡╤Б╨║╨╕╨╣ ╨▓╤Л╨▒╨╛╤А ╤Б╨║╨░╨╜╨╡╤А╨░...

      at Function.log [as createBestAvailableScanner] (src/services/scanner/index.ts:87:13)

    console.log
      ЁЯУК ScannerFactory: ╨Ф╨╛╤Б╤В╤Г╨┐╨╜╨╛╤Б╤В╤М API: {
        barcodeDetector: false,
        zxing: true,
        camera: true,
        secureContext: true
      }

      at Function.log [as createBestAvailableScanner] (src/services/scanner/index.ts:91:13)

    console.log
      ЁЯФД ScannerFactory: Fallback ╨║ ZXing

      at Function.log [as createBestAvailableScanner] (src/services/scanner/index.ts:110:15)

    console.log
      [ZXingScannerService] ╨Ш╨╜╨╕╤Ж╨╕╨░╨╗╨╕╨╖╨░╤Ж╨╕╤П ZXing ╤Б╨║╨░╨╜╨╡╤А╨░...

      at ZXingScannerService.log (src/services/scanner/ScannerService.ts:190:15)

    console.log
      тЬЕ useScanner: ╨б╨║╨░╨╜╨╡╤А ╨╕╨╜╨╕╤Ж╨╕╨░╨╗╨╕╨╖╨╕╤А╨╛╨▓╨░╨╜ {
        caps: {
          supportedFormats: [ 'ean_13', 'ean_8', 'upc_a', 'code_128' ],
          supportsFlashlight: true,
          supportsZoom: true,
          supportsFocus: true,
          maxZoom: 3
        },
        cameras: [
          {
            deviceId: 'camera1',
            kind: 'videoinput',
            label: 'Back Camera',
            groupId: 'group1'
          },
          {
            deviceId: 'camera2',
            kind: 'videoinput',
            label: 'Front Camera',
            groupId: 'group2'
          }
        ],
        permission: { granted: false, denied: false, prompt: true }
      }

      at log (src/hooks/useScanner.ts:110:15)

    console.log
      ЁЯз╣ useScanner: ╨Ю╤З╨╕╤Б╤В╨║╨░ ╨┐╤А╨╕ ╤А╨░╨╖╨╝╨╛╨╜╤В╨╕╤А╨╛╨▓╨░╨╜╨╕╨╕

      at log (src/hooks/useScanner.ts:388:15)
          at Array.forEach (<anonymous>)

    console.log
      [ZXingScannerService] ╨Ю╤Б╤В╨░╨╜╨╛╨▓╨║╨░ ╤Б╨║╨░╨╜╨╕╤А╨╛╨▓╨░╨╜╨╕╤П...

      at ZXingScannerService.log (src/services/scanner/ScannerService.ts:190:15)
          at Array.forEach (<anonymous>)

    console.log
      [ZXingScannerService] ╨б╨║╨░╨╜╨╕╤А╨╛╨▓╨░╨╜╨╕╨╡ ╨╛╤Б╤В╨░╨╜╨╛╨▓╨╗╨╡╨╜╨╛

      at ZXingScannerService.log (src/services/scanner/ScannerService.ts:190:15)
          at Array.forEach (<anonymous>)

    console.log
      ЁЯЪА useScanner: ╨Ч╨░╨┐╤Г╤Б╨║ ╨░╨▓╤В╨╛╨╕╨╜╨╕╤Ж╨╕╨░╨╗╨╕╨╖╨░╤Ж╨╕╨╕...

      at log (src/hooks/useScanner.ts:382:13)

    console.log
      ЁЯФД useScanner: ╨Ш╨╜╨╕╤Ж╨╕╨░╨╗╨╕╨╖╨░╤Ж╨╕╤П ╤Б╨║╨░╨╜╨╡╤А╨░...

      at log (src/hooks/useScanner.ts:92:15)

    console.log
      ЁЯПн ScannerFactory: ╨б╨╛╨╖╨┤╨░╨╜╨╕╨╡ ╤Б╨║╨░╨╜╨╡╤А╨░... {
        preferredType: 'auto',
        fallbackToZXing: true,
        config: {
          enableDiagnostics: true,
          formats: [ 'ean_13', 'ean_8', 'upc_a', 'code_128' ]
        }
      }

      at Function.log [as createScanner] (src/services/scanner/index.ts:37:13)

    console.log
      ЁЯФН ScannerFactory: ╨Р╨▓╤В╨╛╨╝╨░╤В╨╕╤З╨╡╤Б╨║╨╕╨╣ ╨▓╤Л╨▒╨╛╤А ╤Б╨║╨░╨╜╨╡╤А╨░...

      at Function.log [as createBestAvailableScanner] (src/services/scanner/index.ts:87:13)

    console.log
      ЁЯУК ScannerFactory: ╨Ф╨╛╤Б╤В╤Г╨┐╨╜╨╛╤Б╤В╤М API: {
        barcodeDetector: false,
        zxing: true,
        camera: true,
        secureContext: true
      }

      at Function.log [as createBestAvailableScanner] (src/services/scanner/index.ts:91:13)

    console.log
      ЁЯФД ScannerFactory: Fallback ╨║ ZXing

      at Function.log [as createBestAvailableScanner] (src/services/scanner/index.ts:110:15)

    console.log
      [ZXingScannerService] ╨Ш╨╜╨╕╤Ж╨╕╨░╨╗╨╕╨╖╨░╤Ж╨╕╤П ZXing ╤Б╨║╨░╨╜╨╡╤А╨░...

      at ZXingScannerService.log (src/services/scanner/ScannerService.ts:190:15)

    console.log
      тЬЕ useScanner: ╨б╨║╨░╨╜╨╡╤А ╨╕╨╜╨╕╤Ж╨╕╨░╨╗╨╕╨╖╨╕╤А╨╛╨▓╨░╨╜ {
        caps: {
          supportedFormats: [ 'ean_13', 'ean_8', 'upc_a', 'code_128' ],
          supportsFlashlight: true,
          supportsZoom: true,
          supportsFocus: true,
          maxZoom: 3
        },
        cameras: [
          {
            deviceId: 'camera1',
            kind: 'videoinput',
            label: 'Back Camera',
            groupId: 'group1'
          },
          {
            deviceId: 'camera2',
            kind: 'videoinput',
            label: 'Front Camera',
            groupId: 'group2'
          }
        ],
        permission: { granted: false, denied: false, prompt: true }
      }

      at log (src/hooks/useScanner.ts:110:15)

    console.log
      ЁЯз╣ useScanner: ╨Ю╤З╨╕╤Б╤В╨║╨░ ╨┐╤А╨╕ ╤А╨░╨╖╨╝╨╛╨╜╤В╨╕╤А╨╛╨▓╨░╨╜╨╕╨╕

      at log (src/hooks/useScanner.ts:388:15)
          at Array.forEach (<anonymous>)

    console.log
      [ZXingScannerService] ╨Ю╤Б╤В╨░╨╜╨╛╨▓╨║╨░ ╤Б╨║╨░╨╜╨╕╤А╨╛╨▓╨░╨╜╨╕╤П...

      at ZXingScannerService.log (src/services/scanner/ScannerService.ts:190:15)
          at Array.forEach (<anonymous>)

    console.log
      [ZXingScannerService] ╨б╨║╨░╨╜╨╕╤А╨╛╨▓╨░╨╜╨╕╨╡ ╨╛╤Б╤В╨░╨╜╨╛╨▓╨╗╨╡╨╜╨╛

      at ZXingScannerService.log (src/services/scanner/ScannerService.ts:190:15)
          at Array.forEach (<anonymous>)

    console.log
      ЁЯЪА useScanner: ╨Ч╨░╨┐╤Г╤Б╨║ ╨░╨▓╤В╨╛╨╕╨╜╨╕╤Ж╨╕╨░╨╗╨╕╨╖╨░╤Ж╨╕╨╕...

      at log (src/hooks/useScanner.ts:382:13)

    console.log
      ЁЯФД useScanner: ╨Ш╨╜╨╕╤Ж╨╕╨░╨╗╨╕╨╖╨░╤Ж╨╕╤П ╤Б╨║╨░╨╜╨╡╤А╨░...

      at log (src/hooks/useScanner.ts:92:15)

    console.log
      ЁЯПн ScannerFactory: ╨б╨╛╨╖╨┤╨░╨╜╨╕╨╡ ╤Б╨║╨░╨╜╨╡╤А╨░... {
        preferredType: 'auto',
        fallbackToZXing: true,
        config: {
          enableDiagnostics: true,
          formats: [ 'ean_13', 'ean_8', 'upc_a', 'code_128' ]
        }
      }

      at Function.log [as createScanner] (src/services/scanner/index.ts:37:13)

    console.log
      ЁЯФН ScannerFactory: ╨Р╨▓╤В╨╛╨╝╨░╤В╨╕╤З╨╡╤Б╨║╨╕╨╣ ╨▓╤Л╨▒╨╛╤А ╤Б╨║╨░╨╜╨╡╤А╨░...

      at Function.log [as createBestAvailableScanner] (src/services/scanner/index.ts:87:13)

    console.log
      ЁЯУК ScannerFactory: ╨Ф╨╛╤Б╤В╤Г╨┐╨╜╨╛╤Б╤В╤М API: {
        barcodeDetector: false,
        zxing: true,
        camera: true,
        secureContext: true
      }

      at Function.log [as createBestAvailableScanner] (src/services/scanner/index.ts:91:13)

    console.log
      ЁЯФД ScannerFactory: Fallback ╨║ ZXing

      at Function.log [as createBestAvailableScanner] (src/services/scanner/index.ts:110:15)

    console.log
      [ZXingScannerService] ╨Ш╨╜╨╕╤Ж╨╕╨░╨╗╨╕╨╖╨░╤Ж╨╕╤П ZXing ╤Б╨║╨░╨╜╨╡╤А╨░...

      at ZXingScannerService.log (src/services/scanner/ScannerService.ts:190:15)

    console.log
      тЬЕ useScanner: ╨б╨║╨░╨╜╨╡╤А ╨╕╨╜╨╕╤Ж╨╕╨░╨╗╨╕╨╖╨╕╤А╨╛╨▓╨░╨╜ {
        caps: {
          supportedFormats: [ 'ean_13', 'ean_8', 'upc_a', 'code_128' ],
          supportsFlashlight: true,
          supportsZoom: true,
          supportsFocus: true,
          maxZoom: 3
        },
        cameras: [
          {
            deviceId: 'camera1',
            kind: 'videoinput',
            label: 'Back Camera',
            groupId: 'group1'
          },
          {
            deviceId: 'camera2',
            kind: 'videoinput',
            label: 'Front Camera',
            groupId: 'group2'
          }
        ],
        permission: { granted: false, denied: false, prompt: true }
      }

      at log (src/hooks/useScanner.ts:110:15)

    console.log
      ЁЯз╣ useScanner: ╨Ю╤З╨╕╤Б╤В╨║╨░ ╨┐╤А╨╕ ╤А╨░╨╖╨╝╨╛╨╜╤В╨╕╤А╨╛╨▓╨░╨╜╨╕╨╕

      at log (src/hooks/useScanner.ts:388:15)
          at Array.forEach (<anonymous>)

    console.log
      [ZXingScannerService] ╨Ю╤Б╤В╨░╨╜╨╛╨▓╨║╨░ ╤Б╨║╨░╨╜╨╕╤А╨╛╨▓╨░╨╜╨╕╤П...

      at ZXingScannerService.log (src/services/scanner/ScannerService.ts:190:15)
          at Array.forEach (<anonymous>)

    console.log
      [ZXingScannerService] ╨б╨║╨░╨╜╨╕╤А╨╛╨▓╨░╨╜╨╕╨╡ ╨╛╤Б╤В╨░╨╜╨╛╨▓╨╗╨╡╨╜╨╛

      at ZXingScannerService.log (src/services/scanner/ScannerService.ts:190:15)
          at Array.forEach (<anonymous>)

    console.log
      ЁЯЪА useScanner: ╨Ч╨░╨┐╤Г╤Б╨║ ╨░╨▓╤В╨╛╨╕╨╜╨╕╤Ж╨╕╨░╨╗╨╕╨╖╨░╤Ж╨╕╨╕...

      at log (src/hooks/useScanner.ts:382:13)

    console.log
      ЁЯФД useScanner: ╨Ш╨╜╨╕╤Ж╨╕╨░╨╗╨╕╨╖╨░╤Ж╨╕╤П ╤Б╨║╨░╨╜╨╡╤А╨░...

      at log (src/hooks/useScanner.ts:92:15)

    console.log
      ЁЯПн ScannerFactory: ╨б╨╛╨╖╨┤╨░╨╜╨╕╨╡ ╤Б╨║╨░╨╜╨╡╤А╨░... {
        preferredType: 'auto',
        fallbackToZXing: true,
        config: {
          enableDiagnostics: true,
          formats: [ 'ean_13', 'ean_8', 'upc_a', 'code_128' ]
        }
      }

      at Function.log [as createScanner] (src/services/scanner/index.ts:37:13)

    console.log
      ЁЯФН ScannerFactory: ╨Р╨▓╤В╨╛╨╝╨░╤В╨╕╤З╨╡╤Б╨║╨╕╨╣ ╨▓╤Л╨▒╨╛╤А ╤Б╨║╨░╨╜╨╡╤А╨░...

      at Function.log [as createBestAvailableScanner] (src/services/scanner/index.ts:87:13)

    console.log
      ЁЯУК ScannerFactory: ╨Ф╨╛╤Б╤В╤Г╨┐╨╜╨╛╤Б╤В╤М API: {
        barcodeDetector: false,
        zxing: true,
        camera: true,
        secureContext: true
      }

      at Function.log [as createBestAvailableScanner] (src/services/scanner/index.ts:91:13)

    console.log
      ЁЯФД ScannerFactory: Fallback ╨║ ZXing

      at Function.log [as createBestAvailableScanner] (src/services/scanner/index.ts:110:15)

    console.log
      [ZXingScannerService] ╨Ш╨╜╨╕╤Ж╨╕╨░╨╗╨╕╨╖╨░╤Ж╨╕╤П ZXing ╤Б╨║╨░╨╜╨╡╤А╨░...

      at ZXingScannerService.log (src/services/scanner/ScannerService.ts:190:15)

    console.error
      An update to Scanner inside a test was not wrapped in act(...).
      
      When testing, code that causes React state updates should be wrapped into act(...):
      
      act(() => {
        /* fire events that update state */
      });
      /* assert on the output */
      
      This ensures that you're testing the behavior the user would see in the browser. Learn more at https://react.dev/link/wrap-tests-with-act

       97 |       // ╨Я╨╛╨╗╤Г╤З╨░╨╡╨╝ ╨▓╨╛╨╖╨╝╨╛╨╢╨╜╨╛╤Б╤В╨╕
       98 |       const caps = await scanner.getCapabilities()
    >  99 |       setCapabilities(caps)
          |       ^
      100 |
      101 |       // ╨Я╨╛╨╗╤Г╤З╨░╨╡╨╝ ╨┤╨╛╤Б╤В╤Г╨┐╨╜╤Л╨╡ ╨║╨░╨╝╨╡╤А╤Л
      102 |       const cameras = await scanner.getAvailableCameras()

      at node_modules/react-dom/cjs/react-dom-client.development.js:16023:19
      at runWithFiberInDEV (node_modules/react-dom/cjs/react-dom-client.development.js:1522:13)
      at warnIfUpdatesNotWrappedWithActDEV (node_modules/react-dom/cjs/react-dom-client.development.js:16022:9)
      at scheduleUpdateOnFiber (node_modules/react-dom/cjs/react-dom-client.development.js:14396:11)
      at dispatchSetStateInternal (node_modules/react-dom/cjs/react-dom-client.development.js:6969:13)
      at dispatchSetState (node_modules/react-dom/cjs/react-dom-client.development.js:6927:7)
      at setCapabilities (src/hooks/useScanner.ts:99:7)

    console.error
      An update to Scanner inside a test was not wrapped in act(...).
      
      When testing, code that causes React state updates should be wrapped into act(...):
      
      act(() => {
        /* fire events that update state */
      });
      /* assert on the output */
      
      This ensures that you're testing the behavior the user would see in the browser. Learn more at https://react.dev/link/wrap-tests-with-act

      101 |       // ╨Я╨╛╨╗╤Г╤З╨░╨╡╨╝ ╨┤╨╛╤Б╤В╤Г╨┐╨╜╤Л╨╡ ╨║╨░╨╝╨╡╤А╤Л
      102 |       const cameras = await scanner.getAvailableCameras()
    > 103 |       setAvailableCameras(cameras)
          |       ^
      104 |
      105 |       // ╨Я╤А╨╛╨▓╨╡╤А╤П╨╡╨╝ ╤А╨░╨╖╤А╨╡╤И╨╡╨╜╨╕╤П
      106 |       const permission = await scanner.getCameraPermissionStatus()

      at node_modules/react-dom/cjs/react-dom-client.development.js:16023:19
      at runWithFiberInDEV (node_modules/react-dom/cjs/react-dom-client.development.js:1522:13)
      at warnIfUpdatesNotWrappedWithActDEV (node_modules/react-dom/cjs/react-dom-client.development.js:16022:9)
      at scheduleUpdateOnFiber (node_modules/react-dom/cjs/react-dom-client.development.js:14396:11)
      at dispatchSetStateInternal (node_modules/react-dom/cjs/react-dom-client.development.js:6969:13)
      at dispatchSetState (node_modules/react-dom/cjs/react-dom-client.development.js:6927:7)
      at setAvailableCameras (src/hooks/useScanner.ts:103:7)

    console.error
      An update to Scanner inside a test was not wrapped in act(...).
      
      When testing, code that causes React state updates should be wrapped into act(...):
      
      act(() => {
        /* fire events that update state */
      });
      /* assert on the output */
      
      This ensures that you're testing the behavior the user would see in the browser. Learn more at https://react.dev/link/wrap-tests-with-act

      105 |       // ╨Я╤А╨╛╨▓╨╡╤А╤П╨╡╨╝ ╤А╨░╨╖╤А╨╡╤И╨╡╨╜╨╕╤П
      106 |       const permission = await scanner.getCameraPermissionStatus()
    > 107 |       setPermissionStatus(permission)
          |       ^
      108 |
      109 |       setIsInitialized(true)
      110 |       console.log('тЬЕ useScanner: ╨б╨║╨░╨╜╨╡╤А ╨╕╨╜╨╕╤Ж╨╕╨░╨╗╨╕╨╖╨╕╤А╨╛╨▓╨░╨╜', { caps, cameras, permission })

      at node_modules/react-dom/cjs/react-dom-client.development.js:16023:19
      at runWithFiberInDEV (node_modules/react-dom/cjs/react-dom-client.development.js:1522:13)
      at warnIfUpdatesNotWrappedWithActDEV (node_modules/react-dom/cjs/react-dom-client.development.js:16022:9)
      at scheduleUpdateOnFiber (node_modules/react-dom/cjs/react-dom-client.development.js:14396:11)
      at dispatchSetStateInternal (node_modules/react-dom/cjs/react-dom-client.development.js:6969:13)
      at dispatchSetState (node_modules/react-dom/cjs/react-dom-client.development.js:6927:7)
      at setPermissionStatus (src/hooks/useScanner.ts:107:7)

    console.error
      An update to Scanner inside a test was not wrapped in act(...).
      
      When testing, code that causes React state updates should be wrapped into act(...):
      
      act(() => {
        /* fire events that update state */
      });
      /* assert on the output */
      
      This ensures that you're testing the behavior the user would see in the browser. Learn more at https://react.dev/link/wrap-tests-with-act

      107 |       setPermissionStatus(permission)
      108 |
    > 109 |       setIsInitialized(true)
          |       ^
      110 |       console.log('тЬЕ useScanner: ╨б╨║╨░╨╜╨╡╤А ╨╕╨╜╨╕╤Ж╨╕╨░╨╗╨╕╨╖╨╕╤А╨╛╨▓╨░╨╜', { caps, cameras, permission })
      111 |
      112 |       // ╨Р╨▓╤В╨╛╨╖╨░╨┐╤Г╤Б╨║ ╨╡╤Б╨╗╨╕ ╨▓╨║╨╗╤О╤З╨╡╨╜

      at node_modules/react-dom/cjs/react-dom-client.development.js:16023:19
      at runWithFiberInDEV (node_modules/react-dom/cjs/react-dom-client.development.js:1522:13)
      at warnIfUpdatesNotWrappedWithActDEV (node_modules/react-dom/cjs/react-dom-client.development.js:16022:9)
      at scheduleUpdateOnFiber (node_modules/react-dom/cjs/react-dom-client.development.js:14396:11)
      at dispatchSetStateInternal (node_modules/react-dom/cjs/react-dom-client.development.js:6969:13)
      at dispatchSetState (node_modules/react-dom/cjs/react-dom-client.development.js:6927:7)
      at setIsInitialized (src/hooks/useScanner.ts:109:7)

    console.log
      тЬЕ useScanner: ╨б╨║╨░╨╜╨╡╤А ╨╕╨╜╨╕╤Ж╨╕╨░╨╗╨╕╨╖╨╕╤А╨╛╨▓╨░╨╜ {
        caps: {
          supportedFormats: [ 'ean_13', 'ean_8', 'upc_a', 'code_128' ],
          supportsFlashlight: true,
          supportsZoom: true,
          supportsFocus: true,
          maxZoom: 3
        },
        cameras: [
          {
            deviceId: 'camera1',
            kind: 'videoinput',
            label: 'Back Camera',
            groupId: 'group1'
          },
          {
            deviceId: 'camera2',
            kind: 'videoinput',
            label: 'Front Camera',
            groupId: 'group2'
          }
        ],
        permission: { granted: false, denied: false, prompt: true }
      }

      at log (src/hooks/useScanner.ts:110:15)

    console.log
      ЁЯз╣ useScanner: ╨Ю╤З╨╕╤Б╤В╨║╨░ ╨┐╤А╨╕ ╤А╨░╨╖╨╝╨╛╨╜╤В╨╕╤А╨╛╨▓╨░╨╜╨╕╨╕

      at log (src/hooks/useScanner.ts:388:15)
          at Array.forEach (<anonymous>)

    console.log
      [ZXingScannerService] ╨Ю╤Б╤В╨░╨╜╨╛╨▓╨║╨░ ╤Б╨║╨░╨╜╨╕╤А╨╛╨▓╨░╨╜╨╕╤П...

      at ZXingScannerService.log (src/services/scanner/ScannerService.ts:190:15)
          at Array.forEach (<anonymous>)

    console.log
      [ZXingScannerService] ╨б╨║╨░╨╜╨╕╤А╨╛╨▓╨░╨╜╨╕╨╡ ╨╛╤Б╤В╨░╨╜╨╛╨▓╨╗╨╡╨╜╨╛

      at ZXingScannerService.log (src/services/scanner/ScannerService.ts:190:15)
          at Array.forEach (<anonymous>)

    console.log
      ЁЯЪА useScanner: ╨Ч╨░╨┐╤Г╤Б╨║ ╨░╨▓╤В╨╛╨╕╨╜╨╕╤Ж╨╕╨░╨╗╨╕╨╖╨░╤Ж╨╕╨╕...

      at log (src/hooks/useScanner.ts:382:13)

    console.log
      ЁЯФД useScanner: ╨Ш╨╜╨╕╤Ж╨╕╨░╨╗╨╕╨╖╨░╤Ж╨╕╤П ╤Б╨║╨░╨╜╨╡╤А╨░...

      at log (src/hooks/useScanner.ts:92:15)

    console.log
      ЁЯПн ScannerFactory: ╨б╨╛╨╖╨┤╨░╨╜╨╕╨╡ ╤Б╨║╨░╨╜╨╡╤А╨░... {
        preferredType: 'auto',
        fallbackToZXing: true,
        config: {
          enableDiagnostics: true,
          formats: [ 'ean_13', 'ean_8', 'upc_a', 'code_128' ]
        }
      }

      at Function.log [as createScanner] (src/services/scanner/index.ts:37:13)

    console.log
      ЁЯФН ScannerFactory: ╨Р╨▓╤В╨╛╨╝╨░╤В╨╕╤З╨╡╤Б╨║╨╕╨╣ ╨▓╤Л╨▒╨╛╤А ╤Б╨║╨░╨╜╨╡╤А╨░...

      at Function.log [as createBestAvailableScanner] (src/services/scanner/index.ts:87:13)

    console.log
      ЁЯУК ScannerFactory: ╨Ф╨╛╤Б╤В╤Г╨┐╨╜╨╛╤Б╤В╤М API: {
        barcodeDetector: false,
        zxing: true,
        camera: true,
        secureContext: true
      }

      at Function.log [as createBestAvailableScanner] (src/services/scanner/index.ts:91:13)

    console.log
      ЁЯФД ScannerFactory: Fallback ╨║ ZXing

      at Function.log [as createBestAvailableScanner] (src/services/scanner/index.ts:110:15)

    console.log
      [ZXingScannerService] ╨Ш╨╜╨╕╤Ж╨╕╨░╨╗╨╕╨╖╨░╤Ж╨╕╤П ZXing ╤Б╨║╨░╨╜╨╡╤А╨░...

      at ZXingScannerService.log (src/services/scanner/ScannerService.ts:190:15)

    console.log
      тЬЕ useScanner: ╨б╨║╨░╨╜╨╡╤А ╨╕╨╜╨╕╤Ж╨╕╨░╨╗╨╕╨╖╨╕╤А╨╛╨▓╨░╨╜ {
        caps: {
          supportedFormats: [ 'ean_13', 'ean_8', 'upc_a', 'code_128' ],
          supportsFlashlight: true,
          supportsZoom: true,
          supportsFocus: true,
          maxZoom: 3
        },
        cameras: [
          {
            deviceId: 'camera1',
            kind: 'videoinput',
            label: 'Back Camera',
            groupId: 'group1'
          },
          {
            deviceId: 'camera2',
            kind: 'videoinput',
            label: 'Front Camera',
            groupId: 'group2'
          }
        ],
        permission: { granted: false, denied: false, prompt: true }
      }

      at log (src/hooks/useScanner.ts:110:15)

    console.log
      ЁЯз╣ useScanner: ╨Ю╤З╨╕╤Б╤В╨║╨░ ╨┐╤А╨╕ ╤А╨░╨╖╨╝╨╛╨╜╤В╨╕╤А╨╛╨▓╨░╨╜╨╕╨╕

      at log (src/hooks/useScanner.ts:388:15)
          at Array.forEach (<anonymous>)

    console.log
      [ZXingScannerService] ╨Ю╤Б╤В╨░╨╜╨╛╨▓╨║╨░ ╤Б╨║╨░╨╜╨╕╤А╨╛╨▓╨░╨╜╨╕╤П...

      at ZXingScannerService.log (src/services/scanner/ScannerService.ts:190:15)
          at Array.forEach (<anonymous>)

    console.log
      [ZXingScannerService] ╨б╨║╨░╨╜╨╕╤А╨╛╨▓╨░╨╜╨╕╨╡ ╨╛╤Б╤В╨░╨╜╨╛╨▓╨╗╨╡╨╜╨╛

      at ZXingScannerService.log (src/services/scanner/ScannerService.ts:190:15)
          at Array.forEach (<anonymous>)

  тЧП Scanner Component - Integration Tests тА║ Complete Scanning Workflow тА║ should complete full camera-to-scan workflow

    TestingLibraryElementError: Unable to find an element with the text: ╨Ч╨░╨┐╤Г╤Б╤В╨╕╤В╤М ╨║╨░╨╝╨╡╤А╤Г. This could be because the text is broken up by multiple elements. In this case, you can provide a function for your text matcher to make your matcher more flexible.

    Ignored nodes: comments, script, style
    <body>
      <div>
        <div
          class="relative w-full h-full bg-black"
        >
          <video
            autoplay=""
            class="w-full h-full object-cover"
            playsinline=""
          />
          <div
            class="absolute top-4 right-4 flex flex-col gap-2"
          >
            <button
              class="p-2 rounded-full transition-colors bg-black/50 text-white hover:bg-black/70"
              title="╨а╨╡╨╢╨╕╨╝ ╤Д╨╛╨║╤Г╤Б╨░: ╨Р╨▓╤В╨╛"
            >
              <svg
                class="w-5 h-5"
                fill="none"
                stroke="currentColor"
                viewBox="0 0 24 24"
              >
                <path
                  d="M15 12a3 3 0 11-6 0 3 3 0 016 0z M2.458 12C3.732 7.943 7.523 5 12 5c4.478 0 8.268 2.943 9.542 7-1.274 4.057-5.064 7-9.542 7-4.477 0-8.268-2.943-9.542-7z"
                  stroke-linecap="round"
                  stroke-linejoin="round"
                  stroke-width="2"
                />
              </svg>
            </button>
          </div>
          <div
            class="absolute bottom-4 left-1/2 transform -translate-x-1/2"
          >
            <div
              class="flex items-center gap-2 bg-black/50 rounded-full px-4 py-2"
            >
              <button
                class="text-white p-1 disabled:opacity-50"
                disabled=""
              >
                <svg
                  class="w-4 h-4"
                  fill="none"
                  stroke="currentColor"
                  viewBox="0 0 24 24"
                >
                  <path
                    d="M20 12H4"
                    stroke-linecap="round"
                    stroke-linejoin="round"
                    stroke-width="2"
                  />
                </svg>
              </button>
              <span
                class="text-white text-sm min-w-[3rem] text-center"
              >
                1.0
                x
              </span>
              <button
                class="text-white p-1 disabled:opacity-50"
              >
                <svg
                  class="w-4 h-4"
                  fill="none"
                  stroke="currentColor"
                  viewBox="0 0 24 24"
                >
                  <path
                    d="M12 4v16m8-8H4"
                    stroke-linecap="round"
                    stroke-linejoin="round"
                    stroke-width="2"
                  />
                </svg>
              </button>
            </div>
          </div>
          <div
            class="absolute inset-0 bg-black/50 flex items-center justify-center"
          >
            <div
              class="text-white text-center"
            >
              <div
                class="animate-spin rounded-full h-8 w-8 border-b-2 border-white mx-auto mb-2"
              />
              <p>
                ╨Ш╨╜╨╕╤Ж╨╕╨░╨╗╨╕╨╖╨░╤Ж╨╕╤П ╤Б╨║╨░╨╜╨╡╤А╨░...
              </p>
            </div>
          </div>
        </div>
      </div>
    </body>

      204 |       
      205 |       // Step 1: Start camera
    > 206 |       const startButton = screen.getByText('╨Ч╨░╨┐╤Г╤Б╤В╨╕╤В╤М ╨║╨░╨╝╨╡╤А╤Г');
          |                                  ^
      207 |       await userEvent.click(startButton);
      208 |       
      209 |       // Step 2: Wait for camera initialization

      at Object.getElementError (node_modules/@testing-library/dom/dist/config.js:37:19)
      at node_modules/@testing-library/dom/dist/query-helpers.js:76:38
      at node_modules/@testing-library/dom/dist/query-helpers.js:52:17
      at node_modules/@testing-library/dom/dist/query-helpers.js:95:19
      at Object.getByText (src/components/__tests__/Scanner.integration.test.tsx:206:34)

  тЧП Scanner Component - Integration Tests тА║ Complete Scanning Workflow тА║ should handle camera switching during scanning

    expect(jest.fn()).toHaveBeenCalledWith(...expected)

    Expected: {"video": {"facingMode": "environment"}}

    Number of calls: 0

    Ignored nodes: comments, script, style
    <html>
      <head />
      <body>
        <div>
          <div
            class="relative w-full h-full bg-black"
          >
            <video
              autoplay=""
              class="w-full h-full object-cover"
              playsinline=""
            />
            <div
              class="absolute top-4 right-4 flex flex-col gap-2"
            >
              <button
                class="bg-black/50 text-white p-2 rounded-full hover:bg-black/70 transition-colors"
                title="╨Я╨╡╤А╨╡╨║╨╗╤О╤З╨╕╤В╤М ╨║╨░╨╝╨╡╤А╤Г"
              >
                <svg
                  class="w-5 h-5"
                  fill="none"
                  stroke="currentColor"
                  viewBox="0 0 24 24"
                >
                  <path
                    d="M4 4v5h.582m15.356 2A8.001 8.001 0 004.582 9m0 0H9m11 11v-5h-.581m0 0a8.003 8.003 0 01-15.357-2m15.357 2H15"
                    stroke-linecap="round"
                    stroke-linejoin="round"
                    stroke-width="2"
                  />
                </svg>
              </button>
              <button
                class="p-2 rounded-full transition-colors bg-black/50 text-white hover:bg-black/70"
                title="╨а╨╡╨╢╨╕╨╝ ╤Д╨╛╨║╤Г╤Б╨░: ╨Р╨▓╤В╨╛"
              >
                <svg
                  class="w-5 h-5"
                  fill="none"
                  stroke="currentColor"
                  viewBox="0 0 24 24"
                >
                  <path
                    d="M15 12a3 3 0 11-6 0 3 3 0 016 0z M2.458 12C3.732 7.943 7.523 5 12 5c4.478 0 8.268 2.943 9.542 7-1.274 4.057-5.064 7-9.542 7-4.477 0-8.268-2.943-9.542-7z"
                    stroke-linecap="round"
                    stroke-linejoin="round"
                    stroke-width="2"
                  />
                </svg>
              </button>
            </div>
            <div
              class="absolute bottom-4 left-1/2 transform -translate-x-1/2"
            >
              <div
                class="flex items-center gap-2 bg-black/50 rounded-full px-4 py-2"
              >
                <button
                  class="text-white p-1 disabled:opacity-50"
                  disabled=""
                >
                  <svg
                    class="w-4 h-4"
                    fill="none"
                    stroke="currentColor"
                    viewBox="0 0 24 24"
                  >
                    <path
                      d="M20 12H4"
                      stroke-linecap="round"
                      stroke-linejoin="round"
                      stroke-width="2"
                    />
                  </svg>
                </button>
                <span
                  class="text-white text-sm min-w-[3rem] text-center"
                >
                  1.0
                  x
                </span>
                <button
                  class="text-white p-1 disabled:opacity-50"
                >
                  <svg
                    class="w-4 h-4"
                    fill="none"
                    stroke="currentColor"
                    viewBox="0 0 24 24"
                  >
                    <path
                      d="M12 4v16m8-8H4"
                      stroke-linecap="round"
                      stroke-linejoin="round"
                      stroke-width="2"
                    />
                  </svg>
                </button>
              </div>
            </div>
          </div>
        </div>
      </body>
    </html>

      232 |       
      233 |       await waitFor(() => {
    > 234 |         expect(mockGetUserMedia).toHaveBeenCalledWith({
          |                                  ^
      235 |           video: { facingMode: 'environment' }
      236 |         });
      237 |       });

      at toHaveBeenCalledWith (src/components/__tests__/Scanner.integration.test.tsx:234:34)
      at runWithExpensiveErrorDiagnosticsDisabled (node_modules/@testing-library/dom/dist/config.js:47:12)
      at checkCallback (node_modules/@testing-library/dom/dist/wait-for.js:124:77)
      at checkRealTimersCallback (node_modules/@testing-library/dom/dist/wait-for.js:118:16)
      at Timeout.task [as _onTimeout] (node_modules/jsdom/lib/jsdom/browser/Window.js:579:19)

  тЧП Scanner Component - Integration Tests тА║ Complete Scanning Workflow тА║ should handle multiple consecutive scans

    expect(jest.fn()).toHaveBeenCalled()

    Expected number of calls: >= 1
    Received number of calls:    0

    Ignored nodes: comments, script, style
    <html>
      <head />
      <body>
        <div>
          <div
            class="relative w-full h-full bg-black"
          >
            <video
              autoplay=""
              class="w-full h-full object-cover"
              playsinline=""
            />
            <div
              class="absolute top-4 right-4 flex flex-col gap-2"
            >
              <button
                class="bg-black/50 text-white p-2 rounded-full hover:bg-black/70 transition-colors"
                title="╨Я╨╡╤А╨╡╨║╨╗╤О╤З╨╕╤В╤М ╨║╨░╨╝╨╡╤А╤Г"
              >
                <svg
                  class="w-5 h-5"
                  fill="none"
                  stroke="currentColor"
                  viewBox="0 0 24 24"
                >
                  <path
                    d="M4 4v5h.582m15.356 2A8.001 8.001 0 004.582 9m0 0H9m11 11v-5h-.581m0 0a8.003 8.003 0 01-15.357-2m15.357 2H15"
                    stroke-linecap="round"
                    stroke-linejoin="round"
                    stroke-width="2"
                  />
                </svg>
              </button>
              <button
                class="p-2 rounded-full transition-colors bg-black/50 text-white hover:bg-black/70"
                title="╨а╨╡╨╢╨╕╨╝ ╤Д╨╛╨║╤Г╤Б╨░: ╨Р╨▓╤В╨╛"
              >
                <svg
                  class="w-5 h-5"
                  fill="none"
                  stroke="currentColor"
                  viewBox="0 0 24 24"
                >
                  <path
                    d="M15 12a3 3 0 11-6 0 3 3 0 016 0z M2.458 12C3.732 7.943 7.523 5 12 5c4.478 0 8.268 2.943 9.542 7-1.274 4.057-5.064 7-9.542 7-4.477 0-8.268-2.943-9.542-7z"
                    stroke-linecap="round"
                    stroke-linejoin="round"
                    stroke-width="2"
                  />
                </svg>
              </button>
            </div>
            <div
              class="absolute bottom-4 left-1/2 transform -translate-x-1/2"
            >
              <div
                class="flex items-center gap-2 bg-black/50 rounded-full px-4 py-2"
              >
                <button
                  class="text-white p-1 disabled:opacity-50"
                  disabled=""
                >
                  <svg
                    class="w-4 h-4"
                    fill="none"
                    stroke="currentColor"
                    viewBox="0 0 24 24"
                  >
                    <path
                      d="M20 12H4"
                      stroke-linecap="round"
                      stroke-linejoin="round"
                      stroke-width="2"
                    />
                  </svg>
                </button>
                <span
                  class="text-white text-sm min-w-[3rem] text-center"
                >
                  1.0
                  x
                </span>
                <button
                  class="text-white p-1 disabled:opacity-50"
                >
                  <svg
                    class="w-4 h-4"
                    fill="none"
                    stroke="currentColor"
                    viewBox="0 0 24 24"
                  >
                    <path
                      d="M12 4v16m8-8H4"
                      stroke-linecap="round"
                      stroke-linejoin="round"
                      stroke-width="2"
                    />
                  </svg>
                </button>
              </div>
            </div>
          </div>
        </div>
      </body>
    </html>

      257 |       
      258 |       await waitFor(() => {
    > 259 |         expect(mockGetUserMedia).toHaveBeenCalled();
          |                                  ^
      260 |       });
      261 |       
      262 |       // First scan

      at toHaveBeenCalled (src/components/__tests__/Scanner.integration.test.tsx:259:34)
      at runWithExpensiveErrorDiagnosticsDisabled (node_modules/@testing-library/dom/dist/config.js:47:12)
      at checkCallback (node_modules/@testing-library/dom/dist/wait-for.js:124:77)
      at checkRealTimersCallback (node_modules/@testing-library/dom/dist/wait-for.js:118:16)
      at Timeout.task [as _onTimeout] (node_modules/jsdom/lib/jsdom/browser/Window.js:579:19)

  тЧП Scanner Component - Integration Tests тА║ MediaStream Lifecycle Integration тА║ should properly manage stream lifecycle during errors

    expect(jest.fn()).toHaveBeenCalled()

    Expected number of calls: >= 1
    Received number of calls:    0

    Ignored nodes: comments, script, style
    <html>
      <head />
      <body>
        <div>
          <div
            class="relative w-full h-full bg-black"
          >
            <video
              autoplay=""
              class="w-full h-full object-cover"
              playsinline=""
            />
            <div
              class="absolute top-4 right-4 flex flex-col gap-2"
            >
              <button
                class="bg-black/50 text-white p-2 rounded-full hover:bg-black/70 transition-colors"
                title="╨Я╨╡╤А╨╡╨║╨╗╤О╤З╨╕╤В╤М ╨║╨░╨╝╨╡╤А╤Г"
              >
                <svg
                  class="w-5 h-5"
                  fill="none"
                  stroke="currentColor"
                  viewBox="0 0 24 24"
                >
                  <path
                    d="M4 4v5h.582m15.356 2A8.001 8.001 0 004.582 9m0 0H9m11 11v-5h-.581m0 0a8.003 8.003 0 01-15.357-2m15.357 2H15"
                    stroke-linecap="round"
                    stroke-linejoin="round"
                    stroke-width="2"
                  />
                </svg>
              </button>
              <button
                class="p-2 rounded-full transition-colors bg-black/50 text-white hover:bg-black/70"
                title="╨а╨╡╨╢╨╕╨╝ ╤Д╨╛╨║╤Г╤Б╨░: ╨Р╨▓╤В╨╛"
              >
                <svg
                  class="w-5 h-5"
                  fill="none"
                  stroke="currentColor"
                  viewBox="0 0 24 24"
                >
                  <path
                    d="M15 12a3 3 0 11-6 0 3 3 0 016 0z M2.458 12C3.732 7.943 7.523 5 12 5c4.478 0 8.268 2.943 9.542 7-1.274 4.057-5.064 7-9.542 7-4.477 0-8.268-2.943-9.542-7z"
                    stroke-linecap="round"
                    stroke-linejoin="round"
                    stroke-width="2"
                  />
                </svg>
              </button>
            </div>
            <div
              class="absolute bottom-4 left-1/2 transform -translate-x-1/2"
            >
              <div
                class="flex items-center gap-2 bg-black/50 rounded-full px-4 py-2"
              >
                <button
                  class="text-white p-1 disabled:opacity-50"
                  disabled=""
                >
                  <svg
                    class="w-4 h-4"
                    fill="none"
                    stroke="currentColor"
                    viewBox="0 0 24 24"
                  >
                    <path
                      d="M20 12H4"
                      stroke-linecap="round"
                      stroke-linejoin="round"
                      stroke-width="2"
                    />
                  </svg>
                </button>
                <span
                  class="text-white text-sm min-w-[3rem] text-center"
                >
                  1.0
                  x
                </span>
                <button
                  class="text-white p-1 disabled:opacity-50"
                >
                  <svg
                    class="w-4 h-4"
                    fill="none"
                    stroke="currentColor"
                    viewBox="0 0 24 24"
                  >
                    <path
                      d="M12 4v16m8-8H4"
                      stroke-linecap="round"
                      stroke-linejoin="round"
                      stroke-width="2"
                    />
                  </svg>
                </button>
              </div>
            </div>
          </div>
        </div>
      </body>
    </html>

      285 |       
      286 |       await waitFor(() => {
    > 287 |         expect(mockGetUserMedia).toHaveBeenCalled();
          |                                  ^
      288 |       });
      289 |       
      290 |       // Simulate camera error during scanning

      at toHaveBeenCalled (src/components/__tests__/Scanner.integration.test.tsx:287:34)
      at runWithExpensiveErrorDiagnosticsDisabled (node_modules/@testing-library/dom/dist/config.js:47:12)
      at checkCallback (node_modules/@testing-library/dom/dist/wait-for.js:124:77)
      at checkRealTimersCallback (node_modules/@testing-library/dom/dist/wait-for.js:118:16)
      at Timeout.task [as _onTimeout] (node_modules/jsdom/lib/jsdom/browser/Window.js:579:19)

  тЧП Scanner Component - Integration Tests тА║ MediaStream Lifecycle Integration тА║ should handle stream interruption and recovery

    expect(jest.fn()).toHaveBeenCalled()

    Expected number of calls: >= 1
    Received number of calls:    0

    Ignored nodes: comments, script, style
    <html>
      <head />
      <body>
        <div>
          <div
            class="relative w-full h-full bg-black"
          >
            <video
              autoplay=""
              class="w-full h-full object-cover"
              playsinline=""
            />
            <div
              class="absolute top-4 right-4 flex flex-col gap-2"
            >
              <button
                class="bg-black/50 text-white p-2 rounded-full hover:bg-black/70 transition-colors"
                title="╨Я╨╡╤А╨╡╨║╨╗╤О╤З╨╕╤В╤М ╨║╨░╨╝╨╡╤А╤Г"
              >
                <svg
                  class="w-5 h-5"
                  fill="none"
                  stroke="currentColor"
                  viewBox="0 0 24 24"
                >
                  <path
                    d="M4 4v5h.582m15.356 2A8.001 8.001 0 004.582 9m0 0H9m11 11v-5h-.581m0 0a8.003 8.003 0 01-15.357-2m15.357 2H15"
                    stroke-linecap="round"
                    stroke-linejoin="round"
                    stroke-width="2"
                  />
                </svg>
              </button>
              <button
                class="p-2 rounded-full transition-colors bg-black/50 text-white hover:bg-black/70"
                title="╨а╨╡╨╢╨╕╨╝ ╤Д╨╛╨║╤Г╤Б╨░: ╨Р╨▓╤В╨╛"
              >
                <svg
                  class="w-5 h-5"
                  fill="none"
                  stroke="currentColor"
                  viewBox="0 0 24 24"
                >
                  <path
                    d="M15 12a3 3 0 11-6 0 3 3 0 016 0z M2.458 12C3.732 7.943 7.523 5 12 5c4.478 0 8.268 2.943 9.542 7-1.274 4.057-5.064 7-9.542 7-4.477 0-8.268-2.943-9.542-7z"
                    stroke-linecap="round"
                    stroke-linejoin="round"
                    stroke-width="2"
                  />
                </svg>
              </button>
            </div>
            <div
              class="absolute bottom-4 left-1/2 transform -translate-x-1/2"
            >
              <div
                class="flex items-center gap-2 bg-black/50 rounded-full px-4 py-2"
              >
                <button
                  class="text-white p-1 disabled:opacity-50"
                  disabled=""
                >
                  <svg
                    class="w-4 h-4"
                    fill="none"
                    stroke="currentColor"
                    viewBox="0 0 24 24"
                  >
                    <path
                      d="M20 12H4"
                      stroke-linecap="round"
                      stroke-linejoin="round"
                      stroke-width="2"
                    />
                  </svg>
                </button>
                <span
                  class="text-white text-sm min-w-[3rem] text-center"
                >
                  1.0
                  x
                </span>
                <button
                  class="text-white p-1 disabled:opacity-50"
                >
                  <svg
                    class="w-4 h-4"
                    fill="none"
                    stroke="currentColor"
                    viewBox="0 0 24 24"
                  >
                    <path
                      d="M12 4v16m8-8H4"
                      stroke-linecap="round"
                      stroke-linejoin="round"
                      stroke-width="2"
                    />
                  </svg>
                </button>
              </div>
            </div>
          </div>
        </div>
      </body>
    </html>

      322 |       
      323 |       await waitFor(() => {
    > 324 |         expect(mockGetUserMedia).toHaveBeenCalled();
          |                                  ^
      325 |       });
      326 |       
      327 |       // Simulate track ending (camera disconnected)

      at toHaveBeenCalled (src/components/__tests__/Scanner.integration.test.tsx:324:34)
      at runWithExpensiveErrorDiagnosticsDisabled (node_modules/@testing-library/dom/dist/config.js:47:12)
      at checkCallback (node_modules/@testing-library/dom/dist/wait-for.js:124:77)
      at checkRealTimersCallback (node_modules/@testing-library/dom/dist/wait-for.js:118:16)
      at Timeout.task [as _onTimeout] (node_modules/jsdom/lib/jsdom/browser/Window.js:579:19)

  тЧП Scanner Component - Integration Tests тА║ Performance Integration тА║ should maintain performance during continuous scanning

    expect(jest.fn()).toHaveBeenCalled()

    Expected number of calls: >= 1
    Received number of calls:    0

    Ignored nodes: comments, script, style
    <html>
      <head />
      <body>
        <div>
          <div
            class="relative w-full h-full bg-black"
          >
            <video
              autoplay=""
              class="w-full h-full object-cover"
              playsinline=""
            />
            <div
              class="absolute top-4 right-4 flex flex-col gap-2"
            >
              <button
                class="bg-black/50 text-white p-2 rounded-full hover:bg-black/70 transition-colors"
                title="╨Я╨╡╤А╨╡╨║╨╗╤О╤З╨╕╤В╤М ╨║╨░╨╝╨╡╤А╤Г"
              >
                <svg
                  class="w-5 h-5"
                  fill="none"
                  stroke="currentColor"
                  viewBox="0 0 24 24"
                >
                  <path
                    d="M4 4v5h.582m15.356 2A8.001 8.001 0 004.582 9m0 0H9m11 11v-5h-.581m0 0a8.003 8.003 0 01-15.357-2m15.357 2H15"
                    stroke-linecap="round"
                    stroke-linejoin="round"
                    stroke-width="2"
                  />
                </svg>
              </button>
              <button
                class="p-2 rounded-full transition-colors bg-black/50 text-white hover:bg-black/70"
                title="╨а╨╡╨╢╨╕╨╝ ╤Д╨╛╨║╤Г╤Б╨░: ╨Р╨▓╤В╨╛"
              >
                <svg
                  class="w-5 h-5"
                  fill="none"
                  stroke="currentColor"
                  viewBox="0 0 24 24"
                >
                  <path
                    d="M15 12a3 3 0 11-6 0 3 3 0 016 0z M2.458 12C3.732 7.943 7.523 5 12 5c4.478 0 8.268 2.943 9.542 7-1.274 4.057-5.064 7-9.542 7-4.477 0-8.268-2.943-9.542-7z"
                    stroke-linecap="round"
                    stroke-linejoin="round"
                    stroke-width="2"
                  />
                </svg>
              </button>
            </div>
            <div
              class="absolute bottom-4 left-1/2 transform -translate-x-1/2"
            >
              <div
                class="flex items-center gap-2 bg-black/50 rounded-full px-4 py-2"
              >
                <button
                  class="text-white p-1 disabled:opacity-50"
                  disabled=""
                >
                  <svg
                    class="w-4 h-4"
                    fill="none"
                    stroke="currentColor"
                    viewBox="0 0 24 24"
                  >
                    <path
                      d="M20 12H4"
                      stroke-linecap="round"
                      stroke-linejoin="round"
                      stroke-width="2"
                    />
                  </svg>
                </button>
                <span
                  class="text-white text-sm min-w-[3rem] text-center"
                >
                  1.0
                  x
                </span>
                <button
                  class="text-white p-1 disabled:opacity-50"
                >
                  <svg
                    class="w-4 h-4"
                    fill="none"
                    stroke="currentColor"
                    viewBox="0 0 24 24"
                  >
                    <path
                      d="M12 4v16m8-8H4"
                      stroke-linecap="round"
                      stroke-linejoin="round"
                      stroke-width="2"
                    />
                  </svg>
                </button>
              </div>
            </div>
          </div>
        </div>
      </body>
    </html>

      349 |       
      350 |       await waitFor(() => {
    > 351 |         expect(mockGetUserMedia).toHaveBeenCalled();
          |                                  ^
      352 |       });
      353 |       
      354 |       // Simulate multiple scan attempts

      at toHaveBeenCalled (src/components/__tests__/Scanner.integration.test.tsx:351:34)
      at runWithExpensiveErrorDiagnosticsDisabled (node_modules/@testing-library/dom/dist/config.js:47:12)
      at checkCallback (node_modules/@testing-library/dom/dist/wait-for.js:124:77)
      at checkRealTimersCallback (node_modules/@testing-library/dom/dist/wait-for.js:118:16)
      at Timeout.task [as _onTimeout] (node_modules/jsdom/lib/jsdom/browser/Window.js:579:19)

  тЧП Scanner Component - Integration Tests тА║ Performance Integration тА║ should not cause memory leaks during extended use

    expect(jest.fn()).toHaveBeenCalled()

    Expected number of calls: >= 1
    Received number of calls:    0

    Ignored nodes: comments, script, style
    <html>
      <head />
      <body>
        <div>
          <div
            class="relative w-full h-full bg-black"
          >
            <video
              autoplay=""
              class="w-full h-full object-cover"
              playsinline=""
            />
            <div
              class="absolute top-4 right-4 flex flex-col gap-2"
            >
              <button
                class="bg-black/50 text-white p-2 rounded-full hover:bg-black/70 transition-colors"
                title="╨Я╨╡╤А╨╡╨║╨╗╤О╤З╨╕╤В╤М ╨║╨░╨╝╨╡╤А╤Г"
              >
                <svg
                  class="w-5 h-5"
                  fill="none"
                  stroke="currentColor"
                  viewBox="0 0 24 24"
                >
                  <path
                    d="M4 4v5h.582m15.356 2A8.001 8.001 0 004.582 9m0 0H9m11 11v-5h-.581m0 0a8.003 8.003 0 01-15.357-2m15.357 2H15"
                    stroke-linecap="round"
                    stroke-linejoin="round"
                    stroke-width="2"
                  />
                </svg>
              </button>
              <button
                class="p-2 rounded-full transition-colors bg-black/50 text-white hover:bg-black/70"
                title="╨а╨╡╨╢╨╕╨╝ ╤Д╨╛╨║╤Г╤Б╨░: ╨Р╨▓╤В╨╛"
              >
                <svg
                  class="w-5 h-5"
                  fill="none"
                  stroke="currentColor"
                  viewBox="0 0 24 24"
                >
                  <path
                    d="M15 12a3 3 0 11-6 0 3 3 0 016 0z M2.458 12C3.732 7.943 7.523 5 12 5c4.478 0 8.268 2.943 9.542 7-1.274 4.057-5.064 7-9.542 7-4.477 0-8.268-2.943-9.542-7z"
                    stroke-linecap="round"
                    stroke-linejoin="round"
                    stroke-width="2"
                  />
                </svg>
              </button>
            </div>
            <div
              class="absolute bottom-4 left-1/2 transform -translate-x-1/2"
            >
              <div
                class="flex items-center gap-2 bg-black/50 rounded-full px-4 py-2"
              >
                <button
                  class="text-white p-1 disabled:opacity-50"
                  disabled=""
                >
                  <svg
                    class="w-4 h-4"
                    fill="none"
                    stroke="currentColor"
                    viewBox="0 0 24 24"
                  >
                    <path
                      d="M20 12H4"
                      stroke-linecap="round"
                      stroke-linejoin="round"
                      stroke-width="2"
                    />
                  </svg>
                </button>
                <span
                  class="text-white text-sm min-w-[3rem] text-center"
                >
                  1.0
                  x
                </span>
                <button
                  class="text-white p-1 disabled:opacity-50"
                >
                  <svg
                    class="w-4 h-4"
                    fill="none"
                    stroke="currentColor"
                    viewBox="0 0 24 24"
                  >
                    <path
                      d="M12 4v16m8-8H4"
                      stroke-linecap="round"
                      stroke-linejoin="round"
                      stroke-width="2"
                    />
                  </svg>
                </button>
              </div>
            </div>
          </div>
        </div>
      </body>
    </html>

      376 |       
      377 |       await waitFor(() => {
    > 378 |         expect(mockGetUserMedia).toHaveBeenCalled();
          |                                  ^
      379 |       });
      380 |       
      381 |       // Test multiple stop/start cycles

      at toHaveBeenCalled (src/components/__tests__/Scanner.integration.test.tsx:378:34)
      at runWithExpensiveErrorDiagnosticsDisabled (node_modules/@testing-library/dom/dist/config.js:47:12)
      at checkCallback (node_modules/@testing-library/dom/dist/wait-for.js:124:77)
      at checkRealTimersCallback (node_modules/@testing-library/dom/dist/wait-for.js:118:16)
      at Timeout.task [as _onTimeout] (node_modules/jsdom/lib/jsdom/browser/Window.js:579:19)

  тЧП Scanner Component - Integration Tests тА║ Error Recovery Integration тА║ should recover from temporary camera access issues

    expect(jest.fn()).toHaveBeenCalledWith(...expected)

    Expected: StringContaining "╨Ю╤И╨╕╨▒╨║╨░ ╨┤╨╛╤Б╤В╤Г╨┐╨░ ╨║ ╨║╨░╨╝╨╡╤А╨╡"

    Number of calls: 0

    Ignored nodes: comments, script, style
    <html>
      <head />
      <body>
        <div>
          <div
            class="relative w-full h-full bg-black"
          >
            <video
              autoplay=""
              class="w-full h-full object-cover"
              playsinline=""
            />
            <div
              class="absolute top-4 right-4 flex flex-col gap-2"
            >
              <button
                class="bg-black/50 text-white p-2 rounded-full hover:bg-black/70 transition-colors"
                title="╨Я╨╡╤А╨╡╨║╨╗╤О╤З╨╕╤В╤М ╨║╨░╨╝╨╡╤А╤Г"
              >
                <svg
                  class="w-5 h-5"
                  fill="none"
                  stroke="currentColor"
                  viewBox="0 0 24 24"
                >
                  <path
                    d="M4 4v5h.582m15.356 2A8.001 8.001 0 004.582 9m0 0H9m11 11v-5h-.581m0 0a8.003 8.003 0 01-15.357-2m15.357 2H15"
                    stroke-linecap="round"
                    stroke-linejoin="round"
                    stroke-width="2"
                  />
                </svg>
              </button>
              <button
                class="p-2 rounded-full transition-colors bg-black/50 text-white hover:bg-black/70"
                title="╨а╨╡╨╢╨╕╨╝ ╤Д╨╛╨║╤Г╤Б╨░: ╨Р╨▓╤В╨╛"
              >
                <svg
                  class="w-5 h-5"
                  fill="none"
                  stroke="currentColor"
                  viewBox="0 0 24 24"
                >
                  <path
                    d="M15 12a3 3 0 11-6 0 3 3 0 016 0z M2.458 12C3.732 7.943 7.523 5 12 5c4.478 0 8.268 2.943 9.542 7-1.274 4.057-5.064 7-9.542 7-4.477 0-8.268-2.943-9.542-7z"
                    stroke-linecap="round"
                    stroke-linejoin="round"
                    stroke-width="2"
                  />
                </svg>
              </button>
            </div>
            <div
              class="absolute bottom-4 left-1/2 transform -translate-x-1/2"
            >
              <div
                class="flex items-center gap-2 bg-black/50 rounded-full px-4 py-2"
              >
                <button
                  class="text-white p-1 disabled:opacity-50"
                  disabled=""
                >
                  <svg
                    class="w-4 h-4"
                    fill="none"
                    stroke="currentColor"
                    viewBox="0 0 24 24"
                  >
                    <path
                      d="M20 12H4"
                      stroke-linecap="round"
                      stroke-linejoin="round"
                      stroke-width="2"
                    />
                  </svg>
                </button>
                <span
                  class="text-white text-sm min-w-[3rem] text-center"
                >
                  1.0
                  x
                </span>
                <button
                  class="text-white p-1 disabled:opacity-50"
                >
                  <svg
                    class="w-4 h-4"
                    fill="none"
                    stroke="currentColor"
                    viewBox="0 0 24 24"
                  >
                    <path
                      d="M12 4v16m8-8H4"
                      stroke-linecap="round"
                      stroke-linejoin="round"
                      stroke-width="2"
                    />
                  </svg>
                </button>
              </div>
            </div>
          </div>
        </div>
      </body>
    </html>

      417 |       // Should show error immediately due to permission issue
      418 |       await waitFor(() => {
    > 419 |         expect(mockOnError).toHaveBeenCalledWith(
          |                             ^
      420 |           expect.stringContaining('╨Ю╤И╨╕╨▒╨║╨░ ╨┤╨╛╤Б╤В╤Г╨┐╨░ ╨║ ╨║╨░╨╝╨╡╤А╨╡')
      421 |         );
      422 |       });

      at toHaveBeenCalledWith (src/components/__tests__/Scanner.integration.test.tsx:419:29)
      at runWithExpensiveErrorDiagnosticsDisabled (node_modules/@testing-library/dom/dist/config.js:47:12)
      at checkCallback (node_modules/@testing-library/dom/dist/wait-for.js:124:77)
      at checkRealTimersCallback (node_modules/@testing-library/dom/dist/wait-for.js:118:16)
      at Timeout.task [as _onTimeout] (node_modules/jsdom/lib/jsdom/browser/Window.js:579:19)

  тЧП Scanner Component - Integration Tests тА║ Error Recovery Integration тА║ should handle ZXing library errors gracefully

    expect(jest.fn()).toHaveBeenCalled()

    Expected number of calls: >= 1
    Received number of calls:    0

    Ignored nodes: comments, script, style
    <html>
      <head />
      <body>
        <div>
          <div
            class="relative w-full h-full bg-black"
          >
            <video
              autoplay=""
              class="w-full h-full object-cover"
              playsinline=""
            />
            <div
              class="absolute top-4 right-4 flex flex-col gap-2"
            >
              <button
                class="bg-black/50 text-white p-2 rounded-full hover:bg-black/70 transition-colors"
                title="╨Я╨╡╤А╨╡╨║╨╗╤О╤З╨╕╤В╤М ╨║╨░╨╝╨╡╤А╤Г"
              >
                <svg
                  class="w-5 h-5"
                  fill="none"
                  stroke="currentColor"
                  viewBox="0 0 24 24"
                >
                  <path
                    d="M4 4v5h.582m15.356 2A8.001 8.001 0 004.582 9m0 0H9m11 11v-5h-.581m0 0a8.003 8.003 0 01-15.357-2m15.357 2H15"
                    stroke-linecap="round"
                    stroke-linejoin="round"
                    stroke-width="2"
                  />
                </svg>
              </button>
              <button
                class="p-2 rounded-full transition-colors bg-black/50 text-white hover:bg-black/70"
                title="╨а╨╡╨╢╨╕╨╝ ╤Д╨╛╨║╤Г╤Б╨░: ╨Р╨▓╤В╨╛"
              >
                <svg
                  class="w-5 h-5"
                  fill="none"
                  stroke="currentColor"
                  viewBox="0 0 24 24"
                >
                  <path
                    d="M15 12a3 3 0 11-6 0 3 3 0 016 0z M2.458 12C3.732 7.943 7.523 5 12 5c4.478 0 8.268 2.943 9.542 7-1.274 4.057-5.064 7-9.542 7-4.477 0-8.268-2.943-9.542-7z"
                    stroke-linecap="round"
                    stroke-linejoin="round"
                    stroke-width="2"
                  />
                </svg>
              </button>
            </div>
            <div
              class="absolute bottom-4 left-1/2 transform -translate-x-1/2"
            >
              <div
                class="flex items-center gap-2 bg-black/50 rounded-full px-4 py-2"
              >
                <button
                  class="text-white p-1 disabled:opacity-50"
                  disabled=""
                >
                  <svg
                    class="w-4 h-4"
                    fill="none"
                    stroke="currentColor"
                    viewBox="0 0 24 24"
                  >
                    <path
                      d="M20 12H4"
                      stroke-linecap="round"
                      stroke-linejoin="round"
                      stroke-width="2"
                    />
                  </svg>
                </button>
                <span
                  class="text-white text-sm min-w-[3rem] text-center"
                >
                  1.0
                  x
                </span>
                <button
                  class="text-white p-1 disabled:opacity-50"
                >
                  <svg
                    class="w-4 h-4"
                    fill="none"
                    stroke="currentColor"
                    viewBox="0 0 24 24"
                  >
                    <path
                      d="M12 4v16m8-8H4"
                      stroke-linecap="round"
                      stroke-linejoin="round"
                      stroke-width="2"
                    />
                  </svg>
                </button>
              </div>
            </div>
          </div>
        </div>
      </body>
    </html>

      432 |       
      433 |       await waitFor(() => {
    > 434 |         expect(mockGetUserMedia).toHaveBeenCalled();
          |                                  ^
      435 |       });
      436 |       
      437 |       // Simulate ZXing error

      at toHaveBeenCalled (src/components/__tests__/Scanner.integration.test.tsx:434:34)
      at runWithExpensiveErrorDiagnosticsDisabled (node_modules/@testing-library/dom/dist/config.js:47:12)
      at checkCallback (node_modules/@testing-library/dom/dist/wait-for.js:124:77)
      at checkRealTimersCallback (node_modules/@testing-library/dom/dist/wait-for.js:118:16)
      at Timeout.task [as _onTimeout] (node_modules/jsdom/lib/jsdom/browser/Window.js:579:19)

  тЧП Scanner Component - Integration Tests тА║ Real-world Scenarios тА║ should handle rapid start/stop/start cycles

    TestingLibraryElementError: Unable to find an element with the text: ╨Ю╤Б╤В╨░╨╜╨╛╨▓╨╕╤В╤М ╨║╨░╨╝╨╡╤А╤Г. This could be because the text is broken up by multiple elements. In this case, you can provide a function for your text matcher to make your matcher more flexible.

    Ignored nodes: comments, script, style
    <body>
      <div>
        <div
          class="relative w-full h-full bg-black"
        >
          <video
            autoplay=""
            class="w-full h-full object-cover"
            playsinline=""
          />
          <div
            class="absolute top-4 right-4 flex flex-col gap-2"
          >
            <button
              class="p-2 rounded-full transition-colors bg-black/50 text-white hover:bg-black/70"
              title="╨а╨╡╨╢╨╕╨╝ ╤Д╨╛╨║╤Г╤Б╨░: ╨Р╨▓╤В╨╛"
            >
              <svg
                class="w-5 h-5"
                fill="none"
                stroke="currentColor"
                viewBox="0 0 24 24"
              >
                <path
                  d="M15 12a3 3 0 11-6 0 3 3 0 016 0z M2.458 12C3.732 7.943 7.523 5 12 5c4.478 0 8.268 2.943 9.542 7-1.274 4.057-5.064 7-9.542 7-4.477 0-8.268-2.943-9.542-7z"
                  stroke-linecap="round"
                  stroke-linejoin="round"
                  stroke-width="2"
                />
              </svg>
            </button>
          </div>
          <div
            class="absolute bottom-4 left-1/2 transform -translate-x-1/2"
          >
            <div
              class="flex items-center gap-2 bg-black/50 rounded-full px-4 py-2"
            >
              <button
                class="text-white p-1 disabled:opacity-50"
                disabled=""
              >
                <svg
                  class="w-4 h-4"
                  fill="none"
                  stroke="currentColor"
                  viewBox="0 0 24 24"
                >
                  <path
                    d="M20 12H4"
                    stroke-linecap="round"
                    stroke-linejoin="round"
                    stroke-width="2"
                  />
                </svg>
              </button>
              <span
                class="text-white text-sm min-w-[3rem] text-center"
              >
                1.0
                x
              </span>
              <button
                class="text-white p-1 disabled:opacity-50"
              >
                <svg
                  class="w-4 h-4"
                  fill="none"
                  stroke="currentColor"
                  viewBox="0 0 24 24"
                >
                  <path
                    d="M12 4v16m8-8H4"
                    stroke-linecap="round"
                    stroke-linejoin="round"
                    stroke-width="2"
                  />
                </svg>
              </button>
            </div>
          </div>
          <div
            class="absolute inset-0 bg-black/50 flex items-center justify-center"
          >
            <div
              class="text-white text-center"
            >
              <div
                class="animate-spin rounded-full h-8 w-8 border-b-2 border-white mx-auto mb-2"
              />
              <p>
                ╨Ш╨╜╨╕╤Ж╨╕╨░╨╗╨╕╨╖╨░╤Ж╨╕╤П ╤Б╨║╨░╨╜╨╡╤А╨░...
              </p>
            </div>
          </div>
        </div>
      </div>
    </body>

      463 |       for (let i = 0; i < 3; i++) {
      464 |         // Don't wait for full initialization
    > 465 |         const stopButton = screen.getByText('╨Ю╤Б╤В╨░╨╜╨╛╨▓╨╕╤В╤М ╨║╨░╨╝╨╡╤А╤Г');
          |                                   ^
      466 |         await userEvent.click(stopButton);
      467 |         
      468 |         const startButton = screen.getByText('╨Ч╨░╨┐╤Г╤Б╤В╨╕╤В╤М ╨║╨░╨╝╨╡╤А╤Г');

      at Object.getElementError (node_modules/@testing-library/dom/dist/config.js:37:19)
      at node_modules/@testing-library/dom/dist/query-helpers.js:76:38
      at node_modules/@testing-library/dom/dist/query-helpers.js:52:17
      at node_modules/@testing-library/dom/dist/query-helpers.js:95:19
      at Object.getByText (src/components/__tests__/Scanner.integration.test.tsx:465:35)

  тЧП Scanner Component - Integration Tests тА║ Real-world Scenarios тА║ should work correctly after page visibility changes

    expect(jest.fn()).toHaveBeenCalled()

    Expected number of calls: >= 1
    Received number of calls:    0

    Ignored nodes: comments, script, style
    <html>
      <head />
      <body>
        <div>
          <div
            class="relative w-full h-full bg-black"
          >
            <video
              autoplay=""
              class="w-full h-full object-cover"
              playsinline=""
            />
            <div
              class="absolute top-4 right-4 flex flex-col gap-2"
            >
              <button
                class="bg-black/50 text-white p-2 rounded-full hover:bg-black/70 transition-colors"
                title="╨Я╨╡╤А╨╡╨║╨╗╤О╤З╨╕╤В╤М ╨║╨░╨╝╨╡╤А╤Г"
              >
                <svg
                  class="w-5 h-5"
                  fill="none"
                  stroke="currentColor"
                  viewBox="0 0 24 24"
                >
                  <path
                    d="M4 4v5h.582m15.356 2A8.001 8.001 0 004.582 9m0 0H9m11 11v-5h-.581m0 0a8.003 8.003 0 01-15.357-2m15.357 2H15"
                    stroke-linecap="round"
                    stroke-linejoin="round"
                    stroke-width="2"
                  />
                </svg>
              </button>
              <button
                class="p-2 rounded-full transition-colors bg-black/50 text-white hover:bg-black/70"
                title="╨а╨╡╨╢╨╕╨╝ ╤Д╨╛╨║╤Г╤Б╨░: ╨Р╨▓╤В╨╛"
              >
                <svg
                  class="w-5 h-5"
                  fill="none"
                  stroke="currentColor"
                  viewBox="0 0 24 24"
                >
                  <path
                    d="M15 12a3 3 0 11-6 0 3 3 0 016 0z M2.458 12C3.732 7.943 7.523 5 12 5c4.478 0 8.268 2.943 9.542 7-1.274 4.057-5.064 7-9.542 7-4.477 0-8.268-2.943-9.542-7z"
                    stroke-linecap="round"
                    stroke-linejoin="round"
                    stroke-width="2"
                  />
                </svg>
              </button>
            </div>
            <div
              class="absolute bottom-4 left-1/2 transform -translate-x-1/2"
            >
              <div
                class="flex items-center gap-2 bg-black/50 rounded-full px-4 py-2"
              >
                <button
                  class="text-white p-1 disabled:opacity-50"
                  disabled=""
                >
                  <svg
                    class="w-4 h-4"
                    fill="none"
                    stroke="currentColor"
                    viewBox="0 0 24 24"
                  >
                    <path
                      d="M20 12H4"
                      stroke-linecap="round"
                      stroke-linejoin="round"
                      stroke-width="2"
                    />
                  </svg>
                </button>
                <span
                  class="text-white text-sm min-w-[3rem] text-center"
                >
                  1.0
                  x
                </span>
                <button
                  class="text-white p-1 disabled:opacity-50"
                >
                  <svg
                    class="w-4 h-4"
                    fill="none"
                    stroke="currentColor"
                    viewBox="0 0 24 24"
                  >
                    <path
                      d="M12 4v16m8-8H4"
                      stroke-linecap="round"
                      stroke-linejoin="round"
                      stroke-width="2"
                    />
                  </svg>
                </button>
              </div>
            </div>
          </div>
        </div>
      </body>
    </html>

      484 |       
      485 |       await waitFor(() => {
    > 486 |         expect(mockGetUserMedia).toHaveBeenCalled();
          |                                  ^
      487 |       });
      488 |       
      489 |       // Simulate page becoming hidden

      at toHaveBeenCalled (src/components/__tests__/Scanner.integration.test.tsx:486:34)
      at runWithExpensiveErrorDiagnosticsDisabled (node_modules/@testing-library/dom/dist/config.js:47:12)
      at checkCallback (node_modules/@testing-library/dom/dist/wait-for.js:124:77)
      at checkRealTimersCallback (node_modules/@testing-library/dom/dist/wait-for.js:118:16)
      at Timeout.task [as _onTimeout] (node_modules/jsdom/lib/jsdom/browser/Window.js:579:19)

Test Suites: 3 failed, 6 passed, 9 total
Tests:       20 failed, 86 passed, 106 total
Snapshots:   0 total
Time:        13.789 s
Ran all test suites.
