 тЪа Warning: Next.js inferred your workspace root, but it may not be correct.
 We detected multiple lockfiles and selected the directory of D:\Dev\ExoScan\package-lock.json as the root directory.
 To silence this warning, set `outputFileTracingRoot` in your Next.js config, or consider removing one of the lockfiles if it's not needed.
   See https://nextjs.org/docs/app/api-reference/config/next-config-js/output#caveats for more information.
 Detected additional lockfiles: 
   * D:\Dev\ExoScan\exoscan-web\package-lock.json

  console.log
    ЁЯОе ╨Ч╨░╨┐╤Г╤Б╨║ ╤Б╨║╨░╨╜╨╕╤А╨╛╨▓╨░╨╜╨╕╤П...

      at log (src/components/Scanner.tsx:479:15)

  console.log
    ЁЯУ▒ ╨Ш╨╜╤Д╨╛╤А╨╝╨░╤Ж╨╕╤П ╨╛ ╨▓╨╕╨┤╨╡╨╛ ╤Н╨╗╨╡╨╝╨╡╨╜╤В╨╡: {
      element: <ref *1> HTMLVideoElement {
        '__reactFiber$a7sngw07a7e': FiberNode {
          tag: 5,
          key: null,
          elementType: 'video',
          type: 'video',
          stateNode: [Circular *1],
          return: [FiberNode],
          child: null,
          sibling: [FiberNode],
          index: 1,
          ref: [Object],
          refCleanup: null,
          pendingProps: [Object],
          memoizedProps: [Object],
          updateQueue: null,
          memoizedState: null,
          dependencies: null,
          mode: 1,
          flags: 5243392,
          subtreeFlags: 0,
          deletions: null,
          lanes: 0,
          childLanes: 0,
          alternate: null,
          actualDuration: -0,
          actualStartTime: 1788.5376999999999,
          selfBaseDuration: -0,
          treeBaseDuration: -0,
          _debugInfo: null,
          _debugOwner: [FiberNode],
          _debugStack: Error: react-stack-top-frame
              at process.env.NODE_ENV.exports.jsx (D:\Dev\ExoScan\exoscan-web\node_modules\react\cjs\react-jsx-runtime.development.js:337:13)
              at ScannerContent (D:\Dev\ExoScan\exoscan-web\src\components\Scanner.tsx:784:9)
              at Object.react-stack-bottom-frame (D:\Dev\ExoScan\exoscan-web\node_modules\react-dom\cjs\react-dom-client.development.js:23863:20)
              at renderWithHooks (D:\Dev\ExoScan\exoscan-web\node_modules\react-dom\cjs\react-dom-client.development.js:5529:22)
              at updateFunctionComponent (D:\Dev\ExoScan\exoscan-web\node_modules\react-dom\cjs\react-dom-client.development.js:8897:19)
              at beginWork (D:\Dev\ExoScan\exoscan-web\node_modules\react-dom\cjs\react-dom-client.development.js:10522:18)
              at runWithFiberInDEV (D:\Dev\ExoScan\exoscan-web\node_modules\react-dom\cjs\react-dom-client.development.js:1522:13)
              at performUnitOfWork (D:\Dev\ExoScan\exoscan-web\node_modules\react-dom\cjs\react-dom-client.development.js:15140:22)
              at workLoopSync (D:\Dev\ExoScan\exoscan-web\node_modules\react-dom\cjs\react-dom-client.development.js:14956:41)
              at renderRootSync (D:\Dev\ExoScan\exoscan-web\node_modules\react-dom\cjs\react-dom-client.development.js:14936:11)
              at performWorkOnRoot (D:\Dev\ExoScan\exoscan-web\node_modules\react-dom\cjs\react-dom-client.development.js:14419:13)
              at performWorkOnRootViaSchedulerTask (D:\Dev\ExoScan\exoscan-web\node_modules\react-dom\cjs\react-dom-client.development.js:16216:7)
              at flushActQueue (D:\Dev\ExoScan\exoscan-web\node_modules\react\cjs\react.development.js:566:34)
              at process.env.NODE_ENV.exports.act (D:\Dev\ExoScan\exoscan-web\node_modules\react\cjs\react.development.js:859:10)
              at D:\Dev\ExoScan\exoscan-web\node_modules\@testing-library\react\dist\act-compat.js:47:25
              at renderRoot (D:\Dev\ExoScan\exoscan-web\node_modules\@testing-library\react\dist\pure.js:190:26)
              at render (D:\Dev\ExoScan\exoscan-web\node_modules\@testing-library\react\dist\pure.js:292:10)
              at Object.<anonymous> (D:\Dev\ExoScan\exoscan-web\src\components\__tests__\Scanner.test.tsx:108:13)
              at Promise.finally.completed (D:\Dev\ExoScan\exoscan-web\node_modules\jest-circus\build\jestAdapterInit.js:1557:28)
              at new Promise (<anonymous>)
              at callAsyncCircusFn (D:\Dev\ExoScan\exoscan-web\node_modules\jest-circus\build\jestAdapterInit.js:1497:10)
              at _callCircusTest (D:\Dev\ExoScan\exoscan-web\node_modules\jest-circus\build\jestAdapterInit.js:1007:40)
              at processTicksAndRejections (node:internal/process/task_queues:105:5)
              at _runTest (D:\Dev\ExoScan\exoscan-web\node_modules\jest-circus\build\jestAdapterInit.js:947:3)
              at D:\Dev\ExoScan\exoscan-web\node_modules\jest-circus\build\jestAdapterInit.js:849:7
              at _runTestsForDescribeBlock (D:\Dev\ExoScan\exoscan-web\node_modules\jest-circus\build\jestAdapterInit.js:862:11)
              at _runTestsForDescribeBlock (D:\Dev\ExoScan\exoscan-web\node_modules\jest-circus\build\jestAdapterInit.js:857:11)
              at _runTestsForDescribeBlock (D:\Dev\ExoScan\exoscan-web\node_modules\jest-circus\build\jestAdapterInit.js:857:11)
              at run (D:\Dev\ExoScan\exoscan-web\node_modules\jest-circus\build\jestAdapterInit.js:761:3)
              at runAndTransformResultsToJestFormat (D:\Dev\ExoScan\exoscan-web\node_modules\jest-circus\build\jestAdapterInit.js:1918:21)
              at jestAdapter (D:\Dev\ExoScan\exoscan-web\node_modules\jest-circus\build\runner.js:101:19)
              at runTestInternal (D:\Dev\ExoScan\exoscan-web\node_modules\jest-runner\build\testWorker.js:275:16)
              at runTest (D:\Dev\ExoScan\exoscan-web\node_modules\jest-runner\build\testWorker.js:343:7)
              at Object.worker (D:\Dev\ExoScan\exoscan-web\node_modules\jest-runner\build\testWorker.js:497:12),
          _debugTask: null,
          _debugNeedsRemount: false,
          _debugHookTypes: null
        },
        '__reactProps$a7sngw07a7e': {
          ref: [Object],
          className: 'w-full object-cover transition-transform duration-200 h-80 md:h-96 lg:h-[500px]',
          autoPlay: true,
          playsInline: true,
          muted: true,
          controls: false,
          'webkit-playsinline': 'true',
          onLoadedData: [AsyncFunction: onLoadedData],
          onCanPlay: [AsyncFunction: onCanPlay],
          onClick: [AsyncFunction: onClick],
          onTouchStart: [AsyncFunction: onTouchStart],
          style: [Object]
        },
        '__reactEvents$a7sngw07a7e': Set(24) {
          'abort__bubble',
          'canplay__bubble',
          'canplaythrough__bubble',
          'durationchange__bubble',
          'emptied__bubble',
          'encrypted__bubble',
          'ended__bubble',
          'error__bubble',
          'loadeddata__bubble',
          'loadedmetadata__bubble',
          'loadstart__bubble',
          'pause__bubble',
          'play__bubble',
          'playing__bubble',
          'progress__bubble',
          'ratechange__bubble',
          'resize__bubble',
          'seeked__bubble',
          'seeking__bubble',
          'stalled__bubble',
          'suspend__bubble',
          'timeupdate__bubble',
          'volumechange__bubble',
          'waiting__bubble'
        },
        [Symbol(SameObject caches)]: [Object: null prototype] {
          style: [CSSStyleDeclaration],
          attributes: NamedNodeMap {}
        }
      },
      tagName: 'VIDEO',
      id: '',
      className: 'w-full object-cover transition-transform duration-200 h-80 md:h-96 lg:h-[500px]',
      style: 'transform: scale(1); transform-origin: center center; background-color: rgb(0, 0, 0); min-height: 20rem;',
      attributes: [
        {
          name: 'class',
          value: 'w-full object-cover transition-transform duration-200 h-80 md:h-96 lg:h-[500px]'
        },
        { name: 'autoplay', value: '' },
        { name: 'playsinline', value: '' },
        { name: 'webkit-playsinline', value: 'true' },
        {
          name: 'style',
          value: 'transform: scale(1); transform-origin: center center; background-color: rgb(0, 0, 0); min-height: 20rem;'
        }
      ]
    }

      at log (src/components/Scanner.tsx:480:15)

  console.log
    тЬЕ ╨Я╨╛╨┤╨┤╨╡╤А╨╢╨║╨░ ╨║╨░╨╝╨╡╤А╤Л: OK

      at log (src/components/Scanner.tsx:502:15)

  console.log
    тЬЕ ╨С╨╡╨╖╨╛╨┐╨░╤Б╨╜╤Л╨╣ ╨║╨╛╨╜╤В╨╡╨║╤Б╤В: OK

      at log (src/components/Scanner.tsx:512:15)

  console.log
    ЁЯФД ╨Я╨╛╨╗╤Г╤З╨╡╨╜╨╕╨╡ ╨┤╨╛╤Б╤В╤Г╨┐╨░ ╨║ ╨║╨░╨╝╨╡╤А╨╡...

      at log (src/components/Scanner.tsx:522:17)

  console.log
    ЁЯЪА ╨Э╨░╤З╨╕╨╜╨░╨╡╨╝ ╨┐╤А╨╛╤Ж╨╡╤Б╤Б ╤Б╨║╨░╨╜╨╕╤А╨╛╨▓╨░╨╜╨╕╤П...

      at log (src/components/Scanner.tsx:523:17)

  console.log
    ЁЯУ▒ BarcodeScanner: ╨Э╨░╤З╨╕╨╜╨░╨╡╨╝ ╨┐╤А╨╛╤Ж╨╡╤Б╤Б ╤Б╨║╨░╨╜╨╕╤А╨╛╨▓╨░╨╜╨╕╤П

      at BarcodeScanner.log [as startScanning] (src/lib/scanner.ts:336:15)

  console.log
    ЁЯФН ╨Ш╨╜╤Д╨╛╤А╨╝╨░╤Ж╨╕╤П ╨╛ ╨▒╤А╨░╤Г╨╖╨╡╤А╨╡: {
      userAgent: 'Mozilla/5.0 (win32) AppleWebKit/537.36 (KHTML, like Gecko) jsdom/26.1.0',
      platform: '',
      language: 'en-US',
      cookieEnabled: true,
      onLine: true
    }

      at BarcodeScanner.log [as startScanning] (src/lib/scanner.ts:337:15)

  console.log
    ЁЯФР ╨Я╤А╨╛╨▓╨╡╤А╨║╨░ ╤А╨░╨╖╤А╨╡╤И╨╡╨╜╨╕╨╣ ╨║╨░╨╝╨╡╤А╤Л...

      at BarcodeScanner.log [as startScanning] (src/lib/scanner.ts:346:15)

  console.log
    ЁЯОе ╨Ч╨░╨┐╤Г╤Б╨║ ╤Б╨║╨░╨╜╨╕╤А╨╛╨▓╨░╨╜╨╕╤П...

      at log (src/components/Scanner.tsx:479:15)

  console.log
    ЁЯОе ╨Ч╨░╨┐╤Г╤Б╨║ ╤Б╨║╨░╨╜╨╕╤А╨╛╨▓╨░╨╜╨╕╤П...

      at log (src/components/Scanner.tsx:479:15)

  console.log
    ЁЯФР ╨б╤В╨░╤В╤Г╤Б ╤А╨░╨╖╤А╨╡╤И╨╡╨╜╨╕╨╣: { granted: true, denied: false, prompt: false }

      at BarcodeScanner.log [as startScanning] (src/lib/scanner.ts:348:15)

  console.log
    тЬЕ MediaDevices API: OK

      at BarcodeScanner.log [as startScanning] (src/lib/scanner.ts:383:15)

  console.log
    тЬЕ getUserMedia: OK

      at BarcodeScanner.log [as startScanning] (src/lib/scanner.ts:401:15)

  console.log
    ЁЯУ╣ ╨Я╨╛╨╕╤Б╨║ ╨┤╨╛╤Б╤В╤Г╨┐╨╜╤Л╤Е ╨║╨░╨╝╨╡╤А...

      at BarcodeScanner.log [as startScanning] (src/lib/scanner.ts:404:15)

  console.log
    ЁЯУ╣ ╨Э╨░╨╣╨┤╨╡╨╜╨╛ ╨║╨░╨╝╨╡╤А: 2 [
      { id: 'camera1', label: 'Back Camera', kind: 'videoinput' },
      { id: 'camera2', label: 'Front Camera', kind: 'videoinput' }
    ]

      at BarcodeScanner.log [as startScanning] (src/lib/scanner.ts:406:15)

  console.log
    ЁЯУ╖ ╨Т╤Л╨▒╤А╨░╨╜╨╜╨░╤П ╨║╨░╨╝╨╡╤А╨░: { label: 'Back Camera', id: 'camera1', source: 'back-camera' }

      at BarcodeScanner.log [as startScanning] (src/lib/scanner.ts:440:15)

  console.log
    ЁЯУ▒ ╨Ь╨╛╨▒╨╕╨╗╤М╨╜╨╛╨╡ ╤Г╤Б╤В╤А╨╛╨╣╤Б╤В╨▓╨╛: false

      at BarcodeScanner.log [as startScanning] (src/lib/scanner.ts:448:15)

  console.log
    ЁЯУ▒ ╨г╤Б╤В╤А╨╛╨╣╤Б╤В╨▓╨╛: ╨Ф╤А╤Г╨│╨╛╨╡, ╨С╤А╨░╤Г╨╖╨╡╤А: ╨Ф╤А╤Г╨│╨╛╨╣

      at BarcodeScanner.log [as getOptimalCameraConstraints] (src/lib/scanner.ts:135:13)

  console.log
    ЁЯОе ╨Э╨░╤Б╤В╤А╨╛╨╣╨║╨╕ ╨║╨░╨╝╨╡╤А╤Л: {
      video: {
        deviceId: { ideal: 'camera1' },
        facingMode: undefined,
        width: { ideal: 1920 },
        height: { ideal: 1080 },
        frameRate: { ideal: 30 }
      }
    }

      at BarcodeScanner.log [as startScanning] (src/lib/scanner.ts:452:15)

  console.log
    ЁЯФН ╨Ч╨░╨┐╤Г╤Б╨║ ╨╜╨╡╨┐╤А╨╡╤А╤Л╨▓╨╜╨╛╨│╨╛ ╨┤╨╡╨║╨╛╨┤╨╕╤А╨╛╨▓╨░╨╜╨╕╤П ╤И╤В╤А╨╕╤Е-╨║╨╛╨┤╨╛╨▓...

      at BarcodeScanner.log [as startScanning] (src/lib/scanner.ts:455:15)

  console.log
    ЁЯз╣ ╨Ю╤З╨╕╤Б╤В╨║╨░ ╤Б╤Г╤Й╨╡╤Б╤В╨▓╤Г╤О╤Й╨╡╨│╨╛ ╨┐╨╛╤В╨╛╨║╨░...

      at BarcodeScanner.log [as startScanning] (src/lib/scanner.ts:458:15)

  console.log
    ЁЯУ║ ╨б╨╛╤Б╤В╨╛╤П╨╜╨╕╨╡ ╨▓╨╕╨┤╨╡╨╛ ╤Н╨╗╨╡╨╝╨╡╨╜╤В╨░: {
      readyState: 0,
      videoWidth: 0,
      videoHeight: 0,
      paused: true,
      ended: false,
      muted: true,
      autoplay: true,
      playsInline: true
    }

      at BarcodeScanner.log [as startScanning] (src/lib/scanner.ts:462:15)

  console.log
    ЁЯФД ╨Ч╨░╨┐╤Г╤Б╨║ ╨┤╨╡╨║╨╛╨┤╨╕╤А╨╛╨▓╨░╨╜╨╕╤П ╤Б ╨╛╨│╤А╨░╨╜╨╕╤З╨╡╨╜╨╕╤П╨╝╨╕...

      at BarcodeScanner.log [as startScanning] (src/lib/scanner.ts:474:15)

  console.log
    ЁЯФД ╨Я╨╛╨┐╤Л╤В╨║╨░ ╨╖╨░╨┐╤Г╤Б╨║╨░ ╤Б optimal ╨╛╨│╤А╨░╨╜╨╕╤З╨╡╨╜╨╕╤П╨╝╨╕: {
      "video": {
        "deviceId": {
          "ideal": "camera1"
        },
        "width": {
          "ideal": 1920
        },
        "height": {
          "ideal": 1080
        },
        "frameRate": {
          "ideal": 30
        }
      }
    }

      at BarcodeScanner.log [as startScanning] (src/lib/scanner.ts:487:19)

  console.log
    ЁЯОе ╨Я╨╛╨╗╤Г╤З╨╡╨╜╨╕╨╡ ╨┐╨╛╤В╨╛╨║╨░ ╤З╨╡╤А╨╡╨╖ getUserMedia...

      at BarcodeScanner.log [as startScanning] (src/lib/scanner.ts:490:19)

  console.log
    тЬЕ ╨Я╨╛╤В╨╛╨║ ╨┐╨╛╨╗╤Г╤З╨╡╨╜: {
      active: undefined,
      id: undefined,
      tracks: [
        {
          kind: 'video',
          label: undefined,
          enabled: undefined,
          readyState: undefined,
          muted: undefined,
          settings: [Object]
        }
      ]
    }

      at BarcodeScanner.log [as startScanning] (src/lib/scanner.ts:492:19)

  console.log
    ЁЯОм ╨г╤Б╤В╨░╨╜╨╛╨▓╨║╨░ ╨┐╨╛╤В╨╛╨║╨░ ╨▓ ╨▓╨╕╨┤╨╡╨╛ ╤Н╨╗╨╡╨╝╨╡╨╜╤В...

      at BarcodeScanner.log [as startScanning] (src/lib/scanner.ts:515:19)

  console.log
    ЁЯУ▒ ╨Ш╨╜╤Д╨╛╤А╨╝╨░╤Ж╨╕╤П ╨╛ ╨▓╨╕╨┤╨╡╨╛ ╤Н╨╗╨╡╨╝╨╡╨╜╤В╨╡: {
      element: <ref *1> HTMLVideoElement {
        '__reactFiber$rjg183felv': FiberNode {
          tag: 5,
          key: null,
          elementType: 'video',
          type: 'video',
          stateNode: [Circular *1],
          return: [FiberNode],
          child: null,
          sibling: [FiberNode],
          index: 1,
          ref: [Object],
          refCleanup: null,
          pendingProps: [Object],
          memoizedProps: [Object],
          updateQueue: null,
          memoizedState: null,
          dependencies: null,
          mode: 1,
          flags: 5243392,
          subtreeFlags: 0,
          deletions: null,
          lanes: 0,
          childLanes: 0,
          alternate: null,
          actualDuration: -0,
          actualStartTime: 1958.9620000000004,
          selfBaseDuration: -0,
          treeBaseDuration: -0,
          _debugInfo: null,
          _debugOwner: [FiberNode],
          _debugStack: Error: react-stack-top-frame
              at process.env.NODE_ENV.exports.jsx (D:\Dev\ExoScan\exoscan-web\node_modules\react\cjs\react-jsx-runtime.development.js:337:13)
              at ScannerContent (D:\Dev\ExoScan\exoscan-web\src\components\Scanner.tsx:784:9)
              at Object.react-stack-bottom-frame (D:\Dev\ExoScan\exoscan-web\node_modules\react-dom\cjs\react-dom-client.development.js:23863:20)
              at renderWithHooks (D:\Dev\ExoScan\exoscan-web\node_modules\react-dom\cjs\react-dom-client.development.js:5529:22)
              at updateFunctionComponent (D:\Dev\ExoScan\exoscan-web\node_modules\react-dom\cjs\react-dom-client.development.js:8897:19)
              at beginWork (D:\Dev\ExoScan\exoscan-web\node_modules\react-dom\cjs\react-dom-client.development.js:10522:18)
              at runWithFiberInDEV (D:\Dev\ExoScan\exoscan-web\node_modules\react-dom\cjs\react-dom-client.development.js:1522:13)
              at performUnitOfWork (D:\Dev\ExoScan\exoscan-web\node_modules\react-dom\cjs\react-dom-client.development.js:15140:22)
              at workLoopSync (D:\Dev\ExoScan\exoscan-web\node_modules\react-dom\cjs\react-dom-client.development.js:14956:41)
              at renderRootSync (D:\Dev\ExoScan\exoscan-web\node_modules\react-dom\cjs\react-dom-client.development.js:14936:11)
              at performWorkOnRoot (D:\Dev\ExoScan\exoscan-web\node_modules\react-dom\cjs\react-dom-client.development.js:14419:13)
              at performWorkOnRootViaSchedulerTask (D:\Dev\ExoScan\exoscan-web\node_modules\react-dom\cjs\react-dom-client.development.js:16216:7)
              at flushActQueue (D:\Dev\ExoScan\exoscan-web\node_modules\react\cjs\react.development.js:566:34)
              at process.env.NODE_ENV.exports.act (D:\Dev\ExoScan\exoscan-web\node_modules\react\cjs\react.development.js:859:10)
              at D:\Dev\ExoScan\exoscan-web\node_modules\@testing-library\react\dist\act-compat.js:47:25
              at renderRoot (D:\Dev\ExoScan\exoscan-web\node_modules\@testing-library\react\dist\pure.js:190:26)
              at render (D:\Dev\ExoScan\exoscan-web\node_modules\@testing-library\react\dist\pure.js:292:10)
              at Object.<anonymous> (D:\Dev\ExoScan\exoscan-web\src\components\__tests__\Scanner.integration.test.tsx:203:13)
              at Promise.finally.completed (D:\Dev\ExoScan\exoscan-web\node_modules\jest-circus\build\jestAdapterInit.js:1557:28)
              at new Promise (<anonymous>)
              at callAsyncCircusFn (D:\Dev\ExoScan\exoscan-web\node_modules\jest-circus\build\jestAdapterInit.js:1497:10)
              at _callCircusTest (D:\Dev\ExoScan\exoscan-web\node_modules\jest-circus\build\jestAdapterInit.js:1007:40)
              at processTicksAndRejections (node:internal/process/task_queues:105:5)
              at _runTest (D:\Dev\ExoScan\exoscan-web\node_modules\jest-circus\build\jestAdapterInit.js:947:3)
              at D:\Dev\ExoScan\exoscan-web\node_modules\jest-circus\build\jestAdapterInit.js:849:7
              at _runTestsForDescribeBlock (D:\Dev\ExoScan\exoscan-web\node_modules\jest-circus\build\jestAdapterInit.js:862:11)
              at _runTestsForDescribeBlock (D:\Dev\ExoScan\exoscan-web\node_modules\jest-circus\build\jestAdapterInit.js:857:11)
              at _runTestsForDescribeBlock (D:\Dev\ExoScan\exoscan-web\node_modules\jest-circus\build\jestAdapterInit.js:857:11)
              at run (D:\Dev\ExoScan\exoscan-web\node_modules\jest-circus\build\jestAdapterInit.js:761:3)
              at runAndTransformResultsToJestFormat (D:\Dev\ExoScan\exoscan-web\node_modules\jest-circus\build\jestAdapterInit.js:1918:21)
              at jestAdapter (D:\Dev\ExoScan\exoscan-web\node_modules\jest-circus\build\runner.js:101:19)
              at runTestInternal (D:\Dev\ExoScan\exoscan-web\node_modules\jest-runner\build\testWorker.js:275:16)
              at runTest (D:\Dev\ExoScan\exoscan-web\node_modules\jest-runner\build\testWorker.js:343:7)
              at Object.worker (D:\Dev\ExoScan\exoscan-web\node_modules\jest-runner\build\testWorker.js:497:12),
          _debugTask: null,
          _debugNeedsRemount: false,
          _debugHookTypes: null
        },
        '__reactProps$rjg183felv': {
          ref: [Object],
          className: 'w-full object-cover transition-transform duration-200 h-80 md:h-96 lg:h-[500px]',
          autoPlay: true,
          playsInline: true,
          muted: true,
          controls: false,
          'webkit-playsinline': 'true',
          onLoadedData: [AsyncFunction: onLoadedData],
          onCanPlay: [AsyncFunction: onCanPlay],
          onClick: [AsyncFunction: onClick],
          onTouchStart: [AsyncFunction: onTouchStart],
          style: [Object]
        },
        '__reactEvents$rjg183felv': Set(24) {
          'abort__bubble',
          'canplay__bubble',
          'canplaythrough__bubble',
          'durationchange__bubble',
          'emptied__bubble',
          'encrypted__bubble',
          'ended__bubble',
          'error__bubble',
          'loadeddata__bubble',
          'loadedmetadata__bubble',
          'loadstart__bubble',
          'pause__bubble',
          'play__bubble',
          'playing__bubble',
          'progress__bubble',
          'ratechange__bubble',
          'resize__bubble',
          'seeked__bubble',
          'seeking__bubble',
          'stalled__bubble',
          'suspend__bubble',
          'timeupdate__bubble',
          'volumechange__bubble',
          'waiting__bubble'
        },
        [Symbol(SameObject caches)]: [Object: null prototype] {
          style: [CSSStyleDeclaration],
          attributes: NamedNodeMap {}
        }
      },
      tagName: 'VIDEO',
      id: '',
      className: 'w-full object-cover transition-transform duration-200 h-80 md:h-96 lg:h-[500px]',
      style: 'transform: scale(1); transform-origin: center center; background-color: rgb(0, 0, 0); min-height: 20rem;',
      attributes: [
        {
          name: 'class',
          value: 'w-full object-cover transition-transform duration-200 h-80 md:h-96 lg:h-[500px]'
        },
        { name: 'autoplay', value: '' },
        { name: 'playsinline', value: '' },
        { name: 'webkit-playsinline', value: 'true' },
        {
          name: 'style',
          value: 'transform: scale(1); transform-origin: center center; background-color: rgb(0, 0, 0); min-height: 20rem;'
        }
      ]
    }

      at log (src/components/Scanner.tsx:480:15)

  console.log
    ЁЯУ▒ ╨Ш╨╜╤Д╨╛╤А╨╝╨░╤Ж╨╕╤П ╨╛ ╨▓╨╕╨┤╨╡╨╛ ╤Н╨╗╨╡╨╝╨╡╨╜╤В╨╡: {
      element: <ref *1> HTMLVideoElement {
        '__reactFiber$t4lsjnwx8va': FiberNode {
          tag: 5,
          key: null,
          elementType: 'video',
          type: 'video',
          stateNode: [Circular *1],
          return: [FiberNode],
          child: null,
          sibling: [FiberNode],
          index: 1,
          ref: [Object],
          refCleanup: null,
          pendingProps: [Object],
          memoizedProps: [Object],
          updateQueue: null,
          memoizedState: null,
          dependencies: null,
          mode: 25,
          flags: 5243392,
          subtreeFlags: 0,
          deletions: null,
          lanes: 0,
          childLanes: 0,
          alternate: null,
          actualDuration: -0,
          actualStartTime: 1964.5290999999997,
          selfBaseDuration: -0,
          treeBaseDuration: -0,
          _debugInfo: null,
          _debugOwner: [FiberNode],
          _debugStack: Error: react-stack-top-frame
              at process.env.NODE_ENV.exports.jsx (D:\Dev\ExoScan\exoscan-web\node_modules\react\cjs\react-jsx-runtime.development.js:337:13)
              at ScannerContent (D:\Dev\ExoScan\exoscan-web\src\components\Scanner.tsx:784:9)
              at Object.react-stack-bottom-frame (D:\Dev\ExoScan\exoscan-web\node_modules\react-dom\cjs\react-dom-client.development.js:23863:20)
              at renderWithHooksAgain (D:\Dev\ExoScan\exoscan-web\node_modules\react-dom\cjs\react-dom-client.development.js:5629:20)
              at renderWithHooks (D:\Dev\ExoScan\exoscan-web\node_modules\react-dom\cjs\react-dom-client.development.js:5541:22)
              at updateFunctionComponent (D:\Dev\ExoScan\exoscan-web\node_modules\react-dom\cjs\react-dom-client.development.js:8897:19)
              at beginWork (D:\Dev\ExoScan\exoscan-web\node_modules\react-dom\cjs\react-dom-client.development.js:10522:18)
              at runWithFiberInDEV (D:\Dev\ExoScan\exoscan-web\node_modules\react-dom\cjs\react-dom-client.development.js:1522:13)
              at performUnitOfWork (D:\Dev\ExoScan\exoscan-web\node_modules\react-dom\cjs\react-dom-client.development.js:15140:22)
              at workLoopSync (D:\Dev\ExoScan\exoscan-web\node_modules\react-dom\cjs\react-dom-client.development.js:14956:41)
              at renderRootSync (D:\Dev\ExoScan\exoscan-web\node_modules\react-dom\cjs\react-dom-client.development.js:14936:11)
              at performWorkOnRoot (D:\Dev\ExoScan\exoscan-web\node_modules\react-dom\cjs\react-dom-client.development.js:14419:13)
              at performWorkOnRootViaSchedulerTask (D:\Dev\ExoScan\exoscan-web\node_modules\react-dom\cjs\react-dom-client.development.js:16216:7)
              at flushActQueue (D:\Dev\ExoScan\exoscan-web\node_modules\react\cjs\react.development.js:566:34)
              at process.env.NODE_ENV.exports.act (D:\Dev\ExoScan\exoscan-web\node_modules\react\cjs\react.development.js:859:10)
              at D:\Dev\ExoScan\exoscan-web\node_modules\@testing-library\react\dist\act-compat.js:47:25
              at renderRoot (D:\Dev\ExoScan\exoscan-web\node_modules\@testing-library\react\dist\pure.js:190:26)
              at render (D:\Dev\ExoScan\exoscan-web\node_modules\@testing-library\react\dist\pure.js:292:10)
              at Object.<anonymous> (D:\Dev\ExoScan\exoscan-web\src\components\__tests__\Scanner.strict-mode.test.tsx:115:33)
              at Promise.finally.completed (D:\Dev\ExoScan\exoscan-web\node_modules\jest-circus\build\jestAdapterInit.js:1557:28)
              at new Promise (<anonymous>)
              at callAsyncCircusFn (D:\Dev\ExoScan\exoscan-web\node_modules\jest-circus\build\jestAdapterInit.js:1497:10)
              at _callCircusTest (D:\Dev\ExoScan\exoscan-web\node_modules\jest-circus\build\jestAdapterInit.js:1007:40)
              at processTicksAndRejections (node:internal/process/task_queues:105:5)
              at _runTest (D:\Dev\ExoScan\exoscan-web\node_modules\jest-circus\build\jestAdapterInit.js:947:3)
              at D:\Dev\ExoScan\exoscan-web\node_modules\jest-circus\build\jestAdapterInit.js:849:7
              at _runTestsForDescribeBlock (D:\Dev\ExoScan\exoscan-web\node_modules\jest-circus\build\jestAdapterInit.js:862:11)
              at _runTestsForDescribeBlock (D:\Dev\ExoScan\exoscan-web\node_modules\jest-circus\build\jestAdapterInit.js:857:11)
              at _runTestsForDescribeBlock (D:\Dev\ExoScan\exoscan-web\node_modules\jest-circus\build\jestAdapterInit.js:857:11)
              at run (D:\Dev\ExoScan\exoscan-web\node_modules\jest-circus\build\jestAdapterInit.js:761:3)
              at runAndTransformResultsToJestFormat (D:\Dev\ExoScan\exoscan-web\node_modules\jest-circus\build\jestAdapterInit.js:1918:21)
              at jestAdapter (D:\Dev\ExoScan\exoscan-web\node_modules\jest-circus\build\runner.js:101:19)
              at runTestInternal (D:\Dev\ExoScan\exoscan-web\node_modules\jest-runner\build\testWorker.js:275:16)
              at runTest (D:\Dev\ExoScan\exoscan-web\node_modules\jest-runner\build\testWorker.js:343:7)
              at Object.worker (D:\Dev\ExoScan\exoscan-web\node_modules\jest-runner\build\testWorker.js:497:12),
          _debugTask: null,
          _debugNeedsRemount: false,
          _debugHookTypes: null
        },
        '__reactProps$t4lsjnwx8va': {
          ref: [Object],
          className: 'w-full object-cover transition-transform duration-200 h-80 md:h-96 lg:h-[500px]',
          autoPlay: true,
          playsInline: true,
          muted: true,
          controls: false,
          'webkit-playsinline': 'true',
          onLoadedData: [AsyncFunction: onLoadedData],
          onCanPlay: [AsyncFunction: onCanPlay],
          onClick: [AsyncFunction: onClick],
          onTouchStart: [AsyncFunction: onTouchStart],
          style: [Object]
        },
        '__reactEvents$t4lsjnwx8va': Set(24) {
          'abort__bubble',
          'canplay__bubble',
          'canplaythrough__bubble',
          'durationchange__bubble',
          'emptied__bubble',
          'encrypted__bubble',
          'ended__bubble',
          'error__bubble',
          'loadeddata__bubble',
          'loadedmetadata__bubble',
          'loadstart__bubble',
          'pause__bubble',
          'play__bubble',
          'playing__bubble',
          'progress__bubble',
          'ratechange__bubble',
          'resize__bubble',
          'seeked__bubble',
          'seeking__bubble',
          'stalled__bubble',
          'suspend__bubble',
          'timeupdate__bubble',
          'volumechange__bubble',
          'waiting__bubble'
        },
        [Symbol(SameObject caches)]: [Object: null prototype] {
          style: [CSSStyleDeclaration],
          attributes: NamedNodeMap {}
        }
      },
      tagName: 'VIDEO',
      id: '',
      className: 'w-full object-cover transition-transform duration-200 h-80 md:h-96 lg:h-[500px]',
      style: 'transform: scale(1); transform-origin: center center; background-color: rgb(0, 0, 0); min-height: 20rem;',
      attributes: [
        {
          name: 'class',
          value: 'w-full object-cover transition-transform duration-200 h-80 md:h-96 lg:h-[500px]'
        },
        { name: 'autoplay', value: '' },
        { name: 'playsinline', value: '' },
        { name: 'webkit-playsinline', value: 'true' },
        {
          name: 'style',
          value: 'transform: scale(1); transform-origin: center center; background-color: rgb(0, 0, 0); min-height: 20rem;'
        }
      ]
    }

      at log (src/components/Scanner.tsx:480:15)

  console.log
    тЬЕ ╨Я╨╛╨┤╨┤╨╡╤А╨╢╨║╨░ ╨║╨░╨╝╨╡╤А╤Л: OK

      at log (src/components/Scanner.tsx:502:15)

  console.log
    тЬЕ ╨Я╨╛╨┤╨┤╨╡╤А╨╢╨║╨░ ╨║╨░╨╝╨╡╤А╤Л: OK

      at log (src/components/Scanner.tsx:502:15)

  console.log
    тЬЕ ╨С╨╡╨╖╨╛╨┐╨░╤Б╨╜╤Л╨╣ ╨║╨╛╨╜╤В╨╡╨║╤Б╤В: OK

      at log (src/components/Scanner.tsx:512:15)

  console.log
    тЬЕ ╨С╨╡╨╖╨╛╨┐╨░╤Б╨╜╤Л╨╣ ╨║╨╛╨╜╤В╨╡╨║╤Б╤В: OK

      at log (src/components/Scanner.tsx:512:15)

  console.log
    ЁЯФД ╨Я╨╛╨╗╤Г╤З╨╡╨╜╨╕╨╡ ╨┤╨╛╤Б╤В╤Г╨┐╨░ ╨║ ╨║╨░╨╝╨╡╤А╨╡...

      at log (src/components/Scanner.tsx:522:17)

  console.log
    ЁЯФД ╨Я╨╛╨╗╤Г╤З╨╡╨╜╨╕╨╡ ╨┤╨╛╤Б╤В╤Г╨┐╨░ ╨║ ╨║╨░╨╝╨╡╤А╨╡...

      at log (src/components/Scanner.tsx:522:17)

  console.log
    ЁЯЪА ╨Э╨░╤З╨╕╨╜╨░╨╡╨╝ ╨┐╤А╨╛╤Ж╨╡╤Б╤Б ╤Б╨║╨░╨╜╨╕╤А╨╛╨▓╨░╨╜╨╕╤П...

      at log (src/components/Scanner.tsx:523:17)

  console.log
    ЁЯЪА ╨Э╨░╤З╨╕╨╜╨░╨╡╨╝ ╨┐╤А╨╛╤Ж╨╡╤Б╤Б ╤Б╨║╨░╨╜╨╕╤А╨╛╨▓╨░╨╜╨╕╤П...

      at log (src/components/Scanner.tsx:523:17)

  console.log
    ЁЯУ▒ BarcodeScanner: ╨Э╨░╤З╨╕╨╜╨░╨╡╨╝ ╨┐╤А╨╛╤Ж╨╡╤Б╤Б ╤Б╨║╨░╨╜╨╕╤А╨╛╨▓╨░╨╜╨╕╤П

      at BarcodeScanner.log [as startScanning] (src/lib/scanner.ts:336:15)

  console.log
    ЁЯУ▒ BarcodeScanner: ╨Э╨░╤З╨╕╨╜╨░╨╡╨╝ ╨┐╤А╨╛╤Ж╨╡╤Б╤Б ╤Б╨║╨░╨╜╨╕╤А╨╛╨▓╨░╨╜╨╕╤П

      at BarcodeScanner.log [as startScanning] (src/lib/scanner.ts:336:15)

  console.log
    ЁЯФН ╨Ш╨╜╤Д╨╛╤А╨╝╨░╤Ж╨╕╤П ╨╛ ╨▒╤А╨░╤Г╨╖╨╡╤А╨╡: {
      userAgent: 'Mozilla/5.0 (win32) AppleWebKit/537.36 (KHTML, like Gecko) jsdom/26.1.0',
      platform: '',
      language: 'en-US',
      cookieEnabled: true,
      onLine: true
    }

      at BarcodeScanner.log [as startScanning] (src/lib/scanner.ts:337:15)

  console.log
    ЁЯФН ╨Ш╨╜╤Д╨╛╤А╨╝╨░╤Ж╨╕╤П ╨╛ ╨▒╤А╨░╤Г╨╖╨╡╤А╨╡: {
      userAgent: 'Mozilla/5.0 (win32) AppleWebKit/537.36 (KHTML, like Gecko) jsdom/26.1.0',
      platform: '',
      language: 'en-US',
      cookieEnabled: true,
      onLine: true
    }

      at BarcodeScanner.log [as startScanning] (src/lib/scanner.ts:337:15)

  console.log
    ЁЯФР ╨Я╤А╨╛╨▓╨╡╤А╨║╨░ ╤А╨░╨╖╤А╨╡╤И╨╡╨╜╨╕╨╣ ╨║╨░╨╝╨╡╤А╤Л...

      at BarcodeScanner.log [as startScanning] (src/lib/scanner.ts:346:15)

  console.log
    ЁЯФР ╨Я╤А╨╛╨▓╨╡╤А╨║╨░ ╤А╨░╨╖╤А╨╡╤И╨╡╨╜╨╕╨╣ ╨║╨░╨╝╨╡╤А╤Л...

      at BarcodeScanner.log [as startScanning] (src/lib/scanner.ts:346:15)

  console.log
    ЁЯЫС ╨Ю╤Б╤В╨░╨╜╨╛╨▓╨║╨░ ╤Б╨║╨░╨╜╨╕╤А╨╛╨▓╨░╨╜╨╕╤П...

      at BarcodeScanner.log [as stopScanning] (src/lib/scanner.ts:853:15)

  console.log
    ЁЯз╣ ╨Т╨╕╨┤╨╡╨╛ ╤Н╨╗╨╡╨╝╨╡╨╜╤В ╨╛╤З╨╕╤Й╨╡╨╜

      at BarcodeScanner.log [as stopCurrentStream] (src/lib/scanner.ts:744:17)

  console.log
    тЬЕ ╨б╨║╨░╨╜╨╕╤А╨╛╨▓╨░╨╜╨╕╨╡ ╨╛╤Б╤В╨░╨╜╨╛╨▓╨╗╨╡╨╜╨╛

      at BarcodeScanner.log [as stopScanning] (src/lib/scanner.ts:866:15)

  console.log
    ЁЯОе ╨Ч╨░╨┐╤Г╤Б╨║ ╤Б╨║╨░╨╜╨╕╤А╨╛╨▓╨░╨╜╨╕╤П...

      at log (src/components/Scanner.tsx:479:15)

  console.log
    ЁЯУ▒ ╨Ш╨╜╤Д╨╛╤А╨╝╨░╤Ж╨╕╤П ╨╛ ╨▓╨╕╨┤╨╡╨╛ ╤Н╨╗╨╡╨╝╨╡╨╜╤В╨╡: {
      element: <ref *1> HTMLVideoElement {
        '__reactFiber$t4lsjnwx8va': FiberNode {
          tag: 5,
          key: null,
          elementType: 'video',
          type: 'video',
          stateNode: [Circular *1],
          return: [FiberNode],
          child: null,
          sibling: [FiberNode],
          index: 1,
          ref: [Object],
          refCleanup: null,
          pendingProps: [Object],
          memoizedProps: [Object],
          updateQueue: null,
          memoizedState: null,
          dependencies: null,
          mode: 25,
          flags: 5243392,
          subtreeFlags: 0,
          deletions: null,
          lanes: 0,
          childLanes: 0,
          alternate: null,
          actualDuration: -0,
          actualStartTime: 1964.5290999999997,
          selfBaseDuration: -0,
          treeBaseDuration: -0,
          _debugInfo: null,
          _debugOwner: [FiberNode],
          _debugStack: Error: react-stack-top-frame
              at process.env.NODE_ENV.exports.jsx (D:\Dev\ExoScan\exoscan-web\node_modules\react\cjs\react-jsx-runtime.development.js:337:13)
              at ScannerContent (D:\Dev\ExoScan\exoscan-web\src\components\Scanner.tsx:784:9)
              at Object.react-stack-bottom-frame (D:\Dev\ExoScan\exoscan-web\node_modules\react-dom\cjs\react-dom-client.development.js:23863:20)
              at renderWithHooksAgain (D:\Dev\ExoScan\exoscan-web\node_modules\react-dom\cjs\react-dom-client.development.js:5629:20)
              at renderWithHooks (D:\Dev\ExoScan\exoscan-web\node_modules\react-dom\cjs\react-dom-client.development.js:5541:22)
              at updateFunctionComponent (D:\Dev\ExoScan\exoscan-web\node_modules\react-dom\cjs\react-dom-client.development.js:8897:19)
              at beginWork (D:\Dev\ExoScan\exoscan-web\node_modules\react-dom\cjs\react-dom-client.development.js:10522:18)
              at runWithFiberInDEV (D:\Dev\ExoScan\exoscan-web\node_modules\react-dom\cjs\react-dom-client.development.js:1522:13)
              at performUnitOfWork (D:\Dev\ExoScan\exoscan-web\node_modules\react-dom\cjs\react-dom-client.development.js:15140:22)
              at workLoopSync (D:\Dev\ExoScan\exoscan-web\node_modules\react-dom\cjs\react-dom-client.development.js:14956:41)
              at renderRootSync (D:\Dev\ExoScan\exoscan-web\node_modules\react-dom\cjs\react-dom-client.development.js:14936:11)
              at performWorkOnRoot (D:\Dev\ExoScan\exoscan-web\node_modules\react-dom\cjs\react-dom-client.development.js:14419:13)
              at performWorkOnRootViaSchedulerTask (D:\Dev\ExoScan\exoscan-web\node_modules\react-dom\cjs\react-dom-client.development.js:16216:7)
              at flushActQueue (D:\Dev\ExoScan\exoscan-web\node_modules\react\cjs\react.development.js:566:34)
              at process.env.NODE_ENV.exports.act (D:\Dev\ExoScan\exoscan-web\node_modules\react\cjs\react.development.js:859:10)
              at D:\Dev\ExoScan\exoscan-web\node_modules\@testing-library\react\dist\act-compat.js:47:25
              at renderRoot (D:\Dev\ExoScan\exoscan-web\node_modules\@testing-library\react\dist\pure.js:190:26)
              at render (D:\Dev\ExoScan\exoscan-web\node_modules\@testing-library\react\dist\pure.js:292:10)
              at Object.<anonymous> (D:\Dev\ExoScan\exoscan-web\src\components\__tests__\Scanner.strict-mode.test.tsx:115:33)
              at Promise.finally.completed (D:\Dev\ExoScan\exoscan-web\node_modules\jest-circus\build\jestAdapterInit.js:1557:28)
              at new Promise (<anonymous>)
              at callAsyncCircusFn (D:\Dev\ExoScan\exoscan-web\node_modules\jest-circus\build\jestAdapterInit.js:1497:10)
              at _callCircusTest (D:\Dev\ExoScan\exoscan-web\node_modules\jest-circus\build\jestAdapterInit.js:1007:40)
              at processTicksAndRejections (node:internal/process/task_queues:105:5)
              at _runTest (D:\Dev\ExoScan\exoscan-web\node_modules\jest-circus\build\jestAdapterInit.js:947:3)
              at D:\Dev\ExoScan\exoscan-web\node_modules\jest-circus\build\jestAdapterInit.js:849:7
              at _runTestsForDescribeBlock (D:\Dev\ExoScan\exoscan-web\node_modules\jest-circus\build\jestAdapterInit.js:862:11)
              at _runTestsForDescribeBlock (D:\Dev\ExoScan\exoscan-web\node_modules\jest-circus\build\jestAdapterInit.js:857:11)
              at _runTestsForDescribeBlock (D:\Dev\ExoScan\exoscan-web\node_modules\jest-circus\build\jestAdapterInit.js:857:11)
              at run (D:\Dev\ExoScan\exoscan-web\node_modules\jest-circus\build\jestAdapterInit.js:761:3)
              at runAndTransformResultsToJestFormat (D:\Dev\ExoScan\exoscan-web\node_modules\jest-circus\build\jestAdapterInit.js:1918:21)
              at jestAdapter (D:\Dev\ExoScan\exoscan-web\node_modules\jest-circus\build\runner.js:101:19)
              at runTestInternal (D:\Dev\ExoScan\exoscan-web\node_modules\jest-runner\build\testWorker.js:275:16)
              at runTest (D:\Dev\ExoScan\exoscan-web\node_modules\jest-runner\build\testWorker.js:343:7)
              at Object.worker (D:\Dev\ExoScan\exoscan-web\node_modules\jest-runner\build\testWorker.js:497:12),
          _debugTask: null,
          _debugNeedsRemount: false,
          _debugHookTypes: null
        },
        '__reactProps$t4lsjnwx8va': {
          ref: [Object],
          className: 'w-full object-cover transition-transform duration-200 h-80 md:h-96 lg:h-[500px]',
          autoPlay: true,
          playsInline: true,
          muted: true,
          controls: false,
          'webkit-playsinline': 'true',
          onLoadedData: [AsyncFunction: onLoadedData],
          onCanPlay: [AsyncFunction: onCanPlay],
          onClick: [AsyncFunction: onClick],
          onTouchStart: [AsyncFunction: onTouchStart],
          style: [Object]
        },
        '__reactEvents$t4lsjnwx8va': Set(24) {
          'abort__bubble',
          'canplay__bubble',
          'canplaythrough__bubble',
          'durationchange__bubble',
          'emptied__bubble',
          'encrypted__bubble',
          'ended__bubble',
          'error__bubble',
          'loadeddata__bubble',
          'loadedmetadata__bubble',
          'loadstart__bubble',
          'pause__bubble',
          'play__bubble',
          'playing__bubble',
          'progress__bubble',
          'ratechange__bubble',
          'resize__bubble',
          'seeked__bubble',
          'seeking__bubble',
          'stalled__bubble',
          'suspend__bubble',
          'timeupdate__bubble',
          'volumechange__bubble',
          'waiting__bubble'
        },
        srcObject: null,
        [Symbol(SameObject caches)]: [Object: null prototype] {
          style: [CSSStyleDeclaration],
          attributes: NamedNodeMap {}
        }
      },
      tagName: 'VIDEO',
      id: '',
      className: 'w-full object-cover transition-transform duration-200 h-80 md:h-96 lg:h-[500px]',
      style: 'transform: scale(1); transform-origin: center center; background-color: rgb(0, 0, 0); min-height: 20rem;',
      attributes: [
        {
          name: 'class',
          value: 'w-full object-cover transition-transform duration-200 h-80 md:h-96 lg:h-[500px]'
        },
        { name: 'autoplay', value: '' },
        { name: 'playsinline', value: '' },
        { name: 'webkit-playsinline', value: 'true' },
        {
          name: 'style',
          value: 'transform: scale(1); transform-origin: center center; background-color: rgb(0, 0, 0); min-height: 20rem;'
        }
      ]
    }

      at log (src/components/Scanner.tsx:480:15)

  console.log
    тЬЕ ╨Я╨╛╨┤╨┤╨╡╤А╨╢╨║╨░ ╨║╨░╨╝╨╡╤А╤Л: OK

      at log (src/components/Scanner.tsx:502:15)

  console.log
    тЬЕ ╨С╨╡╨╖╨╛╨┐╨░╤Б╨╜╤Л╨╣ ╨║╨╛╨╜╤В╨╡╨║╤Б╤В: OK

      at log (src/components/Scanner.tsx:512:15)

  console.log
    ЁЯФД ╨Я╨╛╨╗╤Г╤З╨╡╨╜╨╕╨╡ ╨┤╨╛╤Б╤В╤Г╨┐╨░ ╨║ ╨║╨░╨╝╨╡╤А╨╡...

      at log (src/components/Scanner.tsx:522:17)

  console.log
    ЁЯЪА ╨Э╨░╤З╨╕╨╜╨░╨╡╨╝ ╨┐╤А╨╛╤Ж╨╡╤Б╤Б ╤Б╨║╨░╨╜╨╕╤А╨╛╨▓╨░╨╜╨╕╤П...

      at log (src/components/Scanner.tsx:523:17)

  console.log
    ЁЯУ▒ BarcodeScanner: ╨Э╨░╤З╨╕╨╜╨░╨╡╨╝ ╨┐╤А╨╛╤Ж╨╡╤Б╤Б ╤Б╨║╨░╨╜╨╕╤А╨╛╨▓╨░╨╜╨╕╤П

      at BarcodeScanner.log [as startScanning] (src/lib/scanner.ts:336:15)

  console.log
    ЁЯФН ╨Ш╨╜╤Д╨╛╤А╨╝╨░╤Ж╨╕╤П ╨╛ ╨▒╤А╨░╤Г╨╖╨╡╤А╨╡: {
      userAgent: 'Mozilla/5.0 (win32) AppleWebKit/537.36 (KHTML, like Gecko) jsdom/26.1.0',
      platform: '',
      language: 'en-US',
      cookieEnabled: true,
      onLine: true
    }

      at BarcodeScanner.log [as startScanning] (src/lib/scanner.ts:337:15)

  console.log
    ЁЯФР ╨Я╤А╨╛╨▓╨╡╤А╨║╨░ ╤А╨░╨╖╤А╨╡╤И╨╡╨╜╨╕╨╣ ╨║╨░╨╝╨╡╤А╤Л...

      at BarcodeScanner.log [as startScanning] (src/lib/scanner.ts:346:15)

  console.log
    ЁЯФР ╨б╤В╨░╤В╤Г╤Б ╤А╨░╨╖╤А╨╡╤И╨╡╨╜╨╕╨╣: { granted: true, denied: false, prompt: false }

      at BarcodeScanner.log [as startScanning] (src/lib/scanner.ts:348:15)

  console.log
    тЬЕ MediaDevices API: OK

      at BarcodeScanner.log [as startScanning] (src/lib/scanner.ts:383:15)

  console.log
    тЬЕ getUserMedia: OK

      at BarcodeScanner.log [as startScanning] (src/lib/scanner.ts:401:15)

  console.log
    ЁЯУ╣ ╨Я╨╛╨╕╤Б╨║ ╨┤╨╛╤Б╤В╤Г╨┐╨╜╤Л╤Е ╨║╨░╨╝╨╡╤А...

      at BarcodeScanner.log [as startScanning] (src/lib/scanner.ts:404:15)

  console.log
    ЁЯУ╣ ╨Э╨░╨╣╨┤╨╡╨╜╨╛ ╨║╨░╨╝╨╡╤А: 2 [
      { id: 'camera1', label: 'Back Camera', kind: 'videoinput' },
      { id: 'camera2', label: 'Front Camera', kind: 'videoinput' }
    ]

      at BarcodeScanner.log [as startScanning] (src/lib/scanner.ts:406:15)

  console.log
    ЁЯУ╖ ╨Т╤Л╨▒╤А╨░╨╜╨╜╨░╤П ╨║╨░╨╝╨╡╤А╨░: { label: 'Back Camera', id: 'camera1', source: 'back-camera' }

      at BarcodeScanner.log [as startScanning] (src/lib/scanner.ts:440:15)

  console.log
    ЁЯУ▒ ╨Ь╨╛╨▒╨╕╨╗╤М╨╜╨╛╨╡ ╤Г╤Б╤В╤А╨╛╨╣╤Б╤В╨▓╨╛: false

      at BarcodeScanner.log [as startScanning] (src/lib/scanner.ts:448:15)

  console.log
    ЁЯУ▒ ╨г╤Б╤В╤А╨╛╨╣╤Б╤В╨▓╨╛: ╨Ф╤А╤Г╨│╨╛╨╡, ╨С╤А╨░╤Г╨╖╨╡╤А: ╨Ф╤А╤Г╨│╨╛╨╣

      at BarcodeScanner.log [as getOptimalCameraConstraints] (src/lib/scanner.ts:135:13)

  console.log
    ЁЯОе ╨Э╨░╤Б╤В╤А╨╛╨╣╨║╨╕ ╨║╨░╨╝╨╡╤А╤Л: {
      video: {
        deviceId: { ideal: 'camera1' },
        facingMode: undefined,
        width: { ideal: 1920 },
        height: { ideal: 1080 },
        frameRate: { ideal: 30 }
      }
    }

      at BarcodeScanner.log [as startScanning] (src/lib/scanner.ts:452:15)

  console.log
    ЁЯФН ╨Ч╨░╨┐╤Г╤Б╨║ ╨╜╨╡╨┐╤А╨╡╤А╤Л╨▓╨╜╨╛╨│╨╛ ╨┤╨╡╨║╨╛╨┤╨╕╤А╨╛╨▓╨░╨╜╨╕╤П ╤И╤В╤А╨╕╤Е-╨║╨╛╨┤╨╛╨▓...

      at BarcodeScanner.log [as startScanning] (src/lib/scanner.ts:455:15)

  console.log
    ЁЯз╣ ╨Ю╤З╨╕╤Б╤В╨║╨░ ╤Б╤Г╤Й╨╡╤Б╤В╨▓╤Г╤О╤Й╨╡╨│╨╛ ╨┐╨╛╤В╨╛╨║╨░...

      at BarcodeScanner.log [as startScanning] (src/lib/scanner.ts:458:15)

  console.log
    ЁЯУ║ ╨б╨╛╤Б╤В╨╛╤П╨╜╨╕╨╡ ╨▓╨╕╨┤╨╡╨╛ ╤Н╨╗╨╡╨╝╨╡╨╜╤В╨░: {
      readyState: 0,
      videoWidth: 0,
      videoHeight: 0,
      paused: true,
      ended: false,
      muted: true,
      autoplay: true,
      playsInline: true
    }

      at BarcodeScanner.log [as startScanning] (src/lib/scanner.ts:462:15)

  console.log
    ЁЯФД ╨Ч╨░╨┐╤Г╤Б╨║ ╨┤╨╡╨║╨╛╨┤╨╕╤А╨╛╨▓╨░╨╜╨╕╤П ╤Б ╨╛╨│╤А╨░╨╜╨╕╤З╨╡╨╜╨╕╤П╨╝╨╕...

      at BarcodeScanner.log [as startScanning] (src/lib/scanner.ts:474:15)

  console.log
    ЁЯФД ╨Я╨╛╨┐╤Л╤В╨║╨░ ╨╖╨░╨┐╤Г╤Б╨║╨░ ╤Б optimal ╨╛╨│╤А╨░╨╜╨╕╤З╨╡╨╜╨╕╤П╨╝╨╕: {
      "video": {
        "deviceId": {
          "ideal": "camera1"
        },
        "width": {
          "ideal": 1920
        },
        "height": {
          "ideal": 1080
        },
        "frameRate": {
          "ideal": 30
        }
      }
    }

      at BarcodeScanner.log [as startScanning] (src/lib/scanner.ts:487:19)

  console.log
    ЁЯОе ╨Я╨╛╨╗╤Г╤З╨╡╨╜╨╕╨╡ ╨┐╨╛╤В╨╛╨║╨░ ╤З╨╡╤А╨╡╨╖ getUserMedia...

      at BarcodeScanner.log [as startScanning] (src/lib/scanner.ts:490:19)

  console.log
    тЬЕ ╨Я╨╛╤В╨╛╨║ ╨┐╨╛╨╗╤Г╤З╨╡╨╜: {
      active: undefined,
      id: undefined,
      tracks: [
        {
          kind: 'video',
          label: undefined,
          enabled: undefined,
          readyState: undefined,
          muted: undefined,
          settings: [Object]
        }
      ]
    }

      at BarcodeScanner.log [as startScanning] (src/lib/scanner.ts:492:19)

  console.log
    ЁЯОм ╨г╤Б╤В╨░╨╜╨╛╨▓╨║╨░ ╨┐╨╛╤В╨╛╨║╨░ ╨▓ ╨▓╨╕╨┤╨╡╨╛ ╤Н╨╗╨╡╨╝╨╡╨╜╤В...

      at BarcodeScanner.log [as startScanning] (src/lib/scanner.ts:515:19)

  console.log
    ЁЯФР ╨б╤В╨░╤В╤Г╤Б ╤А╨░╨╖╤А╨╡╤И╨╡╨╜╨╕╨╣: { granted: true, denied: false, prompt: false }

      at BarcodeScanner.log [as startScanning] (src/lib/scanner.ts:348:15)

  console.log
    тЬЕ MediaDevices API: OK

      at BarcodeScanner.log [as startScanning] (src/lib/scanner.ts:383:15)

  console.log
    тЬЕ getUserMedia: OK

      at BarcodeScanner.log [as startScanning] (src/lib/scanner.ts:401:15)

  console.log
    ЁЯУ╣ ╨Я╨╛╨╕╤Б╨║ ╨┤╨╛╤Б╤В╤Г╨┐╨╜╤Л╤Е ╨║╨░╨╝╨╡╤А...

      at BarcodeScanner.log [as startScanning] (src/lib/scanner.ts:404:15)

  console.log
    ЁЯФР ╨б╤В╨░╤В╤Г╤Б ╤А╨░╨╖╤А╨╡╤И╨╡╨╜╨╕╨╣: { granted: true, denied: false, prompt: false }

      at BarcodeScanner.log [as startScanning] (src/lib/scanner.ts:348:15)

  console.log
    тЬЕ MediaDevices API: OK

      at BarcodeScanner.log [as startScanning] (src/lib/scanner.ts:383:15)

  console.log
    тЬЕ getUserMedia: OK

      at BarcodeScanner.log [as startScanning] (src/lib/scanner.ts:401:15)

  console.log
    ЁЯУ╣ ╨Я╨╛╨╕╤Б╨║ ╨┤╨╛╤Б╤В╤Г╨┐╨╜╤Л╤Е ╨║╨░╨╝╨╡╤А...

      at BarcodeScanner.log [as startScanning] (src/lib/scanner.ts:404:15)

  console.log
    ЁЯУ╣ ╨Э╨░╨╣╨┤╨╡╨╜╨╛ ╨║╨░╨╝╨╡╤А: 2 [
      { id: 'camera1', label: 'Back Camera', kind: 'videoinput' },
      { id: 'camera2', label: 'Front Camera', kind: 'videoinput' }
    ]

      at BarcodeScanner.log [as startScanning] (src/lib/scanner.ts:406:15)

  console.log
    ЁЯУ╖ ╨Т╤Л╨▒╤А╨░╨╜╨╜╨░╤П ╨║╨░╨╝╨╡╤А╨░: { label: 'Back Camera', id: 'camera1', source: 'back-camera' }

      at BarcodeScanner.log [as startScanning] (src/lib/scanner.ts:440:15)

  console.log
    ЁЯУ▒ ╨Ь╨╛╨▒╨╕╨╗╤М╨╜╨╛╨╡ ╤Г╤Б╤В╤А╨╛╨╣╤Б╤В╨▓╨╛: false

      at BarcodeScanner.log [as startScanning] (src/lib/scanner.ts:448:15)

  console.log
    ЁЯУ▒ ╨г╤Б╤В╤А╨╛╨╣╤Б╤В╨▓╨╛: ╨Ф╤А╤Г╨│╨╛╨╡, ╨С╤А╨░╤Г╨╖╨╡╤А: ╨Ф╤А╤Г╨│╨╛╨╣

      at BarcodeScanner.log [as getOptimalCameraConstraints] (src/lib/scanner.ts:135:13)

  console.log
    ЁЯОе ╨Э╨░╤Б╤В╤А╨╛╨╣╨║╨╕ ╨║╨░╨╝╨╡╤А╤Л: {
      video: {
        deviceId: { ideal: 'camera1' },
        facingMode: undefined,
        width: { ideal: 1920 },
        height: { ideal: 1080 },
        frameRate: { ideal: 30 }
      }
    }

      at BarcodeScanner.log [as startScanning] (src/lib/scanner.ts:452:15)

  console.log
    ЁЯФН ╨Ч╨░╨┐╤Г╤Б╨║ ╨╜╨╡╨┐╤А╨╡╤А╤Л╨▓╨╜╨╛╨│╨╛ ╨┤╨╡╨║╨╛╨┤╨╕╤А╨╛╨▓╨░╨╜╨╕╤П ╤И╤В╤А╨╕╤Е-╨║╨╛╨┤╨╛╨▓...

      at BarcodeScanner.log [as startScanning] (src/lib/scanner.ts:455:15)

  console.log
    ЁЯз╣ ╨Ю╤З╨╕╤Б╤В╨║╨░ ╤Б╤Г╤Й╨╡╤Б╤В╨▓╤Г╤О╤Й╨╡╨│╨╛ ╨┐╨╛╤В╨╛╨║╨░...

      at BarcodeScanner.log [as startScanning] (src/lib/scanner.ts:458:15)

  console.log
    ЁЯУ║ ╨б╨╛╤Б╤В╨╛╤П╨╜╨╕╨╡ ╨▓╨╕╨┤╨╡╨╛ ╤Н╨╗╨╡╨╝╨╡╨╜╤В╨░: {
      readyState: 0,
      videoWidth: 0,
      videoHeight: 0,
      paused: true,
      ended: false,
      muted: true,
      autoplay: true,
      playsInline: true
    }

      at BarcodeScanner.log [as startScanning] (src/lib/scanner.ts:462:15)

  console.log
    ЁЯФД ╨Ч╨░╨┐╤Г╤Б╨║ ╨┤╨╡╨║╨╛╨┤╨╕╤А╨╛╨▓╨░╨╜╨╕╤П ╤Б ╨╛╨│╤А╨░╨╜╨╕╤З╨╡╨╜╨╕╤П╨╝╨╕...

      at BarcodeScanner.log [as startScanning] (src/lib/scanner.ts:474:15)

  console.log
    ЁЯФД ╨Я╨╛╨┐╤Л╤В╨║╨░ ╨╖╨░╨┐╤Г╤Б╨║╨░ ╤Б optimal ╨╛╨│╤А╨░╨╜╨╕╤З╨╡╨╜╨╕╤П╨╝╨╕: {
      "video": {
        "deviceId": {
          "ideal": "camera1"
        },
        "width": {
          "ideal": 1920
        },
        "height": {
          "ideal": 1080
        },
        "frameRate": {
          "ideal": 30
        }
      }
    }

      at BarcodeScanner.log [as startScanning] (src/lib/scanner.ts:487:19)

  console.log
    ЁЯОе ╨Я╨╛╨╗╤Г╤З╨╡╨╜╨╕╨╡ ╨┐╨╛╤В╨╛╨║╨░ ╤З╨╡╤А╨╡╨╖ getUserMedia...

      at BarcodeScanner.log [as startScanning] (src/lib/scanner.ts:490:19)

  console.log
    ЁЯУ╣ ╨Э╨░╨╣╨┤╨╡╨╜╨╛ ╨║╨░╨╝╨╡╤А: 2 [
      { id: 'camera1', label: 'Back Camera', kind: 'videoinput' },
      { id: 'camera2', label: 'Front Camera', kind: 'videoinput' }
    ]

      at BarcodeScanner.log [as startScanning] (src/lib/scanner.ts:406:15)

  console.log
    ЁЯУ╖ ╨Т╤Л╨▒╤А╨░╨╜╨╜╨░╤П ╨║╨░╨╝╨╡╤А╨░: { label: 'Back Camera', id: 'camera1', source: 'back-camera' }

      at BarcodeScanner.log [as startScanning] (src/lib/scanner.ts:440:15)

  console.log
    ЁЯУ▒ ╨Ь╨╛╨▒╨╕╨╗╤М╨╜╨╛╨╡ ╤Г╤Б╤В╤А╨╛╨╣╤Б╤В╨▓╨╛: false

      at BarcodeScanner.log [as startScanning] (src/lib/scanner.ts:448:15)

  console.log
    ЁЯУ▒ ╨г╤Б╤В╤А╨╛╨╣╤Б╤В╨▓╨╛: ╨Ф╤А╤Г╨│╨╛╨╡, ╨С╤А╨░╤Г╨╖╨╡╤А: ╨Ф╤А╤Г╨│╨╛╨╣

      at BarcodeScanner.log [as getOptimalCameraConstraints] (src/lib/scanner.ts:135:13)

  console.log
    ЁЯОе ╨Э╨░╤Б╤В╤А╨╛╨╣╨║╨╕ ╨║╨░╨╝╨╡╤А╤Л: {
      video: {
        deviceId: { ideal: 'camera1' },
        facingMode: undefined,
        width: { ideal: 1920 },
        height: { ideal: 1080 },
        frameRate: { ideal: 30 }
      }
    }

      at BarcodeScanner.log [as startScanning] (src/lib/scanner.ts:452:15)

  console.log
    ЁЯФН ╨Ч╨░╨┐╤Г╤Б╨║ ╨╜╨╡╨┐╤А╨╡╤А╤Л╨▓╨╜╨╛╨│╨╛ ╨┤╨╡╨║╨╛╨┤╨╕╤А╨╛╨▓╨░╨╜╨╕╤П ╤И╤В╤А╨╕╤Е-╨║╨╛╨┤╨╛╨▓...

      at BarcodeScanner.log [as startScanning] (src/lib/scanner.ts:455:15)

  console.log
    ЁЯз╣ ╨Ю╤З╨╕╤Б╤В╨║╨░ ╤Б╤Г╤Й╨╡╤Б╤В╨▓╤Г╤О╤Й╨╡╨│╨╛ ╨┐╨╛╤В╨╛╨║╨░...

      at BarcodeScanner.log [as startScanning] (src/lib/scanner.ts:458:15)

  console.log
    ЁЯУ║ ╨б╨╛╤Б╤В╨╛╤П╨╜╨╕╨╡ ╨▓╨╕╨┤╨╡╨╛ ╤Н╨╗╨╡╨╝╨╡╨╜╤В╨░: {
      readyState: 0,
      videoWidth: 0,
      videoHeight: 0,
      paused: true,
      ended: false,
      muted: true,
      autoplay: true,
      playsInline: true
    }

      at BarcodeScanner.log [as startScanning] (src/lib/scanner.ts:462:15)

  console.log
    ЁЯФД ╨Ч╨░╨┐╤Г╤Б╨║ ╨┤╨╡╨║╨╛╨┤╨╕╤А╨╛╨▓╨░╨╜╨╕╤П ╤Б ╨╛╨│╤А╨░╨╜╨╕╤З╨╡╨╜╨╕╤П╨╝╨╕...

      at BarcodeScanner.log [as startScanning] (src/lib/scanner.ts:474:15)

  console.log
    ЁЯФД ╨Я╨╛╨┐╤Л╤В╨║╨░ ╨╖╨░╨┐╤Г╤Б╨║╨░ ╤Б optimal ╨╛╨│╤А╨░╨╜╨╕╤З╨╡╨╜╨╕╤П╨╝╨╕: {
      "video": {
        "deviceId": {
          "ideal": "camera1"
        },
        "width": {
          "ideal": 1920
        },
        "height": {
          "ideal": 1080
        },
        "frameRate": {
          "ideal": 30
        }
      }
    }

      at BarcodeScanner.log [as startScanning] (src/lib/scanner.ts:487:19)

  console.log
    ЁЯОе ╨Я╨╛╨╗╤Г╤З╨╡╨╜╨╕╨╡ ╨┐╨╛╤В╨╛╨║╨░ ╤З╨╡╤А╨╡╨╖ getUserMedia...

      at BarcodeScanner.log [as startScanning] (src/lib/scanner.ts:490:19)

  console.log
    тЬЕ ╨Я╨╛╤В╨╛╨║ ╨┐╨╛╨╗╤Г╤З╨╡╨╜: {
      active: undefined,
      id: 'stream-1759353550977-0.8221882143611834',
      tracks: [
        {
          kind: 'video',
          label: undefined,
          enabled: undefined,
          readyState: undefined,
          muted: undefined,
          settings: [Object]
        }
      ]
    }

      at BarcodeScanner.log [as startScanning] (src/lib/scanner.ts:492:19)

  console.log
    ЁЯОм ╨г╤Б╤В╨░╨╜╨╛╨▓╨║╨░ ╨┐╨╛╤В╨╛╨║╨░ ╨▓ ╨▓╨╕╨┤╨╡╨╛ ╤Н╨╗╨╡╨╝╨╡╨╜╤В...

      at BarcodeScanner.log [as startScanning] (src/lib/scanner.ts:515:19)

  console.log
    тЬЕ ╨Я╨╛╤В╨╛╨║ ╨┐╨╛╨╗╤Г╤З╨╡╨╜: {
      active: undefined,
      id: 'stream-1759353550990-0.4407473473727965',
      tracks: [
        {
          kind: 'video',
          label: undefined,
          enabled: undefined,
          readyState: undefined,
          muted: undefined,
          settings: [Object]
        }
      ]
    }

      at BarcodeScanner.log [as startScanning] (src/lib/scanner.ts:492:19)

  console.log
    ЁЯОм ╨г╤Б╤В╨░╨╜╨╛╨▓╨║╨░ ╨┐╨╛╤В╨╛╨║╨░ ╨▓ ╨▓╨╕╨┤╨╡╨╛ ╤Н╨╗╨╡╨╝╨╡╨╜╤В...

      at BarcodeScanner.log [as startScanning] (src/lib/scanner.ts:515:19)

  console.log
    ЁЯУК ╨Ь╨╡╤В╨░╨┤╨░╨╜╨╜╤Л╨╡ ╨▓╨╕╨┤╨╡╨╛ ╨╖╨░╨│╤А╤Г╨╢╨╡╨╜╤Л: { videoWidth: 0, videoHeight: 0, duration: NaN }

      at HTMLVideoElement.log (src/lib/scanner.ts:538:23)

  console.log
    ЁЯТ╛ ╨б╨╛╤Е╤А╨░╨╜╤П╨╡╨╝ ╤Б╤Б╤Л╨╗╨║╤Г ╨╜╨░ ╨┐╨╛╤В╨╛╨║ ╨┐╨╡╤А╨╡╨┤ ZXing: { streamId: undefined, active: undefined }

      at BarcodeScanner.log [as startScanning] (src/lib/scanner.ts:558:19)

  console.log
    ЁЯУ║ ╨б╨╛╤Б╤В╨╛╤П╨╜╨╕╨╡ ╨▓╨╕╨┤╨╡╨╛ ╨┐╨╛╤Б╨╗╨╡ ╤Г╤Б╤В╨░╨╜╨╛╨▓╨║╨╕ ╨┐╨╛╤В╨╛╨║╨░: {
      readyState: 0,
      videoWidth: 0,
      videoHeight: 0,
      paused: true,
      srcObject: '╤Г╤Б╤В╨░╨╜╨╛╨▓╨╗╨╡╨╜'
    }

      at BarcodeScanner.log [as startScanning] (src/lib/scanner.ts:564:19)

  console.log
    тЦ╢я╕П ╨Ч╨░╨┐╤Г╤Б╨║ ╨▓╨╕╨┤╨╡╨╛...

      at BarcodeScanner.log [as startScanning] (src/lib/scanner.ts:574:21)

  console.log
    тЬЕ ╨Т╨╕╨┤╨╡╨╛ ╤Г╤Б╨┐╨╡╤И╨╜╨╛ ╨╖╨░╨┐╤Г╤Й╨╡╨╜╨╛

      at BarcodeScanner.log [as startScanning] (src/lib/scanner.ts:577:23)

  console.log
    ЁЯФД ╨Э╨░╤Б╤В╤А╨╛╨╣╨║╨░ ╨░╨▓╤В╨╛╨╝╨░╤В╨╕╤З╨╡╤Б╨║╨╛╨│╨╛ ╤Б╨║╨░╨╜╨╕╤А╨╛╨▓╨░╨╜╨╕╤П ╤З╨╡╤А╨╡╨╖ ╨╖╨░╤Е╨▓╨░╤В ╨║╨░╨┤╤А╨╛╨▓...

      at BarcodeScanner.log [as startScanning] (src/lib/scanner.ts:622:21)

  console.log
    ЁЯФД ╨Э╨░╤Б╤В╤А╨╛╨╣╨║╨░ ╨░╨▓╤В╨╛╨╝╨░╤В╨╕╤З╨╡╤Б╨║╨╛╨│╨╛ ╤Б╨║╨░╨╜╨╕╤А╨╛╨▓╨░╨╜╨╕╤П ╨║╨░╨╢╨┤╤Л╨╡ 500╨╝╤Б...

      at BarcodeScanner.log [as setupAutoScanning] (src/lib/scanner.ts:821:13)

  console.log
    тЬЕ ╨Р╨▓╤В╨╛╨╝╨░╤В╨╕╤З╨╡╤Б╨║╨╛╨╡ ╤Б╨║╨░╨╜╨╕╤А╨╛╨▓╨░╨╜╨╕╨╡ ╨╜╨░╤Б╤В╤А╨╛╨╡╨╜╨╛

      at BarcodeScanner.log [as setupAutoScanning] (src/lib/scanner.ts:848:13)

  console.log
    тЬЕ ╨б╨║╨░╨╜╨╕╤А╨╛╨▓╨░╨╜╨╕╨╡ ╨╖╨░╨┐╤Г╤Й╨╡╨╜╨╛ ╤Г╤Б╨┐╨╡╤И╨╜╨╛ ╤Б optimal ╨╛╨│╤А╨░╨╜╨╕╤З╨╡╨╜╨╕╤П╨╝╨╕

      at BarcodeScanner.log [as startScanning] (src/lib/scanner.ts:632:19)

  console.log
    ЁЯУ║ ╨д╨╕╨╜╨░╨╗╤М╨╜╨╛╨╡ ╤Б╨╛╤Б╤В╨╛╤П╨╜╨╕╨╡ ╨▓╨╕╨┤╨╡╨╛: {
      readyState: 4,
      videoWidth: 640,
      videoHeight: 480,
      paused: true,
      srcObject: '╤Г╤Б╤В╨░╨╜╨╛╨▓╨╗╨╡╨╜',
      streamActive: undefined
    }

      at BarcodeScanner.log [as startScanning] (src/lib/scanner.ts:635:19)

  console.log
    тЬЕ ╨Э╨╡╨┐╤А╨╡╤А╤Л╨▓╨╜╨╛╨╡ ╤Б╨║╨░╨╜╨╕╤А╨╛╨▓╨░╨╜╨╕╨╡ ╨╖╨░╨┐╤Г╤Й╨╡╨╜╨╛

      at BarcodeScanner.log [as startScanning] (src/lib/scanner.ts:683:15)

  console.log
    тЬЕ ╨б╨║╨░╨╜╨╕╤А╨╛╨▓╨░╨╜╨╕╨╡ ╨╖╨░╨┐╤Г╤Й╨╡╨╜╨╛ ╤Г╤Б╨┐╨╡╤И╨╜╨╛ - ZXing ╨┤╨╡╨║╨╛╨┤╨╡╤А ╤Г╨┐╤А╨░╨▓╨╗╤П╨╡╤В ╨▓╨╕╨┤╨╡╨╛ ╤Н╨╗╨╡╨╝╨╡╨╜╤В╨╛╨╝

      at log (src/components/Scanner.tsx:535:17)

  console.log
    ЁЯФН ╨Т╨╕╨╖╤Г╨░╨╗╤М╨╜╨░╤П ╨┤╨╡╤В╨╡╨║╤Ж╨╕╤П ╨▓╨║╨╗╤О╤З╨╡╨╜╨░

      at log (src/components/Scanner.tsx:539:17)

  console.log
    ЁЯФж ╨Я╨╛╨┤╨┤╨╡╤А╨╢╨║╨░ ╤Д╨╛╨╜╨░╤А╨╕╨║╨░: ╨Э╨╡╤В

      at log (src/components/Scanner.tsx:546:21)

  console.error
    Error: Not implemented: HTMLCanvasElement.prototype.toDataURL (without installing the canvas npm package)
        at BarcodeScanner.toDataURL [as captureFrame] (D:\Dev\ExoScan\exoscan-web\src\lib\scanner.ts:904:30)
        at captureFrame (D:\Dev\ExoScan\exoscan-web\src\lib\scanner.ts:829:35) {
      type: 'not implemented'
    }

    [0m [90m 902 |[39m
     [90m 903 |[39m       [90m// Create image element from canvas data URL (avoids 0x0 toBlob issues)[39m
    [31m[1m>[22m[39m[90m 904 |[39m       [36mconst[39m dataUrl [33m=[39m canvas[33m.[39mtoDataURL([32m'image/png'[39m)
     [90m     |[39m                              [31m[1m^[22m[39m
     [90m 905 |[39m       [36mconst[39m imageElement [33m=[39m [36mawait[39m [36mnew[39m [33mPromise[39m[33m<[39m[33mHTMLImageElement[39m[33m>[39m((resolve) [33m=>[39m {
     [90m 906 |[39m         [36mconst[39m img [33m=[39m [36mnew[39m [33mImage[39m()
     [90m 907 |[39m         img[33m.[39monload [33m=[39m () [33m=>[39m resolve(img)[0m

      at VirtualConsole.<anonymous> (node_modules/@jest/environment-jsdom-abstract/build/index.js:87:23)
      at module.exports (node_modules/jsdom/lib/jsdom/browser/not-implemented.js:12:26)
      at HTMLCanvasElementImpl.toDataURL (node_modules/jsdom/lib/jsdom/living/nodes/HTMLCanvasElement-impl.js:55:5)
      at HTMLCanvasElement.toDataURL (node_modules/jsdom/lib/jsdom/living/generated/HTMLCanvasElement.js:162:34)
      at BarcodeScanner.toDataURL [as captureFrame] (src/lib/scanner.ts:904:30)
      at captureFrame (src/lib/scanner.ts:829:35)
      at Timeout.task [as _onTimeout] (node_modules/jsdom/lib/jsdom/browser/Window.js:579:19)

  console.log
    ЁЯОп ╨Р╨▓╤В╨╛╤Б╨║╨░╨╜╨╕╤А╨╛╨▓╨░╨╜╨╕╨╡: ╤И╤В╤А╨╕╤Е-╨║╨╛╨┤ ╨╜╨░╨╣╨┤╨╡╨╜: 1234567890123

      at log (src/lib/scanner.ts:831:19)

  console.log
    Scan result: {
      text: '1234567890123',
      format: 'EAN_13',
      timestamp: 2025-10-01T21:19:11.676Z
    }

      at log (src/components/Scanner.tsx:126:13)

  console.error
    Error: Not implemented: HTMLMediaElement.prototype.play
        at play (D:\Dev\ExoScan\exoscan-web\src\components\Scanner.tsx:139:13)
        at onResult (D:\Dev\ExoScan\exoscan-web\src\lib\scanner.ts:625:17)
        at onResult (D:\Dev\ExoScan\exoscan-web\src\lib\scanner.ts:832:11) {
      type: 'not implemented'
    }

    [0m [90m 137 |[39m     [36mtry[39m {
     [90m 138 |[39m       [36mconst[39m audio [33m=[39m [36mnew[39m [33mAudio[39m([32m'data:audio/wav;base64,UklGRnoGAABXQVZFZm10IBAAAAABAAEAQB8AAEAfAAABAAgAZGF0YQoGAACBhYqFbF1fdJivrJBhNjVgodDbq2EcBj+a2/LDciUFLIHO8tiJNwgZaLvt559NEAxQp+PwtmMcBjiR1/LMeSwFJHfH8N2QQAoUXrTp66hVFApGn+DyvmwhBSuBzvLZiTYIG2m98OScTgwOUarm7blmGgU7k9n1unEiBC13yO/eizEIHWq+8+OWT'[39m)
    [31m[1m>[22m[39m[90m 139 |[39m       audio[33m.[39mplay()[33m.[39m[36mcatch[39m(() [33m=>[39m {})
     [90m     |[39m             [31m[1m^[22m[39m
     [90m 140 |[39m     } [36mcatch[39m {
     [90m 141 |[39m       [90m// Audio not supported[39m
     [90m 142 |[39m     }[0m

      at VirtualConsole.<anonymous> (node_modules/@jest/environment-jsdom-abstract/build/index.js:87:23)
      at module.exports (node_modules/jsdom/lib/jsdom/browser/not-implemented.js:12:26)
      at HTMLAudioElementImpl.play (node_modules/jsdom/lib/jsdom/living/nodes/HTMLMediaElement-impl.js:118:5)
      at HTMLAudioElement.play (node_modules/jsdom/lib/jsdom/living/generated/HTMLMediaElement.js:146:60)
      at play (src/components/Scanner.tsx:139:13)
      at onResult (src/lib/scanner.ts:625:17)
      at onResult (src/lib/scanner.ts:832:11)

  console.log
    ЁЯЫС ╨Ю╤Б╤В╨░╨╜╨╛╨▓╨║╨░ ╤Б╨║╨░╨╜╨╕╤А╨╛╨▓╨░╨╜╨╕╤П...

      at BarcodeScanner.log [as stopScanning] (src/lib/scanner.ts:853:15)
          at Array.forEach (<anonymous>)

  console.log
    ЁЯЫС ╨Ю╤Б╤В╨░╨╜╨╛╨▓╨╗╨╡╨╜ ╤В╤А╨╡╨║ ╨║╨░╨╝╨╡╤А╤Л: video

      at log (src/lib/scanner.ts:737:19)
          at Array.forEach (<anonymous>)
          at Array.forEach (<anonymous>)

  console.log
    ЁЯз╣ ╨Т╨╕╨┤╨╡╨╛ ╤Н╨╗╨╡╨╝╨╡╨╜╤В ╨╛╤З╨╕╤Й╨╡╨╜

      at BarcodeScanner.log [as stopCurrentStream] (src/lib/scanner.ts:744:17)
          at Array.forEach (<anonymous>)

  console.log
    тЬЕ ╨б╨║╨░╨╜╨╕╤А╨╛╨▓╨░╨╜╨╕╨╡ ╨╛╤Б╤В╨░╨╜╨╛╨▓╨╗╨╡╨╜╨╛

      at BarcodeScanner.log [as stopScanning] (src/lib/scanner.ts:866:15)
          at Array.forEach (<anonymous>)

  console.error
    An update to Scanner inside a test was not wrapped in act(...).
    
    When testing, code that causes React state updates should be wrapped into act(...):
    
    act(() => {
      /* fire events that update state */
    });
    /* assert on the output */
    
    This ensures that you're testing the behavior the user would see in the browser. Learn more at https://react.dev/link/wrap-tests-with-act

    [0m [90m 76 |[39m   [36mconst[39m safeSetState [33m=[39m useCallback([33m<[39m[33mT[39m[33m>[39m(setter[33m:[39m [33mReact[39m[33m.[39m[33mDispatch[39m[33m<[39m[33mReact[39m[33m.[39m[33mSetStateAction[39m[33m<[39m[33mT[39m[33m>>[39m[33m,[39m value[33m:[39m [33mT[39m [33m|[39m ((prev[33m:[39m [33mT[39m) [33m=>[39m [33mT[39m)) [33m=>[39m {
     [90m 77 |[39m     [36mif[39m (mountedRef[33m.[39mcurrent) {
    [31m[1m>[22m[39m[90m 78 |[39m       setter(value)
     [90m    |[39m       [31m[1m^[22m[39m
     [90m 79 |[39m     }
     [90m 80 |[39m   }[33m,[39m [])
     [90m 81 |[39m[0m

      at node_modules/react-dom/cjs/react-dom-client.development.js:16023:19
      at runWithFiberInDEV (node_modules/react-dom/cjs/react-dom-client.development.js:1522:13)
      at warnIfUpdatesNotWrappedWithActDEV (node_modules/react-dom/cjs/react-dom-client.development.js:16022:9)
      at scheduleUpdateOnFiber (node_modules/react-dom/cjs/react-dom-client.development.js:14396:11)
      at dispatchSetStateInternal (node_modules/react-dom/cjs/react-dom-client.development.js:6969:13)
      at dispatchSetState (node_modules/react-dom/cjs/react-dom-client.development.js:6927:7)
      at setter (src/components/Scanner.tsx:78:7)
      at safeSetState (src/components/Scanner.tsx:398:9)

  console.error
    An update to Scanner inside a test was not wrapped in act(...).
    
    When testing, code that causes React state updates should be wrapped into act(...):
    
    act(() => {
      /* fire events that update state */
    });
    /* assert on the output */
    
    This ensures that you're testing the behavior the user would see in the browser. Learn more at https://react.dev/link/wrap-tests-with-act

    [0m [90m 76 |[39m   [36mconst[39m safeSetState [33m=[39m useCallback([33m<[39m[33mT[39m[33m>[39m(setter[33m:[39m [33mReact[39m[33m.[39m[33mDispatch[39m[33m<[39m[33mReact[39m[33m.[39m[33mSetStateAction[39m[33m<[39m[33mT[39m[33m>>[39m[33m,[39m value[33m:[39m [33mT[39m [33m|[39m ((prev[33m:[39m [33mT[39m) [33m=>[39m [33mT[39m)) [33m=>[39m {
     [90m 77 |[39m     [36mif[39m (mountedRef[33m.[39mcurrent) {
    [31m[1m>[22m[39m[90m 78 |[39m       setter(value)
     [90m    |[39m       [31m[1m^[22m[39m
     [90m 79 |[39m     }
     [90m 80 |[39m   }[33m,[39m [])
     [90m 81 |[39m[0m

      at node_modules/react-dom/cjs/react-dom-client.development.js:16023:19
      at runWithFiberInDEV (node_modules/react-dom/cjs/react-dom-client.development.js:1522:13)
      at warnIfUpdatesNotWrappedWithActDEV (node_modules/react-dom/cjs/react-dom-client.development.js:16022:9)
      at scheduleUpdateOnFiber (node_modules/react-dom/cjs/react-dom-client.development.js:14396:11)
      at dispatchSetStateInternal (node_modules/react-dom/cjs/react-dom-client.development.js:6969:13)
      at dispatchSetState (node_modules/react-dom/cjs/react-dom-client.development.js:6927:7)
      at setter (src/components/Scanner.tsx:78:7)
      at safeSetState (src/components/Scanner.tsx:418:7)

  console.error
    An update to Scanner inside a test was not wrapped in act(...).
    
    When testing, code that causes React state updates should be wrapped into act(...):
    
    act(() => {
      /* fire events that update state */
    });
    /* assert on the output */
    
    This ensures that you're testing the behavior the user would see in the browser. Learn more at https://react.dev/link/wrap-tests-with-act

    [0m [90m 76 |[39m   [36mconst[39m safeSetState [33m=[39m useCallback([33m<[39m[33mT[39m[33m>[39m(setter[33m:[39m [33mReact[39m[33m.[39m[33mDispatch[39m[33m<[39m[33mReact[39m[33m.[39m[33mSetStateAction[39m[33m<[39m[33mT[39m[33m>>[39m[33m,[39m value[33m:[39m [33mT[39m [33m|[39m ((prev[33m:[39m [33mT[39m) [33m=>[39m [33mT[39m)) [33m=>[39m {
     [90m 77 |[39m     [36mif[39m (mountedRef[33m.[39mcurrent) {
    [31m[1m>[22m[39m[90m 78 |[39m       setter(value)
     [90m    |[39m       [31m[1m^[22m[39m
     [90m 79 |[39m     }
     [90m 80 |[39m   }[33m,[39m [])
     [90m 81 |[39m[0m

      at node_modules/react-dom/cjs/react-dom-client.development.js:16023:19
      at runWithFiberInDEV (node_modules/react-dom/cjs/react-dom-client.development.js:1522:13)
      at warnIfUpdatesNotWrappedWithActDEV (node_modules/react-dom/cjs/react-dom-client.development.js:16022:9)
      at scheduleUpdateOnFiber (node_modules/react-dom/cjs/react-dom-client.development.js:14396:11)
      at dispatchSetStateInternal (node_modules/react-dom/cjs/react-dom-client.development.js:6969:13)
      at dispatchSetState (node_modules/react-dom/cjs/react-dom-client.development.js:6927:7)
      at setter (src/components/Scanner.tsx:78:7)
      at safeSetState (src/components/Scanner.tsx:427:11)

  console.log
    ЁЯОе ╨Ч╨░╨┐╤Г╤Б╨║ ╤Б╨║╨░╨╜╨╕╤А╨╛╨▓╨░╨╜╨╕╤П...

      at log (src/components/Scanner.tsx:479:15)

  console.log
    ЁЯУ▒ ╨Ш╨╜╤Д╨╛╤А╨╝╨░╤Ж╨╕╤П ╨╛ ╨▓╨╕╨┤╨╡╨╛ ╤Н╨╗╨╡╨╝╨╡╨╜╤В╨╡: {
      element: <ref *1> HTMLVideoElement {
        '__reactFiber$a7sngw07a7e': FiberNode {
          tag: 5,
          key: null,
          elementType: 'video',
          type: 'video',
          stateNode: [Circular *1],
          return: [FiberNode],
          child: null,
          sibling: [FiberNode],
          index: 1,
          ref: [Object],
          refCleanup: null,
          pendingProps: [Object],
          memoizedProps: [Object],
          updateQueue: null,
          memoizedState: null,
          dependencies: null,
          mode: 1,
          flags: 5243392,
          subtreeFlags: 0,
          deletions: null,
          lanes: 0,
          childLanes: 0,
          alternate: null,
          actualDuration: -0,
          actualStartTime: 3290.1838,
          selfBaseDuration: -0,
          treeBaseDuration: -0,
          _debugInfo: null,
          _debugOwner: [FiberNode],
          _debugStack: Error: react-stack-top-frame
              at process.env.NODE_ENV.exports.jsx (D:\Dev\ExoScan\exoscan-web\node_modules\react\cjs\react-jsx-runtime.development.js:337:13)
              at ScannerContent (D:\Dev\ExoScan\exoscan-web\src\components\Scanner.tsx:784:9)
              at Object.react-stack-bottom-frame (D:\Dev\ExoScan\exoscan-web\node_modules\react-dom\cjs\react-dom-client.development.js:23863:20)
              at renderWithHooks (D:\Dev\ExoScan\exoscan-web\node_modules\react-dom\cjs\react-dom-client.development.js:5529:22)
              at updateFunctionComponent (D:\Dev\ExoScan\exoscan-web\node_modules\react-dom\cjs\react-dom-client.development.js:8897:19)
              at beginWork (D:\Dev\ExoScan\exoscan-web\node_modules\react-dom\cjs\react-dom-client.development.js:10522:18)
              at runWithFiberInDEV (D:\Dev\ExoScan\exoscan-web\node_modules\react-dom\cjs\react-dom-client.development.js:1522:13)
              at performUnitOfWork (D:\Dev\ExoScan\exoscan-web\node_modules\react-dom\cjs\react-dom-client.development.js:15140:22)
              at workLoopSync (D:\Dev\ExoScan\exoscan-web\node_modules\react-dom\cjs\react-dom-client.development.js:14956:41)
              at renderRootSync (D:\Dev\ExoScan\exoscan-web\node_modules\react-dom\cjs\react-dom-client.development.js:14936:11)
              at performWorkOnRoot (D:\Dev\ExoScan\exoscan-web\node_modules\react-dom\cjs\react-dom-client.development.js:14419:13)
              at performWorkOnRootViaSchedulerTask (D:\Dev\ExoScan\exoscan-web\node_modules\react-dom\cjs\react-dom-client.development.js:16216:7)
              at flushActQueue (D:\Dev\ExoScan\exoscan-web\node_modules\react\cjs\react.development.js:566:34)
              at process.env.NODE_ENV.exports.act (D:\Dev\ExoScan\exoscan-web\node_modules\react\cjs\react.development.js:859:10)
              at D:\Dev\ExoScan\exoscan-web\node_modules\@testing-library\react\dist\act-compat.js:47:25
              at renderRoot (D:\Dev\ExoScan\exoscan-web\node_modules\@testing-library\react\dist\pure.js:190:26)
              at render (D:\Dev\ExoScan\exoscan-web\node_modules\@testing-library\react\dist\pure.js:292:10)
              at Object.<anonymous> (D:\Dev\ExoScan\exoscan-web\src\components\__tests__\Scanner.test.tsx:126:13)
              at Promise.finally.completed (D:\Dev\ExoScan\exoscan-web\node_modules\jest-circus\build\jestAdapterInit.js:1557:28)
              at new Promise (<anonymous>)
              at callAsyncCircusFn (D:\Dev\ExoScan\exoscan-web\node_modules\jest-circus\build\jestAdapterInit.js:1497:10)
              at _callCircusTest (D:\Dev\ExoScan\exoscan-web\node_modules\jest-circus\build\jestAdapterInit.js:1007:40)
              at _runTest (D:\Dev\ExoScan\exoscan-web\node_modules\jest-circus\build\jestAdapterInit.js:947:3)
              at D:\Dev\ExoScan\exoscan-web\node_modules\jest-circus\build\jestAdapterInit.js:849:7
              at _runTestsForDescribeBlock (D:\Dev\ExoScan\exoscan-web\node_modules\jest-circus\build\jestAdapterInit.js:862:11)
              at _runTestsForDescribeBlock (D:\Dev\ExoScan\exoscan-web\node_modules\jest-circus\build\jestAdapterInit.js:857:11)
              at _runTestsForDescribeBlock (D:\Dev\ExoScan\exoscan-web\node_modules\jest-circus\build\jestAdapterInit.js:857:11)
              at run (D:\Dev\ExoScan\exoscan-web\node_modules\jest-circus\build\jestAdapterInit.js:761:3)
              at runAndTransformResultsToJestFormat (D:\Dev\ExoScan\exoscan-web\node_modules\jest-circus\build\jestAdapterInit.js:1918:21)
              at jestAdapter (D:\Dev\ExoScan\exoscan-web\node_modules\jest-circus\build\runner.js:101:19)
              at runTestInternal (D:\Dev\ExoScan\exoscan-web\node_modules\jest-runner\build\testWorker.js:275:16)
              at runTest (D:\Dev\ExoScan\exoscan-web\node_modules\jest-runner\build\testWorker.js:343:7)
              at Object.worker (D:\Dev\ExoScan\exoscan-web\node_modules\jest-runner\build\testWorker.js:497:12),
          _debugTask: null,
          _debugNeedsRemount: false,
          _debugHookTypes: null
        },
        '__reactProps$a7sngw07a7e': {
          ref: [Object],
          className: 'w-full object-cover transition-transform duration-200 h-80 md:h-96 lg:h-[500px]',
          autoPlay: true,
          playsInline: true,
          muted: true,
          controls: false,
          'webkit-playsinline': 'true',
          onLoadedData: [AsyncFunction: onLoadedData],
          onCanPlay: [AsyncFunction: onCanPlay],
          onClick: [AsyncFunction: onClick],
          onTouchStart: [AsyncFunction: onTouchStart],
          style: [Object]
        },
        '__reactEvents$a7sngw07a7e': Set(24) {
          'abort__bubble',
          'canplay__bubble',
          'canplaythrough__bubble',
          'durationchange__bubble',
          'emptied__bubble',
          'encrypted__bubble',
          'ended__bubble',
          'error__bubble',
          'loadeddata__bubble',
          'loadedmetadata__bubble',
          'loadstart__bubble',
          'pause__bubble',
          'play__bubble',
          'playing__bubble',
          'progress__bubble',
          'ratechange__bubble',
          'resize__bubble',
          'seeked__bubble',
          'seeking__bubble',
          'stalled__bubble',
          'suspend__bubble',
          'timeupdate__bubble',
          'volumechange__bubble',
          'waiting__bubble'
        },
        [Symbol(SameObject caches)]: [Object: null prototype] {
          style: [CSSStyleDeclaration],
          attributes: NamedNodeMap {}
        }
      },
      tagName: 'VIDEO',
      id: '',
      className: 'w-full object-cover transition-transform duration-200 h-80 md:h-96 lg:h-[500px]',
      style: 'transform: scale(1); transform-origin: center center; background-color: rgb(0, 0, 0); min-height: 20rem;',
      attributes: [
        {
          name: 'class',
          value: 'w-full object-cover transition-transform duration-200 h-80 md:h-96 lg:h-[500px]'
        },
        { name: 'autoplay', value: '' },
        { name: 'playsinline', value: '' },
        { name: 'webkit-playsinline', value: 'true' },
        {
          name: 'style',
          value: 'transform: scale(1); transform-origin: center center; background-color: rgb(0, 0, 0); min-height: 20rem;'
        }
      ]
    }

      at log (src/components/Scanner.tsx:480:15)

  console.log
    тЬЕ ╨Я╨╛╨┤╨┤╨╡╤А╨╢╨║╨░ ╨║╨░╨╝╨╡╤А╤Л: OK

      at log (src/components/Scanner.tsx:502:15)

  console.log
    тЬЕ ╨С╨╡╨╖╨╛╨┐╨░╤Б╨╜╤Л╨╣ ╨║╨╛╨╜╤В╨╡╨║╤Б╤В: OK

      at log (src/components/Scanner.tsx:512:15)

  console.log
    ЁЯФД ╨Я╨╛╨╗╤Г╤З╨╡╨╜╨╕╨╡ ╨┤╨╛╤Б╤В╤Г╨┐╨░ ╨║ ╨║╨░╨╝╨╡╤А╨╡...

      at log (src/components/Scanner.tsx:522:17)

  console.log
    ЁЯЪА ╨Э╨░╤З╨╕╨╜╨░╨╡╨╝ ╨┐╤А╨╛╤Ж╨╡╤Б╤Б ╤Б╨║╨░╨╜╨╕╤А╨╛╨▓╨░╨╜╨╕╤П...

      at log (src/components/Scanner.tsx:523:17)

  console.log
    ЁЯУ▒ BarcodeScanner: ╨Э╨░╤З╨╕╨╜╨░╨╡╨╝ ╨┐╤А╨╛╤Ж╨╡╤Б╤Б ╤Б╨║╨░╨╜╨╕╤А╨╛╨▓╨░╨╜╨╕╤П

      at BarcodeScanner.log [as startScanning] (src/lib/scanner.ts:336:15)

  console.log
    ЁЯФН ╨Ш╨╜╤Д╨╛╤А╨╝╨░╤Ж╨╕╤П ╨╛ ╨▒╤А╨░╤Г╨╖╨╡╤А╨╡: {
      userAgent: 'Mozilla/5.0 (win32) AppleWebKit/537.36 (KHTML, like Gecko) jsdom/26.1.0',
      platform: '',
      language: 'en-US',
      cookieEnabled: true,
      onLine: true
    }

      at BarcodeScanner.log [as startScanning] (src/lib/scanner.ts:337:15)

  console.log
    ЁЯФР ╨Я╤А╨╛╨▓╨╡╤А╨║╨░ ╤А╨░╨╖╤А╨╡╤И╨╡╨╜╨╕╨╣ ╨║╨░╨╝╨╡╤А╤Л...

      at BarcodeScanner.log [as startScanning] (src/lib/scanner.ts:346:15)

  console.log
    ЁЯЫС ╨Ю╤Б╤В╨░╨╜╨╛╨▓╨║╨░ ╤Б╨║╨░╨╜╨╕╤А╨╛╨▓╨░╨╜╨╕╤П...

      at BarcodeScanner.log [as stopScanning] (src/lib/scanner.ts:853:15)
          at Array.forEach (<anonymous>)

  console.log
    ЁЯз╣ ╨Т╨╕╨┤╨╡╨╛ ╤Н╨╗╨╡╨╝╨╡╨╜╤В ╨╛╤З╨╕╤Й╨╡╨╜

      at BarcodeScanner.log [as stopCurrentStream] (src/lib/scanner.ts:744:17)
          at Array.forEach (<anonymous>)

  console.log
    тЬЕ ╨б╨║╨░╨╜╨╕╤А╨╛╨▓╨░╨╜╨╕╨╡ ╨╛╤Б╤В╨░╨╜╨╛╨▓╨╗╨╡╨╜╨╛

      at BarcodeScanner.log [as stopScanning] (src/lib/scanner.ts:866:15)
          at Array.forEach (<anonymous>)

  console.log
    ЁЯОе ╨Ч╨░╨┐╤Г╤Б╨║ ╤Б╨║╨░╨╜╨╕╤А╨╛╨▓╨░╨╜╨╕╤П...

      at log (src/components/Scanner.tsx:479:15)

  console.log
    ЁЯУ▒ ╨Ш╨╜╤Д╨╛╤А╨╝╨░╤Ж╨╕╤П ╨╛ ╨▓╨╕╨┤╨╡╨╛ ╤Н╨╗╨╡╨╝╨╡╨╜╤В╨╡: {
      element: <ref *1> HTMLVideoElement {
        '__reactFiber$a7sngw07a7e': FiberNode {
          tag: 5,
          key: null,
          elementType: 'video',
          type: 'video',
          stateNode: [Circular *1],
          return: [FiberNode],
          child: null,
          sibling: [FiberNode],
          index: 1,
          ref: [Object],
          refCleanup: null,
          pendingProps: [Object],
          memoizedProps: [Object],
          updateQueue: null,
          memoizedState: null,
          dependencies: null,
          mode: 1,
          flags: 5243392,
          subtreeFlags: 0,
          deletions: null,
          lanes: 0,
          childLanes: 0,
          alternate: null,
          actualDuration: -0,
          actualStartTime: 3393.7830000000004,
          selfBaseDuration: -0,
          treeBaseDuration: -0,
          _debugInfo: null,
          _debugOwner: [FiberNode],
          _debugStack: Error: react-stack-top-frame
              at process.env.NODE_ENV.exports.jsx (D:\Dev\ExoScan\exoscan-web\node_modules\react\cjs\react-jsx-runtime.development.js:337:13)
              at ScannerContent (D:\Dev\ExoScan\exoscan-web\src\components\Scanner.tsx:784:9)
              at Object.react-stack-bottom-frame (D:\Dev\ExoScan\exoscan-web\node_modules\react-dom\cjs\react-dom-client.development.js:23863:20)
              at renderWithHooks (D:\Dev\ExoScan\exoscan-web\node_modules\react-dom\cjs\react-dom-client.development.js:5529:22)
              at updateFunctionComponent (D:\Dev\ExoScan\exoscan-web\node_modules\react-dom\cjs\react-dom-client.development.js:8897:19)
              at beginWork (D:\Dev\ExoScan\exoscan-web\node_modules\react-dom\cjs\react-dom-client.development.js:10522:18)
              at runWithFiberInDEV (D:\Dev\ExoScan\exoscan-web\node_modules\react-dom\cjs\react-dom-client.development.js:1522:13)
              at performUnitOfWork (D:\Dev\ExoScan\exoscan-web\node_modules\react-dom\cjs\react-dom-client.development.js:15140:22)
              at workLoopSync (D:\Dev\ExoScan\exoscan-web\node_modules\react-dom\cjs\react-dom-client.development.js:14956:41)
              at renderRootSync (D:\Dev\ExoScan\exoscan-web\node_modules\react-dom\cjs\react-dom-client.development.js:14936:11)
              at performWorkOnRoot (D:\Dev\ExoScan\exoscan-web\node_modules\react-dom\cjs\react-dom-client.development.js:14419:13)
              at performWorkOnRootViaSchedulerTask (D:\Dev\ExoScan\exoscan-web\node_modules\react-dom\cjs\react-dom-client.development.js:16216:7)
              at flushActQueue (D:\Dev\ExoScan\exoscan-web\node_modules\react\cjs\react.development.js:566:34)
              at process.env.NODE_ENV.exports.act (D:\Dev\ExoScan\exoscan-web\node_modules\react\cjs\react.development.js:859:10)
              at D:\Dev\ExoScan\exoscan-web\node_modules\@testing-library\react\dist\act-compat.js:47:25
              at renderRoot (D:\Dev\ExoScan\exoscan-web\node_modules\@testing-library\react\dist\pure.js:190:26)
              at render (D:\Dev\ExoScan\exoscan-web\node_modules\@testing-library\react\dist\pure.js:292:10)
              at Object.<anonymous> (D:\Dev\ExoScan\exoscan-web\src\components\__tests__\Scanner.test.tsx:136:13)
              at Promise.finally.completed (D:\Dev\ExoScan\exoscan-web\node_modules\jest-circus\build\jestAdapterInit.js:1557:28)
              at new Promise (<anonymous>)
              at callAsyncCircusFn (D:\Dev\ExoScan\exoscan-web\node_modules\jest-circus\build\jestAdapterInit.js:1497:10)
              at _callCircusTest (D:\Dev\ExoScan\exoscan-web\node_modules\jest-circus\build\jestAdapterInit.js:1007:40)
              at _runTest (D:\Dev\ExoScan\exoscan-web\node_modules\jest-circus\build\jestAdapterInit.js:947:3)
              at D:\Dev\ExoScan\exoscan-web\node_modules\jest-circus\build\jestAdapterInit.js:849:7
              at _runTestsForDescribeBlock (D:\Dev\ExoScan\exoscan-web\node_modules\jest-circus\build\jestAdapterInit.js:862:11)
              at _runTestsForDescribeBlock (D:\Dev\ExoScan\exoscan-web\node_modules\jest-circus\build\jestAdapterInit.js:857:11)
              at _runTestsForDescribeBlock (D:\Dev\ExoScan\exoscan-web\node_modules\jest-circus\build\jestAdapterInit.js:857:11)
              at run (D:\Dev\ExoScan\exoscan-web\node_modules\jest-circus\build\jestAdapterInit.js:761:3)
              at runAndTransformResultsToJestFormat (D:\Dev\ExoScan\exoscan-web\node_modules\jest-circus\build\jestAdapterInit.js:1918:21)
              at jestAdapter (D:\Dev\ExoScan\exoscan-web\node_modules\jest-circus\build\runner.js:101:19)
              at runTestInternal (D:\Dev\ExoScan\exoscan-web\node_modules\jest-runner\build\testWorker.js:275:16)
              at runTest (D:\Dev\ExoScan\exoscan-web\node_modules\jest-runner\build\testWorker.js:343:7)
              at Object.worker (D:\Dev\ExoScan\exoscan-web\node_modules\jest-runner\build\testWorker.js:497:12),
          _debugTask: null,
          _debugNeedsRemount: false,
          _debugHookTypes: null
        },
        '__reactProps$a7sngw07a7e': {
          ref: [Object],
          className: 'w-full object-cover transition-transform duration-200 h-80 md:h-96 lg:h-[500px]',
          autoPlay: true,
          playsInline: true,
          muted: true,
          controls: false,
          'webkit-playsinline': 'true',
          onLoadedData: [AsyncFunction: onLoadedData],
          onCanPlay: [AsyncFunction: onCanPlay],
          onClick: [AsyncFunction: onClick],
          onTouchStart: [AsyncFunction: onTouchStart],
          style: [Object]
        },
        '__reactEvents$a7sngw07a7e': Set(24) {
          'abort__bubble',
          'canplay__bubble',
          'canplaythrough__bubble',
          'durationchange__bubble',
          'emptied__bubble',
          'encrypted__bubble',
          'ended__bubble',
          'error__bubble',
          'loadeddata__bubble',
          'loadedmetadata__bubble',
          'loadstart__bubble',
          'pause__bubble',
          'play__bubble',
          'playing__bubble',
          'progress__bubble',
          'ratechange__bubble',
          'resize__bubble',
          'seeked__bubble',
          'seeking__bubble',
          'stalled__bubble',
          'suspend__bubble',
          'timeupdate__bubble',
          'volumechange__bubble',
          'waiting__bubble'
        },
        [Symbol(SameObject caches)]: [Object: null prototype] {
          style: [CSSStyleDeclaration],
          attributes: NamedNodeMap {}
        }
      },
      tagName: 'VIDEO',
      id: '',
      className: 'w-full object-cover transition-transform duration-200 h-80 md:h-96 lg:h-[500px]',
      style: 'transform: scale(1); transform-origin: center center; background-color: rgb(0, 0, 0); min-height: 20rem;',
      attributes: [
        {
          name: 'class',
          value: 'w-full object-cover transition-transform duration-200 h-80 md:h-96 lg:h-[500px]'
        },
        { name: 'autoplay', value: '' },
        { name: 'playsinline', value: '' },
        { name: 'webkit-playsinline', value: 'true' },
        {
          name: 'style',
          value: 'transform: scale(1); transform-origin: center center; background-color: rgb(0, 0, 0); min-height: 20rem;'
        }
      ]
    }

      at log (src/components/Scanner.tsx:480:15)

  console.log
    тЬЕ ╨Я╨╛╨┤╨┤╨╡╤А╨╢╨║╨░ ╨║╨░╨╝╨╡╤А╤Л: OK

      at log (src/components/Scanner.tsx:502:15)

  console.log
    тЬЕ ╨С╨╡╨╖╨╛╨┐╨░╤Б╨╜╤Л╨╣ ╨║╨╛╨╜╤В╨╡╨║╤Б╤В: OK

      at log (src/components/Scanner.tsx:512:15)

  console.log
    ЁЯФД ╨Я╨╛╨╗╤Г╤З╨╡╨╜╨╕╨╡ ╨┤╨╛╤Б╤В╤Г╨┐╨░ ╨║ ╨║╨░╨╝╨╡╤А╨╡...

      at log (src/components/Scanner.tsx:522:17)

  console.log
    ЁЯЪА ╨Э╨░╤З╨╕╨╜╨░╨╡╨╝ ╨┐╤А╨╛╤Ж╨╡╤Б╤Б ╤Б╨║╨░╨╜╨╕╤А╨╛╨▓╨░╨╜╨╕╤П...

      at log (src/components/Scanner.tsx:523:17)

  console.log
    ЁЯУ▒ BarcodeScanner: ╨Э╨░╤З╨╕╨╜╨░╨╡╨╝ ╨┐╤А╨╛╤Ж╨╡╤Б╤Б ╤Б╨║╨░╨╜╨╕╤А╨╛╨▓╨░╨╜╨╕╤П

      at BarcodeScanner.log [as startScanning] (src/lib/scanner.ts:336:15)

  console.log
    ЁЯФН ╨Ш╨╜╤Д╨╛╤А╨╝╨░╤Ж╨╕╤П ╨╛ ╨▒╤А╨░╤Г╨╖╨╡╤А╨╡: {
      userAgent: 'Mozilla/5.0 (win32) AppleWebKit/537.36 (KHTML, like Gecko) jsdom/26.1.0',
      platform: '',
      language: 'en-US',
      cookieEnabled: true,
      onLine: true
    }

      at BarcodeScanner.log [as startScanning] (src/lib/scanner.ts:337:15)

  console.log
    ЁЯФР ╨Я╤А╨╛╨▓╨╡╤А╨║╨░ ╤А╨░╨╖╤А╨╡╤И╨╡╨╜╨╕╨╣ ╨║╨░╨╝╨╡╤А╤Л...

      at BarcodeScanner.log [as startScanning] (src/lib/scanner.ts:346:15)

  console.log
    ЁЯФР ╨б╤В╨░╤В╤Г╤Б ╤А╨░╨╖╤А╨╡╤И╨╡╨╜╨╕╨╣: { granted: true, denied: false, prompt: false }

      at BarcodeScanner.log [as startScanning] (src/lib/scanner.ts:348:15)

  console.log
    тЬЕ MediaDevices API: OK

      at BarcodeScanner.log [as startScanning] (src/lib/scanner.ts:383:15)

  console.log
    тЬЕ getUserMedia: OK

      at BarcodeScanner.log [as startScanning] (src/lib/scanner.ts:401:15)

  console.log
    ЁЯУ╣ ╨Я╨╛╨╕╤Б╨║ ╨┤╨╛╤Б╤В╤Г╨┐╨╜╤Л╤Е ╨║╨░╨╝╨╡╤А...

      at BarcodeScanner.log [as startScanning] (src/lib/scanner.ts:404:15)

  console.log
    ЁЯУ╣ ╨Э╨░╨╣╨┤╨╡╨╜╨╛ ╨║╨░╨╝╨╡╤А: 2 [
      { id: 'camera1', label: 'Back Camera', kind: 'videoinput' },
      { id: 'camera2', label: 'Front Camera', kind: 'videoinput' }
    ]

      at BarcodeScanner.log [as startScanning] (src/lib/scanner.ts:406:15)

  console.log
    ЁЯУ╖ ╨Т╤Л╨▒╤А╨░╨╜╨╜╨░╤П ╨║╨░╨╝╨╡╤А╨░: { label: 'Back Camera', id: 'camera1', source: 'back-camera' }

      at BarcodeScanner.log [as startScanning] (src/lib/scanner.ts:440:15)

  console.log
    ЁЯУ▒ ╨Ь╨╛╨▒╨╕╨╗╤М╨╜╨╛╨╡ ╤Г╤Б╤В╤А╨╛╨╣╤Б╤В╨▓╨╛: false

      at BarcodeScanner.log [as startScanning] (src/lib/scanner.ts:448:15)

  console.log
    ЁЯУ▒ ╨г╤Б╤В╤А╨╛╨╣╤Б╤В╨▓╨╛: ╨Ф╤А╤Г╨│╨╛╨╡, ╨С╤А╨░╤Г╨╖╨╡╤А: ╨Ф╤А╤Г╨│╨╛╨╣

      at BarcodeScanner.log [as getOptimalCameraConstraints] (src/lib/scanner.ts:135:13)

  console.log
    ЁЯОе ╨Э╨░╤Б╤В╤А╨╛╨╣╨║╨╕ ╨║╨░╨╝╨╡╤А╤Л: {
      video: {
        deviceId: { ideal: 'camera1' },
        facingMode: undefined,
        width: { ideal: 1920 },
        height: { ideal: 1080 },
        frameRate: { ideal: 30 }
      }
    }

      at BarcodeScanner.log [as startScanning] (src/lib/scanner.ts:452:15)

  console.log
    ЁЯФН ╨Ч╨░╨┐╤Г╤Б╨║ ╨╜╨╡╨┐╤А╨╡╤А╤Л╨▓╨╜╨╛╨│╨╛ ╨┤╨╡╨║╨╛╨┤╨╕╤А╨╛╨▓╨░╨╜╨╕╤П ╤И╤В╤А╨╕╤Е-╨║╨╛╨┤╨╛╨▓...

      at BarcodeScanner.log [as startScanning] (src/lib/scanner.ts:455:15)

  console.log
    ЁЯз╣ ╨Ю╤З╨╕╤Б╤В╨║╨░ ╤Б╤Г╤Й╨╡╤Б╤В╨▓╤Г╤О╤Й╨╡╨│╨╛ ╨┐╨╛╤В╨╛╨║╨░...

      at BarcodeScanner.log [as startScanning] (src/lib/scanner.ts:458:15)

  console.log
    ЁЯУ║ ╨б╨╛╤Б╤В╨╛╤П╨╜╨╕╨╡ ╨▓╨╕╨┤╨╡╨╛ ╤Н╨╗╨╡╨╝╨╡╨╜╤В╨░: {
      readyState: 0,
      videoWidth: 0,
      videoHeight: 0,
      paused: true,
      ended: false,
      muted: true,
      autoplay: true,
      playsInline: true
    }

      at BarcodeScanner.log [as startScanning] (src/lib/scanner.ts:462:15)

  console.log
    ЁЯЫС ╨Ю╤Б╤В╨░╨╜╨╛╨▓╨║╨░ ╤Б╨║╨░╨╜╨╕╤А╨╛╨▓╨░╨╜╨╕╤П...

      at BarcodeScanner.log [as stopScanning] (src/lib/scanner.ts:853:15)
          at Array.forEach (<anonymous>)

  console.log
    ЁЯФД ╨Ч╨░╨┐╤Г╤Б╨║ ╨┤╨╡╨║╨╛╨┤╨╕╤А╨╛╨▓╨░╨╜╨╕╤П ╤Б ╨╛╨│╤А╨░╨╜╨╕╤З╨╡╨╜╨╕╤П╨╝╨╕...

      at BarcodeScanner.log [as startScanning] (src/lib/scanner.ts:474:15)

  console.log
    ЁЯФД ╨Я╨╛╨┐╤Л╤В╨║╨░ ╨╖╨░╨┐╤Г╤Б╨║╨░ ╤Б optimal ╨╛╨│╤А╨░╨╜╨╕╤З╨╡╨╜╨╕╤П╨╝╨╕: {
      "video": {
        "deviceId": {
          "ideal": "camera1"
        },
        "width": {
          "ideal": 1920
        },
        "height": {
          "ideal": 1080
        },
        "frameRate": {
          "ideal": 30
        }
      }
    }

      at BarcodeScanner.log [as startScanning] (src/lib/scanner.ts:487:19)

  console.log
    ЁЯОе ╨Я╨╛╨╗╤Г╤З╨╡╨╜╨╕╨╡ ╨┐╨╛╤В╨╛╨║╨░ ╤З╨╡╤А╨╡╨╖ getUserMedia...

      at BarcodeScanner.log [as startScanning] (src/lib/scanner.ts:490:19)

  console.log
    тЬЕ ╨Я╨╛╤В╨╛╨║ ╨┐╨╛╨╗╤Г╤З╨╡╨╜: {
      active: undefined,
      id: undefined,
      tracks: [
        {
          kind: 'video',
          label: undefined,
          enabled: undefined,
          readyState: undefined,
          muted: undefined,
          settings: [Object]
        }
      ]
    }

      at BarcodeScanner.log [as startScanning] (src/lib/scanner.ts:492:19)

  console.log
    ЁЯОм ╨г╤Б╤В╨░╨╜╨╛╨▓╨║╨░ ╨┐╨╛╤В╨╛╨║╨░ ╨▓ ╨▓╨╕╨┤╨╡╨╛ ╤Н╨╗╨╡╨╝╨╡╨╜╤В...

      at BarcodeScanner.log [as startScanning] (src/lib/scanner.ts:515:19)

  console.log
    ЁЯЫС ╨Ю╤Б╤В╨░╨╜╨╛╨▓╨╗╨╡╨╜ ╤В╤А╨╡╨║ ╨║╨░╨╝╨╡╤А╤Л: video

      at log (src/lib/scanner.ts:737:19)
          at Array.forEach (<anonymous>)
          at Array.forEach (<anonymous>)

  console.log
    ЁЯЫС ╨Ю╤Б╤В╨░╨╜╨╛╨▓╨║╨░ ╤Б╨║╨░╨╜╨╕╤А╨╛╨▓╨░╨╜╨╕╤П...

      at BarcodeScanner.log [as stopScanning] (src/lib/scanner.ts:853:15)
          at Array.forEach (<anonymous>)

  console.log
    ЁЯз╣ ╨Т╨╕╨┤╨╡╨╛ ╤Н╨╗╨╡╨╝╨╡╨╜╤В ╨╛╤З╨╕╤Й╨╡╨╜

      at BarcodeScanner.log [as stopCurrentStream] (src/lib/scanner.ts:744:17)
          at Array.forEach (<anonymous>)

  console.log
    тЬЕ ╨б╨║╨░╨╜╨╕╤А╨╛╨▓╨░╨╜╨╕╨╡ ╨╛╤Б╤В╨░╨╜╨╛╨▓╨╗╨╡╨╜╨╛

      at BarcodeScanner.log [as stopScanning] (src/lib/scanner.ts:866:15)
          at Array.forEach (<anonymous>)

  console.log
    ЁЯЫС ╨Ю╤Б╤В╨░╨╜╨╛╨▓╨╗╨╡╨╜ ╤В╤А╨╡╨║ ╨║╨░╨╝╨╡╤А╤Л: video

      at log (src/lib/scanner.ts:737:19)
          at Array.forEach (<anonymous>)
          at Array.forEach (<anonymous>)

  console.log
    ЁЯз╣ ╨Т╨╕╨┤╨╡╨╛ ╤Н╨╗╨╡╨╝╨╡╨╜╤В ╨╛╤З╨╕╤Й╨╡╨╜

      at BarcodeScanner.log [as stopCurrentStream] (src/lib/scanner.ts:744:17)
          at Array.forEach (<anonymous>)

  console.log
    тЬЕ ╨б╨║╨░╨╜╨╕╤А╨╛╨▓╨░╨╜╨╕╨╡ ╨╛╤Б╤В╨░╨╜╨╛╨▓╨╗╨╡╨╜╨╛

      at BarcodeScanner.log [as stopScanning] (src/lib/scanner.ts:866:15)
          at Array.forEach (<anonymous>)

  console.log
    ЁЯОе ╨Ч╨░╨┐╤Г╤Б╨║ ╤Б╨║╨░╨╜╨╕╤А╨╛╨▓╨░╨╜╨╕╤П...

      at log (src/components/Scanner.tsx:479:15)

  console.log
    ЁЯУ▒ ╨Ш╨╜╤Д╨╛╤А╨╝╨░╤Ж╨╕╤П ╨╛ ╨▓╨╕╨┤╨╡╨╛ ╤Н╨╗╨╡╨╝╨╡╨╜╤В╨╡: {
      element: <ref *1> HTMLVideoElement {
        '__reactFiber$t4lsjnwx8va': FiberNode {
          tag: 5,
          key: null,
          elementType: 'video',
          type: 'video',
          stateNode: [Circular *1],
          return: [FiberNode],
          child: null,
          sibling: [FiberNode],
          index: 1,
          ref: [Object],
          refCleanup: null,
          pendingProps: [Object],
          memoizedProps: [Object],
          updateQueue: null,
          memoizedState: null,
          dependencies: null,
          mode: 25,
          flags: 5243392,
          subtreeFlags: 0,
          deletions: null,
          lanes: 0,
          childLanes: 0,
          alternate: null,
          actualDuration: -0,
          actualStartTime: 3535.9188000000004,
          selfBaseDuration: -0,
          treeBaseDuration: -0,
          _debugInfo: null,
          _debugOwner: [FiberNode],
          _debugStack: Error: react-stack-top-frame
              at process.env.NODE_ENV.exports.jsx (D:\Dev\ExoScan\exoscan-web\node_modules\react\cjs\react-jsx-runtime.development.js:337:13)
              at ScannerContent (D:\Dev\ExoScan\exoscan-web\src\components\Scanner.tsx:784:9)
              at Object.react-stack-bottom-frame (D:\Dev\ExoScan\exoscan-web\node_modules\react-dom\cjs\react-dom-client.development.js:23863:20)
              at renderWithHooksAgain (D:\Dev\ExoScan\exoscan-web\node_modules\react-dom\cjs\react-dom-client.development.js:5629:20)
              at renderWithHooks (D:\Dev\ExoScan\exoscan-web\node_modules\react-dom\cjs\react-dom-client.development.js:5541:22)
              at updateFunctionComponent (D:\Dev\ExoScan\exoscan-web\node_modules\react-dom\cjs\react-dom-client.development.js:8897:19)
              at beginWork (D:\Dev\ExoScan\exoscan-web\node_modules\react-dom\cjs\react-dom-client.development.js:10522:18)
              at runWithFiberInDEV (D:\Dev\ExoScan\exoscan-web\node_modules\react-dom\cjs\react-dom-client.development.js:1522:13)
              at performUnitOfWork (D:\Dev\ExoScan\exoscan-web\node_modules\react-dom\cjs\react-dom-client.development.js:15140:22)
              at workLoopSync (D:\Dev\ExoScan\exoscan-web\node_modules\react-dom\cjs\react-dom-client.development.js:14956:41)
              at renderRootSync (D:\Dev\ExoScan\exoscan-web\node_modules\react-dom\cjs\react-dom-client.development.js:14936:11)
              at performWorkOnRoot (D:\Dev\ExoScan\exoscan-web\node_modules\react-dom\cjs\react-dom-client.development.js:14419:13)
              at performWorkOnRootViaSchedulerTask (D:\Dev\ExoScan\exoscan-web\node_modules\react-dom\cjs\react-dom-client.development.js:16216:7)
              at flushActQueue (D:\Dev\ExoScan\exoscan-web\node_modules\react\cjs\react.development.js:566:34)
              at process.env.NODE_ENV.exports.act (D:\Dev\ExoScan\exoscan-web\node_modules\react\cjs\react.development.js:859:10)
              at D:\Dev\ExoScan\exoscan-web\node_modules\@testing-library\react\dist\act-compat.js:47:25
              at renderRoot (D:\Dev\ExoScan\exoscan-web\node_modules\@testing-library\react\dist\pure.js:190:26)
              at render (D:\Dev\ExoScan\exoscan-web\node_modules\@testing-library\react\dist\pure.js:292:10)
              at Object.<anonymous> (D:\Dev\ExoScan\exoscan-web\src\components\__tests__\Scanner.strict-mode.test.tsx:136:43)
              at Promise.finally.completed (D:\Dev\ExoScan\exoscan-web\node_modules\jest-circus\build\jestAdapterInit.js:1557:28)
              at new Promise (<anonymous>)
              at callAsyncCircusFn (D:\Dev\ExoScan\exoscan-web\node_modules\jest-circus\build\jestAdapterInit.js:1497:10)
              at _callCircusTest (D:\Dev\ExoScan\exoscan-web\node_modules\jest-circus\build\jestAdapterInit.js:1007:40)
              at _runTest (D:\Dev\ExoScan\exoscan-web\node_modules\jest-circus\build\jestAdapterInit.js:947:3)
              at D:\Dev\ExoScan\exoscan-web\node_modules\jest-circus\build\jestAdapterInit.js:849:7
              at _runTestsForDescribeBlock (D:\Dev\ExoScan\exoscan-web\node_modules\jest-circus\build\jestAdapterInit.js:862:11)
              at _runTestsForDescribeBlock (D:\Dev\ExoScan\exoscan-web\node_modules\jest-circus\build\jestAdapterInit.js:857:11)
              at _runTestsForDescribeBlock (D:\Dev\ExoScan\exoscan-web\node_modules\jest-circus\build\jestAdapterInit.js:857:11)
              at run (D:\Dev\ExoScan\exoscan-web\node_modules\jest-circus\build\jestAdapterInit.js:761:3)
              at runAndTransformResultsToJestFormat (D:\Dev\ExoScan\exoscan-web\node_modules\jest-circus\build\jestAdapterInit.js:1918:21)
              at jestAdapter (D:\Dev\ExoScan\exoscan-web\node_modules\jest-circus\build\runner.js:101:19)
              at runTestInternal (D:\Dev\ExoScan\exoscan-web\node_modules\jest-runner\build\testWorker.js:275:16)
              at runTest (D:\Dev\ExoScan\exoscan-web\node_modules\jest-runner\build\testWorker.js:343:7)
              at Object.worker (D:\Dev\ExoScan\exoscan-web\node_modules\jest-runner\build\testWorker.js:497:12),
          _debugTask: null,
          _debugNeedsRemount: false,
          _debugHookTypes: null
        },
        '__reactProps$t4lsjnwx8va': {
          ref: [Object],
          className: 'w-full object-cover transition-transform duration-200 h-80 md:h-96 lg:h-[500px]',
          autoPlay: true,
          playsInline: true,
          muted: true,
          controls: false,
          'webkit-playsinline': 'true',
          onLoadedData: [AsyncFunction: onLoadedData],
          onCanPlay: [AsyncFunction: onCanPlay],
          onClick: [AsyncFunction: onClick],
          onTouchStart: [AsyncFunction: onTouchStart],
          style: [Object]
        },
        '__reactEvents$t4lsjnwx8va': Set(24) {
          'abort__bubble',
          'canplay__bubble',
          'canplaythrough__bubble',
          'durationchange__bubble',
          'emptied__bubble',
          'encrypted__bubble',
          'ended__bubble',
          'error__bubble',
          'loadeddata__bubble',
          'loadedmetadata__bubble',
          'loadstart__bubble',
          'pause__bubble',
          'play__bubble',
          'playing__bubble',
          'progress__bubble',
          'ratechange__bubble',
          'resize__bubble',
          'seeked__bubble',
          'seeking__bubble',
          'stalled__bubble',
          'suspend__bubble',
          'timeupdate__bubble',
          'volumechange__bubble',
          'waiting__bubble'
        },
        [Symbol(SameObject caches)]: [Object: null prototype] {
          style: [CSSStyleDeclaration],
          attributes: NamedNodeMap {}
        }
      },
      tagName: 'VIDEO',
      id: '',
      className: 'w-full object-cover transition-transform duration-200 h-80 md:h-96 lg:h-[500px]',
      style: 'transform: scale(1); transform-origin: center center; background-color: rgb(0, 0, 0); min-height: 20rem;',
      attributes: [
        {
          name: 'class',
          value: 'w-full object-cover transition-transform duration-200 h-80 md:h-96 lg:h-[500px]'
        },
        { name: 'autoplay', value: '' },
        { name: 'playsinline', value: '' },
        { name: 'webkit-playsinline', value: 'true' },
        {
          name: 'style',
          value: 'transform: scale(1); transform-origin: center center; background-color: rgb(0, 0, 0); min-height: 20rem;'
        }
      ]
    }

      at log (src/components/Scanner.tsx:480:15)

  console.log
    тЬЕ ╨Я╨╛╨┤╨┤╨╡╤А╨╢╨║╨░ ╨║╨░╨╝╨╡╤А╤Л: OK

      at log (src/components/Scanner.tsx:502:15)

  console.log
    тЬЕ ╨С╨╡╨╖╨╛╨┐╨░╤Б╨╜╤Л╨╣ ╨║╨╛╨╜╤В╨╡╨║╤Б╤В: OK

      at log (src/components/Scanner.tsx:512:15)

  console.log
    ЁЯОе ╨Ч╨░╨┐╤Г╤Б╨║ ╤Б╨║╨░╨╜╨╕╤А╨╛╨▓╨░╨╜╨╕╤П...

      at log (src/components/Scanner.tsx:479:15)

  console.log
    ЁЯФД ╨Я╨╛╨╗╤Г╤З╨╡╨╜╨╕╨╡ ╨┤╨╛╤Б╤В╤Г╨┐╨░ ╨║ ╨║╨░╨╝╨╡╤А╨╡...

      at log (src/components/Scanner.tsx:522:17)

  console.log
    ЁЯЪА ╨Э╨░╤З╨╕╨╜╨░╨╡╨╝ ╨┐╤А╨╛╤Ж╨╡╤Б╤Б ╤Б╨║╨░╨╜╨╕╤А╨╛╨▓╨░╨╜╨╕╤П...

      at log (src/components/Scanner.tsx:523:17)

  console.log
    ЁЯУ▒ ╨Ш╨╜╤Д╨╛╤А╨╝╨░╤Ж╨╕╤П ╨╛ ╨▓╨╕╨┤╨╡╨╛ ╤Н╨╗╨╡╨╝╨╡╨╜╤В╨╡: {
      element: <ref *1> HTMLVideoElement {
        '__reactFiber$a7sngw07a7e': FiberNode {
          tag: 5,
          key: null,
          elementType: 'video',
          type: 'video',
          stateNode: [Circular *1],
          return: [FiberNode],
          child: null,
          sibling: [FiberNode],
          index: 1,
          ref: [Object],
          refCleanup: null,
          pendingProps: [Object],
          memoizedProps: [Object],
          updateQueue: null,
          memoizedState: null,
          dependencies: null,
          mode: 1,
          flags: 5243392,
          subtreeFlags: 0,
          deletions: null,
          lanes: 0,
          childLanes: 0,
          alternate: null,
          actualDuration: -0,
          actualStartTime: 3575.4682999999995,
          selfBaseDuration: -0,
          treeBaseDuration: -0,
          _debugInfo: null,
          _debugOwner: [FiberNode],
          _debugStack: Error: react-stack-top-frame
              at process.env.NODE_ENV.exports.jsx (D:\Dev\ExoScan\exoscan-web\node_modules\react\cjs\react-jsx-runtime.development.js:337:13)
              at ScannerContent (D:\Dev\ExoScan\exoscan-web\src\components\Scanner.tsx:784:9)
              at Object.react-stack-bottom-frame (D:\Dev\ExoScan\exoscan-web\node_modules\react-dom\cjs\react-dom-client.development.js:23863:20)
              at renderWithHooks (D:\Dev\ExoScan\exoscan-web\node_modules\react-dom\cjs\react-dom-client.development.js:5529:22)
              at updateFunctionComponent (D:\Dev\ExoScan\exoscan-web\node_modules\react-dom\cjs\react-dom-client.development.js:8897:19)
              at beginWork (D:\Dev\ExoScan\exoscan-web\node_modules\react-dom\cjs\react-dom-client.development.js:10522:18)
              at runWithFiberInDEV (D:\Dev\ExoScan\exoscan-web\node_modules\react-dom\cjs\react-dom-client.development.js:1522:13)
              at performUnitOfWork (D:\Dev\ExoScan\exoscan-web\node_modules\react-dom\cjs\react-dom-client.development.js:15140:22)
              at workLoopSync (D:\Dev\ExoScan\exoscan-web\node_modules\react-dom\cjs\react-dom-client.development.js:14956:41)
              at renderRootSync (D:\Dev\ExoScan\exoscan-web\node_modules\react-dom\cjs\react-dom-client.development.js:14936:11)
              at performWorkOnRoot (D:\Dev\ExoScan\exoscan-web\node_modules\react-dom\cjs\react-dom-client.development.js:14419:13)
              at performWorkOnRootViaSchedulerTask (D:\Dev\ExoScan\exoscan-web\node_modules\react-dom\cjs\react-dom-client.development.js:16216:7)
              at flushActQueue (D:\Dev\ExoScan\exoscan-web\node_modules\react\cjs\react.development.js:566:34)
              at process.env.NODE_ENV.exports.act (D:\Dev\ExoScan\exoscan-web\node_modules\react\cjs\react.development.js:859:10)
              at D:\Dev\ExoScan\exoscan-web\node_modules\@testing-library\react\dist\act-compat.js:47:25
              at renderRoot (D:\Dev\ExoScan\exoscan-web\node_modules\@testing-library\react\dist\pure.js:190:26)
              at render (D:\Dev\ExoScan\exoscan-web\node_modules\@testing-library\react\dist\pure.js:292:10)
              at Object.<anonymous> (D:\Dev\ExoScan\exoscan-web\src\components\__tests__\Scanner.test.tsx:150:13)
              at Promise.finally.completed (D:\Dev\ExoScan\exoscan-web\node_modules\jest-circus\build\jestAdapterInit.js:1557:28)
              at new Promise (<anonymous>)
              at callAsyncCircusFn (D:\Dev\ExoScan\exoscan-web\node_modules\jest-circus\build\jestAdapterInit.js:1497:10)
              at _callCircusTest (D:\Dev\ExoScan\exoscan-web\node_modules\jest-circus\build\jestAdapterInit.js:1007:40)
              at runNextTicks (node:internal/process/task_queues:65:5)
              at listOnTimeout (node:internal/timers:549:9)
              at processTimers (node:internal/timers:523:7)
              at _runTest (D:\Dev\ExoScan\exoscan-web\node_modules\jest-circus\build\jestAdapterInit.js:947:3)
              at D:\Dev\ExoScan\exoscan-web\node_modules\jest-circus\build\jestAdapterInit.js:849:7
              at _runTestsForDescribeBlock (D:\Dev\ExoScan\exoscan-web\node_modules\jest-circus\build\jestAdapterInit.js:862:11)
              at _runTestsForDescribeBlock (D:\Dev\ExoScan\exoscan-web\node_modules\jest-circus\build\jestAdapterInit.js:857:11)
              at _runTestsForDescribeBlock (D:\Dev\ExoScan\exoscan-web\node_modules\jest-circus\build\jestAdapterInit.js:857:11)
              at run (D:\Dev\ExoScan\exoscan-web\node_modules\jest-circus\build\jestAdapterInit.js:761:3)
              at runAndTransformResultsToJestFormat (D:\Dev\ExoScan\exoscan-web\node_modules\jest-circus\build\jestAdapterInit.js:1918:21)
              at jestAdapter (D:\Dev\ExoScan\exoscan-web\node_modules\jest-circus\build\runner.js:101:19)
              at runTestInternal (D:\Dev\ExoScan\exoscan-web\node_modules\jest-runner\build\testWorker.js:275:16)
              at runTest (D:\Dev\ExoScan\exoscan-web\node_modules\jest-runner\build\testWorker.js:343:7)
              at Object.worker (D:\Dev\ExoScan\exoscan-web\node_modules\jest-runner\build\testWorker.js:497:12),
          _debugTask: null,
          _debugNeedsRemount: false,
          _debugHookTypes: null
        },
        '__reactProps$a7sngw07a7e': {
          ref: [Object],
          className: 'w-full object-cover transition-transform duration-200 h-80 md:h-96 lg:h-[500px]',
          autoPlay: true,
          playsInline: true,
          muted: true,
          controls: false,
          'webkit-playsinline': 'true',
          onLoadedData: [AsyncFunction: onLoadedData],
          onCanPlay: [AsyncFunction: onCanPlay],
          onClick: [AsyncFunction: onClick],
          onTouchStart: [AsyncFunction: onTouchStart],
          style: [Object]
        },
        '__reactEvents$a7sngw07a7e': Set(24) {
          'abort__bubble',
          'canplay__bubble',
          'canplaythrough__bubble',
          'durationchange__bubble',
          'emptied__bubble',
          'encrypted__bubble',
          'ended__bubble',
          'error__bubble',
          'loadeddata__bubble',
          'loadedmetadata__bubble',
          'loadstart__bubble',
          'pause__bubble',
          'play__bubble',
          'playing__bubble',
          'progress__bubble',
          'ratechange__bubble',
          'resize__bubble',
          'seeked__bubble',
          'seeking__bubble',
          'stalled__bubble',
          'suspend__bubble',
          'timeupdate__bubble',
          'volumechange__bubble',
          'waiting__bubble'
        },
        [Symbol(SameObject caches)]: [Object: null prototype] {
          style: [CSSStyleDeclaration],
          attributes: NamedNodeMap {}
        }
      },
      tagName: 'VIDEO',
      id: '',
      className: 'w-full object-cover transition-transform duration-200 h-80 md:h-96 lg:h-[500px]',
      style: 'transform: scale(1); transform-origin: center center; background-color: rgb(0, 0, 0); min-height: 20rem;',
      attributes: [
        {
          name: 'class',
          value: 'w-full object-cover transition-transform duration-200 h-80 md:h-96 lg:h-[500px]'
        },
        { name: 'autoplay', value: '' },
        { name: 'playsinline', value: '' },
        { name: 'webkit-playsinline', value: 'true' },
        {
          name: 'style',
          value: 'transform: scale(1); transform-origin: center center; background-color: rgb(0, 0, 0); min-height: 20rem;'
        }
      ]
    }

      at log (src/components/Scanner.tsx:480:15)

  console.warn
    тЪая╕П ╨Ь╨╛╨╜╨╕╤В╨╛╤А╨╕╨╜╨│: ╨╛╤В╤Б╤Г╤В╤Б╤В╨▓╤Г╨╡╤В ╨┐╨╛╤В╨╛╨║ ╨╕╨╗╨╕ ╨╛╨╜ ╨╜╨╡╨░╨║╤В╨╕╨▓╨╡╨╜ тАФ ╨┐╤А╨╛╨▒╤Г╨╡╨╝ ╨▓╨╛╤Б╤Б╤В╨░╨╜╨╛╨▓╨╕╤В╤М ╨┐╤А╨╕╨▓╤П╨╖╨║╤Г

    [0m [90m 594 |[39m
     [90m 595 |[39m                 [36mif[39m ([33m![39mhasStream [33m||[39m [33m![39mstreamActive) {
    [31m[1m>[22m[39m[90m 596 |[39m                   console[33m.[39mwarn([32m'тЪая╕П ╨Ь╨╛╨╜╨╕╤В╨╛╤А╨╕╨╜╨│: ╨╛╤В╤Б╤Г╤В╤Б╤В╨▓╤Г╨╡╤В ╨┐╨╛╤В╨╛╨║ ╨╕╨╗╨╕ ╨╛╨╜ ╨╜╨╡╨░╨║╤В╨╕╨▓╨╡╨╜ тАФ ╨┐╤А╨╛╨▒╤Г╨╡╨╝ ╨▓╨╛╤Б╤Б╤В╨░╨╜╨╛╨▓╨╕╤В╤М ╨┐╤А╨╕╨▓╤П╨╖╨║╤Г'[39m)
     [90m     |[39m                           [31m[1m^[22m[39m
     [90m 597 |[39m                   [36mconst[39m current [33m=[39m [36mthis[39m[33m.[39mcurrentStream
     [90m 598 |[39m                   [36mif[39m (current) {
     [90m 599 |[39m                     videoElement[33m.[39msrcObject [33m=[39m [36mnull[39m[0m

      at warn (src/lib/scanner.ts:596:27)
      at Timeout.task [as _onTimeout] (node_modules/jsdom/lib/jsdom/browser/Window.js:579:19)

  console.log
    ЁЯУ▒ BarcodeScanner: ╨Э╨░╤З╨╕╨╜╨░╨╡╨╝ ╨┐╤А╨╛╤Ж╨╡╤Б╤Б ╤Б╨║╨░╨╜╨╕╤А╨╛╨▓╨░╨╜╨╕╤П

      at BarcodeScanner.log [as startScanning] (src/lib/scanner.ts:336:15)

  console.log
    тЬЕ ╨Я╨╛╨┤╨┤╨╡╤А╨╢╨║╨░ ╨║╨░╨╝╨╡╤А╤Л: OK

      at log (src/components/Scanner.tsx:502:15)

  console.log
    тЬЕ ╨С╨╡╨╖╨╛╨┐╨░╤Б╨╜╤Л╨╣ ╨║╨╛╨╜╤В╨╡╨║╤Б╤В: OK

      at log (src/components/Scanner.tsx:512:15)

  console.log
    ЁЯФН ╨Ш╨╜╤Д╨╛╤А╨╝╨░╤Ж╨╕╤П ╨╛ ╨▒╤А╨░╤Г╨╖╨╡╤А╨╡: {
      userAgent: 'Mozilla/5.0 (win32) AppleWebKit/537.36 (KHTML, like Gecko) jsdom/26.1.0',
      platform: '',
      language: 'en-US',
      cookieEnabled: true,
      onLine: true
    }

      at BarcodeScanner.log [as startScanning] (src/lib/scanner.ts:337:15)

  console.log
    ЁЯФД ╨Я╨╛╨╗╤Г╤З╨╡╨╜╨╕╨╡ ╨┤╨╛╤Б╤В╤Г╨┐╨░ ╨║ ╨║╨░╨╝╨╡╤А╨╡...

      at log (src/components/Scanner.tsx:522:17)

  console.log
    ЁЯФР ╨Я╤А╨╛╨▓╨╡╤А╨║╨░ ╤А╨░╨╖╤А╨╡╤И╨╡╨╜╨╕╨╣ ╨║╨░╨╝╨╡╤А╤Л...

      at BarcodeScanner.log [as startScanning] (src/lib/scanner.ts:346:15)

  console.log
    ЁЯЪА ╨Э╨░╤З╨╕╨╜╨░╨╡╨╝ ╨┐╤А╨╛╤Ж╨╡╤Б╤Б ╤Б╨║╨░╨╜╨╕╤А╨╛╨▓╨░╨╜╨╕╤П...

      at log (src/components/Scanner.tsx:523:17)

  console.log
    ЁЯУ▒ BarcodeScanner: ╨Э╨░╤З╨╕╨╜╨░╨╡╨╝ ╨┐╤А╨╛╤Ж╨╡╤Б╤Б ╤Б╨║╨░╨╜╨╕╤А╨╛╨▓╨░╨╜╨╕╤П

      at BarcodeScanner.log [as startScanning] (src/lib/scanner.ts:336:15)

  console.warn
    тЪая╕П ╨Ь╨╛╨╜╨╕╤В╨╛╤А╨╕╨╜╨│: ╨╜╨╡╤В ╨║╨░╨┤╤А╨╛╨▓ ╨╕╨╗╨╕ ╨▓╨╕╨┤╨╡╨╛ ╨╜╨░ ╨┐╨░╤Г╨╖╨╡ тАФ ╨┐╤А╨╛╨▒╤Г╨╡╨╝ ╤Б╨╜╨╛╨▓╨░ play()

    [0m [90m 603 |[39m
     [90m 604 |[39m                 [36mif[39m ([33m![39mhasFrames [33m||[39m isPaused) {
    [31m[1m>[22m[39m[90m 605 |[39m                   console[33m.[39mwarn([32m'тЪая╕П ╨Ь╨╛╨╜╨╕╤В╨╛╤А╨╕╨╜╨│: ╨╜╨╡╤В ╨║╨░╨┤╤А╨╛╨▓ ╨╕╨╗╨╕ ╨▓╨╕╨┤╨╡╨╛ ╨╜╨░ ╨┐╨░╤Г╨╖╨╡ тАФ ╨┐╤А╨╛╨▒╤Г╨╡╨╝ ╤Б╨╜╨╛╨▓╨░ play()'[39m)
     [90m     |[39m                           [31m[1m^[22m[39m
     [90m 606 |[39m                   [36mtry[39m {
     [90m 607 |[39m                     [36mawait[39m videoElement[33m.[39mplay()
     [90m 608 |[39m                   } [36mcatch[39m (e) {[0m

      at warn (src/lib/scanner.ts:605:27)
      at Timeout.task [as _onTimeout] (node_modules/jsdom/lib/jsdom/browser/Window.js:579:19)

  console.log
    ЁЯЫС ╨Ю╤Б╤В╨░╨╜╨╛╨▓╨║╨░ ╤Б╨║╨░╨╜╨╕╤А╨╛╨▓╨░╨╜╨╕╤П...

      at BarcodeScanner.log [as stopScanning] (src/lib/scanner.ts:853:15)

  console.log
    ЁЯФН ╨Ш╨╜╤Д╨╛╤А╨╝╨░╤Ж╨╕╤П ╨╛ ╨▒╤А╨░╤Г╨╖╨╡╤А╨╡: {
      userAgent: 'Mozilla/5.0 (win32) AppleWebKit/537.36 (KHTML, like Gecko) jsdom/26.1.0',
      platform: '',
      language: 'en-US',
      cookieEnabled: true,
      onLine: true
    }

      at BarcodeScanner.log [as startScanning] (src/lib/scanner.ts:337:15)

  console.log
    ЁЯз╣ ╨Т╨╕╨┤╨╡╨╛ ╤Н╨╗╨╡╨╝╨╡╨╜╤В ╨╛╤З╨╕╤Й╨╡╨╜

      at BarcodeScanner.log [as stopCurrentStream] (src/lib/scanner.ts:744:17)

  console.log
    ЁЯФР ╨Я╤А╨╛╨▓╨╡╤А╨║╨░ ╤А╨░╨╖╤А╨╡╤И╨╡╨╜╨╕╨╣ ╨║╨░╨╝╨╡╤А╤Л...

      at BarcodeScanner.log [as startScanning] (src/lib/scanner.ts:346:15)

  console.log
    тЬЕ ╨б╨║╨░╨╜╨╕╤А╨╛╨▓╨░╨╜╨╕╨╡ ╨╛╤Б╤В╨░╨╜╨╛╨▓╨╗╨╡╨╜╨╛

      at BarcodeScanner.log [as stopScanning] (src/lib/scanner.ts:866:15)

  console.log
    ЁЯОе ╨Ч╨░╨┐╤Г╤Б╨║ ╤Б╨║╨░╨╜╨╕╤А╨╛╨▓╨░╨╜╨╕╤П...

      at log (src/components/Scanner.tsx:479:15)

  console.error
    Error: Not implemented: HTMLCanvasElement.prototype.toDataURL (without installing the canvas npm package)
        at BarcodeScanner.toDataURL [as captureFrame] (D:\Dev\ExoScan\exoscan-web\src\lib\scanner.ts:904:30)
        at captureFrame (D:\Dev\ExoScan\exoscan-web\src\lib\scanner.ts:829:35) {
      type: 'not implemented'
    }

    [0m [90m 902 |[39m
     [90m 903 |[39m       [90m// Create image element from canvas data URL (avoids 0x0 toBlob issues)[39m
    [31m[1m>[22m[39m[90m 904 |[39m       [36mconst[39m dataUrl [33m=[39m canvas[33m.[39mtoDataURL([32m'image/png'[39m)
     [90m     |[39m                              [31m[1m^[22m[39m
     [90m 905 |[39m       [36mconst[39m imageElement [33m=[39m [36mawait[39m [36mnew[39m [33mPromise[39m[33m<[39m[33mHTMLImageElement[39m[33m>[39m((resolve) [33m=>[39m {
     [90m 906 |[39m         [36mconst[39m img [33m=[39m [36mnew[39m [33mImage[39m()
     [90m 907 |[39m         img[33m.[39monload [33m=[39m () [33m=>[39m resolve(img)[0m

      at VirtualConsole.<anonymous> (node_modules/@jest/environment-jsdom-abstract/build/index.js:87:23)
      at module.exports (node_modules/jsdom/lib/jsdom/browser/not-implemented.js:12:26)
      at HTMLCanvasElementImpl.toDataURL (node_modules/jsdom/lib/jsdom/living/nodes/HTMLCanvasElement-impl.js:55:5)
      at HTMLCanvasElement.toDataURL (node_modules/jsdom/lib/jsdom/living/generated/HTMLCanvasElement.js:162:34)
      at BarcodeScanner.toDataURL [as captureFrame] (src/lib/scanner.ts:904:30)
      at captureFrame (src/lib/scanner.ts:829:35)
      at Timeout.task [as _onTimeout] (node_modules/jsdom/lib/jsdom/browser/Window.js:579:19)

  console.log
    ЁЯУ▒ ╨Ш╨╜╤Д╨╛╤А╨╝╨░╤Ж╨╕╤П ╨╛ ╨▓╨╕╨┤╨╡╨╛ ╤Н╨╗╨╡╨╝╨╡╨╜╤В╨╡: {
      element: <ref *1> HTMLVideoElement {
        '__reactFiber$t4lsjnwx8va': FiberNode {
          tag: 5,
          key: null,
          elementType: 'video',
          type: 'video',
          stateNode: [Circular *1],
          return: [FiberNode],
          child: null,
          sibling: [FiberNode],
          index: 1,
          ref: [Object],
          refCleanup: null,
          pendingProps: [Object],
          memoizedProps: [Object],
          updateQueue: null,
          memoizedState: null,
          dependencies: null,
          mode: 25,
          flags: 5243392,
          subtreeFlags: 0,
          deletions: null,
          lanes: 0,
          childLanes: 0,
          alternate: null,
          actualDuration: -0,
          actualStartTime: 3535.9188000000004,
          selfBaseDuration: -0,
          treeBaseDuration: -0,
          _debugInfo: null,
          _debugOwner: [FiberNode],
          _debugStack: Error: react-stack-top-frame
              at process.env.NODE_ENV.exports.jsx (D:\Dev\ExoScan\exoscan-web\node_modules\react\cjs\react-jsx-runtime.development.js:337:13)
              at ScannerContent (D:\Dev\ExoScan\exoscan-web\src\components\Scanner.tsx:784:9)
              at Object.react-stack-bottom-frame (D:\Dev\ExoScan\exoscan-web\node_modules\react-dom\cjs\react-dom-client.development.js:23863:20)
              at renderWithHooksAgain (D:\Dev\ExoScan\exoscan-web\node_modules\react-dom\cjs\react-dom-client.development.js:5629:20)
              at renderWithHooks (D:\Dev\ExoScan\exoscan-web\node_modules\react-dom\cjs\react-dom-client.development.js:5541:22)
              at updateFunctionComponent (D:\Dev\ExoScan\exoscan-web\node_modules\react-dom\cjs\react-dom-client.development.js:8897:19)
              at beginWork (D:\Dev\ExoScan\exoscan-web\node_modules\react-dom\cjs\react-dom-client.development.js:10522:18)
              at runWithFiberInDEV (D:\Dev\ExoScan\exoscan-web\node_modules\react-dom\cjs\react-dom-client.development.js:1522:13)
              at performUnitOfWork (D:\Dev\ExoScan\exoscan-web\node_modules\react-dom\cjs\react-dom-client.development.js:15140:22)
              at workLoopSync (D:\Dev\ExoScan\exoscan-web\node_modules\react-dom\cjs\react-dom-client.development.js:14956:41)
              at renderRootSync (D:\Dev\ExoScan\exoscan-web\node_modules\react-dom\cjs\react-dom-client.development.js:14936:11)
              at performWorkOnRoot (D:\Dev\ExoScan\exoscan-web\node_modules\react-dom\cjs\react-dom-client.development.js:14419:13)
              at performWorkOnRootViaSchedulerTask (D:\Dev\ExoScan\exoscan-web\node_modules\react-dom\cjs\react-dom-client.development.js:16216:7)
              at flushActQueue (D:\Dev\ExoScan\exoscan-web\node_modules\react\cjs\react.development.js:566:34)
              at process.env.NODE_ENV.exports.act (D:\Dev\ExoScan\exoscan-web\node_modules\react\cjs\react.development.js:859:10)
              at D:\Dev\ExoScan\exoscan-web\node_modules\@testing-library\react\dist\act-compat.js:47:25
              at renderRoot (D:\Dev\ExoScan\exoscan-web\node_modules\@testing-library\react\dist\pure.js:190:26)
              at render (D:\Dev\ExoScan\exoscan-web\node_modules\@testing-library\react\dist\pure.js:292:10)
              at Object.<anonymous> (D:\Dev\ExoScan\exoscan-web\src\components\__tests__\Scanner.strict-mode.test.tsx:136:43)
              at Promise.finally.completed (D:\Dev\ExoScan\exoscan-web\node_modules\jest-circus\build\jestAdapterInit.js:1557:28)
              at new Promise (<anonymous>)
              at callAsyncCircusFn (D:\Dev\ExoScan\exoscan-web\node_modules\jest-circus\build\jestAdapterInit.js:1497:10)
              at _callCircusTest (D:\Dev\ExoScan\exoscan-web\node_modules\jest-circus\build\jestAdapterInit.js:1007:40)
              at _runTest (D:\Dev\ExoScan\exoscan-web\node_modules\jest-circus\build\jestAdapterInit.js:947:3)
              at D:\Dev\ExoScan\exoscan-web\node_modules\jest-circus\build\jestAdapterInit.js:849:7
              at _runTestsForDescribeBlock (D:\Dev\ExoScan\exoscan-web\node_modules\jest-circus\build\jestAdapterInit.js:862:11)
              at _runTestsForDescribeBlock (D:\Dev\ExoScan\exoscan-web\node_modules\jest-circus\build\jestAdapterInit.js:857:11)
              at _runTestsForDescribeBlock (D:\Dev\ExoScan\exoscan-web\node_modules\jest-circus\build\jestAdapterInit.js:857:11)
              at run (D:\Dev\ExoScan\exoscan-web\node_modules\jest-circus\build\jestAdapterInit.js:761:3)
              at runAndTransformResultsToJestFormat (D:\Dev\ExoScan\exoscan-web\node_modules\jest-circus\build\jestAdapterInit.js:1918:21)
              at jestAdapter (D:\Dev\ExoScan\exoscan-web\node_modules\jest-circus\build\runner.js:101:19)
              at runTestInternal (D:\Dev\ExoScan\exoscan-web\node_modules\jest-runner\build\testWorker.js:275:16)
              at runTest (D:\Dev\ExoScan\exoscan-web\node_modules\jest-runner\build\testWorker.js:343:7)
              at Object.worker (D:\Dev\ExoScan\exoscan-web\node_modules\jest-runner\build\testWorker.js:497:12),
          _debugTask: null,
          _debugNeedsRemount: false,
          _debugHookTypes: null
        },
        '__reactProps$t4lsjnwx8va': {
          ref: [Object],
          className: 'w-full object-cover transition-transform duration-200 h-80 md:h-96 lg:h-[500px]',
          autoPlay: true,
          playsInline: true,
          muted: true,
          controls: false,
          'webkit-playsinline': 'true',
          onLoadedData: [AsyncFunction: onLoadedData],
          onCanPlay: [AsyncFunction: onCanPlay],
          onClick: [AsyncFunction: onClick],
          onTouchStart: [AsyncFunction: onTouchStart],
          style: [Object]
        },
        '__reactEvents$t4lsjnwx8va': Set(24) {
          'abort__bubble',
          'canplay__bubble',
          'canplaythrough__bubble',
          'durationchange__bubble',
          'emptied__bubble',
          'encrypted__bubble',
          'ended__bubble',
          'error__bubble',
          'loadeddata__bubble',
          'loadedmetadata__bubble',
          'loadstart__bubble',
          'pause__bubble',
          'play__bubble',
          'playing__bubble',
          'progress__bubble',
          'ratechange__bubble',
          'resize__bubble',
          'seeked__bubble',
          'seeking__bubble',
          'stalled__bubble',
          'suspend__bubble',
          'timeupdate__bubble',
          'volumechange__bubble',
          'waiting__bubble'
        },
        srcObject: null,
        [Symbol(SameObject caches)]: [Object: null prototype] {
          style: [CSSStyleDeclaration],
          attributes: NamedNodeMap {}
        }
      },
      tagName: 'VIDEO',
      id: '',
      className: 'w-full object-cover transition-transform duration-200 h-80 md:h-96 lg:h-[500px]',
      style: 'transform: scale(1); transform-origin: center center; background-color: rgb(0, 0, 0); min-height: 20rem;',
      attributes: [
        {
          name: 'class',
          value: 'w-full object-cover transition-transform duration-200 h-80 md:h-96 lg:h-[500px]'
        },
        { name: 'autoplay', value: '' },
        { name: 'playsinline', value: '' },
        { name: 'webkit-playsinline', value: 'true' },
        {
          name: 'style',
          value: 'transform: scale(1); transform-origin: center center; background-color: rgb(0, 0, 0); min-height: 20rem;'
        }
      ]
    }

      at log (src/components/Scanner.tsx:480:15)

  console.log
    тЬЕ ╨Я╨╛╨┤╨┤╨╡╤А╨╢╨║╨░ ╨║╨░╨╝╨╡╤А╤Л: OK

      at log (src/components/Scanner.tsx:502:15)

  console.log
    тЬЕ ╨С╨╡╨╖╨╛╨┐╨░╤Б╨╜╤Л╨╣ ╨║╨╛╨╜╤В╨╡╨║╤Б╤В: OK

      at log (src/components/Scanner.tsx:512:15)

  console.log
    ЁЯОп ╨Р╨▓╤В╨╛╤Б╨║╨░╨╜╨╕╤А╨╛╨▓╨░╨╜╨╕╨╡: ╤И╤В╤А╨╕╤Е-╨║╨╛╨┤ ╨╜╨░╨╣╨┤╨╡╨╜: 1234567890123

      at log (src/lib/scanner.ts:831:19)

  console.log
    Scan result: {
      text: '1234567890123',
      format: 'EAN_13',
      timestamp: 2025-10-01T21:19:12.202Z
    }

      at log (src/components/Scanner.tsx:126:13)

  console.log
    ЁЯФД ╨Я╨╛╨╗╤Г╤З╨╡╨╜╨╕╨╡ ╨┤╨╛╤Б╤В╤Г╨┐╨░ ╨║ ╨║╨░╨╝╨╡╤А╨╡...

      at log (src/components/Scanner.tsx:522:17)

  console.log
    ЁЯЪА ╨Э╨░╤З╨╕╨╜╨░╨╡╨╝ ╨┐╤А╨╛╤Ж╨╡╤Б╤Б ╤Б╨║╨░╨╜╨╕╤А╨╛╨▓╨░╨╜╨╕╤П...

      at log (src/components/Scanner.tsx:523:17)

  console.warn
    Camera permission denied, cannot enumerate devices

    [0m [90m 948 |[39m         [36mconst[39m permissionStatus [33m=[39m [36mawait[39m [36mthis[39m[33m.[39mcheckCameraPermission()
     [90m 949 |[39m         [36mif[39m ([33m![39mpermissionStatus[33m.[39mgranted [33m&&[39m permissionStatus[33m.[39mdenied) {
    [31m[1m>[22m[39m[90m 950 |[39m           console[33m.[39mwarn([32m'Camera permission denied, cannot enumerate devices'[39m)
     [90m     |[39m                   [31m[1m^[22m[39m
     [90m 951 |[39m           [36mreturn[39m []
     [90m 952 |[39m         }
     [90m 953 |[39m[0m

      at BarcodeScanner.warn [as getVideoDevices] (src/lib/scanner.ts:950:19)
      at src/components/Scanner.tsx:415:28

  console.log
    ЁЯФР ╨б╤В╨░╤В╤Г╤Б ╤А╨░╨╖╤А╨╡╤И╨╡╨╜╨╕╨╣: {
      granted: false,
      denied: true,
      prompt: false,
      error: 'Camera permission denied'
    }

      at BarcodeScanner.log [as startScanning] (src/lib/scanner.ts:348:15)

  console.log
    ЁЯУ▒ BarcodeScanner: ╨Э╨░╤З╨╕╨╜╨░╨╡╨╝ ╨┐╤А╨╛╤Ж╨╡╤Б╤Б ╤Б╨║╨░╨╜╨╕╤А╨╛╨▓╨░╨╜╨╕╤П

      at BarcodeScanner.log [as startScanning] (src/lib/scanner.ts:336:15)

  console.log
    ЁЯФН ╨Ш╨╜╤Д╨╛╤А╨╝╨░╤Ж╨╕╤П ╨╛ ╨▒╤А╨░╤Г╨╖╨╡╤А╨╡: {
      userAgent: 'Mozilla/5.0 (win32) AppleWebKit/537.36 (KHTML, like Gecko) jsdom/26.1.0',
      platform: '',
      language: 'en-US',
      cookieEnabled: true,
      onLine: true
    }

      at BarcodeScanner.log [as startScanning] (src/lib/scanner.ts:337:15)

  console.error
    Error: Not implemented: HTMLMediaElement.prototype.play
        at play (D:\Dev\ExoScan\exoscan-web\src\components\Scanner.tsx:139:13)
        at onResult (D:\Dev\ExoScan\exoscan-web\src\lib\scanner.ts:625:17)
        at onResult (D:\Dev\ExoScan\exoscan-web\src\lib\scanner.ts:832:11) {
      type: 'not implemented'
    }

    [0m [90m 137 |[39m     [36mtry[39m {
     [90m 138 |[39m       [36mconst[39m audio [33m=[39m [36mnew[39m [33mAudio[39m([32m'data:audio/wav;base64,UklGRnoGAABXQVZFZm10IBAAAAABAAEAQB8AAEAfAAABAAgAZGF0YQoGAACBhYqFbF1fdJivrJBhNjVgodDbq2EcBj+a2/LDciUFLIHO8tiJNwgZaLvt559NEAxQp+PwtmMcBjiR1/LMeSwFJHfH8N2QQAoUXrTp66hVFApGn+DyvmwhBSuBzvLZiTYIG2m98OScTgwOUarm7blmGgU7k9n1unEiBC13yO/eizEIHWq+8+OWT'[39m)
    [31m[1m>[22m[39m[90m 139 |[39m       audio[33m.[39mplay()[33m.[39m[36mcatch[39m(() [33m=>[39m {})
     [90m     |[39m             [31m[1m^[22m[39m
     [90m 140 |[39m     } [36mcatch[39m {
     [90m 141 |[39m       [90m// Audio not supported[39m
     [90m 142 |[39m     }[0m

      at VirtualConsole.<anonymous> (node_modules/@jest/environment-jsdom-abstract/build/index.js:87:23)
      at module.exports (node_modules/jsdom/lib/jsdom/browser/not-implemented.js:12:26)
      at HTMLAudioElementImpl.play (node_modules/jsdom/lib/jsdom/living/nodes/HTMLMediaElement-impl.js:118:5)
      at HTMLAudioElement.play (node_modules/jsdom/lib/jsdom/living/generated/HTMLMediaElement.js:146:60)
      at play (src/components/Scanner.tsx:139:13)
      at onResult (src/lib/scanner.ts:625:17)
      at onResult (src/lib/scanner.ts:832:11)

  console.error
    тЭМ ╨а╨░╨╖╤А╨╡╤И╨╡╨╜╨╕╨╡ ╨║╨░╨╝╨╡╤А╤Л ╨╛╤В╨║╨╗╨╛╨╜╨╡╨╜╨╛: Camera permission denied

    [0m [90m 350 |[39m       [36mif[39m ([33m![39mpermissionStatus[33m.[39mgranted) {
     [90m 351 |[39m         [36mif[39m (permissionStatus[33m.[39mdenied) {
    [31m[1m>[22m[39m[90m 352 |[39m           console[33m.[39merror([32m'тЭМ ╨а╨░╨╖╤А╨╡╤И╨╡╨╜╨╕╨╡ ╨║╨░╨╝╨╡╤А╤Л ╨╛╤В╨║╨╗╨╛╨╜╨╡╨╜╨╛:'[39m[33m,[39m permissionStatus[33m.[39merror)
     [90m     |[39m                   [31m[1m^[22m[39m
     [90m 353 |[39m           [36mthrow[39m [36mnew[39m [33mError[39m(permissionStatus[33m.[39merror [33m||[39m [32m'Camera permission denied. Please enable camera access in your browser settings.'[39m)
     [90m 354 |[39m         }
     [90m 355 |[39m         [0m

      at BarcodeScanner.error [as startScanning] (src/lib/scanner.ts:352:19)
      at startScanning (src/components/Scanner.tsx:525:9)

  console.log
    ЁЯФР ╨Я╤А╨╛╨▓╨╡╤А╨║╨░ ╤А╨░╨╖╤А╨╡╤И╨╡╨╜╨╕╨╣ ╨║╨░╨╝╨╡╤А╤Л...

      at BarcodeScanner.log [as startScanning] (src/lib/scanner.ts:346:15)

  console.log
    ЁЯЫС ╨Ю╤Б╤В╨░╨╜╨╛╨▓╨║╨░ ╤Б╨║╨░╨╜╨╕╤А╨╛╨▓╨░╨╜╨╕╤П...

      at BarcodeScanner.log [as stopScanning] (src/lib/scanner.ts:853:15)

  console.log
    ЁЯз╣ ╨Т╨╕╨┤╨╡╨╛ ╤Н╨╗╨╡╨╝╨╡╨╜╤В ╨╛╤З╨╕╤Й╨╡╨╜

      at BarcodeScanner.log [as stopCurrentStream] (src/lib/scanner.ts:744:17)

  console.error
    тЭМ ╨Ъ╤А╨╕╤В╨╕╤З╨╡╤Б╨║╨░╤П ╨╛╤И╨╕╨▒╨║╨░ ╨┐╤А╨╕ ╨╖╨░╨┐╤Г╤Б╨║╨╡ ╤Б╨║╨░╨╜╨╕╤А╨╛╨▓╨░╨╜╨╕╤П: Error: Camera permission denied
        at BarcodeScanner.startScanning (D:\Dev\ExoScan\exoscan-web\src\lib\scanner.ts:353:17)
        at runNextTicks (node:internal/process/task_queues:65:5)
        at listOnTimeout (node:internal/timers:549:9)
        at processTimers (node:internal/timers:523:7)
        at startScanning (D:\Dev\ExoScan\exoscan-web\src\components\Scanner.tsx:525:9)

    [0m [90m 684 |[39m       
     [90m 685 |[39m     } [36mcatch[39m (error) {
    [31m[1m>[22m[39m[90m 686 |[39m       console[33m.[39merror([32m'тЭМ ╨Ъ╤А╨╕╤В╨╕╤З╨╡╤Б╨║╨░╤П ╨╛╤И╨╕╨▒╨║╨░ ╨┐╤А╨╕ ╨╖╨░╨┐╤Г╤Б╨║╨╡ ╤Б╨║╨░╨╜╨╕╤А╨╛╨▓╨░╨╜╨╕╤П:'[39m[33m,[39m error)
     [90m     |[39m               [31m[1m^[22m[39m
     [90m 687 |[39m       [36mthis[39m[33m.[39misScanning [33m=[39m [36mfalse[39m
     [90m 688 |[39m       [36mthis[39m[33m.[39mstopCurrentStream([36mthis[39m[33m.[39mcurrentVideoElement [33m||[39m undefined)
     [90m 689 |[39m       [0m

      at BarcodeScanner.error [as startScanning] (src/lib/scanner.ts:686:15)
      at startScanning (src/components/Scanner.tsx:525:9)

  console.log
    ЁЯз╣ ╨Т╨╕╨┤╨╡╨╛ ╤Н╨╗╨╡╨╝╨╡╨╜╤В ╨╛╤З╨╕╤Й╨╡╨╜

      at BarcodeScanner.log [as stopCurrentStream] (src/lib/scanner.ts:744:17)

  console.log
    тЬЕ ╨б╨║╨░╨╜╨╕╤А╨╛╨▓╨░╨╜╨╕╨╡ ╨╛╤Б╤В╨░╨╜╨╛╨▓╨╗╨╡╨╜╨╛

      at BarcodeScanner.log [as stopScanning] (src/lib/scanner.ts:866:15)

  console.error
    тЭМ ╨Ю╨▒╤А╨░╨▒╨╛╤В╨░╨╜╨╜╨░╤П ╨╛╤И╨╕╨▒╨║╨░: ╨Ю╤И╨╕╨▒╨║╨░ ╤Б╨║╨░╨╜╨╕╤А╨╛╨▓╨░╨╜╨╕╤П: Camera permission denied

    [0m [90m 689 |[39m       
     [90m 690 |[39m       [36mconst[39m errorMessage [33m=[39m [36mthis[39m[33m.[39mgetErrorMessage(error [36mas[39m [33mError[39m)
    [31m[1m>[22m[39m[90m 691 |[39m       console[33m.[39merror([32m'тЭМ ╨Ю╨▒╤А╨░╨▒╨╛╤В╨░╨╜╨╜╨░╤П ╨╛╤И╨╕╨▒╨║╨░:'[39m[33m,[39m errorMessage)
     [90m     |[39m               [31m[1m^[22m[39m
     [90m 692 |[39m       [36mconst[39m enhancedError [33m=[39m [36mnew[39m [33mError[39m(errorMessage)
     [90m 693 |[39m       
     [90m 694 |[39m       [36mif[39m (onError) {[0m

      at BarcodeScanner.error [as startScanning] (src/lib/scanner.ts:691:15)
      at startScanning (src/components/Scanner.tsx:525:9)

  console.log
    ЁЯОе ╨Ч╨░╨┐╤Г╤Б╨║ ╤Б╨║╨░╨╜╨╕╤А╨╛╨▓╨░╨╜╨╕╤П...

      at log (src/components/Scanner.tsx:479:15)

  console.log
    ЁЯУ▒ ╨Ш╨╜╤Д╨╛╤А╨╝╨░╤Ж╨╕╤П ╨╛ ╨▓╨╕╨┤╨╡╨╛ ╤Н╨╗╨╡╨╝╨╡╨╜╤В╨╡: {
      element: <ref *1> HTMLVideoElement {
        '__reactFiber$t4lsjnwx8va': FiberNode {
          tag: 5,
          key: null,
          elementType: 'video',
          type: 'video',
          stateNode: [Circular *1],
          return: [FiberNode],
          child: null,
          sibling: [FiberNode],
          index: 1,
          ref: [Object],
          refCleanup: null,
          pendingProps: [Object],
          memoizedProps: [Object],
          updateQueue: null,
          memoizedState: null,
          dependencies: null,
          mode: 25,
          flags: 5243392,
          subtreeFlags: 0,
          deletions: null,
          lanes: 0,
          childLanes: 0,
          alternate: null,
          actualDuration: -0,
          actualStartTime: 3742.4343,
          selfBaseDuration: -0,
          treeBaseDuration: -0,
          _debugInfo: null,
          _debugOwner: [FiberNode],
          _debugStack: Error: react-stack-top-frame
              at process.env.NODE_ENV.exports.jsx (D:\Dev\ExoScan\exoscan-web\node_modules\react\cjs\react-jsx-runtime.development.js:337:13)
              at ScannerContent (D:\Dev\ExoScan\exoscan-web\src\components\Scanner.tsx:784:9)
              at Object.react-stack-bottom-frame (D:\Dev\ExoScan\exoscan-web\node_modules\react-dom\cjs\react-dom-client.development.js:23863:20)
              at renderWithHooksAgain (D:\Dev\ExoScan\exoscan-web\node_modules\react-dom\cjs\react-dom-client.development.js:5629:20)
              at renderWithHooks (D:\Dev\ExoScan\exoscan-web\node_modules\react-dom\cjs\react-dom-client.development.js:5541:22)
              at updateFunctionComponent (D:\Dev\ExoScan\exoscan-web\node_modules\react-dom\cjs\react-dom-client.development.js:8897:19)
              at beginWork (D:\Dev\ExoScan\exoscan-web\node_modules\react-dom\cjs\react-dom-client.development.js:10522:18)
              at runWithFiberInDEV (D:\Dev\ExoScan\exoscan-web\node_modules\react-dom\cjs\react-dom-client.development.js:1522:13)
              at performUnitOfWork (D:\Dev\ExoScan\exoscan-web\node_modules\react-dom\cjs\react-dom-client.development.js:15140:22)
              at workLoopSync (D:\Dev\ExoScan\exoscan-web\node_modules\react-dom\cjs\react-dom-client.development.js:14956:41)
              at renderRootSync (D:\Dev\ExoScan\exoscan-web\node_modules\react-dom\cjs\react-dom-client.development.js:14936:11)
              at performWorkOnRoot (D:\Dev\ExoScan\exoscan-web\node_modules\react-dom\cjs\react-dom-client.development.js:14419:13)
              at performWorkOnRootViaSchedulerTask (D:\Dev\ExoScan\exoscan-web\node_modules\react-dom\cjs\react-dom-client.development.js:16216:7)
              at flushActQueue (D:\Dev\ExoScan\exoscan-web\node_modules\react\cjs\react.development.js:566:34)
              at process.env.NODE_ENV.exports.act (D:\Dev\ExoScan\exoscan-web\node_modules\react\cjs\react.development.js:859:10)
              at D:\Dev\ExoScan\exoscan-web\node_modules\@testing-library\react\dist\act-compat.js:47:25
              at renderRoot (D:\Dev\ExoScan\exoscan-web\node_modules\@testing-library\react\dist\pure.js:190:26)
              at render (D:\Dev\ExoScan\exoscan-web\node_modules\@testing-library\react\dist\pure.js:292:10)
              at Object.<anonymous> (D:\Dev\ExoScan\exoscan-web\src\components\__tests__\Scanner.strict-mode.test.tsx:145:43)
              at Promise.finally.completed (D:\Dev\ExoScan\exoscan-web\node_modules\jest-circus\build\jestAdapterInit.js:1557:28)
              at new Promise (<anonymous>)
              at callAsyncCircusFn (D:\Dev\ExoScan\exoscan-web\node_modules\jest-circus\build\jestAdapterInit.js:1497:10)
              at _callCircusTest (D:\Dev\ExoScan\exoscan-web\node_modules\jest-circus\build\jestAdapterInit.js:1007:40)
              at _runTest (D:\Dev\ExoScan\exoscan-web\node_modules\jest-circus\build\jestAdapterInit.js:947:3)
              at D:\Dev\ExoScan\exoscan-web\node_modules\jest-circus\build\jestAdapterInit.js:849:7
              at _runTestsForDescribeBlock (D:\Dev\ExoScan\exoscan-web\node_modules\jest-circus\build\jestAdapterInit.js:862:11)
              at _runTestsForDescribeBlock (D:\Dev\ExoScan\exoscan-web\node_modules\jest-circus\build\jestAdapterInit.js:857:11)
              at _runTestsForDescribeBlock (D:\Dev\ExoScan\exoscan-web\node_modules\jest-circus\build\jestAdapterInit.js:857:11)
              at run (D:\Dev\ExoScan\exoscan-web\node_modules\jest-circus\build\jestAdapterInit.js:761:3)
              at runAndTransformResultsToJestFormat (D:\Dev\ExoScan\exoscan-web\node_modules\jest-circus\build\jestAdapterInit.js:1918:21)
              at jestAdapter (D:\Dev\ExoScan\exoscan-web\node_modules\jest-circus\build\runner.js:101:19)
              at runTestInternal (D:\Dev\ExoScan\exoscan-web\node_modules\jest-runner\build\testWorker.js:275:16)
              at runTest (D:\Dev\ExoScan\exoscan-web\node_modules\jest-runner\build\testWorker.js:343:7)
              at Object.worker (D:\Dev\ExoScan\exoscan-web\node_modules\jest-runner\build\testWorker.js:497:12),
          _debugTask: null,
          _debugNeedsRemount: false,
          _debugHookTypes: null
        },
        '__reactProps$t4lsjnwx8va': {
          ref: [Object],
          className: 'w-full object-cover transition-transform duration-200 h-80 md:h-96 lg:h-[500px]',
          autoPlay: true,
          playsInline: true,
          muted: true,
          controls: false,
          'webkit-playsinline': 'true',
          onLoadedData: [AsyncFunction: onLoadedData],
          onCanPlay: [AsyncFunction: onCanPlay],
          onClick: [AsyncFunction: onClick],
          onTouchStart: [AsyncFunction: onTouchStart],
          style: [Object]
        },
        '__reactEvents$t4lsjnwx8va': Set(24) {
          'abort__bubble',
          'canplay__bubble',
          'canplaythrough__bubble',
          'durationchange__bubble',
          'emptied__bubble',
          'encrypted__bubble',
          'ended__bubble',
          'error__bubble',
          'loadeddata__bubble',
          'loadedmetadata__bubble',
          'loadstart__bubble',
          'pause__bubble',
          'play__bubble',
          'playing__bubble',
          'progress__bubble',
          'ratechange__bubble',
          'resize__bubble',
          'seeked__bubble',
          'seeking__bubble',
          'stalled__bubble',
          'suspend__bubble',
          'timeupdate__bubble',
          'volumechange__bubble',
          'waiting__bubble'
        },
        [Symbol(SameObject caches)]: [Object: null prototype] {
          style: [CSSStyleDeclaration],
          attributes: NamedNodeMap {}
        }
      },
      tagName: 'VIDEO',
      id: '',
      className: 'w-full object-cover transition-transform duration-200 h-80 md:h-96 lg:h-[500px]',
      style: 'transform: scale(1); transform-origin: center center; background-color: rgb(0, 0, 0); min-height: 20rem;',
      attributes: [
        {
          name: 'class',
          value: 'w-full object-cover transition-transform duration-200 h-80 md:h-96 lg:h-[500px]'
        },
        { name: 'autoplay', value: '' },
        { name: 'playsinline', value: '' },
        { name: 'webkit-playsinline', value: 'true' },
        {
          name: 'style',
          value: 'transform: scale(1); transform-origin: center center; background-color: rgb(0, 0, 0); min-height: 20rem;'
        }
      ]
    }

      at log (src/components/Scanner.tsx:480:15)

  console.error
    Scanner error: Error: ╨Ю╤И╨╕╨▒╨║╨░ ╤Б╨║╨░╨╜╨╕╤А╨╛╨▓╨░╨╜╨╕╤П: Camera permission denied
        at BarcodeScanner.startScanning (D:\Dev\ExoScan\exoscan-web\src\lib\scanner.ts:692:29)
        at runNextTicks (node:internal/process/task_queues:65:5)
        at listOnTimeout (node:internal/timers:549:9)
        at processTimers (node:internal/timers:523:7)
        at startScanning (D:\Dev\ExoScan\exoscan-web\src\components\Scanner.tsx:525:9)

    [0m [90m 92 |[39m
     [90m 93 |[39m   [36mconst[39m handleError [33m=[39m useCallback((err[33m:[39m [33mError[39m) [33m=>[39m {
    [31m[1m>[22m[39m[90m 94 |[39m     console[33m.[39merror([32m'Scanner error:'[39m[33m,[39m err)
     [90m    |[39m             [31m[1m^[22m[39m
     [90m 95 |[39m     [36mif[39m ([33m![39mmountedRef[33m.[39mcurrent) [36mreturn[39m [90m// ╨Ч╨░╤Й╨╕╤В╨░ ╨╛╤В ╨╛╨▒╨╜╨╛╨▓╨╗╨╡╨╜╨╕╤П ╨┐╨╛╤Б╨╗╨╡ unmount[39m
     [90m 96 |[39m     
     [90m 97 |[39m     [90m// Determine friendly Russian error message expected by integration tests[39m[0m

      at error (src/components/Scanner.tsx:94:13)
      at BarcodeScanner.onError [as startScanning] (src/lib/scanner.ts:695:9)
      at startScanning (src/components/Scanner.tsx:525:9)

  console.log
    тЬЕ ╨Я╨╛╨┤╨┤╨╡╤А╨╢╨║╨░ ╨║╨░╨╝╨╡╤А╤Л: OK

      at log (src/components/Scanner.tsx:502:15)

  console.log
    тЬЕ ╨С╨╡╨╖╨╛╨┐╨░╤Б╨╜╤Л╨╣ ╨║╨╛╨╜╤В╨╡╨║╤Б╤В: OK

      at log (src/components/Scanner.tsx:512:15)

  console.log
    ЁЯФД ╨Я╨╛╨╗╤Г╤З╨╡╨╜╨╕╨╡ ╨┤╨╛╤Б╤В╤Г╨┐╨░ ╨║ ╨║╨░╨╝╨╡╤А╨╡...

      at log (src/components/Scanner.tsx:522:17)

  console.log
    ЁЯЪА ╨Э╨░╤З╨╕╨╜╨░╨╡╨╝ ╨┐╤А╨╛╤Ж╨╡╤Б╤Б ╤Б╨║╨░╨╜╨╕╤А╨╛╨▓╨░╨╜╨╕╤П...

      at log (src/components/Scanner.tsx:523:17)

  console.error
    тЭМ ╨Ю╤И╨╕╨▒╨║╨░ ╨╖╨░╨┐╤Г╤Б╨║╨░ ╤Б╨║╨░╨╜╨╕╤А╨╛╨▓╨░╨╜╨╕╤П: Error: ╨Ю╤И╨╕╨▒╨║╨░ ╤Б╨║╨░╨╜╨╕╤А╨╛╨▓╨░╨╜╨╕╤П: Camera permission denied
        at BarcodeScanner.startScanning (D:\Dev\ExoScan\exoscan-web\src\lib\scanner.ts:692:29)
        at runNextTicks (node:internal/process/task_queues:65:5)
        at listOnTimeout (node:internal/timers:549:9)
        at processTimers (node:internal/timers:523:7)
        at startScanning (D:\Dev\ExoScan\exoscan-web\src\components\Scanner.tsx:525:9)

    [0m [90m 557 |[39m         }
     [90m 558 |[39m       } [36mcatch[39m (err) {
    [31m[1m>[22m[39m[90m 559 |[39m         console[33m.[39merror([32m'тЭМ ╨Ю╤И╨╕╨▒╨║╨░ ╨╖╨░╨┐╤Г╤Б╨║╨░ ╤Б╨║╨░╨╜╨╕╤А╨╛╨▓╨░╨╜╨╕╤П:'[39m[33m,[39m err)
     [90m     |[39m                 [31m[1m^[22m[39m
     [90m 560 |[39m         handleError(err [36mas[39m [33mError[39m)
     [90m 561 |[39m       }
     [90m 562 |[39m     }[0m

      at error (src/components/Scanner.tsx:559:17)

  console.log
    ЁЯУ▒ BarcodeScanner: ╨Э╨░╤З╨╕╨╜╨░╨╡╨╝ ╨┐╤А╨╛╤Ж╨╡╤Б╤Б ╤Б╨║╨░╨╜╨╕╤А╨╛╨▓╨░╨╜╨╕╤П

      at BarcodeScanner.log [as startScanning] (src/lib/scanner.ts:336:15)

  console.log
    ЁЯФН ╨Ш╨╜╤Д╨╛╤А╨╝╨░╤Ж╨╕╤П ╨╛ ╨▒╤А╨░╤Г╨╖╨╡╤А╨╡: {
      userAgent: 'Mozilla/5.0 (win32) AppleWebKit/537.36 (KHTML, like Gecko) jsdom/26.1.0',
      platform: '',
      language: 'en-US',
      cookieEnabled: true,
      onLine: true
    }

      at BarcodeScanner.log [as startScanning] (src/lib/scanner.ts:337:15)

  console.log
    ЁЯФР ╨Я╤А╨╛╨▓╨╡╤А╨║╨░ ╤А╨░╨╖╤А╨╡╤И╨╡╨╜╨╕╨╣ ╨║╨░╨╝╨╡╤А╤Л...

      at BarcodeScanner.log [as startScanning] (src/lib/scanner.ts:346:15)

  console.log
    ЁЯЫС ╨Ю╤Б╤В╨░╨╜╨╛╨▓╨║╨░ ╤Б╨║╨░╨╜╨╕╤А╨╛╨▓╨░╨╜╨╕╤П...

      at BarcodeScanner.log [as stopScanning] (src/lib/scanner.ts:853:15)

  console.error
    Scanner error: Error: ╨Ю╤И╨╕╨▒╨║╨░ ╤Б╨║╨░╨╜╨╕╤А╨╛╨▓╨░╨╜╨╕╤П: Camera permission denied
        at BarcodeScanner.startScanning (D:\Dev\ExoScan\exoscan-web\src\lib\scanner.ts:692:29)
        at runNextTicks (node:internal/process/task_queues:65:5)
        at listOnTimeout (node:internal/timers:549:9)
        at processTimers (node:internal/timers:523:7)
        at startScanning (D:\Dev\ExoScan\exoscan-web\src\components\Scanner.tsx:525:9)

    [0m [90m 92 |[39m
     [90m 93 |[39m   [36mconst[39m handleError [33m=[39m useCallback((err[33m:[39m [33mError[39m) [33m=>[39m {
    [31m[1m>[22m[39m[90m 94 |[39m     console[33m.[39merror([32m'Scanner error:'[39m[33m,[39m err)
     [90m    |[39m             [31m[1m^[22m[39m
     [90m 95 |[39m     [36mif[39m ([33m![39mmountedRef[33m.[39mcurrent) [36mreturn[39m [90m// ╨Ч╨░╤Й╨╕╤В╨░ ╨╛╤В ╨╛╨▒╨╜╨╛╨▓╨╗╨╡╨╜╨╕╤П ╨┐╨╛╤Б╨╗╨╡ unmount[39m
     [90m 96 |[39m     
     [90m 97 |[39m     [90m// Determine friendly Russian error message expected by integration tests[39m[0m

      at error (src/components/Scanner.tsx:94:13)
      at handleError (src/components/Scanner.tsx:560:9)

  console.log
    ЁЯз╣ ╨Т╨╕╨┤╨╡╨╛ ╤Н╨╗╨╡╨╝╨╡╨╜╤В ╨╛╤З╨╕╤Й╨╡╨╜

      at BarcodeScanner.log [as stopCurrentStream] (src/lib/scanner.ts:744:17)

  console.log
    тЬЕ ╨б╨║╨░╨╜╨╕╤А╨╛╨▓╨░╨╜╨╕╨╡ ╨╛╤Б╤В╨░╨╜╨╛╨▓╨╗╨╡╨╜╨╛

      at BarcodeScanner.log [as stopScanning] (src/lib/scanner.ts:866:15)

  console.log
    ЁЯОе ╨Ч╨░╨┐╤Г╤Б╨║ ╤Б╨║╨░╨╜╨╕╤А╨╛╨▓╨░╨╜╨╕╤П...

      at log (src/components/Scanner.tsx:479:15)

  console.log
    ЁЯУ▒ ╨Ш╨╜╤Д╨╛╤А╨╝╨░╤Ж╨╕╤П ╨╛ ╨▓╨╕╨┤╨╡╨╛ ╤Н╨╗╨╡╨╝╨╡╨╜╤В╨╡: {
      element: <ref *1> HTMLVideoElement {
        '__reactFiber$t4lsjnwx8va': FiberNode {
          tag: 5,
          key: null,
          elementType: 'video',
          type: 'video',
          stateNode: [Circular *1],
          return: [FiberNode],
          child: null,
          sibling: [FiberNode],
          index: 1,
          ref: [Object],
          refCleanup: null,
          pendingProps: [Object],
          memoizedProps: [Object],
          updateQueue: null,
          memoizedState: null,
          dependencies: null,
          mode: 25,
          flags: 5243392,
          subtreeFlags: 0,
          deletions: null,
          lanes: 0,
          childLanes: 0,
          alternate: null,
          actualDuration: -0,
          actualStartTime: 3742.4343,
          selfBaseDuration: -0,
          treeBaseDuration: -0,
          _debugInfo: null,
          _debugOwner: [FiberNode],
          _debugStack: Error: react-stack-top-frame
              at process.env.NODE_ENV.exports.jsx (D:\Dev\ExoScan\exoscan-web\node_modules\react\cjs\react-jsx-runtime.development.js:337:13)
              at ScannerContent (D:\Dev\ExoScan\exoscan-web\src\components\Scanner.tsx:784:9)
              at Object.react-stack-bottom-frame (D:\Dev\ExoScan\exoscan-web\node_modules\react-dom\cjs\react-dom-client.development.js:23863:20)
              at renderWithHooksAgain (D:\Dev\ExoScan\exoscan-web\node_modules\react-dom\cjs\react-dom-client.development.js:5629:20)
              at renderWithHooks (D:\Dev\ExoScan\exoscan-web\node_modules\react-dom\cjs\react-dom-client.development.js:5541:22)
              at updateFunctionComponent (D:\Dev\ExoScan\exoscan-web\node_modules\react-dom\cjs\react-dom-client.development.js:8897:19)
              at beginWork (D:\Dev\ExoScan\exoscan-web\node_modules\react-dom\cjs\react-dom-client.development.js:10522:18)
              at runWithFiberInDEV (D:\Dev\ExoScan\exoscan-web\node_modules\react-dom\cjs\react-dom-client.development.js:1522:13)
              at performUnitOfWork (D:\Dev\ExoScan\exoscan-web\node_modules\react-dom\cjs\react-dom-client.development.js:15140:22)
              at workLoopSync (D:\Dev\ExoScan\exoscan-web\node_modules\react-dom\cjs\react-dom-client.development.js:14956:41)
              at renderRootSync (D:\Dev\ExoScan\exoscan-web\node_modules\react-dom\cjs\react-dom-client.development.js:14936:11)
              at performWorkOnRoot (D:\Dev\ExoScan\exoscan-web\node_modules\react-dom\cjs\react-dom-client.development.js:14419:13)
              at performWorkOnRootViaSchedulerTask (D:\Dev\ExoScan\exoscan-web\node_modules\react-dom\cjs\react-dom-client.development.js:16216:7)
              at flushActQueue (D:\Dev\ExoScan\exoscan-web\node_modules\react\cjs\react.development.js:566:34)
              at process.env.NODE_ENV.exports.act (D:\Dev\ExoScan\exoscan-web\node_modules\react\cjs\react.development.js:859:10)
              at D:\Dev\ExoScan\exoscan-web\node_modules\@testing-library\react\dist\act-compat.js:47:25
              at renderRoot (D:\Dev\ExoScan\exoscan-web\node_modules\@testing-library\react\dist\pure.js:190:26)
              at render (D:\Dev\ExoScan\exoscan-web\node_modules\@testing-library\react\dist\pure.js:292:10)
              at Object.<anonymous> (D:\Dev\ExoScan\exoscan-web\src\components\__tests__\Scanner.strict-mode.test.tsx:145:43)
              at Promise.finally.completed (D:\Dev\ExoScan\exoscan-web\node_modules\jest-circus\build\jestAdapterInit.js:1557:28)
              at new Promise (<anonymous>)
              at callAsyncCircusFn (D:\Dev\ExoScan\exoscan-web\node_modules\jest-circus\build\jestAdapterInit.js:1497:10)
              at _callCircusTest (D:\Dev\ExoScan\exoscan-web\node_modules\jest-circus\build\jestAdapterInit.js:1007:40)
              at _runTest (D:\Dev\ExoScan\exoscan-web\node_modules\jest-circus\build\jestAdapterInit.js:947:3)
              at D:\Dev\ExoScan\exoscan-web\node_modules\jest-circus\build\jestAdapterInit.js:849:7
              at _runTestsForDescribeBlock (D:\Dev\ExoScan\exoscan-web\node_modules\jest-circus\build\jestAdapterInit.js:862:11)
              at _runTestsForDescribeBlock (D:\Dev\ExoScan\exoscan-web\node_modules\jest-circus\build\jestAdapterInit.js:857:11)
              at _runTestsForDescribeBlock (D:\Dev\ExoScan\exoscan-web\node_modules\jest-circus\build\jestAdapterInit.js:857:11)
              at run (D:\Dev\ExoScan\exoscan-web\node_modules\jest-circus\build\jestAdapterInit.js:761:3)
              at runAndTransformResultsToJestFormat (D:\Dev\ExoScan\exoscan-web\node_modules\jest-circus\build\jestAdapterInit.js:1918:21)
              at jestAdapter (D:\Dev\ExoScan\exoscan-web\node_modules\jest-circus\build\runner.js:101:19)
              at runTestInternal (D:\Dev\ExoScan\exoscan-web\node_modules\jest-runner\build\testWorker.js:275:16)
              at runTest (D:\Dev\ExoScan\exoscan-web\node_modules\jest-runner\build\testWorker.js:343:7)
              at Object.worker (D:\Dev\ExoScan\exoscan-web\node_modules\jest-runner\build\testWorker.js:497:12),
          _debugTask: null,
          _debugNeedsRemount: false,
          _debugHookTypes: null
        },
        '__reactProps$t4lsjnwx8va': {
          ref: [Object],
          className: 'w-full object-cover transition-transform duration-200 h-80 md:h-96 lg:h-[500px]',
          autoPlay: true,
          playsInline: true,
          muted: true,
          controls: false,
          'webkit-playsinline': 'true',
          onLoadedData: [AsyncFunction: onLoadedData],
          onCanPlay: [AsyncFunction: onCanPlay],
          onClick: [AsyncFunction: onClick],
          onTouchStart: [AsyncFunction: onTouchStart],
          style: [Object]
        },
        '__reactEvents$t4lsjnwx8va': Set(24) {
          'abort__bubble',
          'canplay__bubble',
          'canplaythrough__bubble',
          'durationchange__bubble',
          'emptied__bubble',
          'encrypted__bubble',
          'ended__bubble',
          'error__bubble',
          'loadeddata__bubble',
          'loadedmetadata__bubble',
          'loadstart__bubble',
          'pause__bubble',
          'play__bubble',
          'playing__bubble',
          'progress__bubble',
          'ratechange__bubble',
          'resize__bubble',
          'seeked__bubble',
          'seeking__bubble',
          'stalled__bubble',
          'suspend__bubble',
          'timeupdate__bubble',
          'volumechange__bubble',
          'waiting__bubble'
        },
        srcObject: null,
        [Symbol(SameObject caches)]: [Object: null prototype] {
          style: [CSSStyleDeclaration],
          attributes: NamedNodeMap {}
        }
      },
      tagName: 'VIDEO',
      id: '',
      className: 'w-full object-cover transition-transform duration-200 h-80 md:h-96 lg:h-[500px]',
      style: 'transform: scale(1); transform-origin: center center; background-color: rgb(0, 0, 0); min-height: 20rem;',
      attributes: [
        {
          name: 'class',
          value: 'w-full object-cover transition-transform duration-200 h-80 md:h-96 lg:h-[500px]'
        },
        { name: 'autoplay', value: '' },
        { name: 'playsinline', value: '' },
        { name: 'webkit-playsinline', value: 'true' },
        {
          name: 'style',
          value: 'transform: scale(1); transform-origin: center center; background-color: rgb(0, 0, 0); min-height: 20rem;'
        }
      ]
    }

      at log (src/components/Scanner.tsx:480:15)

  console.log
    тЬЕ ╨Я╨╛╨┤╨┤╨╡╤А╨╢╨║╨░ ╨║╨░╨╝╨╡╤А╤Л: OK

      at log (src/components/Scanner.tsx:502:15)

  console.log
    тЬЕ ╨С╨╡╨╖╨╛╨┐╨░╤Б╨╜╤Л╨╣ ╨║╨╛╨╜╤В╨╡╨║╤Б╤В: OK

      at log (src/components/Scanner.tsx:512:15)

  console.log
    ЁЯОе ╨Ч╨░╨┐╤Г╤Б╨║ ╤Б╨║╨░╨╜╨╕╤А╨╛╨▓╨░╨╜╨╕╤П...

      at log (src/components/Scanner.tsx:479:15)

  console.log
    ЁЯФД ╨Я╨╛╨╗╤Г╤З╨╡╨╜╨╕╨╡ ╨┤╨╛╤Б╤В╤Г╨┐╨░ ╨║ ╨║╨░╨╝╨╡╤А╨╡...

      at log (src/components/Scanner.tsx:522:17)

  console.log
    ЁЯЪА ╨Э╨░╤З╨╕╨╜╨░╨╡╨╝ ╨┐╤А╨╛╤Ж╨╡╤Б╤Б ╤Б╨║╨░╨╜╨╕╤А╨╛╨▓╨░╨╜╨╕╤П...

      at log (src/components/Scanner.tsx:523:17)

  console.log
    ЁЯУ▒ ╨Ш╨╜╤Д╨╛╤А╨╝╨░╤Ж╨╕╤П ╨╛ ╨▓╨╕╨┤╨╡╨╛ ╤Н╨╗╨╡╨╝╨╡╨╜╤В╨╡: {
      element: <ref *1> HTMLVideoElement {
        '__reactFiber$a7sngw07a7e': FiberNode {
          tag: 5,
          key: null,
          elementType: 'video',
          type: 'video',
          stateNode: [Circular *1],
          return: [FiberNode],
          child: null,
          sibling: [FiberNode],
          index: 1,
          ref: [Object],
          refCleanup: null,
          pendingProps: [Object],
          memoizedProps: [Object],
          updateQueue: null,
          memoizedState: null,
          dependencies: null,
          mode: 1,
          flags: 5243392,
          subtreeFlags: 0,
          deletions: null,
          lanes: 0,
          childLanes: 0,
          alternate: null,
          actualDuration: -0,
          actualStartTime: 3815.4448,
          selfBaseDuration: -0,
          treeBaseDuration: -0,
          _debugInfo: null,
          _debugOwner: [FiberNode],
          _debugStack: Error: react-stack-top-frame
              at process.env.NODE_ENV.exports.jsx (D:\Dev\ExoScan\exoscan-web\node_modules\react\cjs\react-jsx-runtime.development.js:337:13)
              at ScannerContent (D:\Dev\ExoScan\exoscan-web\src\components\Scanner.tsx:784:9)
              at Object.react-stack-bottom-frame (D:\Dev\ExoScan\exoscan-web\node_modules\react-dom\cjs\react-dom-client.development.js:23863:20)
              at renderWithHooks (D:\Dev\ExoScan\exoscan-web\node_modules\react-dom\cjs\react-dom-client.development.js:5529:22)
              at updateFunctionComponent (D:\Dev\ExoScan\exoscan-web\node_modules\react-dom\cjs\react-dom-client.development.js:8897:19)
              at beginWork (D:\Dev\ExoScan\exoscan-web\node_modules\react-dom\cjs\react-dom-client.development.js:10522:18)
              at runWithFiberInDEV (D:\Dev\ExoScan\exoscan-web\node_modules\react-dom\cjs\react-dom-client.development.js:1522:13)
              at performUnitOfWork (D:\Dev\ExoScan\exoscan-web\node_modules\react-dom\cjs\react-dom-client.development.js:15140:22)
              at workLoopSync (D:\Dev\ExoScan\exoscan-web\node_modules\react-dom\cjs\react-dom-client.development.js:14956:41)
              at renderRootSync (D:\Dev\ExoScan\exoscan-web\node_modules\react-dom\cjs\react-dom-client.development.js:14936:11)
              at performWorkOnRoot (D:\Dev\ExoScan\exoscan-web\node_modules\react-dom\cjs\react-dom-client.development.js:14419:13)
              at performWorkOnRootViaSchedulerTask (D:\Dev\ExoScan\exoscan-web\node_modules\react-dom\cjs\react-dom-client.development.js:16216:7)
              at flushActQueue (D:\Dev\ExoScan\exoscan-web\node_modules\react\cjs\react.development.js:566:34)
              at process.env.NODE_ENV.exports.act (D:\Dev\ExoScan\exoscan-web\node_modules\react\cjs\react.development.js:859:10)
              at D:\Dev\ExoScan\exoscan-web\node_modules\@testing-library\react\dist\act-compat.js:47:25
              at renderRoot (D:\Dev\ExoScan\exoscan-web\node_modules\@testing-library\react\dist\pure.js:190:26)
              at render (D:\Dev\ExoScan\exoscan-web\node_modules\@testing-library\react\dist\pure.js:292:10)
              at Object.<anonymous> (D:\Dev\ExoScan\exoscan-web\src\components\__tests__\Scanner.test.tsx:168:33)
              at Promise.finally.completed (D:\Dev\ExoScan\exoscan-web\node_modules\jest-circus\build\jestAdapterInit.js:1557:28)
              at new Promise (<anonymous>)
              at callAsyncCircusFn (D:\Dev\ExoScan\exoscan-web\node_modules\jest-circus\build\jestAdapterInit.js:1497:10)
              at _callCircusTest (D:\Dev\ExoScan\exoscan-web\node_modules\jest-circus\build\jestAdapterInit.js:1007:40)
              at _runTest (D:\Dev\ExoScan\exoscan-web\node_modules\jest-circus\build\jestAdapterInit.js:947:3)
              at D:\Dev\ExoScan\exoscan-web\node_modules\jest-circus\build\jestAdapterInit.js:849:7
              at _runTestsForDescribeBlock (D:\Dev\ExoScan\exoscan-web\node_modules\jest-circus\build\jestAdapterInit.js:862:11)
              at _runTestsForDescribeBlock (D:\Dev\ExoScan\exoscan-web\node_modules\jest-circus\build\jestAdapterInit.js:857:11)
              at _runTestsForDescribeBlock (D:\Dev\ExoScan\exoscan-web\node_modules\jest-circus\build\jestAdapterInit.js:857:11)
              at run (D:\Dev\ExoScan\exoscan-web\node_modules\jest-circus\build\jestAdapterInit.js:761:3)
              at runAndTransformResultsToJestFormat (D:\Dev\ExoScan\exoscan-web\node_modules\jest-circus\build\jestAdapterInit.js:1918:21)
              at jestAdapter (D:\Dev\ExoScan\exoscan-web\node_modules\jest-circus\build\runner.js:101:19)
              at runTestInternal (D:\Dev\ExoScan\exoscan-web\node_modules\jest-runner\build\testWorker.js:275:16)
              at runTest (D:\Dev\ExoScan\exoscan-web\node_modules\jest-runner\build\testWorker.js:343:7)
              at Object.worker (D:\Dev\ExoScan\exoscan-web\node_modules\jest-runner\build\testWorker.js:497:12),
          _debugTask: null,
          _debugNeedsRemount: false,
          _debugHookTypes: null
        },
        '__reactProps$a7sngw07a7e': {
          ref: [Object],
          className: 'w-full object-cover transition-transform duration-200 h-80 md:h-96 lg:h-[500px]',
          autoPlay: true,
          playsInline: true,
          muted: true,
          controls: false,
          'webkit-playsinline': 'true',
          onLoadedData: [AsyncFunction: onLoadedData],
          onCanPlay: [AsyncFunction: onCanPlay],
          onClick: [AsyncFunction: onClick],
          onTouchStart: [AsyncFunction: onTouchStart],
          style: [Object]
        },
        '__reactEvents$a7sngw07a7e': Set(24) {
          'abort__bubble',
          'canplay__bubble',
          'canplaythrough__bubble',
          'durationchange__bubble',
          'emptied__bubble',
          'encrypted__bubble',
          'ended__bubble',
          'error__bubble',
          'loadeddata__bubble',
          'loadedmetadata__bubble',
          'loadstart__bubble',
          'pause__bubble',
          'play__bubble',
          'playing__bubble',
          'progress__bubble',
          'ratechange__bubble',
          'resize__bubble',
          'seeked__bubble',
          'seeking__bubble',
          'stalled__bubble',
          'suspend__bubble',
          'timeupdate__bubble',
          'volumechange__bubble',
          'waiting__bubble'
        },
        [Symbol(SameObject caches)]: [Object: null prototype] {
          style: [CSSStyleDeclaration],
          attributes: NamedNodeMap {}
        }
      },
      tagName: 'VIDEO',
      id: '',
      className: 'w-full object-cover transition-transform duration-200 h-80 md:h-96 lg:h-[500px]',
      style: 'transform: scale(1); transform-origin: center center; background-color: rgb(0, 0, 0); min-height: 20rem;',
      attributes: [
        {
          name: 'class',
          value: 'w-full object-cover transition-transform duration-200 h-80 md:h-96 lg:h-[500px]'
        },
        { name: 'autoplay', value: '' },
        { name: 'playsinline', value: '' },
        { name: 'webkit-playsinline', value: 'true' },
        {
          name: 'style',
          value: 'transform: scale(1); transform-origin: center center; background-color: rgb(0, 0, 0); min-height: 20rem;'
        }
      ]
    }

      at log (src/components/Scanner.tsx:480:15)

  console.log
    ЁЯУ▒ BarcodeScanner: ╨Э╨░╤З╨╕╨╜╨░╨╡╨╝ ╨┐╤А╨╛╤Ж╨╡╤Б╤Б ╤Б╨║╨░╨╜╨╕╤А╨╛╨▓╨░╨╜╨╕╤П

      at BarcodeScanner.log [as startScanning] (src/lib/scanner.ts:336:15)

  console.log
    тЬЕ ╨Я╨╛╨┤╨┤╨╡╤А╨╢╨║╨░ ╨║╨░╨╝╨╡╤А╤Л: OK

      at log (src/components/Scanner.tsx:502:15)

  console.log
    ЁЯФН ╨Ш╨╜╤Д╨╛╤А╨╝╨░╤Ж╨╕╤П ╨╛ ╨▒╤А╨░╤Г╨╖╨╡╤А╨╡: {
      userAgent: 'Mozilla/5.0 (win32) AppleWebKit/537.36 (KHTML, like Gecko) jsdom/26.1.0',
      platform: '',
      language: 'en-US',
      cookieEnabled: true,
      onLine: true
    }

      at BarcodeScanner.log [as startScanning] (src/lib/scanner.ts:337:15)

  console.log
    тЬЕ ╨С╨╡╨╖╨╛╨┐╨░╤Б╨╜╤Л╨╣ ╨║╨╛╨╜╤В╨╡╨║╤Б╤В: OK

      at log (src/components/Scanner.tsx:512:15)

  console.log
    ЁЯФР ╨Я╤А╨╛╨▓╨╡╤А╨║╨░ ╤А╨░╨╖╤А╨╡╤И╨╡╨╜╨╕╨╣ ╨║╨░╨╝╨╡╤А╤Л...

      at BarcodeScanner.log [as startScanning] (src/lib/scanner.ts:346:15)

  console.log
    ЁЯФД ╨Я╨╛╨╗╤Г╤З╨╡╨╜╨╕╨╡ ╨┤╨╛╤Б╤В╤Г╨┐╨░ ╨║ ╨║╨░╨╝╨╡╤А╨╡...

      at log (src/components/Scanner.tsx:522:17)

  console.log
    ЁЯЪА ╨Э╨░╤З╨╕╨╜╨░╨╡╨╝ ╨┐╤А╨╛╤Ж╨╡╤Б╤Б ╤Б╨║╨░╨╜╨╕╤А╨╛╨▓╨░╨╜╨╕╤П...

      at log (src/components/Scanner.tsx:523:17)

  console.log
    ЁЯУ▒ BarcodeScanner: ╨Э╨░╤З╨╕╨╜╨░╨╡╨╝ ╨┐╤А╨╛╤Ж╨╡╤Б╤Б ╤Б╨║╨░╨╜╨╕╤А╨╛╨▓╨░╨╜╨╕╤П

      at BarcodeScanner.log [as startScanning] (src/lib/scanner.ts:336:15)

  console.log
    ЁЯФН ╨Ш╨╜╤Д╨╛╤А╨╝╨░╤Ж╨╕╤П ╨╛ ╨▒╤А╨░╤Г╨╖╨╡╤А╨╡: {
      userAgent: 'Mozilla/5.0 (win32) AppleWebKit/537.36 (KHTML, like Gecko) jsdom/26.1.0',
      platform: '',
      language: 'en-US',
      cookieEnabled: true,
      onLine: true
    }

      at BarcodeScanner.log [as startScanning] (src/lib/scanner.ts:337:15)

  console.log
    ЁЯФР ╨Я╤А╨╛╨▓╨╡╤А╨║╨░ ╤А╨░╨╖╤А╨╡╤И╨╡╨╜╨╕╨╣ ╨║╨░╨╝╨╡╤А╤Л...

      at BarcodeScanner.log [as startScanning] (src/lib/scanner.ts:346:15)

  console.log
    ЁЯФР ╨б╤В╨░╤В╤Г╤Б ╤А╨░╨╖╤А╨╡╤И╨╡╨╜╨╕╨╣: { granted: true, denied: false, prompt: false }

      at BarcodeScanner.log [as startScanning] (src/lib/scanner.ts:348:15)

  console.log
    тЬЕ MediaDevices API: OK

      at BarcodeScanner.log [as startScanning] (src/lib/scanner.ts:383:15)

  console.log
    тЬЕ getUserMedia: OK

      at BarcodeScanner.log [as startScanning] (src/lib/scanner.ts:401:15)

  console.log
    ЁЯУ╣ ╨Я╨╛╨╕╤Б╨║ ╨┤╨╛╤Б╤В╤Г╨┐╨╜╤Л╤Е ╨║╨░╨╝╨╡╤А...

      at BarcodeScanner.log [as startScanning] (src/lib/scanner.ts:404:15)

  console.log
    ЁЯФР ╨б╤В╨░╤В╤Г╤Б ╤А╨░╨╖╤А╨╡╤И╨╡╨╜╨╕╨╣: { granted: true, denied: false, prompt: false }

      at BarcodeScanner.log [as startScanning] (src/lib/scanner.ts:348:15)

  console.log
    тЬЕ MediaDevices API: OK

      at BarcodeScanner.log [as startScanning] (src/lib/scanner.ts:383:15)

  console.log
    тЬЕ getUserMedia: OK

      at BarcodeScanner.log [as startScanning] (src/lib/scanner.ts:401:15)

  console.log
    ЁЯУ╣ ╨Я╨╛╨╕╤Б╨║ ╨┤╨╛╤Б╤В╤Г╨┐╨╜╤Л╤Е ╨║╨░╨╝╨╡╤А...

      at BarcodeScanner.log [as startScanning] (src/lib/scanner.ts:404:15)

  console.log
    ЁЯФР ╨б╤В╨░╤В╤Г╤Б ╤А╨░╨╖╤А╨╡╤И╨╡╨╜╨╕╨╣: { granted: true, denied: false, prompt: false }

      at BarcodeScanner.log [as startScanning] (src/lib/scanner.ts:348:15)

  console.log
    тЬЕ MediaDevices API: OK

      at BarcodeScanner.log [as startScanning] (src/lib/scanner.ts:383:15)

  console.log
    ЁЯФР ╨б╤В╨░╤В╤Г╤Б ╤А╨░╨╖╤А╨╡╤И╨╡╨╜╨╕╨╣: { granted: true, denied: false, prompt: false }

      at BarcodeScanner.log [as startScanning] (src/lib/scanner.ts:348:15)

  console.log
    тЬЕ getUserMedia: OK

      at BarcodeScanner.log [as startScanning] (src/lib/scanner.ts:401:15)

  console.log
    тЬЕ MediaDevices API: OK

      at BarcodeScanner.log [as startScanning] (src/lib/scanner.ts:383:15)

  console.log
    тЬЕ getUserMedia: OK

      at BarcodeScanner.log [as startScanning] (src/lib/scanner.ts:401:15)

  console.log
    ЁЯУ╣ ╨Я╨╛╨╕╤Б╨║ ╨┤╨╛╤Б╤В╤Г╨┐╨╜╤Л╤Е ╨║╨░╨╝╨╡╤А...

      at BarcodeScanner.log [as startScanning] (src/lib/scanner.ts:404:15)

  console.log
    ЁЯУ╣ ╨Я╨╛╨╕╤Б╨║ ╨┤╨╛╤Б╤В╤Г╨┐╨╜╤Л╤Е ╨║╨░╨╝╨╡╤А...

      at BarcodeScanner.log [as startScanning] (src/lib/scanner.ts:404:15)

  console.log
    ЁЯУ╣ ╨Э╨░╨╣╨┤╨╡╨╜╨╛ ╨║╨░╨╝╨╡╤А: 2 [
      { id: 'camera1', label: 'Back Camera', kind: 'videoinput' },
      { id: 'camera2', label: 'Front Camera', kind: 'videoinput' }
    ]

      at BarcodeScanner.log [as startScanning] (src/lib/scanner.ts:406:15)

  console.log
    ЁЯФР ╨б╤В╨░╤В╤Г╤Б ╤А╨░╨╖╤А╨╡╤И╨╡╨╜╨╕╨╣: { granted: true, denied: false, prompt: false }

      at BarcodeScanner.log [as startScanning] (src/lib/scanner.ts:348:15)

  console.log
    ЁЯУ╖ ╨Т╤Л╨▒╤А╨░╨╜╨╜╨░╤П ╨║╨░╨╝╨╡╤А╨░: { label: 'Back Camera', id: 'camera1', source: 'back-camera' }

      at BarcodeScanner.log [as startScanning] (src/lib/scanner.ts:440:15)

  console.log
    тЬЕ MediaDevices API: OK

      at BarcodeScanner.log [as startScanning] (src/lib/scanner.ts:383:15)

  console.log
    ЁЯУ▒ ╨Ь╨╛╨▒╨╕╨╗╤М╨╜╨╛╨╡ ╤Г╤Б╤В╤А╨╛╨╣╤Б╤В╨▓╨╛: false

      at BarcodeScanner.log [as startScanning] (src/lib/scanner.ts:448:15)

  console.log
    тЬЕ getUserMedia: OK

      at BarcodeScanner.log [as startScanning] (src/lib/scanner.ts:401:15)

  console.log
    ЁЯУ▒ ╨г╤Б╤В╤А╨╛╨╣╤Б╤В╨▓╨╛: ╨Ф╤А╤Г╨│╨╛╨╡, ╨С╤А╨░╤Г╨╖╨╡╤А: ╨Ф╤А╤Г╨│╨╛╨╣

      at BarcodeScanner.log [as getOptimalCameraConstraints] (src/lib/scanner.ts:135:13)

  console.log
    ЁЯУ╣ ╨Я╨╛╨╕╤Б╨║ ╨┤╨╛╤Б╤В╤Г╨┐╨╜╤Л╤Е ╨║╨░╨╝╨╡╤А...

      at BarcodeScanner.log [as startScanning] (src/lib/scanner.ts:404:15)

  console.log
    ЁЯОе ╨Э╨░╤Б╤В╤А╨╛╨╣╨║╨╕ ╨║╨░╨╝╨╡╤А╤Л: {
      video: {
        deviceId: { ideal: 'camera1' },
        facingMode: undefined,
        width: { ideal: 1920 },
        height: { ideal: 1080 },
        frameRate: { ideal: 30 }
      }
    }

      at BarcodeScanner.log [as startScanning] (src/lib/scanner.ts:452:15)

  console.log
    ЁЯФН ╨Ч╨░╨┐╤Г╤Б╨║ ╨╜╨╡╨┐╤А╨╡╤А╤Л╨▓╨╜╨╛╨│╨╛ ╨┤╨╡╨║╨╛╨┤╨╕╤А╨╛╨▓╨░╨╜╨╕╤П ╤И╤В╤А╨╕╤Е-╨║╨╛╨┤╨╛╨▓...

      at BarcodeScanner.log [as startScanning] (src/lib/scanner.ts:455:15)

  console.log
    ЁЯУ╣ ╨Э╨░╨╣╨┤╨╡╨╜╨╛ ╨║╨░╨╝╨╡╤А: 2 [
      { id: 'camera1', label: 'Back Camera', kind: 'videoinput' },
      { id: 'camera2', label: 'Front Camera', kind: 'videoinput' }
    ]

      at BarcodeScanner.log [as startScanning] (src/lib/scanner.ts:406:15)

  console.log
    ЁЯз╣ ╨Ю╤З╨╕╤Б╤В╨║╨░ ╤Б╤Г╤Й╨╡╤Б╤В╨▓╤Г╤О╤Й╨╡╨│╨╛ ╨┐╨╛╤В╨╛╨║╨░...

      at BarcodeScanner.log [as startScanning] (src/lib/scanner.ts:458:15)

  console.log
    ЁЯУ╖ ╨Т╤Л╨▒╤А╨░╨╜╨╜╨░╤П ╨║╨░╨╝╨╡╤А╨░: { label: 'Back Camera', id: 'camera1', source: 'back-camera' }

      at BarcodeScanner.log [as startScanning] (src/lib/scanner.ts:440:15)

  console.log
    ЁЯУ║ ╨б╨╛╤Б╤В╨╛╤П╨╜╨╕╨╡ ╨▓╨╕╨┤╨╡╨╛ ╤Н╨╗╨╡╨╝╨╡╨╜╤В╨░: {
      readyState: 0,
      videoWidth: 0,
      videoHeight: 0,
      paused: true,
      ended: false,
      muted: true,
      autoplay: true,
      playsInline: true
    }

      at BarcodeScanner.log [as startScanning] (src/lib/scanner.ts:462:15)

  console.log
    ЁЯУ▒ ╨Ь╨╛╨▒╨╕╨╗╤М╨╜╨╛╨╡ ╤Г╤Б╤В╤А╨╛╨╣╤Б╤В╨▓╨╛: false

      at BarcodeScanner.log [as startScanning] (src/lib/scanner.ts:448:15)

  console.log
    ЁЯФД ╨Ч╨░╨┐╤Г╤Б╨║ ╨┤╨╡╨║╨╛╨┤╨╕╤А╨╛╨▓╨░╨╜╨╕╤П ╤Б ╨╛╨│╤А╨░╨╜╨╕╤З╨╡╨╜╨╕╤П╨╝╨╕...

      at BarcodeScanner.log [as startScanning] (src/lib/scanner.ts:474:15)

  console.log
    ЁЯУ▒ ╨г╤Б╤В╤А╨╛╨╣╤Б╤В╨▓╨╛: ╨Ф╤А╤Г╨│╨╛╨╡, ╨С╤А╨░╤Г╨╖╨╡╤А: ╨Ф╤А╤Г╨│╨╛╨╣

      at BarcodeScanner.log [as getOptimalCameraConstraints] (src/lib/scanner.ts:135:13)

  console.log
    ЁЯФД ╨Я╨╛╨┐╤Л╤В╨║╨░ ╨╖╨░╨┐╤Г╤Б╨║╨░ ╤Б optimal ╨╛╨│╤А╨░╨╜╨╕╤З╨╡╨╜╨╕╤П╨╝╨╕: {
      "video": {
        "deviceId": {
          "ideal": "camera1"
        },
        "width": {
          "ideal": 1920
        },
        "height": {
          "ideal": 1080
        },
        "frameRate": {
          "ideal": 30
        }
      }
    }

      at BarcodeScanner.log [as startScanning] (src/lib/scanner.ts:487:19)

  console.log
    ЁЯОе ╨Я╨╛╨╗╤Г╤З╨╡╨╜╨╕╨╡ ╨┐╨╛╤В╨╛╨║╨░ ╤З╨╡╤А╨╡╨╖ getUserMedia...

      at BarcodeScanner.log [as startScanning] (src/lib/scanner.ts:490:19)

  console.log
    тЬЕ ╨Я╨╛╤В╨╛╨║ ╨┐╨╛╨╗╤Г╤З╨╡╨╜: {
      active: undefined,
      id: undefined,
      tracks: [
        {
          kind: undefined,
          label: undefined,
          enabled: undefined,
          readyState: undefined,
          muted: undefined,
          settings: {}
        }
      ]
    }

      at BarcodeScanner.log [as startScanning] (src/lib/scanner.ts:492:19)

  console.log
    ЁЯОм ╨г╤Б╤В╨░╨╜╨╛╨▓╨║╨░ ╨┐╨╛╤В╨╛╨║╨░ ╨▓ ╨▓╨╕╨┤╨╡╨╛ ╤Н╨╗╨╡╨╝╨╡╨╜╤В...

      at BarcodeScanner.log [as startScanning] (src/lib/scanner.ts:515:19)

  console.log
    ЁЯОе ╨Э╨░╤Б╤В╤А╨╛╨╣╨║╨╕ ╨║╨░╨╝╨╡╤А╤Л: {
      video: {
        deviceId: { ideal: 'camera1' },
        facingMode: undefined,
        width: { ideal: 1920 },
        height: { ideal: 1080 },
        frameRate: { ideal: 30 }
      }
    }

      at BarcodeScanner.log [as startScanning] (src/lib/scanner.ts:452:15)

  console.log
    ЁЯФН ╨Ч╨░╨┐╤Г╤Б╨║ ╨╜╨╡╨┐╤А╨╡╤А╤Л╨▓╨╜╨╛╨│╨╛ ╨┤╨╡╨║╨╛╨┤╨╕╤А╨╛╨▓╨░╨╜╨╕╤П ╤И╤В╤А╨╕╤Е-╨║╨╛╨┤╨╛╨▓...

      at BarcodeScanner.log [as startScanning] (src/lib/scanner.ts:455:15)

  console.log
    ЁЯз╣ ╨Ю╤З╨╕╤Б╤В╨║╨░ ╤Б╤Г╤Й╨╡╤Б╤В╨▓╤Г╤О╤Й╨╡╨│╨╛ ╨┐╨╛╤В╨╛╨║╨░...

      at BarcodeScanner.log [as startScanning] (src/lib/scanner.ts:458:15)

  console.log
    ЁЯЫС ╨Ю╤Б╤В╨░╨╜╨╛╨▓╨║╨░ ╤Б╨║╨░╨╜╨╕╤А╨╛╨▓╨░╨╜╨╕╤П...

      at BarcodeScanner.log [as stopScanning] (src/lib/scanner.ts:853:15)

  console.log
    ЁЯЫС ╨Ю╤Б╤В╨░╨╜╨╛╨▓╨╗╨╡╨╜ ╤В╤А╨╡╨║ ╨║╨░╨╝╨╡╤А╤Л: undefined

      at log (src/lib/scanner.ts:737:19)
          at Array.forEach (<anonymous>)

  console.log
    ЁЯз╣ ╨Т╨╕╨┤╨╡╨╛ ╤Н╨╗╨╡╨╝╨╡╨╜╤В ╨╛╤З╨╕╤Й╨╡╨╜

      at BarcodeScanner.log [as stopCurrentStream] (src/lib/scanner.ts:744:17)

  console.log
    тЬЕ ╨б╨║╨░╨╜╨╕╤А╨╛╨▓╨░╨╜╨╕╨╡ ╨╛╤Б╤В╨░╨╜╨╛╨▓╨╗╨╡╨╜╨╛

      at BarcodeScanner.log [as stopScanning] (src/lib/scanner.ts:866:15)

  console.log
    ЁЯУ║ ╨б╨╛╤Б╤В╨╛╤П╨╜╨╕╨╡ ╨▓╨╕╨┤╨╡╨╛ ╤Н╨╗╨╡╨╝╨╡╨╜╤В╨░: {
      readyState: 0,
      videoWidth: 0,
      videoHeight: 0,
      paused: true,
      ended: false,
      muted: true,
      autoplay: true,
      playsInline: true
    }

      at BarcodeScanner.log [as startScanning] (src/lib/scanner.ts:462:15)

  console.log
    ЁЯФД ╨Ч╨░╨┐╤Г╤Б╨║ ╨┤╨╡╨║╨╛╨┤╨╕╤А╨╛╨▓╨░╨╜╨╕╤П ╤Б ╨╛╨│╤А╨░╨╜╨╕╤З╨╡╨╜╨╕╤П╨╝╨╕...

      at BarcodeScanner.log [as startScanning] (src/lib/scanner.ts:474:15)

  console.log
    ЁЯФД ╨Я╨╛╨┐╤Л╤В╨║╨░ ╨╖╨░╨┐╤Г╤Б╨║╨░ ╤Б optimal ╨╛╨│╤А╨░╨╜╨╕╤З╨╡╨╜╨╕╤П╨╝╨╕: {
      "video": {
        "deviceId": {
          "ideal": "camera1"
        },
        "width": {
          "ideal": 1920
        },
        "height": {
          "ideal": 1080
        },
        "frameRate": {
          "ideal": 30
        }
      }
    }

      at BarcodeScanner.log [as startScanning] (src/lib/scanner.ts:487:19)

  console.log
    ЁЯОе ╨Я╨╛╨╗╤Г╤З╨╡╨╜╨╕╨╡ ╨┐╨╛╤В╨╛╨║╨░ ╤З╨╡╤А╨╡╨╖ getUserMedia...

      at BarcodeScanner.log [as startScanning] (src/lib/scanner.ts:490:19)

  console.log
    ЁЯУ╣ ╨Э╨░╨╣╨┤╨╡╨╜╨╛ ╨║╨░╨╝╨╡╤А: 2 [
      { id: 'camera1', label: 'Back Camera', kind: 'videoinput' },
      { id: 'camera2', label: 'Front Camera', kind: 'videoinput' }
    ]

      at BarcodeScanner.log [as startScanning] (src/lib/scanner.ts:406:15)

  console.log
    ЁЯУ╖ ╨Т╤Л╨▒╤А╨░╨╜╨╜╨░╤П ╨║╨░╨╝╨╡╤А╨░: { label: 'Back Camera', id: 'camera1', source: 'back-camera' }

      at BarcodeScanner.log [as startScanning] (src/lib/scanner.ts:440:15)

  console.log
    ЁЯУ▒ ╨Ь╨╛╨▒╨╕╨╗╤М╨╜╨╛╨╡ ╤Г╤Б╤В╤А╨╛╨╣╤Б╤В╨▓╨╛: false

      at BarcodeScanner.log [as startScanning] (src/lib/scanner.ts:448:15)

  console.log
    ЁЯУ▒ ╨г╤Б╤В╤А╨╛╨╣╤Б╤В╨▓╨╛: ╨Ф╤А╤Г╨│╨╛╨╡, ╨С╤А╨░╤Г╨╖╨╡╤А: ╨Ф╤А╤Г╨│╨╛╨╣

      at BarcodeScanner.log [as getOptimalCameraConstraints] (src/lib/scanner.ts:135:13)

  console.log
    ЁЯОе ╨Ч╨░╨┐╤Г╤Б╨║ ╤Б╨║╨░╨╜╨╕╤А╨╛╨▓╨░╨╜╨╕╤П...

      at log (src/components/Scanner.tsx:479:15)

  console.log
    ЁЯОе ╨Э╨░╤Б╤В╤А╨╛╨╣╨║╨╕ ╨║╨░╨╝╨╡╤А╤Л: {
      video: {
        deviceId: { ideal: 'camera1' },
        facingMode: undefined,
        width: { ideal: 1920 },
        height: { ideal: 1080 },
        frameRate: { ideal: 30 }
      }
    }

      at BarcodeScanner.log [as startScanning] (src/lib/scanner.ts:452:15)

  console.log
    ЁЯФН ╨Ч╨░╨┐╤Г╤Б╨║ ╨╜╨╡╨┐╤А╨╡╤А╤Л╨▓╨╜╨╛╨│╨╛ ╨┤╨╡╨║╨╛╨┤╨╕╤А╨╛╨▓╨░╨╜╨╕╤П ╤И╤В╤А╨╕╤Е-╨║╨╛╨┤╨╛╨▓...

      at BarcodeScanner.log [as startScanning] (src/lib/scanner.ts:455:15)

  console.log
    ЁЯз╣ ╨Ю╤З╨╕╤Б╤В╨║╨░ ╤Б╤Г╤Й╨╡╤Б╤В╨▓╤Г╤О╤Й╨╡╨│╨╛ ╨┐╨╛╤В╨╛╨║╨░...

      at BarcodeScanner.log [as startScanning] (src/lib/scanner.ts:458:15)

  console.log
    ЁЯУ║ ╨б╨╛╤Б╤В╨╛╤П╨╜╨╕╨╡ ╨▓╨╕╨┤╨╡╨╛ ╤Н╨╗╨╡╨╝╨╡╨╜╤В╨░: {
      readyState: 0,
      videoWidth: 0,
      videoHeight: 0,
      paused: true,
      ended: false,
      muted: true,
      autoplay: true,
      playsInline: true
    }

      at BarcodeScanner.log [as startScanning] (src/lib/scanner.ts:462:15)

  console.log
    ЁЯФД ╨Ч╨░╨┐╤Г╤Б╨║ ╨┤╨╡╨║╨╛╨┤╨╕╤А╨╛╨▓╨░╨╜╨╕╤П ╤Б ╨╛╨│╤А╨░╨╜╨╕╤З╨╡╨╜╨╕╤П╨╝╨╕...

      at BarcodeScanner.log [as startScanning] (src/lib/scanner.ts:474:15)

  console.log
    ЁЯФД ╨Я╨╛╨┐╤Л╤В╨║╨░ ╨╖╨░╨┐╤Г╤Б╨║╨░ ╤Б optimal ╨╛╨│╤А╨░╨╜╨╕╤З╨╡╨╜╨╕╤П╨╝╨╕: {
      "video": {
        "deviceId": {
          "ideal": "camera1"
        },
        "width": {
          "ideal": 1920
        },
        "height": {
          "ideal": 1080
        },
        "frameRate": {
          "ideal": 30
        }
      }
    }

      at BarcodeScanner.log [as startScanning] (src/lib/scanner.ts:487:19)

  console.log
    ЁЯОе ╨Я╨╛╨╗╤Г╤З╨╡╨╜╨╕╨╡ ╨┐╨╛╤В╨╛╨║╨░ ╤З╨╡╤А╨╡╨╖ getUserMedia...

      at BarcodeScanner.log [as startScanning] (src/lib/scanner.ts:490:19)

  console.log
    ЁЯУ╣ ╨Э╨░╨╣╨┤╨╡╨╜╨╛ ╨║╨░╨╝╨╡╤А: 2 [
      { id: 'camera1', label: 'Back Camera', kind: 'videoinput' },
      { id: 'camera2', label: 'Front Camera', kind: 'videoinput' }
    ]

      at BarcodeScanner.log [as startScanning] (src/lib/scanner.ts:406:15)

  console.log
    ЁЯУ╖ ╨Т╤Л╨▒╤А╨░╨╜╨╜╨░╤П ╨║╨░╨╝╨╡╤А╨░: { label: 'Back Camera', id: 'camera1', source: 'back-camera' }

      at BarcodeScanner.log [as startScanning] (src/lib/scanner.ts:440:15)

  console.log
    ЁЯУ▒ ╨Ш╨╜╤Д╨╛╤А╨╝╨░╤Ж╨╕╤П ╨╛ ╨▓╨╕╨┤╨╡╨╛ ╤Н╨╗╨╡╨╝╨╡╨╜╤В╨╡: {
      element: <ref *1> HTMLVideoElement {
        '__reactFiber$a7sngw07a7e': FiberNode {
          tag: 5,
          key: null,
          elementType: 'video',
          type: 'video',
          stateNode: [Circular *1],
          return: [FiberNode],
          child: null,
          sibling: [FiberNode],
          index: 1,
          ref: [Object],
          refCleanup: null,
          pendingProps: [Object],
          memoizedProps: [Object],
          updateQueue: null,
          memoizedState: null,
          dependencies: null,
          mode: 1,
          flags: 5243392,
          subtreeFlags: 0,
          deletions: null,
          lanes: 0,
          childLanes: 0,
          alternate: null,
          actualDuration: -0,
          actualStartTime: 3921.1955,
          selfBaseDuration: -0,
          treeBaseDuration: -0,
          _debugInfo: null,
          _debugOwner: [FiberNode],
          _debugStack: Error: react-stack-top-frame
              at process.env.NODE_ENV.exports.jsx (D:\Dev\ExoScan\exoscan-web\node_modules\react\cjs\react-jsx-runtime.development.js:337:13)
              at ScannerContent (D:\Dev\ExoScan\exoscan-web\src\components\Scanner.tsx:784:9)
              at Object.react-stack-bottom-frame (D:\Dev\ExoScan\exoscan-web\node_modules\react-dom\cjs\react-dom-client.development.js:23863:20)
              at renderWithHooks (D:\Dev\ExoScan\exoscan-web\node_modules\react-dom\cjs\react-dom-client.development.js:5529:22)
              at updateFunctionComponent (D:\Dev\ExoScan\exoscan-web\node_modules\react-dom\cjs\react-dom-client.development.js:8897:19)
              at beginWork (D:\Dev\ExoScan\exoscan-web\node_modules\react-dom\cjs\react-dom-client.development.js:10522:18)
              at runWithFiberInDEV (D:\Dev\ExoScan\exoscan-web\node_modules\react-dom\cjs\react-dom-client.development.js:1522:13)
              at performUnitOfWork (D:\Dev\ExoScan\exoscan-web\node_modules\react-dom\cjs\react-dom-client.development.js:15140:22)
              at workLoopSync (D:\Dev\ExoScan\exoscan-web\node_modules\react-dom\cjs\react-dom-client.development.js:14956:41)
              at renderRootSync (D:\Dev\ExoScan\exoscan-web\node_modules\react-dom\cjs\react-dom-client.development.js:14936:11)
              at performWorkOnRoot (D:\Dev\ExoScan\exoscan-web\node_modules\react-dom\cjs\react-dom-client.development.js:14419:13)
              at performWorkOnRootViaSchedulerTask (D:\Dev\ExoScan\exoscan-web\node_modules\react-dom\cjs\react-dom-client.development.js:16216:7)
              at flushActQueue (D:\Dev\ExoScan\exoscan-web\node_modules\react\cjs\react.development.js:566:34)
              at process.env.NODE_ENV.exports.act (D:\Dev\ExoScan\exoscan-web\node_modules\react\cjs\react.development.js:859:10)
              at D:\Dev\ExoScan\exoscan-web\node_modules\@testing-library\react\dist\act-compat.js:47:25
              at renderRoot (D:\Dev\ExoScan\exoscan-web\node_modules\@testing-library\react\dist\pure.js:190:26)
              at render (D:\Dev\ExoScan\exoscan-web\node_modules\@testing-library\react\dist\pure.js:292:10)
              at Object.<anonymous> (D:\Dev\ExoScan\exoscan-web\src\components\__tests__\Scanner.test.tsx:195:34)
              at Promise.finally.completed (D:\Dev\ExoScan\exoscan-web\node_modules\jest-circus\build\jestAdapterInit.js:1557:28)
              at new Promise (<anonymous>)
              at callAsyncCircusFn (D:\Dev\ExoScan\exoscan-web\node_modules\jest-circus\build\jestAdapterInit.js:1497:10)
              at _callCircusTest (D:\Dev\ExoScan\exoscan-web\node_modules\jest-circus\build\jestAdapterInit.js:1007:40)
              at runNextTicks (node:internal/process/task_queues:65:5)
              at listOnTimeout (node:internal/timers:549:9)
              at processTimers (node:internal/timers:523:7)
              at _runTest (D:\Dev\ExoScan\exoscan-web\node_modules\jest-circus\build\jestAdapterInit.js:947:3)
              at D:\Dev\ExoScan\exoscan-web\node_modules\jest-circus\build\jestAdapterInit.js:849:7
              at _runTestsForDescribeBlock (D:\Dev\ExoScan\exoscan-web\node_modules\jest-circus\build\jestAdapterInit.js:862:11)
              at _runTestsForDescribeBlock (D:\Dev\ExoScan\exoscan-web\node_modules\jest-circus\build\jestAdapterInit.js:857:11)
              at _runTestsForDescribeBlock (D:\Dev\ExoScan\exoscan-web\node_modules\jest-circus\build\jestAdapterInit.js:857:11)
              at run (D:\Dev\ExoScan\exoscan-web\node_modules\jest-circus\build\jestAdapterInit.js:761:3)
              at runAndTransformResultsToJestFormat (D:\Dev\ExoScan\exoscan-web\node_modules\jest-circus\build\jestAdapterInit.js:1918:21)
              at jestAdapter (D:\Dev\ExoScan\exoscan-web\node_modules\jest-circus\build\runner.js:101:19)
              at runTestInternal (D:\Dev\ExoScan\exoscan-web\node_modules\jest-runner\build\testWorker.js:275:16)
              at runTest (D:\Dev\ExoScan\exoscan-web\node_modules\jest-runner\build\testWorker.js:343:7)
              at Object.worker (D:\Dev\ExoScan\exoscan-web\node_modules\jest-runner\build\testWorker.js:497:12),
          _debugTask: null,
          _debugNeedsRemount: false,
          _debugHookTypes: null
        },
        '__reactProps$a7sngw07a7e': {
          ref: [Object],
          className: 'w-full object-cover transition-transform duration-200 h-80 md:h-96 lg:h-[500px]',
          autoPlay: true,
          playsInline: true,
          muted: true,
          controls: false,
          'webkit-playsinline': 'true',
          onLoadedData: [AsyncFunction: onLoadedData],
          onCanPlay: [AsyncFunction: onCanPlay],
          onClick: [AsyncFunction: onClick],
          onTouchStart: [AsyncFunction: onTouchStart],
          style: [Object]
        },
        '__reactEvents$a7sngw07a7e': Set(24) {
          'abort__bubble',
          'canplay__bubble',
          'canplaythrough__bubble',
          'durationchange__bubble',
          'emptied__bubble',
          'encrypted__bubble',
          'ended__bubble',
          'error__bubble',
          'loadeddata__bubble',
          'loadedmetadata__bubble',
          'loadstart__bubble',
          'pause__bubble',
          'play__bubble',
          'playing__bubble',
          'progress__bubble',
          'ratechange__bubble',
          'resize__bubble',
          'seeked__bubble',
          'seeking__bubble',
          'stalled__bubble',
          'suspend__bubble',
          'timeupdate__bubble',
          'volumechange__bubble',
          'waiting__bubble'
        },
        [Symbol(SameObject caches)]: [Object: null prototype] {
          style: [CSSStyleDeclaration],
          attributes: NamedNodeMap {}
        }
      },
      tagName: 'VIDEO',
      id: '',
      className: 'w-full object-cover transition-transform duration-200 h-80 md:h-96 lg:h-[500px]',
      style: 'transform: scale(1); transform-origin: center center; background-color: rgb(0, 0, 0); min-height: 20rem;',
      attributes: [
        {
          name: 'class',
          value: 'w-full object-cover transition-transform duration-200 h-80 md:h-96 lg:h-[500px]'
        },
        { name: 'autoplay', value: '' },
        { name: 'playsinline', value: '' },
        { name: 'webkit-playsinline', value: 'true' },
        {
          name: 'style',
          value: 'transform: scale(1); transform-origin: center center; background-color: rgb(0, 0, 0); min-height: 20rem;'
        }
      ]
    }

      at log (src/components/Scanner.tsx:480:15)

  console.log
    ЁЯУ▒ ╨Ь╨╛╨▒╨╕╨╗╤М╨╜╨╛╨╡ ╤Г╤Б╤В╤А╨╛╨╣╤Б╤В╨▓╨╛: false

      at BarcodeScanner.log [as startScanning] (src/lib/scanner.ts:448:15)

  console.log
    ЁЯУ▒ ╨г╤Б╤В╤А╨╛╨╣╤Б╤В╨▓╨╛: ╨Ф╤А╤Г╨│╨╛╨╡, ╨С╤А╨░╤Г╨╖╨╡╤А: ╨Ф╤А╤Г╨│╨╛╨╣

      at BarcodeScanner.log [as getOptimalCameraConstraints] (src/lib/scanner.ts:135:13)

  console.log
    ЁЯОе ╨Э╨░╤Б╤В╤А╨╛╨╣╨║╨╕ ╨║╨░╨╝╨╡╤А╤Л: {
      video: {
        deviceId: { ideal: 'camera1' },
        facingMode: undefined,
        width: { ideal: 1920 },
        height: { ideal: 1080 },
        frameRate: { ideal: 30 }
      }
    }

      at BarcodeScanner.log [as startScanning] (src/lib/scanner.ts:452:15)

  console.log
    ЁЯФН ╨Ч╨░╨┐╤Г╤Б╨║ ╨╜╨╡╨┐╤А╨╡╤А╤Л╨▓╨╜╨╛╨│╨╛ ╨┤╨╡╨║╨╛╨┤╨╕╤А╨╛╨▓╨░╨╜╨╕╤П ╤И╤В╤А╨╕╤Е-╨║╨╛╨┤╨╛╨▓...

      at BarcodeScanner.log [as startScanning] (src/lib/scanner.ts:455:15)

  console.log
    ЁЯз╣ ╨Ю╤З╨╕╤Б╤В╨║╨░ ╤Б╤Г╤Й╨╡╤Б╤В╨▓╤Г╤О╤Й╨╡╨│╨╛ ╨┐╨╛╤В╨╛╨║╨░...

      at BarcodeScanner.log [as startScanning] (src/lib/scanner.ts:458:15)

  console.log
    ЁЯУ║ ╨б╨╛╤Б╤В╨╛╤П╨╜╨╕╨╡ ╨▓╨╕╨┤╨╡╨╛ ╤Н╨╗╨╡╨╝╨╡╨╜╤В╨░: {
      readyState: 0,
      videoWidth: 0,
      videoHeight: 0,
      paused: true,
      ended: false,
      muted: true,
      autoplay: true,
      playsInline: true
    }

      at BarcodeScanner.log [as startScanning] (src/lib/scanner.ts:462:15)

  console.log
    тЬЕ ╨Я╨╛╨┤╨┤╨╡╤А╨╢╨║╨░ ╨║╨░╨╝╨╡╤А╤Л: OK

      at log (src/components/Scanner.tsx:502:15)

  console.log
    ЁЯФД ╨Ч╨░╨┐╤Г╤Б╨║ ╨┤╨╡╨║╨╛╨┤╨╕╤А╨╛╨▓╨░╨╜╨╕╤П ╤Б ╨╛╨│╤А╨░╨╜╨╕╤З╨╡╨╜╨╕╤П╨╝╨╕...

      at BarcodeScanner.log [as startScanning] (src/lib/scanner.ts:474:15)

  console.log
    ЁЯФД ╨Я╨╛╨┐╤Л╤В╨║╨░ ╨╖╨░╨┐╤Г╤Б╨║╨░ ╤Б optimal ╨╛╨│╤А╨░╨╜╨╕╤З╨╡╨╜╨╕╤П╨╝╨╕: {
      "video": {
        "deviceId": {
          "ideal": "camera1"
        },
        "width": {
          "ideal": 1920
        },
        "height": {
          "ideal": 1080
        },
        "frameRate": {
          "ideal": 30
        }
      }
    }

      at BarcodeScanner.log [as startScanning] (src/lib/scanner.ts:487:19)

  console.log
    ЁЯОе ╨Я╨╛╨╗╤Г╤З╨╡╨╜╨╕╨╡ ╨┐╨╛╤В╨╛╨║╨░ ╤З╨╡╤А╨╡╨╖ getUserMedia...

      at BarcodeScanner.log [as startScanning] (src/lib/scanner.ts:490:19)

  console.log
    ЁЯУ╣ ╨Э╨░╨╣╨┤╨╡╨╜╨╛ ╨║╨░╨╝╨╡╤А: 2 [
      { id: 'camera1', label: 'Back Camera', kind: 'videoinput' },
      { id: 'camera2', label: 'Front Camera', kind: 'videoinput' }
    ]

      at BarcodeScanner.log [as startScanning] (src/lib/scanner.ts:406:15)

  console.log
    ЁЯУ╖ ╨Т╤Л╨▒╤А╨░╨╜╨╜╨░╤П ╨║╨░╨╝╨╡╤А╨░: { label: 'Back Camera', id: 'camera1', source: 'back-camera' }

      at BarcodeScanner.log [as startScanning] (src/lib/scanner.ts:440:15)

  console.log
    ЁЯУ▒ ╨Ь╨╛╨▒╨╕╨╗╤М╨╜╨╛╨╡ ╤Г╤Б╤В╤А╨╛╨╣╤Б╤В╨▓╨╛: false

      at BarcodeScanner.log [as startScanning] (src/lib/scanner.ts:448:15)

  console.log
    тЬЕ ╨С╨╡╨╖╨╛╨┐╨░╤Б╨╜╤Л╨╣ ╨║╨╛╨╜╤В╨╡╨║╤Б╤В: OK

      at log (src/components/Scanner.tsx:512:15)

  console.log
    ЁЯУ▒ ╨г╤Б╤В╤А╨╛╨╣╤Б╤В╨▓╨╛: ╨Ф╤А╤Г╨│╨╛╨╡, ╨С╤А╨░╤Г╨╖╨╡╤А: ╨Ф╤А╤Г╨│╨╛╨╣

      at BarcodeScanner.log [as getOptimalCameraConstraints] (src/lib/scanner.ts:135:13)

  console.log
    ЁЯОе ╨Э╨░╤Б╤В╤А╨╛╨╣╨║╨╕ ╨║╨░╨╝╨╡╤А╤Л: {
      video: {
        deviceId: { ideal: 'camera1' },
        facingMode: undefined,
        width: { ideal: 1920 },
        height: { ideal: 1080 },
        frameRate: { ideal: 30 }
      }
    }

      at BarcodeScanner.log [as startScanning] (src/lib/scanner.ts:452:15)

  console.log
    ЁЯФН ╨Ч╨░╨┐╤Г╤Б╨║ ╨╜╨╡╨┐╤А╨╡╤А╤Л╨▓╨╜╨╛╨│╨╛ ╨┤╨╡╨║╨╛╨┤╨╕╤А╨╛╨▓╨░╨╜╨╕╤П ╤И╤В╤А╨╕╤Е-╨║╨╛╨┤╨╛╨▓...

      at BarcodeScanner.log [as startScanning] (src/lib/scanner.ts:455:15)

  console.log
    ЁЯз╣ ╨Ю╤З╨╕╤Б╤В╨║╨░ ╤Б╤Г╤Й╨╡╤Б╤В╨▓╤Г╤О╤Й╨╡╨│╨╛ ╨┐╨╛╤В╨╛╨║╨░...

      at BarcodeScanner.log [as startScanning] (src/lib/scanner.ts:458:15)

  console.log
    ЁЯФД ╨Я╨╛╨╗╤Г╤З╨╡╨╜╨╕╨╡ ╨┤╨╛╤Б╤В╤Г╨┐╨░ ╨║ ╨║╨░╨╝╨╡╤А╨╡...

      at log (src/components/Scanner.tsx:522:17)

  console.log
    ЁЯУ║ ╨б╨╛╤Б╤В╨╛╤П╨╜╨╕╨╡ ╨▓╨╕╨┤╨╡╨╛ ╤Н╨╗╨╡╨╝╨╡╨╜╤В╨░: {
      readyState: 0,
      videoWidth: 0,
      videoHeight: 0,
      paused: true,
      ended: false,
      muted: true,
      autoplay: true,
      playsInline: true
    }

      at BarcodeScanner.log [as startScanning] (src/lib/scanner.ts:462:15)

  console.log
    ЁЯФД ╨Ч╨░╨┐╤Г╤Б╨║ ╨┤╨╡╨║╨╛╨┤╨╕╤А╨╛╨▓╨░╨╜╨╕╤П ╤Б ╨╛╨│╤А╨░╨╜╨╕╤З╨╡╨╜╨╕╤П╨╝╨╕...

      at BarcodeScanner.log [as startScanning] (src/lib/scanner.ts:474:15)

  console.log
    ЁЯФД ╨Я╨╛╨┐╤Л╤В╨║╨░ ╨╖╨░╨┐╤Г╤Б╨║╨░ ╤Б optimal ╨╛╨│╤А╨░╨╜╨╕╤З╨╡╨╜╨╕╤П╨╝╨╕: {
      "video": {
        "deviceId": {
          "ideal": "camera1"
        },
        "width": {
          "ideal": 1920
        },
        "height": {
          "ideal": 1080
        },
        "frameRate": {
          "ideal": 30
        }
      }
    }

      at BarcodeScanner.log [as startScanning] (src/lib/scanner.ts:487:19)

  console.log
    ЁЯОе ╨Я╨╛╨╗╤Г╤З╨╡╨╜╨╕╨╡ ╨┐╨╛╤В╨╛╨║╨░ ╤З╨╡╤А╨╡╨╖ getUserMedia...

      at BarcodeScanner.log [as startScanning] (src/lib/scanner.ts:490:19)

  console.log
    ЁЯЪА ╨Э╨░╤З╨╕╨╜╨░╨╡╨╝ ╨┐╤А╨╛╤Ж╨╡╤Б╤Б ╤Б╨║╨░╨╜╨╕╤А╨╛╨▓╨░╨╜╨╕╤П...

      at log (src/components/Scanner.tsx:523:17)

  console.log
    тЬЕ ╨Я╨╛╤В╨╛╨║ ╨┐╨╛╨╗╤Г╤З╨╡╨╜: {
      active: undefined,
      id: 'stream-1759353552470-0.9732710161905798',
      tracks: [
        {
          kind: 'video',
          label: undefined,
          enabled: undefined,
          readyState: undefined,
          muted: undefined,
          settings: [Object]
        }
      ]
    }

      at BarcodeScanner.log [as startScanning] (src/lib/scanner.ts:492:19)

  console.log
    ЁЯОм ╨г╤Б╤В╨░╨╜╨╛╨▓╨║╨░ ╨┐╨╛╤В╨╛╨║╨░ ╨▓ ╨▓╨╕╨┤╨╡╨╛ ╤Н╨╗╨╡╨╝╨╡╨╜╤В...

      at BarcodeScanner.log [as startScanning] (src/lib/scanner.ts:515:19)

  console.log
    тЬЕ ╨Я╨╛╤В╨╛╨║ ╨┐╨╛╨╗╤Г╤З╨╡╨╜: {
      active: undefined,
      id: 'stream-1759353552479-0.8688768196118075',
      tracks: [
        {
          kind: 'video',
          label: undefined,
          enabled: undefined,
          readyState: undefined,
          muted: undefined,
          settings: [Object]
        }
      ]
    }

      at BarcodeScanner.log [as startScanning] (src/lib/scanner.ts:492:19)

  console.log
    ЁЯОм ╨г╤Б╤В╨░╨╜╨╛╨▓╨║╨░ ╨┐╨╛╤В╨╛╨║╨░ ╨▓ ╨▓╨╕╨┤╨╡╨╛ ╤Н╨╗╨╡╨╝╨╡╨╜╤В...

      at BarcodeScanner.log [as startScanning] (src/lib/scanner.ts:515:19)

  console.log
    ЁЯУ▒ BarcodeScanner: ╨Э╨░╤З╨╕╨╜╨░╨╡╨╝ ╨┐╤А╨╛╤Ж╨╡╤Б╤Б ╤Б╨║╨░╨╜╨╕╤А╨╛╨▓╨░╨╜╨╕╤П

      at BarcodeScanner.log [as startScanning] (src/lib/scanner.ts:336:15)

  console.log
    тЬЕ ╨Я╨╛╤В╨╛╨║ ╨┐╨╛╨╗╤Г╤З╨╡╨╜: {
      active: undefined,
      id: 'stream-1759353552488-0.8828839890363753',
      tracks: [
        {
          kind: 'video',
          label: undefined,
          enabled: undefined,
          readyState: undefined,
          muted: undefined,
          settings: [Object]
        }
      ]
    }

      at BarcodeScanner.log [as startScanning] (src/lib/scanner.ts:492:19)

  console.log
    ЁЯОм ╨г╤Б╤В╨░╨╜╨╛╨▓╨║╨░ ╨┐╨╛╤В╨╛╨║╨░ ╨▓ ╨▓╨╕╨┤╨╡╨╛ ╤Н╨╗╨╡╨╝╨╡╨╜╤В...

      at BarcodeScanner.log [as startScanning] (src/lib/scanner.ts:515:19)

  console.log
    тЬЕ ╨Я╨╛╤В╨╛╨║ ╨┐╨╛╨╗╤Г╤З╨╡╨╜: {
      active: undefined,
      id: 'stream-1759353552498-0.1672247489219929',
      tracks: [
        {
          kind: 'video',
          label: undefined,
          enabled: undefined,
          readyState: undefined,
          muted: undefined,
          settings: [Object]
        }
      ]
    }

      at BarcodeScanner.log [as startScanning] (src/lib/scanner.ts:492:19)

  console.log
    ЁЯОм ╨г╤Б╤В╨░╨╜╨╛╨▓╨║╨░ ╨┐╨╛╤В╨╛╨║╨░ ╨▓ ╨▓╨╕╨┤╨╡╨╛ ╤Н╨╗╨╡╨╝╨╡╨╜╤В...

      at BarcodeScanner.log [as startScanning] (src/lib/scanner.ts:515:19)

  console.log
    ЁЯФН ╨Ш╨╜╤Д╨╛╤А╨╝╨░╤Ж╨╕╤П ╨╛ ╨▒╤А╨░╤Г╨╖╨╡╤А╨╡: {
      userAgent: 'Mozilla/5.0 (win32) AppleWebKit/537.36 (KHTML, like Gecko) jsdom/26.1.0',
      platform: '',
      language: 'en-US',
      cookieEnabled: true,
      onLine: true
    }

      at BarcodeScanner.log [as startScanning] (src/lib/scanner.ts:337:15)

  console.log
    ЁЯФР ╨Я╤А╨╛╨▓╨╡╤А╨║╨░ ╤А╨░╨╖╤А╨╡╤И╨╡╨╜╨╕╨╣ ╨║╨░╨╝╨╡╤А╤Л...

      at BarcodeScanner.log [as startScanning] (src/lib/scanner.ts:346:15)

  console.log
    ЁЯФР ╨б╤В╨░╤В╤Г╤Б ╤А╨░╨╖╤А╨╡╤И╨╡╨╜╨╕╨╣: { granted: true, denied: false, prompt: false }

      at BarcodeScanner.log [as startScanning] (src/lib/scanner.ts:348:15)

  console.log
    тЬЕ MediaDevices API: OK

      at BarcodeScanner.log [as startScanning] (src/lib/scanner.ts:383:15)

  console.log
    тЬЕ getUserMedia: OK

      at BarcodeScanner.log [as startScanning] (src/lib/scanner.ts:401:15)

  console.log
    ЁЯУ╣ ╨Я╨╛╨╕╤Б╨║ ╨┤╨╛╤Б╤В╤Г╨┐╨╜╤Л╤Е ╨║╨░╨╝╨╡╤А...

      at BarcodeScanner.log [as startScanning] (src/lib/scanner.ts:404:15)

  console.log
    ЁЯУ╣ ╨Э╨░╨╣╨┤╨╡╨╜╨╛ ╨║╨░╨╝╨╡╤А: 2 [
      { id: 'camera1', label: 'Back Camera', kind: 'videoinput' },
      { id: 'camera2', label: 'Front Camera', kind: 'videoinput' }
    ]

      at BarcodeScanner.log [as startScanning] (src/lib/scanner.ts:406:15)

  console.log
    ЁЯУ╖ ╨Т╤Л╨▒╤А╨░╨╜╨╜╨░╤П ╨║╨░╨╝╨╡╤А╨░: { label: 'Back Camera', id: 'camera1', source: 'back-camera' }

      at BarcodeScanner.log [as startScanning] (src/lib/scanner.ts:440:15)

  console.log
    ЁЯУ▒ ╨Ь╨╛╨▒╨╕╨╗╤М╨╜╨╛╨╡ ╤Г╤Б╤В╤А╨╛╨╣╤Б╤В╨▓╨╛: false

      at BarcodeScanner.log [as startScanning] (src/lib/scanner.ts:448:15)

  console.log
    ЁЯУ▒ ╨г╤Б╤В╤А╨╛╨╣╤Б╤В╨▓╨╛: ╨Ф╤А╤Г╨│╨╛╨╡, ╨С╤А╨░╤Г╨╖╨╡╤А: ╨Ф╤А╤Г╨│╨╛╨╣

      at BarcodeScanner.log [as getOptimalCameraConstraints] (src/lib/scanner.ts:135:13)

  console.log
    ЁЯОе ╨Э╨░╤Б╤В╤А╨╛╨╣╨║╨╕ ╨║╨░╨╝╨╡╤А╤Л: {
      video: {
        deviceId: { ideal: 'camera1' },
        facingMode: undefined,
        width: { ideal: 1920 },
        height: { ideal: 1080 },
        frameRate: { ideal: 30 }
      }
    }

      at BarcodeScanner.log [as startScanning] (src/lib/scanner.ts:452:15)

  console.log
    ЁЯФН ╨Ч╨░╨┐╤Г╤Б╨║ ╨╜╨╡╨┐╤А╨╡╤А╤Л╨▓╨╜╨╛╨│╨╛ ╨┤╨╡╨║╨╛╨┤╨╕╤А╨╛╨▓╨░╨╜╨╕╤П ╤И╤В╤А╨╕╤Е-╨║╨╛╨┤╨╛╨▓...

      at BarcodeScanner.log [as startScanning] (src/lib/scanner.ts:455:15)

  console.log
    ЁЯз╣ ╨Ю╤З╨╕╤Б╤В╨║╨░ ╤Б╤Г╤Й╨╡╤Б╤В╨▓╤Г╤О╤Й╨╡╨│╨╛ ╨┐╨╛╤В╨╛╨║╨░...

      at BarcodeScanner.log [as startScanning] (src/lib/scanner.ts:458:15)

  console.log
    ЁЯУ║ ╨б╨╛╤Б╤В╨╛╤П╨╜╨╕╨╡ ╨▓╨╕╨┤╨╡╨╛ ╤Н╨╗╨╡╨╝╨╡╨╜╤В╨░: {
      readyState: 0,
      videoWidth: 0,
      videoHeight: 0,
      paused: true,
      ended: false,
      muted: true,
      autoplay: true,
      playsInline: true
    }

      at BarcodeScanner.log [as startScanning] (src/lib/scanner.ts:462:15)

  console.log
    ЁЯФД ╨Ч╨░╨┐╤Г╤Б╨║ ╨┤╨╡╨║╨╛╨┤╨╕╤А╨╛╨▓╨░╨╜╨╕╤П ╤Б ╨╛╨│╤А╨░╨╜╨╕╤З╨╡╨╜╨╕╤П╨╝╨╕...

      at BarcodeScanner.log [as startScanning] (src/lib/scanner.ts:474:15)

  console.log
    ЁЯФД ╨Я╨╛╨┐╤Л╤В╨║╨░ ╨╖╨░╨┐╤Г╤Б╨║╨░ ╤Б optimal ╨╛╨│╤А╨░╨╜╨╕╤З╨╡╨╜╨╕╤П╨╝╨╕: {
      "video": {
        "deviceId": {
          "ideal": "camera1"
        },
        "width": {
          "ideal": 1920
        },
        "height": {
          "ideal": 1080
        },
        "frameRate": {
          "ideal": 30
        }
      }
    }

      at BarcodeScanner.log [as startScanning] (src/lib/scanner.ts:487:19)

  console.log
    ЁЯОе ╨Я╨╛╨╗╤Г╤З╨╡╨╜╨╕╨╡ ╨┐╨╛╤В╨╛╨║╨░ ╤З╨╡╤А╨╡╨╖ getUserMedia...

      at BarcodeScanner.log [as startScanning] (src/lib/scanner.ts:490:19)

  console.log
    тЬЕ ╨Я╨╛╤В╨╛╨║ ╨┐╨╛╨╗╤Г╤З╨╡╨╜: {
      active: undefined,
      id: undefined,
      tracks: [
        {
          kind: 'video',
          label: undefined,
          enabled: undefined,
          readyState: undefined,
          muted: undefined,
          settings: [Object]
        }
      ]
    }

      at BarcodeScanner.log [as startScanning] (src/lib/scanner.ts:492:19)

  console.log
    ЁЯОм ╨г╤Б╤В╨░╨╜╨╛╨▓╨║╨░ ╨┐╨╛╤В╨╛╨║╨░ ╨▓ ╨▓╨╕╨┤╨╡╨╛ ╤Н╨╗╨╡╨╝╨╡╨╜╤В...

      at BarcodeScanner.log [as startScanning] (src/lib/scanner.ts:515:19)

  console.error
    Error: Not implemented: HTMLCanvasElement.prototype.toDataURL (without installing the canvas npm package)
        at BarcodeScanner.toDataURL [as captureFrame] (D:\Dev\ExoScan\exoscan-web\src\lib\scanner.ts:904:30)
        at captureFrame (D:\Dev\ExoScan\exoscan-web\src\lib\scanner.ts:829:35) {
      type: 'not implemented'
    }

    [0m [90m 902 |[39m
     [90m 903 |[39m       [90m// Create image element from canvas data URL (avoids 0x0 toBlob issues)[39m
    [31m[1m>[22m[39m[90m 904 |[39m       [36mconst[39m dataUrl [33m=[39m canvas[33m.[39mtoDataURL([32m'image/png'[39m)
     [90m     |[39m                              [31m[1m^[22m[39m
     [90m 905 |[39m       [36mconst[39m imageElement [33m=[39m [36mawait[39m [36mnew[39m [33mPromise[39m[33m<[39m[33mHTMLImageElement[39m[33m>[39m((resolve) [33m=>[39m {
     [90m 906 |[39m         [36mconst[39m img [33m=[39m [36mnew[39m [33mImage[39m()
     [90m 907 |[39m         img[33m.[39monload [33m=[39m () [33m=>[39m resolve(img)[0m

      at VirtualConsole.<anonymous> (node_modules/@jest/environment-jsdom-abstract/build/index.js:87:23)
      at module.exports (node_modules/jsdom/lib/jsdom/browser/not-implemented.js:12:26)
      at HTMLCanvasElementImpl.toDataURL (node_modules/jsdom/lib/jsdom/living/nodes/HTMLCanvasElement-impl.js:55:5)
      at HTMLCanvasElement.toDataURL (node_modules/jsdom/lib/jsdom/living/generated/HTMLCanvasElement.js:162:34)
      at BarcodeScanner.toDataURL [as captureFrame] (src/lib/scanner.ts:904:30)
      at captureFrame (src/lib/scanner.ts:829:35)
      at Timeout.task [as _onTimeout] (node_modules/jsdom/lib/jsdom/browser/Window.js:579:19)

  console.log
    ЁЯОп ╨Р╨▓╤В╨╛╤Б╨║╨░╨╜╨╕╤А╨╛╨▓╨░╨╜╨╕╨╡: ╤И╤В╤А╨╕╤Е-╨║╨╛╨┤ ╨╜╨░╨╣╨┤╨╡╨╜: 1234567890123

      at log (src/lib/scanner.ts:831:19)

  console.log
    Scan result: {
      text: '1234567890123',
      format: 'EAN_13',
      timestamp: 2025-10-01T21:19:12.710Z
    }

      at log (src/components/Scanner.tsx:126:13)

  console.error
    Error: Not implemented: HTMLMediaElement.prototype.play
        at play (D:\Dev\ExoScan\exoscan-web\src\components\Scanner.tsx:139:13)
        at onResult (D:\Dev\ExoScan\exoscan-web\src\lib\scanner.ts:625:17)
        at onResult (D:\Dev\ExoScan\exoscan-web\src\lib\scanner.ts:832:11) {
      type: 'not implemented'
    }

    [0m [90m 137 |[39m     [36mtry[39m {
     [90m 138 |[39m       [36mconst[39m audio [33m=[39m [36mnew[39m [33mAudio[39m([32m'data:audio/wav;base64,UklGRnoGAABXQVZFZm10IBAAAAABAAEAQB8AAEAfAAABAAgAZGF0YQoGAACBhYqFbF1fdJivrJBhNjVgodDbq2EcBj+a2/LDciUFLIHO8tiJNwgZaLvt559NEAxQp+PwtmMcBjiR1/LMeSwFJHfH8N2QQAoUXrTp66hVFApGn+DyvmwhBSuBzvLZiTYIG2m98OScTgwOUarm7blmGgU7k9n1unEiBC13yO/eizEIHWq+8+OWT'[39m)
    [31m[1m>[22m[39m[90m 139 |[39m       audio[33m.[39mplay()[33m.[39m[36mcatch[39m(() [33m=>[39m {})
     [90m     |[39m             [31m[1m^[22m[39m
     [90m 140 |[39m     } [36mcatch[39m {
     [90m 141 |[39m       [90m// Audio not supported[39m
     [90m 142 |[39m     }[0m

      at VirtualConsole.<anonymous> (node_modules/@jest/environment-jsdom-abstract/build/index.js:87:23)
      at module.exports (node_modules/jsdom/lib/jsdom/browser/not-implemented.js:12:26)
      at HTMLAudioElementImpl.play (node_modules/jsdom/lib/jsdom/living/nodes/HTMLMediaElement-impl.js:118:5)
      at HTMLAudioElement.play (node_modules/jsdom/lib/jsdom/living/generated/HTMLMediaElement.js:146:60)
      at play (src/components/Scanner.tsx:139:13)
      at onResult (src/lib/scanner.ts:625:17)
      at onResult (src/lib/scanner.ts:832:11)

  console.log
    ЁЯЫС ╨Ю╤Б╤В╨░╨╜╨╛╨▓╨║╨░ ╤Б╨║╨░╨╜╨╕╤А╨╛╨▓╨░╨╜╨╕╤П...

      at BarcodeScanner.log [as stopScanning] (src/lib/scanner.ts:853:15)
          at Array.forEach (<anonymous>)

  console.log
    ЁЯЫС ╨Р╨▓╤В╨╛╤Б╨║╨░╨╜╨╕╤А╨╛╨▓╨░╨╜╨╕╨╡ ╨╛╤Б╤В╨░╨╜╨╛╨▓╨╗╨╡╨╜╨╛

      at BarcodeScanner.log [as stopScanning] (src/lib/scanner.ts:860:17)
          at Array.forEach (<anonymous>)

  console.log
    ЁЯЫС ╨Ю╤Б╤В╨░╨╜╨╛╨▓╨╗╨╡╨╜ ╤В╤А╨╡╨║ ╨║╨░╨╝╨╡╤А╤Л: video

      at log (src/lib/scanner.ts:737:19)
          at Array.forEach (<anonymous>)
          at Array.forEach (<anonymous>)

  console.log
    ЁЯз╣ ╨Т╨╕╨┤╨╡╨╛ ╤Н╨╗╨╡╨╝╨╡╨╜╤В ╨╛╤З╨╕╤Й╨╡╨╜

      at BarcodeScanner.log [as stopCurrentStream] (src/lib/scanner.ts:744:17)
          at Array.forEach (<anonymous>)

  console.log
    тЬЕ ╨б╨║╨░╨╜╨╕╤А╨╛╨▓╨░╨╜╨╕╨╡ ╨╛╤Б╤В╨░╨╜╨╛╨▓╨╗╨╡╨╜╨╛

      at BarcodeScanner.log [as stopScanning] (src/lib/scanner.ts:866:15)
          at Array.forEach (<anonymous>)

  console.log
    ЁЯОе ╨Ч╨░╨┐╤Г╤Б╨║ ╤Б╨║╨░╨╜╨╕╤А╨╛╨▓╨░╨╜╨╕╤П...

      at log (src/components/Scanner.tsx:479:15)

  console.log
    ЁЯУ▒ ╨Ш╨╜╤Д╨╛╤А╨╝╨░╤Ж╨╕╤П ╨╛ ╨▓╨╕╨┤╨╡╨╛ ╤Н╨╗╨╡╨╝╨╡╨╜╤В╨╡: {
      element: <ref *1> HTMLVideoElement {
        '__reactFiber$rjg183felv': FiberNode {
          tag: 5,
          key: null,
          elementType: 'video',
          type: 'video',
          stateNode: [Circular *1],
          return: [FiberNode],
          child: null,
          sibling: [FiberNode],
          index: 1,
          ref: [Object],
          refCleanup: null,
          pendingProps: [Object],
          memoizedProps: [Object],
          updateQueue: null,
          memoizedState: null,
          dependencies: null,
          mode: 1,
          flags: 5243392,
          subtreeFlags: 0,
          deletions: null,
          lanes: 0,
          childLanes: 0,
          alternate: null,
          actualDuration: -0,
          actualStartTime: 4260.7886,
          selfBaseDuration: -0,
          treeBaseDuration: -0,
          _debugInfo: null,
          _debugOwner: [FiberNode],
          _debugStack: Error: react-stack-top-frame
              at process.env.NODE_ENV.exports.jsx (D:\Dev\ExoScan\exoscan-web\node_modules\react\cjs\react-jsx-runtime.development.js:337:13)
              at ScannerContent (D:\Dev\ExoScan\exoscan-web\src\components\Scanner.tsx:784:9)
              at Object.react-stack-bottom-frame (D:\Dev\ExoScan\exoscan-web\node_modules\react-dom\cjs\react-dom-client.development.js:23863:20)
              at renderWithHooks (D:\Dev\ExoScan\exoscan-web\node_modules\react-dom\cjs\react-dom-client.development.js:5529:22)
              at updateFunctionComponent (D:\Dev\ExoScan\exoscan-web\node_modules\react-dom\cjs\react-dom-client.development.js:8897:19)
              at beginWork (D:\Dev\ExoScan\exoscan-web\node_modules\react-dom\cjs\react-dom-client.development.js:10522:18)
              at runWithFiberInDEV (D:\Dev\ExoScan\exoscan-web\node_modules\react-dom\cjs\react-dom-client.development.js:1522:13)
              at performUnitOfWork (D:\Dev\ExoScan\exoscan-web\node_modules\react-dom\cjs\react-dom-client.development.js:15140:22)
              at workLoopSync (D:\Dev\ExoScan\exoscan-web\node_modules\react-dom\cjs\react-dom-client.development.js:14956:41)
              at renderRootSync (D:\Dev\ExoScan\exoscan-web\node_modules\react-dom\cjs\react-dom-client.development.js:14936:11)
              at performWorkOnRoot (D:\Dev\ExoScan\exoscan-web\node_modules\react-dom\cjs\react-dom-client.development.js:14419:13)
              at performWorkOnRootViaSchedulerTask (D:\Dev\ExoScan\exoscan-web\node_modules\react-dom\cjs\react-dom-client.development.js:16216:7)
              at flushActQueue (D:\Dev\ExoScan\exoscan-web\node_modules\react\cjs\react.development.js:566:34)
              at process.env.NODE_ENV.exports.act (D:\Dev\ExoScan\exoscan-web\node_modules\react\cjs\react.development.js:859:10)
              at D:\Dev\ExoScan\exoscan-web\node_modules\@testing-library\react\dist\act-compat.js:47:25
              at renderRoot (D:\Dev\ExoScan\exoscan-web\node_modules\@testing-library\react\dist\pure.js:190:26)
              at render (D:\Dev\ExoScan\exoscan-web\node_modules\@testing-library\react\dist\pure.js:292:10)
              at Object.<anonymous> (D:\Dev\ExoScan\exoscan-web\src\components\__tests__\Scanner.integration.test.tsx:231:13)
              at Promise.finally.completed (D:\Dev\ExoScan\exoscan-web\node_modules\jest-circus\build\jestAdapterInit.js:1557:28)
              at new Promise (<anonymous>)
              at callAsyncCircusFn (D:\Dev\ExoScan\exoscan-web\node_modules\jest-circus\build\jestAdapterInit.js:1497:10)
              at _callCircusTest (D:\Dev\ExoScan\exoscan-web\node_modules\jest-circus\build\jestAdapterInit.js:1007:40)
              at _runTest (D:\Dev\ExoScan\exoscan-web\node_modules\jest-circus\build\jestAdapterInit.js:947:3)
              at D:\Dev\ExoScan\exoscan-web\node_modules\jest-circus\build\jestAdapterInit.js:849:7
              at _runTestsForDescribeBlock (D:\Dev\ExoScan\exoscan-web\node_modules\jest-circus\build\jestAdapterInit.js:862:11)
              at _runTestsForDescribeBlock (D:\Dev\ExoScan\exoscan-web\node_modules\jest-circus\build\jestAdapterInit.js:857:11)
              at _runTestsForDescribeBlock (D:\Dev\ExoScan\exoscan-web\node_modules\jest-circus\build\jestAdapterInit.js:857:11)
              at run (D:\Dev\ExoScan\exoscan-web\node_modules\jest-circus\build\jestAdapterInit.js:761:3)
              at runAndTransformResultsToJestFormat (D:\Dev\ExoScan\exoscan-web\node_modules\jest-circus\build\jestAdapterInit.js:1918:21)
              at jestAdapter (D:\Dev\ExoScan\exoscan-web\node_modules\jest-circus\build\runner.js:101:19)
              at runTestInternal (D:\Dev\ExoScan\exoscan-web\node_modules\jest-runner\build\testWorker.js:275:16)
              at runTest (D:\Dev\ExoScan\exoscan-web\node_modules\jest-runner\build\testWorker.js:343:7)
              at Object.worker (D:\Dev\ExoScan\exoscan-web\node_modules\jest-runner\build\testWorker.js:497:12),
          _debugTask: null,
          _debugNeedsRemount: false,
          _debugHookTypes: null
        },
        '__reactProps$rjg183felv': {
          ref: [Object],
          className: 'w-full object-cover transition-transform duration-200 h-80 md:h-96 lg:h-[500px]',
          autoPlay: true,
          playsInline: true,
          muted: true,
          controls: false,
          'webkit-playsinline': 'true',
          onLoadedData: [AsyncFunction: onLoadedData],
          onCanPlay: [AsyncFunction: onCanPlay],
          onClick: [AsyncFunction: onClick],
          onTouchStart: [AsyncFunction: onTouchStart],
          style: [Object]
        },
        '__reactEvents$rjg183felv': Set(24) {
          'abort__bubble',
          'canplay__bubble',
          'canplaythrough__bubble',
          'durationchange__bubble',
          'emptied__bubble',
          'encrypted__bubble',
          'ended__bubble',
          'error__bubble',
          'loadeddata__bubble',
          'loadedmetadata__bubble',
          'loadstart__bubble',
          'pause__bubble',
          'play__bubble',
          'playing__bubble',
          'progress__bubble',
          'ratechange__bubble',
          'resize__bubble',
          'seeked__bubble',
          'seeking__bubble',
          'stalled__bubble',
          'suspend__bubble',
          'timeupdate__bubble',
          'volumechange__bubble',
          'waiting__bubble'
        },
        [Symbol(SameObject caches)]: [Object: null prototype] {
          style: [CSSStyleDeclaration],
          attributes: NamedNodeMap {}
        }
      },
      tagName: 'VIDEO',
      id: '',
      className: 'w-full object-cover transition-transform duration-200 h-80 md:h-96 lg:h-[500px]',
      style: 'transform: scale(1); transform-origin: center center; background-color: rgb(0, 0, 0); min-height: 20rem;',
      attributes: [
        {
          name: 'class',
          value: 'w-full object-cover transition-transform duration-200 h-80 md:h-96 lg:h-[500px]'
        },
        { name: 'autoplay', value: '' },
        { name: 'playsinline', value: '' },
        { name: 'webkit-playsinline', value: 'true' },
        {
          name: 'style',
          value: 'transform: scale(1); transform-origin: center center; background-color: rgb(0, 0, 0); min-height: 20rem;'
        }
      ]
    }

      at log (src/components/Scanner.tsx:480:15)

  console.log
    тЬЕ ╨Я╨╛╨┤╨┤╨╡╤А╨╢╨║╨░ ╨║╨░╨╝╨╡╤А╤Л: OK

      at log (src/components/Scanner.tsx:502:15)

  console.log
    тЬЕ ╨С╨╡╨╖╨╛╨┐╨░╤Б╨╜╤Л╨╣ ╨║╨╛╨╜╤В╨╡╨║╤Б╤В: OK

      at log (src/components/Scanner.tsx:512:15)

  console.log
    ЁЯФД ╨Я╨╛╨╗╤Г╤З╨╡╨╜╨╕╨╡ ╨┤╨╛╤Б╤В╤Г╨┐╨░ ╨║ ╨║╨░╨╝╨╡╤А╨╡...

      at log (src/components/Scanner.tsx:522:17)

  console.log
    ЁЯЪА ╨Э╨░╤З╨╕╨╜╨░╨╡╨╝ ╨┐╤А╨╛╤Ж╨╡╤Б╤Б ╤Б╨║╨░╨╜╨╕╤А╨╛╨▓╨░╨╜╨╕╤П...

      at log (src/components/Scanner.tsx:523:17)

  console.log
    ЁЯУ▒ BarcodeScanner: ╨Э╨░╤З╨╕╨╜╨░╨╡╨╝ ╨┐╤А╨╛╤Ж╨╡╤Б╤Б ╤Б╨║╨░╨╜╨╕╤А╨╛╨▓╨░╨╜╨╕╤П

      at BarcodeScanner.log [as startScanning] (src/lib/scanner.ts:336:15)

  console.log
    ЁЯФН ╨Ш╨╜╤Д╨╛╤А╨╝╨░╤Ж╨╕╤П ╨╛ ╨▒╤А╨░╤Г╨╖╨╡╤А╨╡: {
      userAgent: 'Mozilla/5.0 (win32) AppleWebKit/537.36 (KHTML, like Gecko) jsdom/26.1.0',
      platform: '',
      language: 'en-US',
      cookieEnabled: true,
      onLine: true
    }

      at BarcodeScanner.log [as startScanning] (src/lib/scanner.ts:337:15)

  console.log
    ЁЯФР ╨Я╤А╨╛╨▓╨╡╤А╨║╨░ ╤А╨░╨╖╤А╨╡╤И╨╡╨╜╨╕╨╣ ╨║╨░╨╝╨╡╤А╤Л...

      at BarcodeScanner.log [as startScanning] (src/lib/scanner.ts:346:15)

  console.log
    ЁЯФР ╨б╤В╨░╤В╤Г╤Б ╤А╨░╨╖╤А╨╡╤И╨╡╨╜╨╕╨╣: { granted: true, denied: false, prompt: false }

      at BarcodeScanner.log [as startScanning] (src/lib/scanner.ts:348:15)

  console.log
    тЬЕ MediaDevices API: OK

      at BarcodeScanner.log [as startScanning] (src/lib/scanner.ts:383:15)

  console.log
    тЬЕ getUserMedia: OK

      at BarcodeScanner.log [as startScanning] (src/lib/scanner.ts:401:15)

  console.log
    ЁЯУ╣ ╨Я╨╛╨╕╤Б╨║ ╨┤╨╛╤Б╤В╤Г╨┐╨╜╤Л╤Е ╨║╨░╨╝╨╡╤А...

      at BarcodeScanner.log [as startScanning] (src/lib/scanner.ts:404:15)

  console.log
    ЁЯУ╣ ╨Э╨░╨╣╨┤╨╡╨╜╨╛ ╨║╨░╨╝╨╡╤А: 2 [
      { id: 'camera1', label: 'Back Camera', kind: 'videoinput' },
      { id: 'camera2', label: 'Front Camera', kind: 'videoinput' }
    ]

      at BarcodeScanner.log [as startScanning] (src/lib/scanner.ts:406:15)

  console.log
    ЁЯУ╖ ╨Т╤Л╨▒╤А╨░╨╜╨╜╨░╤П ╨║╨░╨╝╨╡╤А╨░: { label: 'Back Camera', id: 'camera1', source: 'back-camera' }

      at BarcodeScanner.log [as startScanning] (src/lib/scanner.ts:440:15)

  console.log
    ЁЯУ▒ ╨Ь╨╛╨▒╨╕╨╗╤М╨╜╨╛╨╡ ╤Г╤Б╤В╤А╨╛╨╣╤Б╤В╨▓╨╛: false

      at BarcodeScanner.log [as startScanning] (src/lib/scanner.ts:448:15)

  console.log
    ЁЯУ▒ ╨г╤Б╤В╤А╨╛╨╣╤Б╤В╨▓╨╛: ╨Ф╤А╤Г╨│╨╛╨╡, ╨С╤А╨░╤Г╨╖╨╡╤А: ╨Ф╤А╤Г╨│╨╛╨╣

      at BarcodeScanner.log [as getOptimalCameraConstraints] (src/lib/scanner.ts:135:13)

  console.log
    ЁЯОе ╨Э╨░╤Б╤В╤А╨╛╨╣╨║╨╕ ╨║╨░╨╝╨╡╤А╤Л: {
      video: {
        deviceId: { ideal: 'camera1' },
        facingMode: undefined,
        width: { ideal: 1920 },
        height: { ideal: 1080 },
        frameRate: { ideal: 30 }
      }
    }

      at BarcodeScanner.log [as startScanning] (src/lib/scanner.ts:452:15)

  console.log
    ЁЯФН ╨Ч╨░╨┐╤Г╤Б╨║ ╨╜╨╡╨┐╤А╨╡╤А╤Л╨▓╨╜╨╛╨│╨╛ ╨┤╨╡╨║╨╛╨┤╨╕╤А╨╛╨▓╨░╨╜╨╕╤П ╤И╤В╤А╨╕╤Е-╨║╨╛╨┤╨╛╨▓...

      at BarcodeScanner.log [as startScanning] (src/lib/scanner.ts:455:15)

  console.log
    ЁЯз╣ ╨Ю╤З╨╕╤Б╤В╨║╨░ ╤Б╤Г╤Й╨╡╤Б╤В╨▓╤Г╤О╤Й╨╡╨│╨╛ ╨┐╨╛╤В╨╛╨║╨░...

      at BarcodeScanner.log [as startScanning] (src/lib/scanner.ts:458:15)

  console.log
    ЁЯУ║ ╨б╨╛╤Б╤В╨╛╤П╨╜╨╕╨╡ ╨▓╨╕╨┤╨╡╨╛ ╤Н╨╗╨╡╨╝╨╡╨╜╤В╨░: {
      readyState: 0,
      videoWidth: 0,
      videoHeight: 0,
      paused: true,
      ended: false,
      muted: true,
      autoplay: true,
      playsInline: true
    }

      at BarcodeScanner.log [as startScanning] (src/lib/scanner.ts:462:15)

  console.log
    ЁЯФД ╨Ч╨░╨┐╤Г╤Б╨║ ╨┤╨╡╨║╨╛╨┤╨╕╤А╨╛╨▓╨░╨╜╨╕╤П ╤Б ╨╛╨│╤А╨░╨╜╨╕╤З╨╡╨╜╨╕╤П╨╝╨╕...

      at BarcodeScanner.log [as startScanning] (src/lib/scanner.ts:474:15)

  console.log
    ЁЯФД ╨Я╨╛╨┐╤Л╤В╨║╨░ ╨╖╨░╨┐╤Г╤Б╨║╨░ ╤Б optimal ╨╛╨│╤А╨░╨╜╨╕╤З╨╡╨╜╨╕╤П╨╝╨╕: {
      "video": {
        "deviceId": {
          "ideal": "camera1"
        },
        "width": {
          "ideal": 1920
        },
        "height": {
          "ideal": 1080
        },
        "frameRate": {
          "ideal": 30
        }
      }
    }

      at BarcodeScanner.log [as startScanning] (src/lib/scanner.ts:487:19)

  console.log
    ЁЯОе ╨Я╨╛╨╗╤Г╤З╨╡╨╜╨╕╨╡ ╨┐╨╛╤В╨╛╨║╨░ ╤З╨╡╤А╨╡╨╖ getUserMedia...

      at BarcodeScanner.log [as startScanning] (src/lib/scanner.ts:490:19)

  console.log
    тЬЕ ╨Я╨╛╤В╨╛╨║ ╨┐╨╛╨╗╤Г╤З╨╡╨╜: {
      active: undefined,
      id: undefined,
      tracks: [
        {
          kind: 'video',
          label: undefined,
          enabled: undefined,
          readyState: undefined,
          muted: undefined,
          settings: [Object]
        }
      ]
    }

      at BarcodeScanner.log [as startScanning] (src/lib/scanner.ts:492:19)

  console.log
    ЁЯОм ╨г╤Б╤В╨░╨╜╨╛╨▓╨║╨░ ╨┐╨╛╤В╨╛╨║╨░ ╨▓ ╨▓╨╕╨┤╨╡╨╛ ╤Н╨╗╨╡╨╝╨╡╨╜╤В...

      at BarcodeScanner.log [as startScanning] (src/lib/scanner.ts:515:19)

  console.log
    ЁЯЫС ╨Ю╤Б╤В╨░╨╜╨╛╨▓╨║╨░ ╤Б╨║╨░╨╜╨╕╤А╨╛╨▓╨░╨╜╨╕╤П...

      at BarcodeScanner.log [as stopScanning] (src/lib/scanner.ts:853:15)
          at Array.forEach (<anonymous>)

  console.log
    ЁЯЫС ╨Ю╤Б╤В╨░╨╜╨╛╨▓╨╗╨╡╨╜ ╤В╤А╨╡╨║ ╨║╨░╨╝╨╡╤А╤Л: video

      at log (src/lib/scanner.ts:737:19)
          at Array.forEach (<anonymous>)
          at Array.forEach (<anonymous>)

  console.log
    ЁЯз╣ ╨Т╨╕╨┤╨╡╨╛ ╤Н╨╗╨╡╨╝╨╡╨╜╤В ╨╛╤З╨╕╤Й╨╡╨╜

      at BarcodeScanner.log [as stopCurrentStream] (src/lib/scanner.ts:744:17)
          at Array.forEach (<anonymous>)

  console.log
    тЬЕ ╨б╨║╨░╨╜╨╕╤А╨╛╨▓╨░╨╜╨╕╨╡ ╨╛╤Б╤В╨░╨╜╨╛╨▓╨╗╨╡╨╜╨╛

      at BarcodeScanner.log [as stopScanning] (src/lib/scanner.ts:866:15)
          at Array.forEach (<anonymous>)

  console.log
    ЁЯОе ╨Ч╨░╨┐╤Г╤Б╨║ ╤Б╨║╨░╨╜╨╕╤А╨╛╨▓╨░╨╜╨╕╤П...

      at log (src/components/Scanner.tsx:479:15)

  console.log
    ЁЯУ▒ ╨Ш╨╜╤Д╨╛╤А╨╝╨░╤Ж╨╕╤П ╨╛ ╨▓╨╕╨┤╨╡╨╛ ╤Н╨╗╨╡╨╝╨╡╨╜╤В╨╡: {
      element: <ref *1> HTMLVideoElement {
        '__reactFiber$rjg183felv': FiberNode {
          tag: 5,
          key: null,
          elementType: 'video',
          type: 'video',
          stateNode: [Circular *1],
          return: [FiberNode],
          child: null,
          sibling: [FiberNode],
          index: 1,
          ref: [Object],
          refCleanup: null,
          pendingProps: [Object],
          memoizedProps: [Object],
          updateQueue: null,
          memoizedState: null,
          dependencies: null,
          mode: 1,
          flags: 5243392,
          subtreeFlags: 0,
          deletions: null,
          lanes: 0,
          childLanes: 0,
          alternate: null,
          actualDuration: -0,
          actualStartTime: 4378.1268,
          selfBaseDuration: -0,
          treeBaseDuration: -0,
          _debugInfo: null,
          _debugOwner: [FiberNode],
          _debugStack: Error: react-stack-top-frame
              at process.env.NODE_ENV.exports.jsx (D:\Dev\ExoScan\exoscan-web\node_modules\react\cjs\react-jsx-runtime.development.js:337:13)
              at ScannerContent (D:\Dev\ExoScan\exoscan-web\src\components\Scanner.tsx:784:9)
              at Object.react-stack-bottom-frame (D:\Dev\ExoScan\exoscan-web\node_modules\react-dom\cjs\react-dom-client.development.js:23863:20)
              at renderWithHooks (D:\Dev\ExoScan\exoscan-web\node_modules\react-dom\cjs\react-dom-client.development.js:5529:22)
              at updateFunctionComponent (D:\Dev\ExoScan\exoscan-web\node_modules\react-dom\cjs\react-dom-client.development.js:8897:19)
              at beginWork (D:\Dev\ExoScan\exoscan-web\node_modules\react-dom\cjs\react-dom-client.development.js:10522:18)
              at runWithFiberInDEV (D:\Dev\ExoScan\exoscan-web\node_modules\react-dom\cjs\react-dom-client.development.js:1522:13)
              at performUnitOfWork (D:\Dev\ExoScan\exoscan-web\node_modules\react-dom\cjs\react-dom-client.development.js:15140:22)
              at workLoopSync (D:\Dev\ExoScan\exoscan-web\node_modules\react-dom\cjs\react-dom-client.development.js:14956:41)
              at renderRootSync (D:\Dev\ExoScan\exoscan-web\node_modules\react-dom\cjs\react-dom-client.development.js:14936:11)
              at performWorkOnRoot (D:\Dev\ExoScan\exoscan-web\node_modules\react-dom\cjs\react-dom-client.development.js:14419:13)
              at performWorkOnRootViaSchedulerTask (D:\Dev\ExoScan\exoscan-web\node_modules\react-dom\cjs\react-dom-client.development.js:16216:7)
              at flushActQueue (D:\Dev\ExoScan\exoscan-web\node_modules\react\cjs\react.development.js:566:34)
              at process.env.NODE_ENV.exports.act (D:\Dev\ExoScan\exoscan-web\node_modules\react\cjs\react.development.js:859:10)
              at D:\Dev\ExoScan\exoscan-web\node_modules\@testing-library\react\dist\act-compat.js:47:25
              at renderRoot (D:\Dev\ExoScan\exoscan-web\node_modules\@testing-library\react\dist\pure.js:190:26)
              at render (D:\Dev\ExoScan\exoscan-web\node_modules\@testing-library\react\dist\pure.js:292:10)
              at Object.<anonymous> (D:\Dev\ExoScan\exoscan-web\src\components\__tests__\Scanner.integration.test.tsx:256:13)
              at Promise.finally.completed (D:\Dev\ExoScan\exoscan-web\node_modules\jest-circus\build\jestAdapterInit.js:1557:28)
              at new Promise (<anonymous>)
              at callAsyncCircusFn (D:\Dev\ExoScan\exoscan-web\node_modules\jest-circus\build\jestAdapterInit.js:1497:10)
              at _callCircusTest (D:\Dev\ExoScan\exoscan-web\node_modules\jest-circus\build\jestAdapterInit.js:1007:40)
              at runNextTicks (node:internal/process/task_queues:65:5)
              at listOnTimeout (node:internal/timers:549:9)
              at processTimers (node:internal/timers:523:7)
              at _runTest (D:\Dev\ExoScan\exoscan-web\node_modules\jest-circus\build\jestAdapterInit.js:947:3)
              at D:\Dev\ExoScan\exoscan-web\node_modules\jest-circus\build\jestAdapterInit.js:849:7
              at _runTestsForDescribeBlock (D:\Dev\ExoScan\exoscan-web\node_modules\jest-circus\build\jestAdapterInit.js:862:11)
              at _runTestsForDescribeBlock (D:\Dev\ExoScan\exoscan-web\node_modules\jest-circus\build\jestAdapterInit.js:857:11)
              at _runTestsForDescribeBlock (D:\Dev\ExoScan\exoscan-web\node_modules\jest-circus\build\jestAdapterInit.js:857:11)
              at run (D:\Dev\ExoScan\exoscan-web\node_modules\jest-circus\build\jestAdapterInit.js:761:3)
              at runAndTransformResultsToJestFormat (D:\Dev\ExoScan\exoscan-web\node_modules\jest-circus\build\jestAdapterInit.js:1918:21)
              at jestAdapter (D:\Dev\ExoScan\exoscan-web\node_modules\jest-circus\build\runner.js:101:19)
              at runTestInternal (D:\Dev\ExoScan\exoscan-web\node_modules\jest-runner\build\testWorker.js:275:16)
              at runTest (D:\Dev\ExoScan\exoscan-web\node_modules\jest-runner\build\testWorker.js:343:7)
              at Object.worker (D:\Dev\ExoScan\exoscan-web\node_modules\jest-runner\build\testWorker.js:497:12),
          _debugTask: null,
          _debugNeedsRemount: false,
          _debugHookTypes: null
        },
        '__reactProps$rjg183felv': {
          ref: [Object],
          className: 'w-full object-cover transition-transform duration-200 h-80 md:h-96 lg:h-[500px]',
          autoPlay: true,
          playsInline: true,
          muted: true,
          controls: false,
          'webkit-playsinline': 'true',
          onLoadedData: [AsyncFunction: onLoadedData],
          onCanPlay: [AsyncFunction: onCanPlay],
          onClick: [AsyncFunction: onClick],
          onTouchStart: [AsyncFunction: onTouchStart],
          style: [Object]
        },
        '__reactEvents$rjg183felv': Set(24) {
          'abort__bubble',
          'canplay__bubble',
          'canplaythrough__bubble',
          'durationchange__bubble',
          'emptied__bubble',
          'encrypted__bubble',
          'ended__bubble',
          'error__bubble',
          'loadeddata__bubble',
          'loadedmetadata__bubble',
          'loadstart__bubble',
          'pause__bubble',
          'play__bubble',
          'playing__bubble',
          'progress__bubble',
          'ratechange__bubble',
          'resize__bubble',
          'seeked__bubble',
          'seeking__bubble',
          'stalled__bubble',
          'suspend__bubble',
          'timeupdate__bubble',
          'volumechange__bubble',
          'waiting__bubble'
        },
        [Symbol(SameObject caches)]: [Object: null prototype] {
          style: [CSSStyleDeclaration],
          attributes: NamedNodeMap {}
        }
      },
      tagName: 'VIDEO',
      id: '',
      className: 'w-full object-cover transition-transform duration-200 h-80 md:h-96 lg:h-[500px]',
      style: 'transform: scale(1); transform-origin: center center; background-color: rgb(0, 0, 0); min-height: 20rem;',
      attributes: [
        {
          name: 'class',
          value: 'w-full object-cover transition-transform duration-200 h-80 md:h-96 lg:h-[500px]'
        },
        { name: 'autoplay', value: '' },
        { name: 'playsinline', value: '' },
        { name: 'webkit-playsinline', value: 'true' },
        {
          name: 'style',
          value: 'transform: scale(1); transform-origin: center center; background-color: rgb(0, 0, 0); min-height: 20rem;'
        }
      ]
    }

      at log (src/components/Scanner.tsx:480:15)

  console.log
    тЬЕ ╨Я╨╛╨┤╨┤╨╡╤А╨╢╨║╨░ ╨║╨░╨╝╨╡╤А╤Л: OK

      at log (src/components/Scanner.tsx:502:15)

  console.log
    тЬЕ ╨С╨╡╨╖╨╛╨┐╨░╤Б╨╜╤Л╨╣ ╨║╨╛╨╜╤В╨╡╨║╤Б╤В: OK

      at log (src/components/Scanner.tsx:512:15)

  console.log
    ЁЯФД ╨Я╨╛╨╗╤Г╤З╨╡╨╜╨╕╨╡ ╨┤╨╛╤Б╤В╤Г╨┐╨░ ╨║ ╨║╨░╨╝╨╡╤А╨╡...

      at log (src/components/Scanner.tsx:522:17)

  console.log
    ЁЯЪА ╨Э╨░╤З╨╕╨╜╨░╨╡╨╝ ╨┐╤А╨╛╤Ж╨╡╤Б╤Б ╤Б╨║╨░╨╜╨╕╤А╨╛╨▓╨░╨╜╨╕╤П...

      at log (src/components/Scanner.tsx:523:17)

  console.log
    ЁЯУ▒ BarcodeScanner: ╨Э╨░╤З╨╕╨╜╨░╨╡╨╝ ╨┐╤А╨╛╤Ж╨╡╤Б╤Б ╤Б╨║╨░╨╜╨╕╤А╨╛╨▓╨░╨╜╨╕╤П

      at BarcodeScanner.log [as startScanning] (src/lib/scanner.ts:336:15)

  console.log
    ЁЯФН ╨Ш╨╜╤Д╨╛╤А╨╝╨░╤Ж╨╕╤П ╨╛ ╨▒╤А╨░╤Г╨╖╨╡╤А╨╡: {
      userAgent: 'Mozilla/5.0 (win32) AppleWebKit/537.36 (KHTML, like Gecko) jsdom/26.1.0',
      platform: '',
      language: 'en-US',
      cookieEnabled: true,
      onLine: true
    }

      at BarcodeScanner.log [as startScanning] (src/lib/scanner.ts:337:15)

  console.log
    ЁЯФР ╨Я╤А╨╛╨▓╨╡╤А╨║╨░ ╤А╨░╨╖╤А╨╡╤И╨╡╨╜╨╕╨╣ ╨║╨░╨╝╨╡╤А╤Л...

      at BarcodeScanner.log [as startScanning] (src/lib/scanner.ts:346:15)

  console.log
    ЁЯФР ╨б╤В╨░╤В╤Г╤Б ╤А╨░╨╖╤А╨╡╤И╨╡╨╜╨╕╨╣: { granted: true, denied: false, prompt: false }

      at BarcodeScanner.log [as startScanning] (src/lib/scanner.ts:348:15)

  console.log
    тЬЕ MediaDevices API: OK

      at BarcodeScanner.log [as startScanning] (src/lib/scanner.ts:383:15)

  console.log
    тЬЕ getUserMedia: OK

      at BarcodeScanner.log [as startScanning] (src/lib/scanner.ts:401:15)

  console.log
    ЁЯУ╣ ╨Я╨╛╨╕╤Б╨║ ╨┤╨╛╤Б╤В╤Г╨┐╨╜╤Л╤Е ╨║╨░╨╝╨╡╤А...

      at BarcodeScanner.log [as startScanning] (src/lib/scanner.ts:404:15)

  console.log
    ЁЯУ╣ ╨Э╨░╨╣╨┤╨╡╨╜╨╛ ╨║╨░╨╝╨╡╤А: 2 [
      { id: 'camera1', label: 'Back Camera', kind: 'videoinput' },
      { id: 'camera2', label: 'Front Camera', kind: 'videoinput' }
    ]

      at BarcodeScanner.log [as startScanning] (src/lib/scanner.ts:406:15)

  console.log
    ЁЯУ╖ ╨Т╤Л╨▒╤А╨░╨╜╨╜╨░╤П ╨║╨░╨╝╨╡╤А╨░: { label: 'Back Camera', id: 'camera1', source: 'back-camera' }

      at BarcodeScanner.log [as startScanning] (src/lib/scanner.ts:440:15)

  console.log
    ЁЯУ▒ ╨Ь╨╛╨▒╨╕╨╗╤М╨╜╨╛╨╡ ╤Г╤Б╤В╤А╨╛╨╣╤Б╤В╨▓╨╛: false

      at BarcodeScanner.log [as startScanning] (src/lib/scanner.ts:448:15)

  console.log
    ЁЯУ▒ ╨г╤Б╤В╤А╨╛╨╣╤Б╤В╨▓╨╛: ╨Ф╤А╤Г╨│╨╛╨╡, ╨С╤А╨░╤Г╨╖╨╡╤А: ╨Ф╤А╤Г╨│╨╛╨╣

      at BarcodeScanner.log [as getOptimalCameraConstraints] (src/lib/scanner.ts:135:13)

  console.log
    ЁЯОе ╨Э╨░╤Б╤В╤А╨╛╨╣╨║╨╕ ╨║╨░╨╝╨╡╤А╤Л: {
      video: {
        deviceId: { ideal: 'camera1' },
        facingMode: undefined,
        width: { ideal: 1920 },
        height: { ideal: 1080 },
        frameRate: { ideal: 30 }
      }
    }

      at BarcodeScanner.log [as startScanning] (src/lib/scanner.ts:452:15)

  console.log
    ЁЯФН ╨Ч╨░╨┐╤Г╤Б╨║ ╨╜╨╡╨┐╤А╨╡╤А╤Л╨▓╨╜╨╛╨│╨╛ ╨┤╨╡╨║╨╛╨┤╨╕╤А╨╛╨▓╨░╨╜╨╕╤П ╤И╤В╤А╨╕╤Е-╨║╨╛╨┤╨╛╨▓...

      at BarcodeScanner.log [as startScanning] (src/lib/scanner.ts:455:15)

  console.log
    ЁЯз╣ ╨Ю╤З╨╕╤Б╤В╨║╨░ ╤Б╤Г╤Й╨╡╤Б╤В╨▓╤Г╤О╤Й╨╡╨│╨╛ ╨┐╨╛╤В╨╛╨║╨░...

      at BarcodeScanner.log [as startScanning] (src/lib/scanner.ts:458:15)

  console.log
    ЁЯУ║ ╨б╨╛╤Б╤В╨╛╤П╨╜╨╕╨╡ ╨▓╨╕╨┤╨╡╨╛ ╤Н╨╗╨╡╨╝╨╡╨╜╤В╨░: {
      readyState: 0,
      videoWidth: 0,
      videoHeight: 0,
      paused: true,
      ended: false,
      muted: true,
      autoplay: true,
      playsInline: true
    }

      at BarcodeScanner.log [as startScanning] (src/lib/scanner.ts:462:15)

  console.log
    ЁЯФД ╨Ч╨░╨┐╤Г╤Б╨║ ╨┤╨╡╨║╨╛╨┤╨╕╤А╨╛╨▓╨░╨╜╨╕╤П ╤Б ╨╛╨│╤А╨░╨╜╨╕╤З╨╡╨╜╨╕╤П╨╝╨╕...

      at BarcodeScanner.log [as startScanning] (src/lib/scanner.ts:474:15)

  console.log
    ЁЯФД ╨Я╨╛╨┐╤Л╤В╨║╨░ ╨╖╨░╨┐╤Г╤Б╨║╨░ ╤Б optimal ╨╛╨│╤А╨░╨╜╨╕╤З╨╡╨╜╨╕╤П╨╝╨╕: {
      "video": {
        "deviceId": {
          "ideal": "camera1"
        },
        "width": {
          "ideal": 1920
        },
        "height": {
          "ideal": 1080
        },
        "frameRate": {
          "ideal": 30
        }
      }
    }

      at BarcodeScanner.log [as startScanning] (src/lib/scanner.ts:487:19)

  console.log
    ЁЯОе ╨Я╨╛╨╗╤Г╤З╨╡╨╜╨╕╨╡ ╨┐╨╛╤В╨╛╨║╨░ ╤З╨╡╤А╨╡╨╖ getUserMedia...

      at BarcodeScanner.log [as startScanning] (src/lib/scanner.ts:490:19)

  console.log
    тЬЕ ╨Я╨╛╤В╨╛╨║ ╨┐╨╛╨╗╤Г╤З╨╡╨╜: {
      active: undefined,
      id: undefined,
      tracks: [
        {
          kind: 'video',
          label: undefined,
          enabled: undefined,
          readyState: undefined,
          muted: undefined,
          settings: [Object]
        }
      ]
    }

      at BarcodeScanner.log [as startScanning] (src/lib/scanner.ts:492:19)

  console.log
    ЁЯОм ╨г╤Б╤В╨░╨╜╨╛╨▓╨║╨░ ╨┐╨╛╤В╨╛╨║╨░ ╨▓ ╨▓╨╕╨┤╨╡╨╛ ╤Н╨╗╨╡╨╝╨╡╨╜╤В...

      at BarcodeScanner.log [as startScanning] (src/lib/scanner.ts:515:19)

  console.log
    ЁЯУК ╨Ь╨╡╤В╨░╨┤╨░╨╜╨╜╤Л╨╡ ╨▓╨╕╨┤╨╡╨╛ ╨╖╨░╨│╤А╤Г╨╢╨╡╨╜╤Л: { videoWidth: 0, videoHeight: 0, duration: NaN }

      at HTMLVideoElement.log (src/lib/scanner.ts:538:23)

  console.log
    ЁЯТ╛ ╨б╨╛╤Е╤А╨░╨╜╤П╨╡╨╝ ╤Б╤Б╤Л╨╗╨║╤Г ╨╜╨░ ╨┐╨╛╤В╨╛╨║ ╨┐╨╡╤А╨╡╨┤ ZXing: { streamId: undefined, active: undefined }

      at BarcodeScanner.log [as startScanning] (src/lib/scanner.ts:558:19)

  console.log
    ЁЯУ║ ╨б╨╛╤Б╤В╨╛╤П╨╜╨╕╨╡ ╨▓╨╕╨┤╨╡╨╛ ╨┐╨╛╤Б╨╗╨╡ ╤Г╤Б╤В╨░╨╜╨╛╨▓╨║╨╕ ╨┐╨╛╤В╨╛╨║╨░: {
      readyState: 0,
      videoWidth: 0,
      videoHeight: 0,
      paused: true,
      srcObject: '╨Э╨Х ╨г╨б╨в╨Р╨Э╨Ю╨Т╨Ы╨Х╨Э'
    }

      at BarcodeScanner.log [as startScanning] (src/lib/scanner.ts:564:19)

  console.log
    тЦ╢я╕П ╨Ч╨░╨┐╤Г╤Б╨║ ╨▓╨╕╨┤╨╡╨╛...

      at BarcodeScanner.log [as startScanning] (src/lib/scanner.ts:574:21)

  console.log
    тЬЕ ╨Т╨╕╨┤╨╡╨╛ ╤Г╤Б╨┐╨╡╤И╨╜╨╛ ╨╖╨░╨┐╤Г╤Й╨╡╨╜╨╛

      at BarcodeScanner.log [as startScanning] (src/lib/scanner.ts:577:23)

  console.log
    ЁЯФД ╨Э╨░╤Б╤В╤А╨╛╨╣╨║╨░ ╨░╨▓╤В╨╛╨╝╨░╤В╨╕╤З╨╡╤Б╨║╨╛╨│╨╛ ╤Б╨║╨░╨╜╨╕╤А╨╛╨▓╨░╨╜╨╕╤П ╤З╨╡╤А╨╡╨╖ ╨╖╨░╤Е╨▓╨░╤В ╨║╨░╨┤╤А╨╛╨▓...

      at BarcodeScanner.log [as startScanning] (src/lib/scanner.ts:622:21)

  console.log
    ЁЯФД ╨Э╨░╤Б╤В╤А╨╛╨╣╨║╨░ ╨░╨▓╤В╨╛╨╝╨░╤В╨╕╤З╨╡╤Б╨║╨╛╨│╨╛ ╤Б╨║╨░╨╜╨╕╤А╨╛╨▓╨░╨╜╨╕╤П ╨║╨░╨╢╨┤╤Л╨╡ 500╨╝╤Б...

      at BarcodeScanner.log [as setupAutoScanning] (src/lib/scanner.ts:821:13)

  console.log
    тЬЕ ╨Р╨▓╤В╨╛╨╝╨░╤В╨╕╤З╨╡╤Б╨║╨╛╨╡ ╤Б╨║╨░╨╜╨╕╤А╨╛╨▓╨░╨╜╨╕╨╡ ╨╜╨░╤Б╤В╤А╨╛╨╡╨╜╨╛

      at BarcodeScanner.log [as setupAutoScanning] (src/lib/scanner.ts:848:13)

  console.log
    тЬЕ ╨б╨║╨░╨╜╨╕╤А╨╛╨▓╨░╨╜╨╕╨╡ ╨╖╨░╨┐╤Г╤Й╨╡╨╜╨╛ ╤Г╤Б╨┐╨╡╤И╨╜╨╛ ╤Б optimal ╨╛╨│╤А╨░╨╜╨╕╤З╨╡╨╜╨╕╤П╨╝╨╕

      at BarcodeScanner.log [as startScanning] (src/lib/scanner.ts:632:19)

  console.log
    ЁЯУ║ ╨д╨╕╨╜╨░╨╗╤М╨╜╨╛╨╡ ╤Б╨╛╤Б╤В╨╛╤П╨╜╨╕╨╡ ╨▓╨╕╨┤╨╡╨╛: {
      readyState: 4,
      videoWidth: 640,
      videoHeight: 480,
      paused: true,
      srcObject: '╨Э╨Х ╨г╨б╨в╨Р╨Э╨Ю╨Т╨Ы╨Х╨Э',
      streamActive: undefined
    }

      at BarcodeScanner.log [as startScanning] (src/lib/scanner.ts:635:19)

  console.log
    тЬЕ ╨Э╨╡╨┐╤А╨╡╤А╤Л╨▓╨╜╨╛╨╡ ╤Б╨║╨░╨╜╨╕╤А╨╛╨▓╨░╨╜╨╕╨╡ ╨╖╨░╨┐╤Г╤Й╨╡╨╜╨╛

      at BarcodeScanner.log [as startScanning] (src/lib/scanner.ts:683:15)

  console.log
    ЁЯУК ╨Ь╨╡╤В╨░╨┤╨░╨╜╨╜╤Л╨╡ ╨▓╨╕╨┤╨╡╨╛ ╨╖╨░╨│╤А╤Г╨╢╨╡╨╜╤Л: { videoWidth: 0, videoHeight: 0, duration: NaN }

      at HTMLVideoElement.log (src/lib/scanner.ts:538:23)

  console.log
    ЁЯТ╛ ╨б╨╛╤Е╤А╨░╨╜╤П╨╡╨╝ ╤Б╤Б╤Л╨╗╨║╤Г ╨╜╨░ ╨┐╨╛╤В╨╛╨║ ╨┐╨╡╤А╨╡╨┤ ZXing: { streamId: undefined, active: undefined }

      at BarcodeScanner.log [as startScanning] (src/lib/scanner.ts:558:19)

  console.log
    ЁЯУ║ ╨б╨╛╤Б╤В╨╛╤П╨╜╨╕╨╡ ╨▓╨╕╨┤╨╡╨╛ ╨┐╨╛╤Б╨╗╨╡ ╤Г╤Б╤В╨░╨╜╨╛╨▓╨║╨╕ ╨┐╨╛╤В╨╛╨║╨░: {
      readyState: 0,
      videoWidth: 0,
      videoHeight: 0,
      paused: true,
      srcObject: '╤Г╤Б╤В╨░╨╜╨╛╨▓╨╗╨╡╨╜'
    }

      at BarcodeScanner.log [as startScanning] (src/lib/scanner.ts:564:19)

  console.log
    тЦ╢я╕П ╨Ч╨░╨┐╤Г╤Б╨║ ╨▓╨╕╨┤╨╡╨╛...

      at BarcodeScanner.log [as startScanning] (src/lib/scanner.ts:574:21)

  console.log
    тЬЕ ╨Т╨╕╨┤╨╡╨╛ ╤Г╤Б╨┐╨╡╤И╨╜╨╛ ╨╖╨░╨┐╤Г╤Й╨╡╨╜╨╛

      at BarcodeScanner.log [as startScanning] (src/lib/scanner.ts:577:23)

  console.log
    ЁЯФД ╨Э╨░╤Б╤В╤А╨╛╨╣╨║╨░ ╨░╨▓╤В╨╛╨╝╨░╤В╨╕╤З╨╡╤Б╨║╨╛╨│╨╛ ╤Б╨║╨░╨╜╨╕╤А╨╛╨▓╨░╨╜╨╕╤П ╤З╨╡╤А╨╡╨╖ ╨╖╨░╤Е╨▓╨░╤В ╨║╨░╨┤╤А╨╛╨▓...

      at BarcodeScanner.log [as startScanning] (src/lib/scanner.ts:622:21)

  console.log
    ЁЯФД ╨Э╨░╤Б╤В╤А╨╛╨╣╨║╨░ ╨░╨▓╤В╨╛╨╝╨░╤В╨╕╤З╨╡╤Б╨║╨╛╨│╨╛ ╤Б╨║╨░╨╜╨╕╤А╨╛╨▓╨░╨╜╨╕╤П ╨║╨░╨╢╨┤╤Л╨╡ 500╨╝╤Б...

      at BarcodeScanner.log [as setupAutoScanning] (src/lib/scanner.ts:821:13)

  console.log
    тЬЕ ╨Р╨▓╤В╨╛╨╝╨░╤В╨╕╤З╨╡╤Б╨║╨╛╨╡ ╤Б╨║╨░╨╜╨╕╤А╨╛╨▓╨░╨╜╨╕╨╡ ╨╜╨░╤Б╤В╤А╨╛╨╡╨╜╨╛

      at BarcodeScanner.log [as setupAutoScanning] (src/lib/scanner.ts:848:13)

  console.log
    тЬЕ ╨б╨║╨░╨╜╨╕╤А╨╛╨▓╨░╨╜╨╕╨╡ ╨╖╨░╨┐╤Г╤Й╨╡╨╜╨╛ ╤Г╤Б╨┐╨╡╤И╨╜╨╛ ╤Б optimal ╨╛╨│╤А╨░╨╜╨╕╤З╨╡╨╜╨╕╤П╨╝╨╕

      at BarcodeScanner.log [as startScanning] (src/lib/scanner.ts:632:19)

  console.log
    ЁЯУ║ ╨д╨╕╨╜╨░╨╗╤М╨╜╨╛╨╡ ╤Б╨╛╤Б╤В╨╛╤П╨╜╨╕╨╡ ╨▓╨╕╨┤╨╡╨╛: {
      readyState: 4,
      videoWidth: 640,
      videoHeight: 480,
      paused: true,
      srcObject: '╤Г╤Б╤В╨░╨╜╨╛╨▓╨╗╨╡╨╜',
      streamActive: undefined
    }

      at BarcodeScanner.log [as startScanning] (src/lib/scanner.ts:635:19)

  console.log
    тЬЕ ╨Э╨╡╨┐╤А╨╡╤А╤Л╨▓╨╜╨╛╨╡ ╤Б╨║╨░╨╜╨╕╤А╨╛╨▓╨░╨╜╨╕╨╡ ╨╖╨░╨┐╤Г╤Й╨╡╨╜╨╛

      at BarcodeScanner.log [as startScanning] (src/lib/scanner.ts:683:15)

  console.log
    тЬЕ ╨б╨║╨░╨╜╨╕╤А╨╛╨▓╨░╨╜╨╕╨╡ ╨╖╨░╨┐╤Г╤Й╨╡╨╜╨╛ ╤Г╤Б╨┐╨╡╤И╨╜╨╛ - ZXing ╨┤╨╡╨║╨╛╨┤╨╡╤А ╤Г╨┐╤А╨░╨▓╨╗╤П╨╡╤В ╨▓╨╕╨┤╨╡╨╛ ╤Н╨╗╨╡╨╝╨╡╨╜╤В╨╛╨╝

      at log (src/components/Scanner.tsx:535:17)

  console.log
    ЁЯФН ╨Т╨╕╨╖╤Г╨░╨╗╤М╨╜╨░╤П ╨┤╨╡╤В╨╡╨║╤Ж╨╕╤П ╨▓╨║╨╗╤О╤З╨╡╨╜╨░

      at log (src/components/Scanner.tsx:539:17)

  console.log
    ЁЯФж ╨Я╨╛╨┤╨┤╨╡╤А╨╢╨║╨░ ╤Д╨╛╨╜╨░╤А╨╕╨║╨░: ╨Э╨╡╤В

      at log (src/components/Scanner.tsx:546:21)

  console.log
    ЁЯЫС ╨Ю╤Б╤В╨░╨╜╨╛╨▓╨║╨░ ╤Б╨║╨░╨╜╨╕╤А╨╛╨▓╨░╨╜╨╕╤П...

      at BarcodeScanner.log [as stopScanning] (src/lib/scanner.ts:853:15)
          at Array.forEach (<anonymous>)

  console.log
    ЁЯЫС ╨Ю╤Б╤В╨░╨╜╨╛╨▓╨╗╨╡╨╜ ╤В╤А╨╡╨║ ╨║╨░╨╝╨╡╤А╤Л: video

      at log (src/lib/scanner.ts:737:19)
          at Array.forEach (<anonymous>)
          at Array.forEach (<anonymous>)

  console.log
    ЁЯз╣ ╨Т╨╕╨┤╨╡╨╛ ╤Н╨╗╨╡╨╝╨╡╨╜╤В ╨╛╤З╨╕╤Й╨╡╨╜

      at BarcodeScanner.log [as stopCurrentStream] (src/lib/scanner.ts:744:17)
          at Array.forEach (<anonymous>)

  console.log
    тЬЕ ╨б╨║╨░╨╜╨╕╤А╨╛╨▓╨░╨╜╨╕╨╡ ╨╛╤Б╤В╨░╨╜╨╛╨▓╨╗╨╡╨╜╨╛

      at BarcodeScanner.log [as stopScanning] (src/lib/scanner.ts:866:15)
          at Array.forEach (<anonymous>)

  console.log
    ЁЯОе ╨Ч╨░╨┐╤Г╤Б╨║ ╤Б╨║╨░╨╜╨╕╤А╨╛╨▓╨░╨╜╨╕╤П...

      at log (src/components/Scanner.tsx:479:15)

  console.log
    ЁЯУ▒ ╨Ш╨╜╤Д╨╛╤А╨╝╨░╤Ж╨╕╤П ╨╛ ╨▓╨╕╨┤╨╡╨╛ ╤Н╨╗╨╡╨╝╨╡╨╜╤В╨╡: {
      element: <ref *1> HTMLVideoElement {
        '__reactFiber$t4lsjnwx8va': FiberNode {
          tag: 5,
          key: null,
          elementType: 'video',
          type: 'video',
          stateNode: [Circular *1],
          return: [FiberNode],
          child: null,
          sibling: [FiberNode],
          index: 1,
          ref: [Object],
          refCleanup: null,
          pendingProps: [Object],
          memoizedProps: [Object],
          updateQueue: null,
          memoizedState: null,
          dependencies: null,
          mode: 25,
          flags: 5243392,
          subtreeFlags: 0,
          deletions: null,
          lanes: 0,
          childLanes: 0,
          alternate: null,
          actualDuration: -0,
          actualStartTime: 4930.1483,
          selfBaseDuration: -0,
          treeBaseDuration: -0,
          _debugInfo: null,
          _debugOwner: [FiberNode],
          _debugStack: Error: react-stack-top-frame
              at process.env.NODE_ENV.exports.jsx (D:\Dev\ExoScan\exoscan-web\node_modules\react\cjs\react-jsx-runtime.development.js:337:13)
              at ScannerContent (D:\Dev\ExoScan\exoscan-web\src\components\Scanner.tsx:784:9)
              at Object.react-stack-bottom-frame (D:\Dev\ExoScan\exoscan-web\node_modules\react-dom\cjs\react-dom-client.development.js:23863:20)
              at renderWithHooksAgain (D:\Dev\ExoScan\exoscan-web\node_modules\react-dom\cjs\react-dom-client.development.js:5629:20)
              at renderWithHooks (D:\Dev\ExoScan\exoscan-web\node_modules\react-dom\cjs\react-dom-client.development.js:5541:22)
              at updateFunctionComponent (D:\Dev\ExoScan\exoscan-web\node_modules\react-dom\cjs\react-dom-client.development.js:8897:19)
              at beginWork (D:\Dev\ExoScan\exoscan-web\node_modules\react-dom\cjs\react-dom-client.development.js:10522:18)
              at runWithFiberInDEV (D:\Dev\ExoScan\exoscan-web\node_modules\react-dom\cjs\react-dom-client.development.js:1522:13)
              at performUnitOfWork (D:\Dev\ExoScan\exoscan-web\node_modules\react-dom\cjs\react-dom-client.development.js:15140:22)
              at workLoopSync (D:\Dev\ExoScan\exoscan-web\node_modules\react-dom\cjs\react-dom-client.development.js:14956:41)
              at renderRootSync (D:\Dev\ExoScan\exoscan-web\node_modules\react-dom\cjs\react-dom-client.development.js:14936:11)
              at performWorkOnRoot (D:\Dev\ExoScan\exoscan-web\node_modules\react-dom\cjs\react-dom-client.development.js:14419:13)
              at performWorkOnRootViaSchedulerTask (D:\Dev\ExoScan\exoscan-web\node_modules\react-dom\cjs\react-dom-client.development.js:16216:7)
              at flushActQueue (D:\Dev\ExoScan\exoscan-web\node_modules\react\cjs\react.development.js:566:34)
              at process.env.NODE_ENV.exports.act (D:\Dev\ExoScan\exoscan-web\node_modules\react\cjs\react.development.js:859:10)
              at D:\Dev\ExoScan\exoscan-web\node_modules\@testing-library\react\dist\act-compat.js:47:25
              at renderRoot (D:\Dev\ExoScan\exoscan-web\node_modules\@testing-library\react\dist\pure.js:190:26)
              at render (D:\Dev\ExoScan\exoscan-web\node_modules\@testing-library\react\dist\pure.js:292:10)
              at Object.<anonymous> (D:\Dev\ExoScan\exoscan-web\src\components\__tests__\Scanner.strict-mode.test.tsx:183:33)
              at Promise.finally.completed (D:\Dev\ExoScan\exoscan-web\node_modules\jest-circus\build\jestAdapterInit.js:1557:28)
              at new Promise (<anonymous>)
              at callAsyncCircusFn (D:\Dev\ExoScan\exoscan-web\node_modules\jest-circus\build\jestAdapterInit.js:1497:10)
              at _callCircusTest (D:\Dev\ExoScan\exoscan-web\node_modules\jest-circus\build\jestAdapterInit.js:1007:40)
              at _runTest (D:\Dev\ExoScan\exoscan-web\node_modules\jest-circus\build\jestAdapterInit.js:947:3)
              at D:\Dev\ExoScan\exoscan-web\node_modules\jest-circus\build\jestAdapterInit.js:849:7
              at _runTestsForDescribeBlock (D:\Dev\ExoScan\exoscan-web\node_modules\jest-circus\build\jestAdapterInit.js:862:11)
              at _runTestsForDescribeBlock (D:\Dev\ExoScan\exoscan-web\node_modules\jest-circus\build\jestAdapterInit.js:857:11)
              at _runTestsForDescribeBlock (D:\Dev\ExoScan\exoscan-web\node_modules\jest-circus\build\jestAdapterInit.js:857:11)
              at run (D:\Dev\ExoScan\exoscan-web\node_modules\jest-circus\build\jestAdapterInit.js:761:3)
              at runAndTransformResultsToJestFormat (D:\Dev\ExoScan\exoscan-web\node_modules\jest-circus\build\jestAdapterInit.js:1918:21)
              at jestAdapter (D:\Dev\ExoScan\exoscan-web\node_modules\jest-circus\build\runner.js:101:19)
              at runTestInternal (D:\Dev\ExoScan\exoscan-web\node_modules\jest-runner\build\testWorker.js:275:16)
              at runTest (D:\Dev\ExoScan\exoscan-web\node_modules\jest-runner\build\testWorker.js:343:7)
              at Object.worker (D:\Dev\ExoScan\exoscan-web\node_modules\jest-runner\build\testWorker.js:497:12),
          _debugTask: null,
          _debugNeedsRemount: false,
          _debugHookTypes: null
        },
        '__reactProps$t4lsjnwx8va': {
          ref: [Object],
          className: 'w-full object-cover transition-transform duration-200 h-80 md:h-96 lg:h-[500px]',
          autoPlay: true,
          playsInline: true,
          muted: true,
          controls: false,
          'webkit-playsinline': 'true',
          onLoadedData: [AsyncFunction: onLoadedData],
          onCanPlay: [AsyncFunction: onCanPlay],
          onClick: [AsyncFunction: onClick],
          onTouchStart: [AsyncFunction: onTouchStart],
          style: [Object]
        },
        '__reactEvents$t4lsjnwx8va': Set(24) {
          'abort__bubble',
          'canplay__bubble',
          'canplaythrough__bubble',
          'durationchange__bubble',
          'emptied__bubble',
          'encrypted__bubble',
          'ended__bubble',
          'error__bubble',
          'loadeddata__bubble',
          'loadedmetadata__bubble',
          'loadstart__bubble',
          'pause__bubble',
          'play__bubble',
          'playing__bubble',
          'progress__bubble',
          'ratechange__bubble',
          'resize__bubble',
          'seeked__bubble',
          'seeking__bubble',
          'stalled__bubble',
          'suspend__bubble',
          'timeupdate__bubble',
          'volumechange__bubble',
          'waiting__bubble'
        },
        [Symbol(SameObject caches)]: [Object: null prototype] {
          style: [CSSStyleDeclaration],
          attributes: NamedNodeMap {}
        }
      },
      tagName: 'VIDEO',
      id: '',
      className: 'w-full object-cover transition-transform duration-200 h-80 md:h-96 lg:h-[500px]',
      style: 'transform: scale(1); transform-origin: center center; background-color: rgb(0, 0, 0); min-height: 20rem;',
      attributes: [
        {
          name: 'class',
          value: 'w-full object-cover transition-transform duration-200 h-80 md:h-96 lg:h-[500px]'
        },
        { name: 'autoplay', value: '' },
        { name: 'playsinline', value: '' },
        { name: 'webkit-playsinline', value: 'true' },
        {
          name: 'style',
          value: 'transform: scale(1); transform-origin: center center; background-color: rgb(0, 0, 0); min-height: 20rem;'
        }
      ]
    }

      at log (src/components/Scanner.tsx:480:15)

  console.log
    тЬЕ ╨Я╨╛╨┤╨┤╨╡╤А╨╢╨║╨░ ╨║╨░╨╝╨╡╤А╤Л: OK

      at log (src/components/Scanner.tsx:502:15)

  console.log
    тЬЕ ╨С╨╡╨╖╨╛╨┐╨░╤Б╨╜╤Л╨╣ ╨║╨╛╨╜╤В╨╡╨║╤Б╤В: OK

      at log (src/components/Scanner.tsx:512:15)

  console.log
    ЁЯФД ╨Я╨╛╨╗╤Г╤З╨╡╨╜╨╕╨╡ ╨┤╨╛╤Б╤В╤Г╨┐╨░ ╨║ ╨║╨░╨╝╨╡╤А╨╡...

      at log (src/components/Scanner.tsx:522:17)

  console.log
    ЁЯЪА ╨Э╨░╤З╨╕╨╜╨░╨╡╨╝ ╨┐╤А╨╛╤Ж╨╡╤Б╤Б ╤Б╨║╨░╨╜╨╕╤А╨╛╨▓╨░╨╜╨╕╤П...

      at log (src/components/Scanner.tsx:523:17)

  console.log
    ЁЯУ▒ BarcodeScanner: ╨Э╨░╤З╨╕╨╜╨░╨╡╨╝ ╨┐╤А╨╛╤Ж╨╡╤Б╤Б ╤Б╨║╨░╨╜╨╕╤А╨╛╨▓╨░╨╜╨╕╤П

      at BarcodeScanner.log [as startScanning] (src/lib/scanner.ts:336:15)

  console.log
    ЁЯФН ╨Ш╨╜╤Д╨╛╤А╨╝╨░╤Ж╨╕╤П ╨╛ ╨▒╤А╨░╤Г╨╖╨╡╤А╨╡: {
      userAgent: 'Mozilla/5.0 (win32) AppleWebKit/537.36 (KHTML, like Gecko) jsdom/26.1.0',
      platform: '',
      language: 'en-US',
      cookieEnabled: true,
      onLine: true
    }

      at BarcodeScanner.log [as startScanning] (src/lib/scanner.ts:337:15)

  console.log
    ЁЯФР ╨Я╤А╨╛╨▓╨╡╤А╨║╨░ ╤А╨░╨╖╤А╨╡╤И╨╡╨╜╨╕╨╣ ╨║╨░╨╝╨╡╤А╤Л...

      at BarcodeScanner.log [as startScanning] (src/lib/scanner.ts:346:15)

  console.log
    ЁЯЫС ╨Ю╤Б╤В╨░╨╜╨╛╨▓╨║╨░ ╤Б╨║╨░╨╜╨╕╤А╨╛╨▓╨░╨╜╨╕╤П...

      at BarcodeScanner.log [as stopScanning] (src/lib/scanner.ts:853:15)

  console.log
    ЁЯз╣ ╨Т╨╕╨┤╨╡╨╛ ╤Н╨╗╨╡╨╝╨╡╨╜╤В ╨╛╤З╨╕╤Й╨╡╨╜

      at BarcodeScanner.log [as stopCurrentStream] (src/lib/scanner.ts:744:17)

  console.log
    тЬЕ ╨б╨║╨░╨╜╨╕╤А╨╛╨▓╨░╨╜╨╕╨╡ ╨╛╤Б╤В╨░╨╜╨╛╨▓╨╗╨╡╨╜╨╛

      at BarcodeScanner.log [as stopScanning] (src/lib/scanner.ts:866:15)

  console.log
    ЁЯОе ╨Ч╨░╨┐╤Г╤Б╨║ ╤Б╨║╨░╨╜╨╕╤А╨╛╨▓╨░╨╜╨╕╤П...

      at log (src/components/Scanner.tsx:479:15)

  console.log
    ЁЯУ▒ ╨Ш╨╜╤Д╨╛╤А╨╝╨░╤Ж╨╕╤П ╨╛ ╨▓╨╕╨┤╨╡╨╛ ╤Н╨╗╨╡╨╝╨╡╨╜╤В╨╡: {
      element: <ref *1> HTMLVideoElement {
        '__reactFiber$t4lsjnwx8va': FiberNode {
          tag: 5,
          key: null,
          elementType: 'video',
          type: 'video',
          stateNode: [Circular *1],
          return: [FiberNode],
          child: null,
          sibling: [FiberNode],
          index: 1,
          ref: [Object],
          refCleanup: null,
          pendingProps: [Object],
          memoizedProps: [Object],
          updateQueue: null,
          memoizedState: null,
          dependencies: null,
          mode: 25,
          flags: 5243392,
          subtreeFlags: 0,
          deletions: null,
          lanes: 0,
          childLanes: 0,
          alternate: null,
          actualDuration: -0,
          actualStartTime: 4930.1483,
          selfBaseDuration: -0,
          treeBaseDuration: -0,
          _debugInfo: null,
          _debugOwner: [FiberNode],
          _debugStack: Error: react-stack-top-frame
              at process.env.NODE_ENV.exports.jsx (D:\Dev\ExoScan\exoscan-web\node_modules\react\cjs\react-jsx-runtime.development.js:337:13)
              at ScannerContent (D:\Dev\ExoScan\exoscan-web\src\components\Scanner.tsx:784:9)
              at Object.react-stack-bottom-frame (D:\Dev\ExoScan\exoscan-web\node_modules\react-dom\cjs\react-dom-client.development.js:23863:20)
              at renderWithHooksAgain (D:\Dev\ExoScan\exoscan-web\node_modules\react-dom\cjs\react-dom-client.development.js:5629:20)
              at renderWithHooks (D:\Dev\ExoScan\exoscan-web\node_modules\react-dom\cjs\react-dom-client.development.js:5541:22)
              at updateFunctionComponent (D:\Dev\ExoScan\exoscan-web\node_modules\react-dom\cjs\react-dom-client.development.js:8897:19)
              at beginWork (D:\Dev\ExoScan\exoscan-web\node_modules\react-dom\cjs\react-dom-client.development.js:10522:18)
              at runWithFiberInDEV (D:\Dev\ExoScan\exoscan-web\node_modules\react-dom\cjs\react-dom-client.development.js:1522:13)
              at performUnitOfWork (D:\Dev\ExoScan\exoscan-web\node_modules\react-dom\cjs\react-dom-client.development.js:15140:22)
              at workLoopSync (D:\Dev\ExoScan\exoscan-web\node_modules\react-dom\cjs\react-dom-client.development.js:14956:41)
              at renderRootSync (D:\Dev\ExoScan\exoscan-web\node_modules\react-dom\cjs\react-dom-client.development.js:14936:11)
              at performWorkOnRoot (D:\Dev\ExoScan\exoscan-web\node_modules\react-dom\cjs\react-dom-client.development.js:14419:13)
              at performWorkOnRootViaSchedulerTask (D:\Dev\ExoScan\exoscan-web\node_modules\react-dom\cjs\react-dom-client.development.js:16216:7)
              at flushActQueue (D:\Dev\ExoScan\exoscan-web\node_modules\react\cjs\react.development.js:566:34)
              at process.env.NODE_ENV.exports.act (D:\Dev\ExoScan\exoscan-web\node_modules\react\cjs\react.development.js:859:10)
              at D:\Dev\ExoScan\exoscan-web\node_modules\@testing-library\react\dist\act-compat.js:47:25
              at renderRoot (D:\Dev\ExoScan\exoscan-web\node_modules\@testing-library\react\dist\pure.js:190:26)
              at render (D:\Dev\ExoScan\exoscan-web\node_modules\@testing-library\react\dist\pure.js:292:10)
              at Object.<anonymous> (D:\Dev\ExoScan\exoscan-web\src\components\__tests__\Scanner.strict-mode.test.tsx:183:33)
              at Promise.finally.completed (D:\Dev\ExoScan\exoscan-web\node_modules\jest-circus\build\jestAdapterInit.js:1557:28)
              at new Promise (<anonymous>)
              at callAsyncCircusFn (D:\Dev\ExoScan\exoscan-web\node_modules\jest-circus\build\jestAdapterInit.js:1497:10)
              at _callCircusTest (D:\Dev\ExoScan\exoscan-web\node_modules\jest-circus\build\jestAdapterInit.js:1007:40)
              at _runTest (D:\Dev\ExoScan\exoscan-web\node_modules\jest-circus\build\jestAdapterInit.js:947:3)
              at D:\Dev\ExoScan\exoscan-web\node_modules\jest-circus\build\jestAdapterInit.js:849:7
              at _runTestsForDescribeBlock (D:\Dev\ExoScan\exoscan-web\node_modules\jest-circus\build\jestAdapterInit.js:862:11)
              at _runTestsForDescribeBlock (D:\Dev\ExoScan\exoscan-web\node_modules\jest-circus\build\jestAdapterInit.js:857:11)
              at _runTestsForDescribeBlock (D:\Dev\ExoScan\exoscan-web\node_modules\jest-circus\build\jestAdapterInit.js:857:11)
              at run (D:\Dev\ExoScan\exoscan-web\node_modules\jest-circus\build\jestAdapterInit.js:761:3)
              at runAndTransformResultsToJestFormat (D:\Dev\ExoScan\exoscan-web\node_modules\jest-circus\build\jestAdapterInit.js:1918:21)
              at jestAdapter (D:\Dev\ExoScan\exoscan-web\node_modules\jest-circus\build\runner.js:101:19)
              at runTestInternal (D:\Dev\ExoScan\exoscan-web\node_modules\jest-runner\build\testWorker.js:275:16)
              at runTest (D:\Dev\ExoScan\exoscan-web\node_modules\jest-runner\build\testWorker.js:343:7)
              at Object.worker (D:\Dev\ExoScan\exoscan-web\node_modules\jest-runner\build\testWorker.js:497:12),
          _debugTask: null,
          _debugNeedsRemount: false,
          _debugHookTypes: null
        },
        '__reactProps$t4lsjnwx8va': {
          ref: [Object],
          className: 'w-full object-cover transition-transform duration-200 h-80 md:h-96 lg:h-[500px]',
          autoPlay: true,
          playsInline: true,
          muted: true,
          controls: false,
          'webkit-playsinline': 'true',
          onLoadedData: [AsyncFunction: onLoadedData],
          onCanPlay: [AsyncFunction: onCanPlay],
          onClick: [AsyncFunction: onClick],
          onTouchStart: [AsyncFunction: onTouchStart],
          style: [Object]
        },
        '__reactEvents$t4lsjnwx8va': Set(24) {
          'abort__bubble',
          'canplay__bubble',
          'canplaythrough__bubble',
          'durationchange__bubble',
          'emptied__bubble',
          'encrypted__bubble',
          'ended__bubble',
          'error__bubble',
          'loadeddata__bubble',
          'loadedmetadata__bubble',
          'loadstart__bubble',
          'pause__bubble',
          'play__bubble',
          'playing__bubble',
          'progress__bubble',
          'ratechange__bubble',
          'resize__bubble',
          'seeked__bubble',
          'seeking__bubble',
          'stalled__bubble',
          'suspend__bubble',
          'timeupdate__bubble',
          'volumechange__bubble',
          'waiting__bubble'
        },
        srcObject: null,
        [Symbol(SameObject caches)]: [Object: null prototype] {
          style: [CSSStyleDeclaration],
          attributes: NamedNodeMap {}
        }
      },
      tagName: 'VIDEO',
      id: '',
      className: 'w-full object-cover transition-transform duration-200 h-80 md:h-96 lg:h-[500px]',
      style: 'transform: scale(1); transform-origin: center center; background-color: rgb(0, 0, 0); min-height: 20rem;',
      attributes: [
        {
          name: 'class',
          value: 'w-full object-cover transition-transform duration-200 h-80 md:h-96 lg:h-[500px]'
        },
        { name: 'autoplay', value: '' },
        { name: 'playsinline', value: '' },
        { name: 'webkit-playsinline', value: 'true' },
        {
          name: 'style',
          value: 'transform: scale(1); transform-origin: center center; background-color: rgb(0, 0, 0); min-height: 20rem;'
        }
      ]
    }

      at log (src/components/Scanner.tsx:480:15)

  console.log
    тЬЕ ╨Я╨╛╨┤╨┤╨╡╤А╨╢╨║╨░ ╨║╨░╨╝╨╡╤А╤Л: OK

      at log (src/components/Scanner.tsx:502:15)

  console.log
    тЬЕ ╨С╨╡╨╖╨╛╨┐╨░╤Б╨╜╤Л╨╣ ╨║╨╛╨╜╤В╨╡╨║╤Б╤В: OK

      at log (src/components/Scanner.tsx:512:15)

  console.log
    ЁЯФД ╨Я╨╛╨╗╤Г╤З╨╡╨╜╨╕╨╡ ╨┤╨╛╤Б╤В╤Г╨┐╨░ ╨║ ╨║╨░╨╝╨╡╤А╨╡...

      at log (src/components/Scanner.tsx:522:17)

  console.log
    ЁЯЪА ╨Э╨░╤З╨╕╨╜╨░╨╡╨╝ ╨┐╤А╨╛╤Ж╨╡╤Б╤Б ╤Б╨║╨░╨╜╨╕╤А╨╛╨▓╨░╨╜╨╕╤П...

      at log (src/components/Scanner.tsx:523:17)

  console.log
    ЁЯУ▒ BarcodeScanner: ╨Э╨░╤З╨╕╨╜╨░╨╡╨╝ ╨┐╤А╨╛╤Ж╨╡╤Б╤Б ╤Б╨║╨░╨╜╨╕╤А╨╛╨▓╨░╨╜╨╕╤П

      at BarcodeScanner.log [as startScanning] (src/lib/scanner.ts:336:15)

  console.log
    ЁЯФН ╨Ш╨╜╤Д╨╛╤А╨╝╨░╤Ж╨╕╤П ╨╛ ╨▒╤А╨░╤Г╨╖╨╡╤А╨╡: {
      userAgent: 'Mozilla/5.0 (win32) AppleWebKit/537.36 (KHTML, like Gecko) jsdom/26.1.0',
      platform: '',
      language: 'en-US',
      cookieEnabled: true,
      onLine: true
    }

      at BarcodeScanner.log [as startScanning] (src/lib/scanner.ts:337:15)

  console.log
    ЁЯФР ╨Я╤А╨╛╨▓╨╡╤А╨║╨░ ╤А╨░╨╖╤А╨╡╤И╨╡╨╜╨╕╨╣ ╨║╨░╨╝╨╡╤А╤Л...

      at BarcodeScanner.log [as startScanning] (src/lib/scanner.ts:346:15)

  console.log
    ЁЯЫС ╨Ю╤Б╤В╨░╨╜╨╛╨▓╨║╨░ ╤Б╨║╨░╨╜╨╕╤А╨╛╨▓╨░╨╜╨╕╤П...

      at BarcodeScanner.log [as stopScanning] (src/lib/scanner.ts:853:15)
          at Array.forEach (<anonymous>)

  console.error
    Error: Not implemented: HTMLCanvasElement.prototype.toDataURL (without installing the canvas npm package)
        at BarcodeScanner.toDataURL [as captureFrame] (D:\Dev\ExoScan\exoscan-web\src\lib\scanner.ts:904:30)
        at captureFrame (D:\Dev\ExoScan\exoscan-web\src\lib\scanner.ts:829:35) {
      type: 'not implemented'
    }

    [0m [90m 902 |[39m
     [90m 903 |[39m       [90m// Create image element from canvas data URL (avoids 0x0 toBlob issues)[39m
    [31m[1m>[22m[39m[90m 904 |[39m       [36mconst[39m dataUrl [33m=[39m canvas[33m.[39mtoDataURL([32m'image/png'[39m)
     [90m     |[39m                              [31m[1m^[22m[39m
     [90m 905 |[39m       [36mconst[39m imageElement [33m=[39m [36mawait[39m [36mnew[39m [33mPromise[39m[33m<[39m[33mHTMLImageElement[39m[33m>[39m((resolve) [33m=>[39m {
     [90m 906 |[39m         [36mconst[39m img [33m=[39m [36mnew[39m [33mImage[39m()
     [90m 907 |[39m         img[33m.[39monload [33m=[39m () [33m=>[39m resolve(img)[0m

      at VirtualConsole.<anonymous> (node_modules/@jest/environment-jsdom-abstract/build/index.js:87:23)
      at module.exports (node_modules/jsdom/lib/jsdom/browser/not-implemented.js:12:26)
      at HTMLCanvasElementImpl.toDataURL (node_modules/jsdom/lib/jsdom/living/nodes/HTMLCanvasElement-impl.js:55:5)
      at HTMLCanvasElement.toDataURL (node_modules/jsdom/lib/jsdom/living/generated/HTMLCanvasElement.js:162:34)
      at BarcodeScanner.toDataURL [as captureFrame] (src/lib/scanner.ts:904:30)
      at captureFrame (src/lib/scanner.ts:829:35)
      at Timeout.task [as _onTimeout] (node_modules/jsdom/lib/jsdom/browser/Window.js:579:19)

  console.log
    ЁЯЫС ╨Ю╤Б╤В╨░╨╜╨╛╨▓╨╗╨╡╨╜ ╤В╤А╨╡╨║ ╨║╨░╨╝╨╡╤А╤Л: video

      at log (src/lib/scanner.ts:737:19)
          at Array.forEach (<anonymous>)
          at Array.forEach (<anonymous>)

  console.log
    ЁЯОп ╨Р╨▓╤В╨╛╤Б╨║╨░╨╜╨╕╤А╨╛╨▓╨░╨╜╨╕╨╡: ╤И╤В╤А╨╕╤Е-╨║╨╛╨┤ ╨╜╨░╨╣╨┤╨╡╨╜: 1234567890123

      at log (src/lib/scanner.ts:831:19)

  console.log
    ЁЯз╣ ╨Т╨╕╨┤╨╡╨╛ ╤Н╨╗╨╡╨╝╨╡╨╜╤В ╨╛╤З╨╕╤Й╨╡╨╜

      at BarcodeScanner.log [as stopCurrentStream] (src/lib/scanner.ts:744:17)
          at Array.forEach (<anonymous>)

  console.log
    Scan result: {
      text: '1234567890123',
      format: 'EAN_13',
      timestamp: 2025-10-01T21:19:13.565Z
    }

      at log (src/components/Scanner.tsx:126:13)

  console.log
    тЬЕ ╨б╨║╨░╨╜╨╕╤А╨╛╨▓╨░╨╜╨╕╨╡ ╨╛╤Б╤В╨░╨╜╨╛╨▓╨╗╨╡╨╜╨╛

      at BarcodeScanner.log [as stopScanning] (src/lib/scanner.ts:866:15)
          at Array.forEach (<anonymous>)

  console.error
    Error: Not implemented: HTMLMediaElement.prototype.play
        at play (D:\Dev\ExoScan\exoscan-web\src\components\Scanner.tsx:139:13)
        at onResult (D:\Dev\ExoScan\exoscan-web\src\lib\scanner.ts:625:17)
        at onResult (D:\Dev\ExoScan\exoscan-web\src\lib\scanner.ts:832:11) {
      type: 'not implemented'
    }

    [0m [90m 137 |[39m     [36mtry[39m {
     [90m 138 |[39m       [36mconst[39m audio [33m=[39m [36mnew[39m [33mAudio[39m([32m'data:audio/wav;base64,UklGRnoGAABXQVZFZm10IBAAAAABAAEAQB8AAEAfAAABAAgAZGF0YQoGAACBhYqFbF1fdJivrJBhNjVgodDbq2EcBj+a2/LDciUFLIHO8tiJNwgZaLvt559NEAxQp+PwtmMcBjiR1/LMeSwFJHfH8N2QQAoUXrTp66hVFApGn+DyvmwhBSuBzvLZiTYIG2m98OScTgwOUarm7blmGgU7k9n1unEiBC13yO/eizEIHWq+8+OWT'[39m)
    [31m[1m>[22m[39m[90m 139 |[39m       audio[33m.[39mplay()[33m.[39m[36mcatch[39m(() [33m=>[39m {})
     [90m     |[39m             [31m[1m^[22m[39m
     [90m 140 |[39m     } [36mcatch[39m {
     [90m 141 |[39m       [90m// Audio not supported[39m
     [90m 142 |[39m     }[0m

      at VirtualConsole.<anonymous> (node_modules/@jest/environment-jsdom-abstract/build/index.js:87:23)
      at module.exports (node_modules/jsdom/lib/jsdom/browser/not-implemented.js:12:26)
      at HTMLAudioElementImpl.play (node_modules/jsdom/lib/jsdom/living/nodes/HTMLMediaElement-impl.js:118:5)
      at HTMLAudioElement.play (node_modules/jsdom/lib/jsdom/living/generated/HTMLMediaElement.js:146:60)
      at play (src/components/Scanner.tsx:139:13)
      at onResult (src/lib/scanner.ts:625:17)
      at onResult (src/lib/scanner.ts:832:11)

  console.log
    ЁЯФР ╨б╤В╨░╤В╤Г╤Б ╤А╨░╨╖╤А╨╡╤И╨╡╨╜╨╕╨╣: { granted: true, denied: false, prompt: false }

      at BarcodeScanner.log [as startScanning] (src/lib/scanner.ts:348:15)

  console.log
    тЬЕ MediaDevices API: OK

      at BarcodeScanner.log [as startScanning] (src/lib/scanner.ts:383:15)

  console.log
    тЬЕ getUserMedia: OK

      at BarcodeScanner.log [as startScanning] (src/lib/scanner.ts:401:15)

  console.log
    ЁЯОе ╨Ч╨░╨┐╤Г╤Б╨║ ╤Б╨║╨░╨╜╨╕╤А╨╛╨▓╨░╨╜╨╕╤П...

      at log (src/components/Scanner.tsx:479:15)

  console.log
    ЁЯУ╣ ╨Я╨╛╨╕╤Б╨║ ╨┤╨╛╤Б╤В╤Г╨┐╨╜╤Л╤Е ╨║╨░╨╝╨╡╤А...

      at BarcodeScanner.log [as startScanning] (src/lib/scanner.ts:404:15)

  console.log
    ЁЯФР ╨б╤В╨░╤В╤Г╤Б ╤А╨░╨╖╤А╨╡╤И╨╡╨╜╨╕╨╣: { granted: true, denied: false, prompt: false }

      at BarcodeScanner.log [as startScanning] (src/lib/scanner.ts:348:15)

  console.log
    тЬЕ MediaDevices API: OK

      at BarcodeScanner.log [as startScanning] (src/lib/scanner.ts:383:15)

  console.log
    тЬЕ getUserMedia: OK

      at BarcodeScanner.log [as startScanning] (src/lib/scanner.ts:401:15)

  console.log
    ЁЯУ▒ ╨Ш╨╜╤Д╨╛╤А╨╝╨░╤Ж╨╕╤П ╨╛ ╨▓╨╕╨┤╨╡╨╛ ╤Н╨╗╨╡╨╝╨╡╨╜╤В╨╡: {
      element: <ref *1> HTMLVideoElement {
        '__reactFiber$a7sngw07a7e': FiberNode {
          tag: 5,
          key: null,
          elementType: 'video',
          type: 'video',
          stateNode: [Circular *1],
          return: [FiberNode],
          child: null,
          sibling: [FiberNode],
          index: 1,
          ref: [Object],
          refCleanup: null,
          pendingProps: [Object],
          memoizedProps: [Object],
          updateQueue: null,
          memoizedState: null,
          dependencies: null,
          mode: 1,
          flags: 5243392,
          subtreeFlags: 0,
          deletions: null,
          lanes: 0,
          childLanes: 0,
          alternate: null,
          actualDuration: -0,
          actualStartTime: 5043.86,
          selfBaseDuration: -0,
          treeBaseDuration: -0,
          _debugInfo: null,
          _debugOwner: [FiberNode],
          _debugStack: Error: react-stack-top-frame
              at process.env.NODE_ENV.exports.jsx (D:\Dev\ExoScan\exoscan-web\node_modules\react\cjs\react-jsx-runtime.development.js:337:13)
              at ScannerContent (D:\Dev\ExoScan\exoscan-web\src\components\Scanner.tsx:784:9)
              at Object.react-stack-bottom-frame (D:\Dev\ExoScan\exoscan-web\node_modules\react-dom\cjs\react-dom-client.development.js:23863:20)
              at renderWithHooks (D:\Dev\ExoScan\exoscan-web\node_modules\react-dom\cjs\react-dom-client.development.js:5529:22)
              at updateFunctionComponent (D:\Dev\ExoScan\exoscan-web\node_modules\react-dom\cjs\react-dom-client.development.js:8897:19)
              at beginWork (D:\Dev\ExoScan\exoscan-web\node_modules\react-dom\cjs\react-dom-client.development.js:10522:18)
              at runWithFiberInDEV (D:\Dev\ExoScan\exoscan-web\node_modules\react-dom\cjs\react-dom-client.development.js:1522:13)
              at performUnitOfWork (D:\Dev\ExoScan\exoscan-web\node_modules\react-dom\cjs\react-dom-client.development.js:15140:22)
              at workLoopSync (D:\Dev\ExoScan\exoscan-web\node_modules\react-dom\cjs\react-dom-client.development.js:14956:41)
              at renderRootSync (D:\Dev\ExoScan\exoscan-web\node_modules\react-dom\cjs\react-dom-client.development.js:14936:11)
              at performWorkOnRoot (D:\Dev\ExoScan\exoscan-web\node_modules\react-dom\cjs\react-dom-client.development.js:14419:13)
              at performWorkOnRootViaSchedulerTask (D:\Dev\ExoScan\exoscan-web\node_modules\react-dom\cjs\react-dom-client.development.js:16216:7)
              at flushActQueue (D:\Dev\ExoScan\exoscan-web\node_modules\react\cjs\react.development.js:566:34)
              at process.env.NODE_ENV.exports.act (D:\Dev\ExoScan\exoscan-web\node_modules\react\cjs\react.development.js:859:10)
              at D:\Dev\ExoScan\exoscan-web\node_modules\@testing-library\react\dist\act-compat.js:47:25
              at renderRoot (D:\Dev\ExoScan\exoscan-web\node_modules\@testing-library\react\dist\pure.js:190:26)
              at rerender (D:\Dev\ExoScan\exoscan-web\node_modules\@testing-library\react\dist\pure.js:211:7)
              at Object.rerender (D:\Dev\ExoScan\exoscan-web\src\components\__tests__\Scanner.test.tsx:214:7)
              at Promise.finally.completed (D:\Dev\ExoScan\exoscan-web\node_modules\jest-circus\build\jestAdapterInit.js:1557:28)
              at new Promise (<anonymous>)
              at callAsyncCircusFn (D:\Dev\ExoScan\exoscan-web\node_modules\jest-circus\build\jestAdapterInit.js:1497:10)
              at _callCircusTest (D:\Dev\ExoScan\exoscan-web\node_modules\jest-circus\build\jestAdapterInit.js:1007:40)
              at _runTest (D:\Dev\ExoScan\exoscan-web\node_modules\jest-circus\build\jestAdapterInit.js:947:3)
              at D:\Dev\ExoScan\exoscan-web\node_modules\jest-circus\build\jestAdapterInit.js:849:7
              at _runTestsForDescribeBlock (D:\Dev\ExoScan\exoscan-web\node_modules\jest-circus\build\jestAdapterInit.js:862:11)
              at _runTestsForDescribeBlock (D:\Dev\ExoScan\exoscan-web\node_modules\jest-circus\build\jestAdapterInit.js:857:11)
              at _runTestsForDescribeBlock (D:\Dev\ExoScan\exoscan-web\node_modules\jest-circus\build\jestAdapterInit.js:857:11)
              at run (D:\Dev\ExoScan\exoscan-web\node_modules\jest-circus\build\jestAdapterInit.js:761:3)
              at runAndTransformResultsToJestFormat (D:\Dev\ExoScan\exoscan-web\node_modules\jest-circus\build\jestAdapterInit.js:1918:21)
              at jestAdapter (D:\Dev\ExoScan\exoscan-web\node_modules\jest-circus\build\runner.js:101:19)
              at runTestInternal (D:\Dev\ExoScan\exoscan-web\node_modules\jest-runner\build\testWorker.js:275:16)
              at runTest (D:\Dev\ExoScan\exoscan-web\node_modules\jest-runner\build\testWorker.js:343:7)
              at Object.worker (D:\Dev\ExoScan\exoscan-web\node_modules\jest-runner\build\testWorker.js:497:12),
          _debugTask: null,
          _debugNeedsRemount: false,
          _debugHookTypes: null
        },
        '__reactProps$a7sngw07a7e': {
          ref: [Object],
          className: 'w-full object-cover transition-transform duration-200 h-80 md:h-96 lg:h-[500px]',
          autoPlay: true,
          playsInline: true,
          muted: true,
          controls: false,
          'webkit-playsinline': 'true',
          onLoadedData: [AsyncFunction: onLoadedData],
          onCanPlay: [AsyncFunction: onCanPlay],
          onClick: [AsyncFunction: onClick],
          onTouchStart: [AsyncFunction: onTouchStart],
          style: [Object]
        },
        '__reactEvents$a7sngw07a7e': Set(24) {
          'abort__bubble',
          'canplay__bubble',
          'canplaythrough__bubble',
          'durationchange__bubble',
          'emptied__bubble',
          'encrypted__bubble',
          'ended__bubble',
          'error__bubble',
          'loadeddata__bubble',
          'loadedmetadata__bubble',
          'loadstart__bubble',
          'pause__bubble',
          'play__bubble',
          'playing__bubble',
          'progress__bubble',
          'ratechange__bubble',
          'resize__bubble',
          'seeked__bubble',
          'seeking__bubble',
          'stalled__bubble',
          'suspend__bubble',
          'timeupdate__bubble',
          'volumechange__bubble',
          'waiting__bubble'
        },
        [Symbol(SameObject caches)]: [Object: null prototype] {
          style: [CSSStyleDeclaration],
          attributes: NamedNodeMap {}
        }
      },
      tagName: 'VIDEO',
      id: '',
      className: 'w-full object-cover transition-transform duration-200 h-80 md:h-96 lg:h-[500px]',
      style: 'transform: scale(1); transform-origin: center center; background-color: rgb(0, 0, 0); min-height: 20rem;',
      attributes: [
        {
          name: 'class',
          value: 'w-full object-cover transition-transform duration-200 h-80 md:h-96 lg:h-[500px]'
        },
        { name: 'autoplay', value: '' },
        { name: 'playsinline', value: '' },
        { name: 'webkit-playsinline', value: 'true' },
        {
          name: 'style',
          value: 'transform: scale(1); transform-origin: center center; background-color: rgb(0, 0, 0); min-height: 20rem;'
        }
      ]
    }

      at log (src/components/Scanner.tsx:480:15)

  console.log
    ЁЯУ╣ ╨Я╨╛╨╕╤Б╨║ ╨┤╨╛╤Б╤В╤Г╨┐╨╜╤Л╤Е ╨║╨░╨╝╨╡╤А...

      at BarcodeScanner.log [as startScanning] (src/lib/scanner.ts:404:15)

  console.log
    ЁЯУ╣ ╨Э╨░╨╣╨┤╨╡╨╜╨╛ ╨║╨░╨╝╨╡╤А: 2 [
      { id: 'camera1', label: 'Back Camera', kind: 'videoinput' },
      { id: 'camera2', label: 'Front Camera', kind: 'videoinput' }
    ]

      at BarcodeScanner.log [as startScanning] (src/lib/scanner.ts:406:15)

  console.log
    ЁЯУ╖ ╨Т╤Л╨▒╤А╨░╨╜╨╜╨░╤П ╨║╨░╨╝╨╡╤А╨░: { label: 'Back Camera', id: 'camera1', source: 'back-camera' }

      at BarcodeScanner.log [as startScanning] (src/lib/scanner.ts:440:15)

  console.log
    тЬЕ ╨Я╨╛╨┤╨┤╨╡╤А╨╢╨║╨░ ╨║╨░╨╝╨╡╤А╤Л: OK

      at log (src/components/Scanner.tsx:502:15)

  console.log
    ЁЯУ▒ ╨Ь╨╛╨▒╨╕╨╗╤М╨╜╨╛╨╡ ╤Г╤Б╤В╤А╨╛╨╣╤Б╤В╨▓╨╛: false

      at BarcodeScanner.log [as startScanning] (src/lib/scanner.ts:448:15)

  console.log
    ЁЯУ▒ ╨г╤Б╤В╤А╨╛╨╣╤Б╤В╨▓╨╛: ╨Ф╤А╤Г╨│╨╛╨╡, ╨С╤А╨░╤Г╨╖╨╡╤А: ╨Ф╤А╤Г╨│╨╛╨╣

      at BarcodeScanner.log [as getOptimalCameraConstraints] (src/lib/scanner.ts:135:13)

  console.log
    ЁЯОе ╨Э╨░╤Б╤В╤А╨╛╨╣╨║╨╕ ╨║╨░╨╝╨╡╤А╤Л: {
      video: {
        deviceId: { ideal: 'camera1' },
        facingMode: undefined,
        width: { ideal: 1920 },
        height: { ideal: 1080 },
        frameRate: { ideal: 30 }
      }
    }

      at BarcodeScanner.log [as startScanning] (src/lib/scanner.ts:452:15)

  console.log
    ЁЯФН ╨Ч╨░╨┐╤Г╤Б╨║ ╨╜╨╡╨┐╤А╨╡╤А╤Л╨▓╨╜╨╛╨│╨╛ ╨┤╨╡╨║╨╛╨┤╨╕╤А╨╛╨▓╨░╨╜╨╕╤П ╤И╤В╤А╨╕╤Е-╨║╨╛╨┤╨╛╨▓...

      at BarcodeScanner.log [as startScanning] (src/lib/scanner.ts:455:15)

  console.log
    тЬЕ ╨С╨╡╨╖╨╛╨┐╨░╤Б╨╜╤Л╨╣ ╨║╨╛╨╜╤В╨╡╨║╤Б╤В: OK

      at log (src/components/Scanner.tsx:512:15)

  console.log
    ЁЯз╣ ╨Ю╤З╨╕╤Б╤В╨║╨░ ╤Б╤Г╤Й╨╡╤Б╤В╨▓╤Г╤О╤Й╨╡╨│╨╛ ╨┐╨╛╤В╨╛╨║╨░...

      at BarcodeScanner.log [as startScanning] (src/lib/scanner.ts:458:15)

  console.log
    ЁЯУ║ ╨б╨╛╤Б╤В╨╛╤П╨╜╨╕╨╡ ╨▓╨╕╨┤╨╡╨╛ ╤Н╨╗╨╡╨╝╨╡╨╜╤В╨░: {
      readyState: 0,
      videoWidth: 0,
      videoHeight: 0,
      paused: true,
      ended: false,
      muted: true,
      autoplay: true,
      playsInline: true
    }

      at BarcodeScanner.log [as startScanning] (src/lib/scanner.ts:462:15)

  console.log
    ЁЯФД ╨Ч╨░╨┐╤Г╤Б╨║ ╨┤╨╡╨║╨╛╨┤╨╕╤А╨╛╨▓╨░╨╜╨╕╤П ╤Б ╨╛╨│╤А╨░╨╜╨╕╤З╨╡╨╜╨╕╤П╨╝╨╕...

      at BarcodeScanner.log [as startScanning] (src/lib/scanner.ts:474:15)

  console.log
    ЁЯФД ╨Я╨╛╨╗╤Г╤З╨╡╨╜╨╕╨╡ ╨┤╨╛╤Б╤В╤Г╨┐╨░ ╨║ ╨║╨░╨╝╨╡╤А╨╡...

      at log (src/components/Scanner.tsx:522:17)

  console.log
    ЁЯФД ╨Я╨╛╨┐╤Л╤В╨║╨░ ╨╖╨░╨┐╤Г╤Б╨║╨░ ╤Б optimal ╨╛╨│╤А╨░╨╜╨╕╤З╨╡╨╜╨╕╤П╨╝╨╕: {
      "video": {
        "deviceId": {
          "ideal": "camera1"
        },
        "width": {
          "ideal": 1920
        },
        "height": {
          "ideal": 1080
        },
        "frameRate": {
          "ideal": 30
        }
      }
    }

      at BarcodeScanner.log [as startScanning] (src/lib/scanner.ts:487:19)

  console.log
    ЁЯОе ╨Я╨╛╨╗╤Г╤З╨╡╨╜╨╕╨╡ ╨┐╨╛╤В╨╛╨║╨░ ╤З╨╡╤А╨╡╨╖ getUserMedia...

      at BarcodeScanner.log [as startScanning] (src/lib/scanner.ts:490:19)

  console.log
    ЁЯУ╣ ╨Э╨░╨╣╨┤╨╡╨╜╨╛ ╨║╨░╨╝╨╡╤А: 2 [
      { id: 'camera1', label: 'Back Camera', kind: 'videoinput' },
      { id: 'camera2', label: 'Front Camera', kind: 'videoinput' }
    ]

      at BarcodeScanner.log [as startScanning] (src/lib/scanner.ts:406:15)

  console.log
    ЁЯУ╖ ╨Т╤Л╨▒╤А╨░╨╜╨╜╨░╤П ╨║╨░╨╝╨╡╤А╨░: { label: 'Back Camera', id: 'camera1', source: 'back-camera' }

      at BarcodeScanner.log [as startScanning] (src/lib/scanner.ts:440:15)

  console.log
    ЁЯЪА ╨Э╨░╤З╨╕╨╜╨░╨╡╨╝ ╨┐╤А╨╛╤Ж╨╡╤Б╤Б ╤Б╨║╨░╨╜╨╕╤А╨╛╨▓╨░╨╜╨╕╤П...

      at log (src/components/Scanner.tsx:523:17)

  console.log
    ЁЯУ▒ ╨Ь╨╛╨▒╨╕╨╗╤М╨╜╨╛╨╡ ╤Г╤Б╤В╤А╨╛╨╣╤Б╤В╨▓╨╛: false

      at BarcodeScanner.log [as startScanning] (src/lib/scanner.ts:448:15)

  console.log
    ЁЯУ▒ ╨г╤Б╤В╤А╨╛╨╣╤Б╤В╨▓╨╛: ╨Ф╤А╤Г╨│╨╛╨╡, ╨С╤А╨░╤Г╨╖╨╡╤А: ╨Ф╤А╤Г╨│╨╛╨╣

      at BarcodeScanner.log [as getOptimalCameraConstraints] (src/lib/scanner.ts:135:13)

  console.log
    ЁЯОе ╨Э╨░╤Б╤В╤А╨╛╨╣╨║╨╕ ╨║╨░╨╝╨╡╤А╤Л: {
      video: {
        deviceId: { ideal: 'camera1' },
        facingMode: undefined,
        width: { ideal: 1920 },
        height: { ideal: 1080 },
        frameRate: { ideal: 30 }
      }
    }

      at BarcodeScanner.log [as startScanning] (src/lib/scanner.ts:452:15)

  console.log
    ЁЯФН ╨Ч╨░╨┐╤Г╤Б╨║ ╨╜╨╡╨┐╤А╨╡╤А╤Л╨▓╨╜╨╛╨│╨╛ ╨┤╨╡╨║╨╛╨┤╨╕╤А╨╛╨▓╨░╨╜╨╕╤П ╤И╤В╤А╨╕╤Е-╨║╨╛╨┤╨╛╨▓...

      at BarcodeScanner.log [as startScanning] (src/lib/scanner.ts:455:15)

  console.log
    ЁЯз╣ ╨Ю╤З╨╕╤Б╤В╨║╨░ ╤Б╤Г╤Й╨╡╤Б╤В╨▓╤Г╤О╤Й╨╡╨│╨╛ ╨┐╨╛╤В╨╛╨║╨░...

      at BarcodeScanner.log [as startScanning] (src/lib/scanner.ts:458:15)

  console.log
    ЁЯУ║ ╨б╨╛╤Б╤В╨╛╤П╨╜╨╕╨╡ ╨▓╨╕╨┤╨╡╨╛ ╤Н╨╗╨╡╨╝╨╡╨╜╤В╨░: {
      readyState: 0,
      videoWidth: 0,
      videoHeight: 0,
      paused: true,
      ended: false,
      muted: true,
      autoplay: true,
      playsInline: true
    }

      at BarcodeScanner.log [as startScanning] (src/lib/scanner.ts:462:15)

  console.log
    ЁЯФД ╨Ч╨░╨┐╤Г╤Б╨║ ╨┤╨╡╨║╨╛╨┤╨╕╤А╨╛╨▓╨░╨╜╨╕╤П ╤Б ╨╛╨│╤А╨░╨╜╨╕╤З╨╡╨╜╨╕╤П╨╝╨╕...

      at BarcodeScanner.log [as startScanning] (src/lib/scanner.ts:474:15)

  console.log
    ЁЯФД ╨Я╨╛╨┐╤Л╤В╨║╨░ ╨╖╨░╨┐╤Г╤Б╨║╨░ ╤Б optimal ╨╛╨│╤А╨░╨╜╨╕╤З╨╡╨╜╨╕╤П╨╝╨╕: {
      "video": {
        "deviceId": {
          "ideal": "camera1"
        },
        "width": {
          "ideal": 1920
        },
        "height": {
          "ideal": 1080
        },
        "frameRate": {
          "ideal": 30
        }
      }
    }

      at BarcodeScanner.log [as startScanning] (src/lib/scanner.ts:487:19)

  console.log
    ЁЯУ▒ BarcodeScanner: ╨Э╨░╤З╨╕╨╜╨░╨╡╨╝ ╨┐╤А╨╛╤Ж╨╡╤Б╤Б ╤Б╨║╨░╨╜╨╕╤А╨╛╨▓╨░╨╜╨╕╤П

      at BarcodeScanner.log [as startScanning] (src/lib/scanner.ts:336:15)

  console.log
    ЁЯОе ╨Я╨╛╨╗╤Г╤З╨╡╨╜╨╕╨╡ ╨┐╨╛╤В╨╛╨║╨░ ╤З╨╡╤А╨╡╨╖ getUserMedia...

      at BarcodeScanner.log [as startScanning] (src/lib/scanner.ts:490:19)

  console.log
    тЬЕ ╨Я╨╛╤В╨╛╨║ ╨┐╨╛╨╗╤Г╤З╨╡╨╜: {
      active: undefined,
      id: 'stream-1759353553614-0.10537139830656606',
      tracks: [
        {
          kind: 'video',
          label: undefined,
          enabled: undefined,
          readyState: undefined,
          muted: undefined,
          settings: [Object]
        }
      ]
    }

      at BarcodeScanner.log [as startScanning] (src/lib/scanner.ts:492:19)

  console.log
    ЁЯОм ╨г╤Б╤В╨░╨╜╨╛╨▓╨║╨░ ╨┐╨╛╤В╨╛╨║╨░ ╨▓ ╨▓╨╕╨┤╨╡╨╛ ╤Н╨╗╨╡╨╝╨╡╨╜╤В...

      at BarcodeScanner.log [as startScanning] (src/lib/scanner.ts:515:19)

  console.log
    ЁЯФН ╨Ш╨╜╤Д╨╛╤А╨╝╨░╤Ж╨╕╤П ╨╛ ╨▒╤А╨░╤Г╨╖╨╡╤А╨╡: {
      userAgent: 'Mozilla/5.0 (win32) AppleWebKit/537.36 (KHTML, like Gecko) jsdom/26.1.0',
      platform: '',
      language: 'en-US',
      cookieEnabled: true,
      onLine: true
    }

      at BarcodeScanner.log [as startScanning] (src/lib/scanner.ts:337:15)

  console.log
    тЬЕ ╨Я╨╛╤В╨╛╨║ ╨┐╨╛╨╗╤Г╤З╨╡╨╜: {
      active: undefined,
      id: 'stream-1759353553625-0.716412445323005',
      tracks: [
        {
          kind: 'video',
          label: undefined,
          enabled: undefined,
          readyState: undefined,
          muted: undefined,
          settings: [Object]
        }
      ]
    }

      at BarcodeScanner.log [as startScanning] (src/lib/scanner.ts:492:19)

  console.log
    ЁЯОм ╨г╤Б╤В╨░╨╜╨╛╨▓╨║╨░ ╨┐╨╛╤В╨╛╨║╨░ ╨▓ ╨▓╨╕╨┤╨╡╨╛ ╤Н╨╗╨╡╨╝╨╡╨╜╤В...

      at BarcodeScanner.log [as startScanning] (src/lib/scanner.ts:515:19)

  console.log
    ЁЯФР ╨Я╤А╨╛╨▓╨╡╤А╨║╨░ ╤А╨░╨╖╤А╨╡╤И╨╡╨╜╨╕╨╣ ╨║╨░╨╝╨╡╤А╤Л...

      at BarcodeScanner.log [as startScanning] (src/lib/scanner.ts:346:15)

  console.log
    ЁЯЫС ╨Ю╤Б╤В╨░╨╜╨╛╨▓╨║╨░ ╤Б╨║╨░╨╜╨╕╤А╨╛╨▓╨░╨╜╨╕╤П...

      at BarcodeScanner.log [as stopScanning] (src/lib/scanner.ts:853:15)

  console.log
    ЁЯз╣ ╨Т╨╕╨┤╨╡╨╛ ╤Н╨╗╨╡╨╝╨╡╨╜╤В ╨╛╤З╨╕╤Й╨╡╨╜

      at BarcodeScanner.log [as stopCurrentStream] (src/lib/scanner.ts:744:17)

  console.log
    тЬЕ ╨б╨║╨░╨╜╨╕╤А╨╛╨▓╨░╨╜╨╕╨╡ ╨╛╤Б╤В╨░╨╜╨╛╨▓╨╗╨╡╨╜╨╛

      at BarcodeScanner.log [as stopScanning] (src/lib/scanner.ts:866:15)

  console.log
    ЁЯОе ╨Ч╨░╨┐╤Г╤Б╨║ ╤Б╨║╨░╨╜╨╕╤А╨╛╨▓╨░╨╜╨╕╤П...

      at log (src/components/Scanner.tsx:479:15)

  console.log
    ЁЯУ▒ ╨Ш╨╜╤Д╨╛╤А╨╝╨░╤Ж╨╕╤П ╨╛ ╨▓╨╕╨┤╨╡╨╛ ╤Н╨╗╨╡╨╝╨╡╨╜╤В╨╡: {
      element: <ref *1> HTMLVideoElement {
        '__reactFiber$a7sngw07a7e': FiberNode {
          tag: 5,
          key: null,
          elementType: 'video',
          type: 'video',
          stateNode: [Circular *1],
          return: [FiberNode],
          child: null,
          sibling: [FiberNode],
          index: 1,
          ref: [Object],
          refCleanup: null,
          pendingProps: [Object],
          memoizedProps: [Object],
          updateQueue: null,
          memoizedState: null,
          dependencies: null,
          mode: 1,
          flags: 5243392,
          subtreeFlags: 0,
          deletions: null,
          lanes: 0,
          childLanes: 0,
          alternate: null,
          actualDuration: -0,
          actualStartTime: 5126.1974,
          selfBaseDuration: -0,
          treeBaseDuration: -0,
          _debugInfo: null,
          _debugOwner: [FiberNode],
          _debugStack: Error: react-stack-top-frame
              at process.env.NODE_ENV.exports.jsx (D:\Dev\ExoScan\exoscan-web\node_modules\react\cjs\react-jsx-runtime.development.js:337:13)
              at ScannerContent (D:\Dev\ExoScan\exoscan-web\src\components\Scanner.tsx:784:9)
              at Object.react-stack-bottom-frame (D:\Dev\ExoScan\exoscan-web\node_modules\react-dom\cjs\react-dom-client.development.js:23863:20)
              at renderWithHooks (D:\Dev\ExoScan\exoscan-web\node_modules\react-dom\cjs\react-dom-client.development.js:5529:22)
              at updateFunctionComponent (D:\Dev\ExoScan\exoscan-web\node_modules\react-dom\cjs\react-dom-client.development.js:8897:19)
              at beginWork (D:\Dev\ExoScan\exoscan-web\node_modules\react-dom\cjs\react-dom-client.development.js:10522:18)
              at runWithFiberInDEV (D:\Dev\ExoScan\exoscan-web\node_modules\react-dom\cjs\react-dom-client.development.js:1522:13)
              at performUnitOfWork (D:\Dev\ExoScan\exoscan-web\node_modules\react-dom\cjs\react-dom-client.development.js:15140:22)
              at workLoopSync (D:\Dev\ExoScan\exoscan-web\node_modules\react-dom\cjs\react-dom-client.development.js:14956:41)
              at renderRootSync (D:\Dev\ExoScan\exoscan-web\node_modules\react-dom\cjs\react-dom-client.development.js:14936:11)
              at performWorkOnRoot (D:\Dev\ExoScan\exoscan-web\node_modules\react-dom\cjs\react-dom-client.development.js:14419:13)
              at performWorkOnRootViaSchedulerTask (D:\Dev\ExoScan\exoscan-web\node_modules\react-dom\cjs\react-dom-client.development.js:16216:7)
              at flushActQueue (D:\Dev\ExoScan\exoscan-web\node_modules\react\cjs\react.development.js:566:34)
              at process.env.NODE_ENV.exports.act (D:\Dev\ExoScan\exoscan-web\node_modules\react\cjs\react.development.js:859:10)
              at D:\Dev\ExoScan\exoscan-web\node_modules\@testing-library\react\dist\act-compat.js:47:25
              at renderRoot (D:\Dev\ExoScan\exoscan-web\node_modules\@testing-library\react\dist\pure.js:190:26)
              at rerender (D:\Dev\ExoScan\exoscan-web\node_modules\@testing-library\react\dist\pure.js:211:7)
              at Object.rerender (D:\Dev\ExoScan\exoscan-web\src\components\__tests__\Scanner.test.tsx:216:7)
              at Promise.finally.completed (D:\Dev\ExoScan\exoscan-web\node_modules\jest-circus\build\jestAdapterInit.js:1557:28)
              at new Promise (<anonymous>)
              at callAsyncCircusFn (D:\Dev\ExoScan\exoscan-web\node_modules\jest-circus\build\jestAdapterInit.js:1497:10)
              at _callCircusTest (D:\Dev\ExoScan\exoscan-web\node_modules\jest-circus\build\jestAdapterInit.js:1007:40)
              at _runTest (D:\Dev\ExoScan\exoscan-web\node_modules\jest-circus\build\jestAdapterInit.js:947:3)
              at D:\Dev\ExoScan\exoscan-web\node_modules\jest-circus\build\jestAdapterInit.js:849:7
              at _runTestsForDescribeBlock (D:\Dev\ExoScan\exoscan-web\node_modules\jest-circus\build\jestAdapterInit.js:862:11)
              at _runTestsForDescribeBlock (D:\Dev\ExoScan\exoscan-web\node_modules\jest-circus\build\jestAdapterInit.js:857:11)
              at _runTestsForDescribeBlock (D:\Dev\ExoScan\exoscan-web\node_modules\jest-circus\build\jestAdapterInit.js:857:11)
              at run (D:\Dev\ExoScan\exoscan-web\node_modules\jest-circus\build\jestAdapterInit.js:761:3)
              at runAndTransformResultsToJestFormat (D:\Dev\ExoScan\exoscan-web\node_modules\jest-circus\build\jestAdapterInit.js:1918:21)
              at jestAdapter (D:\Dev\ExoScan\exoscan-web\node_modules\jest-circus\build\runner.js:101:19)
              at runTestInternal (D:\Dev\ExoScan\exoscan-web\node_modules\jest-runner\build\testWorker.js:275:16)
              at runTest (D:\Dev\ExoScan\exoscan-web\node_modules\jest-runner\build\testWorker.js:343:7)
              at Object.worker (D:\Dev\ExoScan\exoscan-web\node_modules\jest-runner\build\testWorker.js:497:12),
          _debugTask: null,
          _debugNeedsRemount: false,
          _debugHookTypes: null
        },
        '__reactProps$a7sngw07a7e': {
          ref: [Object],
          className: 'w-full object-cover transition-transform duration-200 h-80 md:h-96 lg:h-[500px]',
          autoPlay: true,
          playsInline: true,
          muted: true,
          controls: false,
          'webkit-playsinline': 'true',
          onLoadedData: [AsyncFunction: onLoadedData],
          onCanPlay: [AsyncFunction: onCanPlay],
          onClick: [AsyncFunction: onClick],
          onTouchStart: [AsyncFunction: onTouchStart],
          style: [Object]
        },
        '__reactEvents$a7sngw07a7e': Set(24) {
          'abort__bubble',
          'canplay__bubble',
          'canplaythrough__bubble',
          'durationchange__bubble',
          'emptied__bubble',
          'encrypted__bubble',
          'ended__bubble',
          'error__bubble',
          'loadeddata__bubble',
          'loadedmetadata__bubble',
          'loadstart__bubble',
          'pause__bubble',
          'play__bubble',
          'playing__bubble',
          'progress__bubble',
          'ratechange__bubble',
          'resize__bubble',
          'seeked__bubble',
          'seeking__bubble',
          'stalled__bubble',
          'suspend__bubble',
          'timeupdate__bubble',
          'volumechange__bubble',
          'waiting__bubble'
        },
        [Symbol(SameObject caches)]: [Object: null prototype] {
          style: [CSSStyleDeclaration],
          attributes: NamedNodeMap {}
        }
      },
      tagName: 'VIDEO',
      id: '',
      className: 'w-full object-cover transition-transform duration-200 h-80 md:h-96 lg:h-[500px]',
      style: 'transform: scale(1); transform-origin: center center; background-color: rgb(0, 0, 0); min-height: 20rem;',
      attributes: [
        {
          name: 'class',
          value: 'w-full object-cover transition-transform duration-200 h-80 md:h-96 lg:h-[500px]'
        },
        { name: 'autoplay', value: '' },
        { name: 'playsinline', value: '' },
        { name: 'webkit-playsinline', value: 'true' },
        {
          name: 'style',
          value: 'transform: scale(1); transform-origin: center center; background-color: rgb(0, 0, 0); min-height: 20rem;'
        }
      ]
    }

      at log (src/components/Scanner.tsx:480:15)

  console.log
    тЬЕ ╨Я╨╛╨┤╨┤╨╡╤А╨╢╨║╨░ ╨║╨░╨╝╨╡╤А╤Л: OK

      at log (src/components/Scanner.tsx:502:15)

  console.log
    тЬЕ ╨С╨╡╨╖╨╛╨┐╨░╤Б╨╜╤Л╨╣ ╨║╨╛╨╜╤В╨╡╨║╤Б╤В: OK

      at log (src/components/Scanner.tsx:512:15)

  console.log
    ЁЯФД ╨Я╨╛╨╗╤Г╤З╨╡╨╜╨╕╨╡ ╨┤╨╛╤Б╤В╤Г╨┐╨░ ╨║ ╨║╨░╨╝╨╡╤А╨╡...

      at log (src/components/Scanner.tsx:522:17)

  console.log
    ЁЯЪА ╨Э╨░╤З╨╕╨╜╨░╨╡╨╝ ╨┐╤А╨╛╤Ж╨╡╤Б╤Б ╤Б╨║╨░╨╜╨╕╤А╨╛╨▓╨░╨╜╨╕╤П...

      at log (src/components/Scanner.tsx:523:17)

  console.log
    ЁЯУ▒ BarcodeScanner: ╨Э╨░╤З╨╕╨╜╨░╨╡╨╝ ╨┐╤А╨╛╤Ж╨╡╤Б╤Б ╤Б╨║╨░╨╜╨╕╤А╨╛╨▓╨░╨╜╨╕╤П

      at BarcodeScanner.log [as startScanning] (src/lib/scanner.ts:336:15)

  console.log
    ЁЯФН ╨Ш╨╜╤Д╨╛╤А╨╝╨░╤Ж╨╕╤П ╨╛ ╨▒╤А╨░╤Г╨╖╨╡╤А╨╡: {
      userAgent: 'Mozilla/5.0 (win32) AppleWebKit/537.36 (KHTML, like Gecko) jsdom/26.1.0',
      platform: '',
      language: 'en-US',
      cookieEnabled: true,
      onLine: true
    }

      at BarcodeScanner.log [as startScanning] (src/lib/scanner.ts:337:15)

  console.log
    ЁЯФР ╨Я╤А╨╛╨▓╨╡╤А╨║╨░ ╤А╨░╨╖╤А╨╡╤И╨╡╨╜╨╕╨╣ ╨║╨░╨╝╨╡╤А╤Л...

      at BarcodeScanner.log [as startScanning] (src/lib/scanner.ts:346:15)

  console.log
    ЁЯФР ╨б╤В╨░╤В╤Г╤Б ╤А╨░╨╖╤А╨╡╤И╨╡╨╜╨╕╨╣: { granted: true, denied: false, prompt: false }

      at BarcodeScanner.log [as startScanning] (src/lib/scanner.ts:348:15)

  console.log
    тЬЕ MediaDevices API: OK

      at BarcodeScanner.log [as startScanning] (src/lib/scanner.ts:383:15)

  console.log
    тЬЕ getUserMedia: OK

      at BarcodeScanner.log [as startScanning] (src/lib/scanner.ts:401:15)

  console.log
    ЁЯУ╣ ╨Я╨╛╨╕╤Б╨║ ╨┤╨╛╤Б╤В╤Г╨┐╨╜╤Л╤Е ╨║╨░╨╝╨╡╤А...

      at BarcodeScanner.log [as startScanning] (src/lib/scanner.ts:404:15)

  console.log
    ЁЯФР ╨б╤В╨░╤В╤Г╤Б ╤А╨░╨╖╤А╨╡╤И╨╡╨╜╨╕╨╣: { granted: true, denied: false, prompt: false }

      at BarcodeScanner.log [as startScanning] (src/lib/scanner.ts:348:15)

  console.log
    тЬЕ MediaDevices API: OK

      at BarcodeScanner.log [as startScanning] (src/lib/scanner.ts:383:15)

  console.log
    тЬЕ getUserMedia: OK

      at BarcodeScanner.log [as startScanning] (src/lib/scanner.ts:401:15)

  console.log
    ЁЯУ╣ ╨Я╨╛╨╕╤Б╨║ ╨┤╨╛╤Б╤В╤Г╨┐╨╜╤Л╤Е ╨║╨░╨╝╨╡╤А...

      at BarcodeScanner.log [as startScanning] (src/lib/scanner.ts:404:15)

  console.log
    ЁЯУ╣ ╨Э╨░╨╣╨┤╨╡╨╜╨╛ ╨║╨░╨╝╨╡╤А: 2 [
      { id: 'camera1', label: 'Back Camera', kind: 'videoinput' },
      { id: 'camera2', label: 'Front Camera', kind: 'videoinput' }
    ]

      at BarcodeScanner.log [as startScanning] (src/lib/scanner.ts:406:15)

  console.log
    ЁЯУ╖ ╨Т╤Л╨▒╤А╨░╨╜╨╜╨░╤П ╨║╨░╨╝╨╡╤А╨░: { label: 'Back Camera', id: 'camera1', source: 'back-camera' }

      at BarcodeScanner.log [as startScanning] (src/lib/scanner.ts:440:15)

  console.log
    ЁЯУ▒ ╨Ь╨╛╨▒╨╕╨╗╤М╨╜╨╛╨╡ ╤Г╤Б╤В╤А╨╛╨╣╤Б╤В╨▓╨╛: false

      at BarcodeScanner.log [as startScanning] (src/lib/scanner.ts:448:15)

  console.log
    ЁЯУ▒ ╨г╤Б╤В╤А╨╛╨╣╤Б╤В╨▓╨╛: ╨Ф╤А╤Г╨│╨╛╨╡, ╨С╤А╨░╤Г╨╖╨╡╤А: ╨Ф╤А╤Г╨│╨╛╨╣

      at BarcodeScanner.log [as getOptimalCameraConstraints] (src/lib/scanner.ts:135:13)

  console.log
    ЁЯОе ╨Э╨░╤Б╤В╤А╨╛╨╣╨║╨╕ ╨║╨░╨╝╨╡╤А╤Л: {
      video: {
        deviceId: { ideal: 'camera1' },
        facingMode: undefined,
        width: { ideal: 1920 },
        height: { ideal: 1080 },
        frameRate: { ideal: 30 }
      }
    }

      at BarcodeScanner.log [as startScanning] (src/lib/scanner.ts:452:15)

  console.log
    ЁЯФН ╨Ч╨░╨┐╤Г╤Б╨║ ╨╜╨╡╨┐╤А╨╡╤А╤Л╨▓╨╜╨╛╨│╨╛ ╨┤╨╡╨║╨╛╨┤╨╕╤А╨╛╨▓╨░╨╜╨╕╤П ╤И╤В╤А╨╕╤Е-╨║╨╛╨┤╨╛╨▓...

      at BarcodeScanner.log [as startScanning] (src/lib/scanner.ts:455:15)

  console.log
    ЁЯз╣ ╨Ю╤З╨╕╤Б╤В╨║╨░ ╤Б╤Г╤Й╨╡╤Б╤В╨▓╤Г╤О╤Й╨╡╨│╨╛ ╨┐╨╛╤В╨╛╨║╨░...

      at BarcodeScanner.log [as startScanning] (src/lib/scanner.ts:458:15)

  console.log
    ЁЯУ║ ╨б╨╛╤Б╤В╨╛╤П╨╜╨╕╨╡ ╨▓╨╕╨┤╨╡╨╛ ╤Н╨╗╨╡╨╝╨╡╨╜╤В╨░: {
      readyState: 0,
      videoWidth: 0,
      videoHeight: 0,
      paused: true,
      ended: false,
      muted: true,
      autoplay: true,
      playsInline: true
    }

      at BarcodeScanner.log [as startScanning] (src/lib/scanner.ts:462:15)

  console.log
    ЁЯФД ╨Ч╨░╨┐╤Г╤Б╨║ ╨┤╨╡╨║╨╛╨┤╨╕╤А╨╛╨▓╨░╨╜╨╕╤П ╤Б ╨╛╨│╤А╨░╨╜╨╕╤З╨╡╨╜╨╕╤П╨╝╨╕...

      at BarcodeScanner.log [as startScanning] (src/lib/scanner.ts:474:15)

  console.log
    ЁЯФД ╨Я╨╛╨┐╤Л╤В╨║╨░ ╨╖╨░╨┐╤Г╤Б╨║╨░ ╤Б optimal ╨╛╨│╤А╨░╨╜╨╕╤З╨╡╨╜╨╕╤П╨╝╨╕: {
      "video": {
        "deviceId": {
          "ideal": "camera1"
        },
        "width": {
          "ideal": 1920
        },
        "height": {
          "ideal": 1080
        },
        "frameRate": {
          "ideal": 30
        }
      }
    }

      at BarcodeScanner.log [as startScanning] (src/lib/scanner.ts:487:19)

  console.log
    ЁЯОе ╨Я╨╛╨╗╤Г╤З╨╡╨╜╨╕╨╡ ╨┐╨╛╤В╨╛╨║╨░ ╤З╨╡╤А╨╡╨╖ getUserMedia...

      at BarcodeScanner.log [as startScanning] (src/lib/scanner.ts:490:19)

  console.log
    ЁЯУ╣ ╨Э╨░╨╣╨┤╨╡╨╜╨╛ ╨║╨░╨╝╨╡╤А: 2 [
      { id: 'camera1', label: 'Back Camera', kind: 'videoinput' },
      { id: 'camera2', label: 'Front Camera', kind: 'videoinput' }
    ]

      at BarcodeScanner.log [as startScanning] (src/lib/scanner.ts:406:15)

  console.log
    ЁЯУ╖ ╨Т╤Л╨▒╤А╨░╨╜╨╜╨░╤П ╨║╨░╨╝╨╡╤А╨░: { label: 'Back Camera', id: 'camera1', source: 'back-camera' }

      at BarcodeScanner.log [as startScanning] (src/lib/scanner.ts:440:15)

  console.log
    ЁЯУ▒ ╨Ь╨╛╨▒╨╕╨╗╤М╨╜╨╛╨╡ ╤Г╤Б╤В╤А╨╛╨╣╤Б╤В╨▓╨╛: false

      at BarcodeScanner.log [as startScanning] (src/lib/scanner.ts:448:15)

  console.log
    ЁЯУ▒ ╨г╤Б╤В╤А╨╛╨╣╤Б╤В╨▓╨╛: ╨Ф╤А╤Г╨│╨╛╨╡, ╨С╤А╨░╤Г╨╖╨╡╤А: ╨Ф╤А╤Г╨│╨╛╨╣

      at BarcodeScanner.log [as getOptimalCameraConstraints] (src/lib/scanner.ts:135:13)

  console.log
    ЁЯОе ╨Э╨░╤Б╤В╤А╨╛╨╣╨║╨╕ ╨║╨░╨╝╨╡╤А╤Л: {
      video: {
        deviceId: { ideal: 'camera1' },
        facingMode: undefined,
        width: { ideal: 1920 },
        height: { ideal: 1080 },
        frameRate: { ideal: 30 }
      }
    }

      at BarcodeScanner.log [as startScanning] (src/lib/scanner.ts:452:15)

  console.log
    ЁЯФН ╨Ч╨░╨┐╤Г╤Б╨║ ╨╜╨╡╨┐╤А╨╡╤А╤Л╨▓╨╜╨╛╨│╨╛ ╨┤╨╡╨║╨╛╨┤╨╕╤А╨╛╨▓╨░╨╜╨╕╤П ╤И╤В╤А╨╕╤Е-╨║╨╛╨┤╨╛╨▓...

      at BarcodeScanner.log [as startScanning] (src/lib/scanner.ts:455:15)

  console.log
    ЁЯз╣ ╨Ю╤З╨╕╤Б╤В╨║╨░ ╤Б╤Г╤Й╨╡╤Б╤В╨▓╤Г╤О╤Й╨╡╨│╨╛ ╨┐╨╛╤В╨╛╨║╨░...

      at BarcodeScanner.log [as startScanning] (src/lib/scanner.ts:458:15)

  console.log
    ЁЯУ║ ╨б╨╛╤Б╤В╨╛╤П╨╜╨╕╨╡ ╨▓╨╕╨┤╨╡╨╛ ╤Н╨╗╨╡╨╝╨╡╨╜╤В╨░: {
      readyState: 0,
      videoWidth: 0,
      videoHeight: 0,
      paused: true,
      ended: false,
      muted: true,
      autoplay: true,
      playsInline: true
    }

      at BarcodeScanner.log [as startScanning] (src/lib/scanner.ts:462:15)

  console.log
    ЁЯФД ╨Ч╨░╨┐╤Г╤Б╨║ ╨┤╨╡╨║╨╛╨┤╨╕╤А╨╛╨▓╨░╨╜╨╕╤П ╤Б ╨╛╨│╤А╨░╨╜╨╕╤З╨╡╨╜╨╕╤П╨╝╨╕...

      at BarcodeScanner.log [as startScanning] (src/lib/scanner.ts:474:15)

  console.log
    ЁЯФД ╨Я╨╛╨┐╤Л╤В╨║╨░ ╨╖╨░╨┐╤Г╤Б╨║╨░ ╤Б optimal ╨╛╨│╤А╨░╨╜╨╕╤З╨╡╨╜╨╕╤П╨╝╨╕: {
      "video": {
        "deviceId": {
          "ideal": "camera1"
        },
        "width": {
          "ideal": 1920
        },
        "height": {
          "ideal": 1080
        },
        "frameRate": {
          "ideal": 30
        }
      }
    }

      at BarcodeScanner.log [as startScanning] (src/lib/scanner.ts:487:19)

  console.log
    ЁЯОе ╨Я╨╛╨╗╤Г╤З╨╡╨╜╨╕╨╡ ╨┐╨╛╤В╨╛╨║╨░ ╤З╨╡╤А╨╡╨╖ getUserMedia...

      at BarcodeScanner.log [as startScanning] (src/lib/scanner.ts:490:19)

  console.log
    тЬЕ ╨Я╨╛╤В╨╛╨║ ╨┐╨╛╨╗╤Г╤З╨╡╨╜: {
      active: undefined,
      id: undefined,
      tracks: [
        {
          kind: 'video',
          label: undefined,
          enabled: undefined,
          readyState: undefined,
          muted: undefined,
          settings: [Object]
        }
      ]
    }

      at BarcodeScanner.log [as startScanning] (src/lib/scanner.ts:492:19)

  console.log
    ЁЯОм ╨г╤Б╤В╨░╨╜╨╛╨▓╨║╨░ ╨┐╨╛╤В╨╛╨║╨░ ╨▓ ╨▓╨╕╨┤╨╡╨╛ ╤Н╨╗╨╡╨╝╨╡╨╜╤В...

      at BarcodeScanner.log [as startScanning] (src/lib/scanner.ts:515:19)

  console.log
    тЬЕ ╨Я╨╛╤В╨╛╨║ ╨┐╨╛╨╗╤Г╤З╨╡╨╜: {
      active: undefined,
      id: undefined,
      tracks: [
        {
          kind: 'video',
          label: undefined,
          enabled: undefined,
          readyState: undefined,
          muted: undefined,
          settings: [Object]
        }
      ]
    }

      at BarcodeScanner.log [as startScanning] (src/lib/scanner.ts:492:19)

  console.log
    ЁЯОм ╨г╤Б╤В╨░╨╜╨╛╨▓╨║╨░ ╨┐╨╛╤В╨╛╨║╨░ ╨▓ ╨▓╨╕╨┤╨╡╨╛ ╤Н╨╗╨╡╨╝╨╡╨╜╤В...

      at BarcodeScanner.log [as startScanning] (src/lib/scanner.ts:515:19)

  console.log
    ЁЯЫС ╨Ю╤Б╤В╨░╨╜╨╛╨▓╨║╨░ ╤Б╨║╨░╨╜╨╕╤А╨╛╨▓╨░╨╜╨╕╤П...

      at BarcodeScanner.log [as stopScanning] (src/lib/scanner.ts:853:15)

  console.log
    ЁЯЫС ╨Ю╤Б╤В╨░╨╜╨╛╨▓╨╗╨╡╨╜ ╤В╤А╨╡╨║ ╨║╨░╨╝╨╡╤А╤Л: video

      at log (src/lib/scanner.ts:737:19)
          at Array.forEach (<anonymous>)

  console.log
    ЁЯз╣ ╨Т╨╕╨┤╨╡╨╛ ╤Н╨╗╨╡╨╝╨╡╨╜╤В ╨╛╤З╨╕╤Й╨╡╨╜

      at BarcodeScanner.log [as stopCurrentStream] (src/lib/scanner.ts:744:17)

  console.log
    тЬЕ ╨б╨║╨░╨╜╨╕╤А╨╛╨▓╨░╨╜╨╕╨╡ ╨╛╤Б╤В╨░╨╜╨╛╨▓╨╗╨╡╨╜╨╛

      at BarcodeScanner.log [as stopScanning] (src/lib/scanner.ts:866:15)

  console.log
    ЁЯОе ╨Ч╨░╨┐╤Г╤Б╨║ ╤Б╨║╨░╨╜╨╕╤А╨╛╨▓╨░╨╜╨╕╤П...

      at log (src/components/Scanner.tsx:479:15)

  console.log
    ЁЯУ▒ ╨Ш╨╜╤Д╨╛╤А╨╝╨░╤Ж╨╕╤П ╨╛ ╨▓╨╕╨┤╨╡╨╛ ╤Н╨╗╨╡╨╝╨╡╨╜╤В╨╡: {
      element: <ref *1> HTMLVideoElement {
        '__reactFiber$t4lsjnwx8va': FiberNode {
          tag: 5,
          key: null,
          elementType: 'video',
          type: 'video',
          stateNode: [Circular *1],
          return: [FiberNode],
          child: null,
          sibling: [FiberNode],
          index: 1,
          ref: [Object],
          refCleanup: null,
          pendingProps: [Object],
          memoizedProps: [Object],
          updateQueue: null,
          memoizedState: null,
          dependencies: null,
          mode: 25,
          flags: 5243392,
          subtreeFlags: 0,
          deletions: null,
          lanes: 0,
          childLanes: 0,
          alternate: null,
          actualDuration: -0,
          actualStartTime: 5299.7403,
          selfBaseDuration: -0,
          treeBaseDuration: -0,
          _debugInfo: null,
          _debugOwner: [FiberNode],
          _debugStack: Error: react-stack-top-frame
              at process.env.NODE_ENV.exports.jsx (D:\Dev\ExoScan\exoscan-web\node_modules\react\cjs\react-jsx-runtime.development.js:337:13)
              at ScannerContent (D:\Dev\ExoScan\exoscan-web\src\components\Scanner.tsx:784:9)
              at Object.react-stack-bottom-frame (D:\Dev\ExoScan\exoscan-web\node_modules\react-dom\cjs\react-dom-client.development.js:23863:20)
              at renderWithHooksAgain (D:\Dev\ExoScan\exoscan-web\node_modules\react-dom\cjs\react-dom-client.development.js:5629:20)
              at renderWithHooks (D:\Dev\ExoScan\exoscan-web\node_modules\react-dom\cjs\react-dom-client.development.js:5541:22)
              at updateFunctionComponent (D:\Dev\ExoScan\exoscan-web\node_modules\react-dom\cjs\react-dom-client.development.js:8897:19)
              at beginWork (D:\Dev\ExoScan\exoscan-web\node_modules\react-dom\cjs\react-dom-client.development.js:10522:18)
              at runWithFiberInDEV (D:\Dev\ExoScan\exoscan-web\node_modules\react-dom\cjs\react-dom-client.development.js:1522:13)
              at performUnitOfWork (D:\Dev\ExoScan\exoscan-web\node_modules\react-dom\cjs\react-dom-client.development.js:15140:22)
              at workLoopSync (D:\Dev\ExoScan\exoscan-web\node_modules\react-dom\cjs\react-dom-client.development.js:14956:41)
              at renderRootSync (D:\Dev\ExoScan\exoscan-web\node_modules\react-dom\cjs\react-dom-client.development.js:14936:11)
              at performWorkOnRoot (D:\Dev\ExoScan\exoscan-web\node_modules\react-dom\cjs\react-dom-client.development.js:14419:13)
              at performWorkOnRootViaSchedulerTask (D:\Dev\ExoScan\exoscan-web\node_modules\react-dom\cjs\react-dom-client.development.js:16216:7)
              at flushActQueue (D:\Dev\ExoScan\exoscan-web\node_modules\react\cjs\react.development.js:566:34)
              at process.env.NODE_ENV.exports.act (D:\Dev\ExoScan\exoscan-web\node_modules\react\cjs\react.development.js:859:10)
              at D:\Dev\ExoScan\exoscan-web\node_modules\@testing-library\react\dist\act-compat.js:47:25
              at renderRoot (D:\Dev\ExoScan\exoscan-web\node_modules\@testing-library\react\dist\pure.js:190:26)
              at render (D:\Dev\ExoScan\exoscan-web\node_modules\@testing-library\react\dist\pure.js:292:10)
              at Object.<anonymous> (D:\Dev\ExoScan\exoscan-web\src\components\__tests__\Scanner.strict-mode.test.tsx:215:33)
              at Promise.finally.completed (D:\Dev\ExoScan\exoscan-web\node_modules\jest-circus\build\jestAdapterInit.js:1557:28)
              at new Promise (<anonymous>)
              at callAsyncCircusFn (D:\Dev\ExoScan\exoscan-web\node_modules\jest-circus\build\jestAdapterInit.js:1497:10)
              at _callCircusTest (D:\Dev\ExoScan\exoscan-web\node_modules\jest-circus\build\jestAdapterInit.js:1007:40)
              at _runTest (D:\Dev\ExoScan\exoscan-web\node_modules\jest-circus\build\jestAdapterInit.js:947:3)
              at D:\Dev\ExoScan\exoscan-web\node_modules\jest-circus\build\jestAdapterInit.js:849:7
              at _runTestsForDescribeBlock (D:\Dev\ExoScan\exoscan-web\node_modules\jest-circus\build\jestAdapterInit.js:862:11)
              at _runTestsForDescribeBlock (D:\Dev\ExoScan\exoscan-web\node_modules\jest-circus\build\jestAdapterInit.js:857:11)
              at _runTestsForDescribeBlock (D:\Dev\ExoScan\exoscan-web\node_modules\jest-circus\build\jestAdapterInit.js:857:11)
              at run (D:\Dev\ExoScan\exoscan-web\node_modules\jest-circus\build\jestAdapterInit.js:761:3)
              at runAndTransformResultsToJestFormat (D:\Dev\ExoScan\exoscan-web\node_modules\jest-circus\build\jestAdapterInit.js:1918:21)
              at jestAdapter (D:\Dev\ExoScan\exoscan-web\node_modules\jest-circus\build\runner.js:101:19)
              at runTestInternal (D:\Dev\ExoScan\exoscan-web\node_modules\jest-runner\build\testWorker.js:275:16)
              at runTest (D:\Dev\ExoScan\exoscan-web\node_modules\jest-runner\build\testWorker.js:343:7)
              at Object.worker (D:\Dev\ExoScan\exoscan-web\node_modules\jest-runner\build\testWorker.js:497:12),
          _debugTask: null,
          _debugNeedsRemount: false,
          _debugHookTypes: null
        },
        '__reactProps$t4lsjnwx8va': {
          ref: [Object],
          className: 'w-full object-cover transition-transform duration-200 h-80 md:h-96 lg:h-[500px]',
          autoPlay: true,
          playsInline: true,
          muted: true,
          controls: false,
          'webkit-playsinline': 'true',
          onLoadedData: [AsyncFunction: onLoadedData],
          onCanPlay: [AsyncFunction: onCanPlay],
          onClick: [AsyncFunction: onClick],
          onTouchStart: [AsyncFunction: onTouchStart],
          style: [Object]
        },
        '__reactEvents$t4lsjnwx8va': Set(24) {
          'abort__bubble',
          'canplay__bubble',
          'canplaythrough__bubble',
          'durationchange__bubble',
          'emptied__bubble',
          'encrypted__bubble',
          'ended__bubble',
          'error__bubble',
          'loadeddata__bubble',
          'loadedmetadata__bubble',
          'loadstart__bubble',
          'pause__bubble',
          'play__bubble',
          'playing__bubble',
          'progress__bubble',
          'ratechange__bubble',
          'resize__bubble',
          'seeked__bubble',
          'seeking__bubble',
          'stalled__bubble',
          'suspend__bubble',
          'timeupdate__bubble',
          'volumechange__bubble',
          'waiting__bubble'
        },
        [Symbol(SameObject caches)]: [Object: null prototype] {
          style: [CSSStyleDeclaration],
          attributes: NamedNodeMap {}
        }
      },
      tagName: 'VIDEO',
      id: '',
      className: 'w-full object-cover transition-transform duration-200 h-80 md:h-96 lg:h-[500px]',
      style: 'transform: scale(1); transform-origin: center center; background-color: rgb(0, 0, 0); min-height: 20rem;',
      attributes: [
        {
          name: 'class',
          value: 'w-full object-cover transition-transform duration-200 h-80 md:h-96 lg:h-[500px]'
        },
        { name: 'autoplay', value: '' },
        { name: 'playsinline', value: '' },
        { name: 'webkit-playsinline', value: 'true' },
        {
          name: 'style',
          value: 'transform: scale(1); transform-origin: center center; background-color: rgb(0, 0, 0); min-height: 20rem;'
        }
      ]
    }

      at log (src/components/Scanner.tsx:480:15)

  console.log
    тЬЕ ╨Я╨╛╨┤╨┤╨╡╤А╨╢╨║╨░ ╨║╨░╨╝╨╡╤А╤Л: OK

      at log (src/components/Scanner.tsx:502:15)

  console.log
    тЬЕ ╨С╨╡╨╖╨╛╨┐╨░╤Б╨╜╤Л╨╣ ╨║╨╛╨╜╤В╨╡╨║╤Б╤В: OK

      at log (src/components/Scanner.tsx:512:15)

  console.log
    ЁЯФД ╨Я╨╛╨╗╤Г╤З╨╡╨╜╨╕╨╡ ╨┤╨╛╤Б╤В╤Г╨┐╨░ ╨║ ╨║╨░╨╝╨╡╤А╨╡...

      at log (src/components/Scanner.tsx:522:17)

  console.log
    ЁЯЪА ╨Э╨░╤З╨╕╨╜╨░╨╡╨╝ ╨┐╤А╨╛╤Ж╨╡╤Б╤Б ╤Б╨║╨░╨╜╨╕╤А╨╛╨▓╨░╨╜╨╕╤П...

      at log (src/components/Scanner.tsx:523:17)

  console.log
    ЁЯУ▒ BarcodeScanner: ╨Э╨░╤З╨╕╨╜╨░╨╡╨╝ ╨┐╤А╨╛╤Ж╨╡╤Б╤Б ╤Б╨║╨░╨╜╨╕╤А╨╛╨▓╨░╨╜╨╕╤П

      at BarcodeScanner.log [as startScanning] (src/lib/scanner.ts:336:15)

  console.log
    ЁЯФН ╨Ш╨╜╤Д╨╛╤А╨╝╨░╤Ж╨╕╤П ╨╛ ╨▒╤А╨░╤Г╨╖╨╡╤А╨╡: {
      userAgent: 'Mozilla/5.0 (win32) AppleWebKit/537.36 (KHTML, like Gecko) jsdom/26.1.0',
      platform: '',
      language: 'en-US',
      cookieEnabled: true,
      onLine: true
    }

      at BarcodeScanner.log [as startScanning] (src/lib/scanner.ts:337:15)

  console.log
    ЁЯФР ╨Я╤А╨╛╨▓╨╡╤А╨║╨░ ╤А╨░╨╖╤А╨╡╤И╨╡╨╜╨╕╨╣ ╨║╨░╨╝╨╡╤А╤Л...

      at BarcodeScanner.log [as startScanning] (src/lib/scanner.ts:346:15)

  console.log
    ЁЯЫС ╨Ю╤Б╤В╨░╨╜╨╛╨▓╨║╨░ ╤Б╨║╨░╨╜╨╕╤А╨╛╨▓╨░╨╜╨╕╤П...

      at BarcodeScanner.log [as stopScanning] (src/lib/scanner.ts:853:15)

  console.log
    ЁЯз╣ ╨Т╨╕╨┤╨╡╨╛ ╤Н╨╗╨╡╨╝╨╡╨╜╤В ╨╛╤З╨╕╤Й╨╡╨╜

      at BarcodeScanner.log [as stopCurrentStream] (src/lib/scanner.ts:744:17)

  console.log
    тЬЕ ╨б╨║╨░╨╜╨╕╤А╨╛╨▓╨░╨╜╨╕╨╡ ╨╛╤Б╤В╨░╨╜╨╛╨▓╨╗╨╡╨╜╨╛

      at BarcodeScanner.log [as stopScanning] (src/lib/scanner.ts:866:15)

  console.log
    ЁЯОе ╨Ч╨░╨┐╤Г╤Б╨║ ╤Б╨║╨░╨╜╨╕╤А╨╛╨▓╨░╨╜╨╕╤П...

      at log (src/components/Scanner.tsx:479:15)

  console.log
    ЁЯУ▒ ╨Ш╨╜╤Д╨╛╤А╨╝╨░╤Ж╨╕╤П ╨╛ ╨▓╨╕╨┤╨╡╨╛ ╤Н╨╗╨╡╨╝╨╡╨╜╤В╨╡: {
      element: <ref *1> HTMLVideoElement {
        '__reactFiber$t4lsjnwx8va': FiberNode {
          tag: 5,
          key: null,
          elementType: 'video',
          type: 'video',
          stateNode: [Circular *1],
          return: [FiberNode],
          child: null,
          sibling: [FiberNode],
          index: 1,
          ref: [Object],
          refCleanup: null,
          pendingProps: [Object],
          memoizedProps: [Object],
          updateQueue: null,
          memoizedState: null,
          dependencies: null,
          mode: 25,
          flags: 5243392,
          subtreeFlags: 0,
          deletions: null,
          lanes: 0,
          childLanes: 0,
          alternate: null,
          actualDuration: -0,
          actualStartTime: 5299.7403,
          selfBaseDuration: -0,
          treeBaseDuration: -0,
          _debugInfo: null,
          _debugOwner: [FiberNode],
          _debugStack: Error: react-stack-top-frame
              at process.env.NODE_ENV.exports.jsx (D:\Dev\ExoScan\exoscan-web\node_modules\react\cjs\react-jsx-runtime.development.js:337:13)
              at ScannerContent (D:\Dev\ExoScan\exoscan-web\src\components\Scanner.tsx:784:9)
              at Object.react-stack-bottom-frame (D:\Dev\ExoScan\exoscan-web\node_modules\react-dom\cjs\react-dom-client.development.js:23863:20)
              at renderWithHooksAgain (D:\Dev\ExoScan\exoscan-web\node_modules\react-dom\cjs\react-dom-client.development.js:5629:20)
              at renderWithHooks (D:\Dev\ExoScan\exoscan-web\node_modules\react-dom\cjs\react-dom-client.development.js:5541:22)
              at updateFunctionComponent (D:\Dev\ExoScan\exoscan-web\node_modules\react-dom\cjs\react-dom-client.development.js:8897:19)
              at beginWork (D:\Dev\ExoScan\exoscan-web\node_modules\react-dom\cjs\react-dom-client.development.js:10522:18)
              at runWithFiberInDEV (D:\Dev\ExoScan\exoscan-web\node_modules\react-dom\cjs\react-dom-client.development.js:1522:13)
              at performUnitOfWork (D:\Dev\ExoScan\exoscan-web\node_modules\react-dom\cjs\react-dom-client.development.js:15140:22)
              at workLoopSync (D:\Dev\ExoScan\exoscan-web\node_modules\react-dom\cjs\react-dom-client.development.js:14956:41)
              at renderRootSync (D:\Dev\ExoScan\exoscan-web\node_modules\react-dom\cjs\react-dom-client.development.js:14936:11)
              at performWorkOnRoot (D:\Dev\ExoScan\exoscan-web\node_modules\react-dom\cjs\react-dom-client.development.js:14419:13)
              at performWorkOnRootViaSchedulerTask (D:\Dev\ExoScan\exoscan-web\node_modules\react-dom\cjs\react-dom-client.development.js:16216:7)
              at flushActQueue (D:\Dev\ExoScan\exoscan-web\node_modules\react\cjs\react.development.js:566:34)
              at process.env.NODE_ENV.exports.act (D:\Dev\ExoScan\exoscan-web\node_modules\react\cjs\react.development.js:859:10)
              at D:\Dev\ExoScan\exoscan-web\node_modules\@testing-library\react\dist\act-compat.js:47:25
              at renderRoot (D:\Dev\ExoScan\exoscan-web\node_modules\@testing-library\react\dist\pure.js:190:26)
              at render (D:\Dev\ExoScan\exoscan-web\node_modules\@testing-library\react\dist\pure.js:292:10)
              at Object.<anonymous> (D:\Dev\ExoScan\exoscan-web\src\components\__tests__\Scanner.strict-mode.test.tsx:215:33)
              at Promise.finally.completed (D:\Dev\ExoScan\exoscan-web\node_modules\jest-circus\build\jestAdapterInit.js:1557:28)
              at new Promise (<anonymous>)
              at callAsyncCircusFn (D:\Dev\ExoScan\exoscan-web\node_modules\jest-circus\build\jestAdapterInit.js:1497:10)
              at _callCircusTest (D:\Dev\ExoScan\exoscan-web\node_modules\jest-circus\build\jestAdapterInit.js:1007:40)
              at _runTest (D:\Dev\ExoScan\exoscan-web\node_modules\jest-circus\build\jestAdapterInit.js:947:3)
              at D:\Dev\ExoScan\exoscan-web\node_modules\jest-circus\build\jestAdapterInit.js:849:7
              at _runTestsForDescribeBlock (D:\Dev\ExoScan\exoscan-web\node_modules\jest-circus\build\jestAdapterInit.js:862:11)
              at _runTestsForDescribeBlock (D:\Dev\ExoScan\exoscan-web\node_modules\jest-circus\build\jestAdapterInit.js:857:11)
              at _runTestsForDescribeBlock (D:\Dev\ExoScan\exoscan-web\node_modules\jest-circus\build\jestAdapterInit.js:857:11)
              at run (D:\Dev\ExoScan\exoscan-web\node_modules\jest-circus\build\jestAdapterInit.js:761:3)
              at runAndTransformResultsToJestFormat (D:\Dev\ExoScan\exoscan-web\node_modules\jest-circus\build\jestAdapterInit.js:1918:21)
              at jestAdapter (D:\Dev\ExoScan\exoscan-web\node_modules\jest-circus\build\runner.js:101:19)
              at runTestInternal (D:\Dev\ExoScan\exoscan-web\node_modules\jest-runner\build\testWorker.js:275:16)
              at runTest (D:\Dev\ExoScan\exoscan-web\node_modules\jest-runner\build\testWorker.js:343:7)
              at Object.worker (D:\Dev\ExoScan\exoscan-web\node_modules\jest-runner\build\testWorker.js:497:12),
          _debugTask: null,
          _debugNeedsRemount: false,
          _debugHookTypes: null
        },
        '__reactProps$t4lsjnwx8va': {
          ref: [Object],
          className: 'w-full object-cover transition-transform duration-200 h-80 md:h-96 lg:h-[500px]',
          autoPlay: true,
          playsInline: true,
          muted: true,
          controls: false,
          'webkit-playsinline': 'true',
          onLoadedData: [AsyncFunction: onLoadedData],
          onCanPlay: [AsyncFunction: onCanPlay],
          onClick: [AsyncFunction: onClick],
          onTouchStart: [AsyncFunction: onTouchStart],
          style: [Object]
        },
        '__reactEvents$t4lsjnwx8va': Set(24) {
          'abort__bubble',
          'canplay__bubble',
          'canplaythrough__bubble',
          'durationchange__bubble',
          'emptied__bubble',
          'encrypted__bubble',
          'ended__bubble',
          'error__bubble',
          'loadeddata__bubble',
          'loadedmetadata__bubble',
          'loadstart__bubble',
          'pause__bubble',
          'play__bubble',
          'playing__bubble',
          'progress__bubble',
          'ratechange__bubble',
          'resize__bubble',
          'seeked__bubble',
          'seeking__bubble',
          'stalled__bubble',
          'suspend__bubble',
          'timeupdate__bubble',
          'volumechange__bubble',
          'waiting__bubble'
        },
        srcObject: null,
        [Symbol(SameObject caches)]: [Object: null prototype] {
          style: [CSSStyleDeclaration],
          attributes: NamedNodeMap {}
        }
      },
      tagName: 'VIDEO',
      id: '',
      className: 'w-full object-cover transition-transform duration-200 h-80 md:h-96 lg:h-[500px]',
      style: 'transform: scale(1); transform-origin: center center; background-color: rgb(0, 0, 0); min-height: 20rem;',
      attributes: [
        {
          name: 'class',
          value: 'w-full object-cover transition-transform duration-200 h-80 md:h-96 lg:h-[500px]'
        },
        { name: 'autoplay', value: '' },
        { name: 'playsinline', value: '' },
        { name: 'webkit-playsinline', value: 'true' },
        {
          name: 'style',
          value: 'transform: scale(1); transform-origin: center center; background-color: rgb(0, 0, 0); min-height: 20rem;'
        }
      ]
    }

      at log (src/components/Scanner.tsx:480:15)

  console.log
    тЬЕ ╨Я╨╛╨┤╨┤╨╡╤А╨╢╨║╨░ ╨║╨░╨╝╨╡╤А╤Л: OK

      at log (src/components/Scanner.tsx:502:15)

  console.log
    тЬЕ ╨С╨╡╨╖╨╛╨┐╨░╤Б╨╜╤Л╨╣ ╨║╨╛╨╜╤В╨╡╨║╤Б╤В: OK

      at log (src/components/Scanner.tsx:512:15)

  console.log
    ЁЯФД ╨Я╨╛╨╗╤Г╤З╨╡╨╜╨╕╨╡ ╨┤╨╛╤Б╤В╤Г╨┐╨░ ╨║ ╨║╨░╨╝╨╡╤А╨╡...

      at log (src/components/Scanner.tsx:522:17)

  console.log
    ЁЯЪА ╨Э╨░╤З╨╕╨╜╨░╨╡╨╝ ╨┐╤А╨╛╤Ж╨╡╤Б╤Б ╤Б╨║╨░╨╜╨╕╤А╨╛╨▓╨░╨╜╨╕╤П...

      at log (src/components/Scanner.tsx:523:17)

  console.log
    ЁЯУ▒ BarcodeScanner: ╨Э╨░╤З╨╕╨╜╨░╨╡╨╝ ╨┐╤А╨╛╤Ж╨╡╤Б╤Б ╤Б╨║╨░╨╜╨╕╤А╨╛╨▓╨░╨╜╨╕╤П

      at BarcodeScanner.log [as startScanning] (src/lib/scanner.ts:336:15)

  console.log
    ЁЯФН ╨Ш╨╜╤Д╨╛╤А╨╝╨░╤Ж╨╕╤П ╨╛ ╨▒╤А╨░╤Г╨╖╨╡╤А╨╡: {
      userAgent: 'Mozilla/5.0 (win32) AppleWebKit/537.36 (KHTML, like Gecko) jsdom/26.1.0',
      platform: '',
      language: 'en-US',
      cookieEnabled: true,
      onLine: true
    }

      at BarcodeScanner.log [as startScanning] (src/lib/scanner.ts:337:15)

  console.log
    ЁЯФР ╨Я╤А╨╛╨▓╨╡╤А╨║╨░ ╤А╨░╨╖╤А╨╡╤И╨╡╨╜╨╕╨╣ ╨║╨░╨╝╨╡╤А╤Л...

      at BarcodeScanner.log [as startScanning] (src/lib/scanner.ts:346:15)

  console.log
    ЁЯЫС ╨Ю╤Б╤В╨░╨╜╨╛╨▓╨║╨░ ╤Б╨║╨░╨╜╨╕╤А╨╛╨▓╨░╨╜╨╕╤П...

      at BarcodeScanner.log [as stopScanning] (src/lib/scanner.ts:853:15)

  console.log
    ЁЯз╣ ╨Т╨╕╨┤╨╡╨╛ ╤Н╨╗╨╡╨╝╨╡╨╜╤В ╨╛╤З╨╕╤Й╨╡╨╜

      at BarcodeScanner.log [as stopCurrentStream] (src/lib/scanner.ts:744:17)

  console.log
    тЬЕ ╨б╨║╨░╨╜╨╕╤А╨╛╨▓╨░╨╜╨╕╨╡ ╨╛╤Б╤В╨░╨╜╨╛╨▓╨╗╨╡╨╜╨╛

      at BarcodeScanner.log [as stopScanning] (src/lib/scanner.ts:866:15)

  console.log
    ЁЯФР ╨б╤В╨░╤В╤Г╤Б ╤А╨░╨╖╤А╨╡╤И╨╡╨╜╨╕╨╣: { granted: true, denied: false, prompt: false }

      at BarcodeScanner.log [as startScanning] (src/lib/scanner.ts:348:15)

  console.log
    тЬЕ MediaDevices API: OK

      at BarcodeScanner.log [as startScanning] (src/lib/scanner.ts:383:15)

  console.log
    тЬЕ getUserMedia: OK

      at BarcodeScanner.log [as startScanning] (src/lib/scanner.ts:401:15)

  console.log
    ЁЯУ╣ ╨Я╨╛╨╕╤Б╨║ ╨┤╨╛╤Б╤В╤Г╨┐╨╜╤Л╤Е ╨║╨░╨╝╨╡╤А...

      at BarcodeScanner.log [as startScanning] (src/lib/scanner.ts:404:15)

  console.log
    ЁЯФР ╨б╤В╨░╤В╤Г╤Б ╤А╨░╨╖╤А╨╡╤И╨╡╨╜╨╕╨╣: { granted: true, denied: false, prompt: false }

      at BarcodeScanner.log [as startScanning] (src/lib/scanner.ts:348:15)

  console.log
    тЬЕ MediaDevices API: OK

      at BarcodeScanner.log [as startScanning] (src/lib/scanner.ts:383:15)

  console.log
    тЬЕ getUserMedia: OK

      at BarcodeScanner.log [as startScanning] (src/lib/scanner.ts:401:15)

  console.log
    ЁЯУ╣ ╨Я╨╛╨╕╤Б╨║ ╨┤╨╛╤Б╤В╤Г╨┐╨╜╤Л╤Е ╨║╨░╨╝╨╡╤А...

      at BarcodeScanner.log [as startScanning] (src/lib/scanner.ts:404:15)

  console.log
    ЁЯУ╣ ╨Э╨░╨╣╨┤╨╡╨╜╨╛ ╨║╨░╨╝╨╡╤А: 2 [
      { id: 'camera1', label: 'Back Camera', kind: 'videoinput' },
      { id: 'camera2', label: 'Front Camera', kind: 'videoinput' }
    ]

      at BarcodeScanner.log [as startScanning] (src/lib/scanner.ts:406:15)

  console.log
    ЁЯУ╖ ╨Т╤Л╨▒╤А╨░╨╜╨╜╨░╤П ╨║╨░╨╝╨╡╤А╨░: { label: 'Back Camera', id: 'camera1', source: 'back-camera' }

      at BarcodeScanner.log [as startScanning] (src/lib/scanner.ts:440:15)

  console.log
    ЁЯУ▒ ╨Ь╨╛╨▒╨╕╨╗╤М╨╜╨╛╨╡ ╤Г╤Б╤В╤А╨╛╨╣╤Б╤В╨▓╨╛: false

      at BarcodeScanner.log [as startScanning] (src/lib/scanner.ts:448:15)

  console.log
    ЁЯУ▒ ╨г╤Б╤В╤А╨╛╨╣╤Б╤В╨▓╨╛: ╨Ф╤А╤Г╨│╨╛╨╡, ╨С╤А╨░╤Г╨╖╨╡╤А: ╨Ф╤А╤Г╨│╨╛╨╣

      at BarcodeScanner.log [as getOptimalCameraConstraints] (src/lib/scanner.ts:135:13)

  console.log
    ЁЯОе ╨Э╨░╤Б╤В╤А╨╛╨╣╨║╨╕ ╨║╨░╨╝╨╡╤А╤Л: {
      video: {
        deviceId: { ideal: 'camera1' },
        facingMode: undefined,
        width: { ideal: 1920 },
        height: { ideal: 1080 },
        frameRate: { ideal: 30 }
      }
    }

      at BarcodeScanner.log [as startScanning] (src/lib/scanner.ts:452:15)

  console.log
    ЁЯФН ╨Ч╨░╨┐╤Г╤Б╨║ ╨╜╨╡╨┐╤А╨╡╤А╤Л╨▓╨╜╨╛╨│╨╛ ╨┤╨╡╨║╨╛╨┤╨╕╤А╨╛╨▓╨░╨╜╨╕╤П ╤И╤В╤А╨╕╤Е-╨║╨╛╨┤╨╛╨▓...

      at BarcodeScanner.log [as startScanning] (src/lib/scanner.ts:455:15)

  console.log
    ЁЯз╣ ╨Ю╤З╨╕╤Б╤В╨║╨░ ╤Б╤Г╤Й╨╡╤Б╤В╨▓╤Г╤О╤Й╨╡╨│╨╛ ╨┐╨╛╤В╨╛╨║╨░...

      at BarcodeScanner.log [as startScanning] (src/lib/scanner.ts:458:15)

  console.log
    ЁЯУ║ ╨б╨╛╤Б╤В╨╛╤П╨╜╨╕╨╡ ╨▓╨╕╨┤╨╡╨╛ ╤Н╨╗╨╡╨╝╨╡╨╜╤В╨░: {
      readyState: 0,
      videoWidth: 0,
      videoHeight: 0,
      paused: true,
      ended: false,
      muted: true,
      autoplay: true,
      playsInline: true
    }

      at BarcodeScanner.log [as startScanning] (src/lib/scanner.ts:462:15)

  console.log
    ЁЯФД ╨Ч╨░╨┐╤Г╤Б╨║ ╨┤╨╡╨║╨╛╨┤╨╕╤А╨╛╨▓╨░╨╜╨╕╤П ╤Б ╨╛╨│╤А╨░╨╜╨╕╤З╨╡╨╜╨╕╤П╨╝╨╕...

      at BarcodeScanner.log [as startScanning] (src/lib/scanner.ts:474:15)

  console.log
    ЁЯФД ╨Я╨╛╨┐╤Л╤В╨║╨░ ╨╖╨░╨┐╤Г╤Б╨║╨░ ╤Б optimal ╨╛╨│╤А╨░╨╜╨╕╤З╨╡╨╜╨╕╤П╨╝╨╕: {
      "video": {
        "deviceId": {
          "ideal": "camera1"
        },
        "width": {
          "ideal": 1920
        },
        "height": {
          "ideal": 1080
        },
        "frameRate": {
          "ideal": 30
        }
      }
    }

      at BarcodeScanner.log [as startScanning] (src/lib/scanner.ts:487:19)

  console.log
    ЁЯОе ╨Я╨╛╨╗╤Г╤З╨╡╨╜╨╕╨╡ ╨┐╨╛╤В╨╛╨║╨░ ╤З╨╡╤А╨╡╨╖ getUserMedia...

      at BarcodeScanner.log [as startScanning] (src/lib/scanner.ts:490:19)

  console.log
    ЁЯЫС ╨Ю╤Б╤В╨░╨╜╨╛╨▓╨║╨░ ╤Б╨║╨░╨╜╨╕╤А╨╛╨▓╨░╨╜╨╕╤П...

      at BarcodeScanner.log [as stopScanning] (src/lib/scanner.ts:853:15)
          at Array.forEach (<anonymous>)

  console.log
    ЁЯУ╣ ╨Э╨░╨╣╨┤╨╡╨╜╨╛ ╨║╨░╨╝╨╡╤А: 2 [
      { id: 'camera1', label: 'Back Camera', kind: 'videoinput' },
      { id: 'camera2', label: 'Front Camera', kind: 'videoinput' }
    ]

      at BarcodeScanner.log [as startScanning] (src/lib/scanner.ts:406:15)

  console.log
    ЁЯУ╖ ╨Т╤Л╨▒╤А╨░╨╜╨╜╨░╤П ╨║╨░╨╝╨╡╤А╨░: { label: 'Back Camera', id: 'camera1', source: 'back-camera' }

      at BarcodeScanner.log [as startScanning] (src/lib/scanner.ts:440:15)

  console.log
    ЁЯУ▒ ╨Ь╨╛╨▒╨╕╨╗╤М╨╜╨╛╨╡ ╤Г╤Б╤В╤А╨╛╨╣╤Б╤В╨▓╨╛: false

      at BarcodeScanner.log [as startScanning] (src/lib/scanner.ts:448:15)

  console.log
    ЁЯУ▒ ╨г╤Б╤В╤А╨╛╨╣╤Б╤В╨▓╨╛: ╨Ф╤А╤Г╨│╨╛╨╡, ╨С╤А╨░╤Г╨╖╨╡╤А: ╨Ф╤А╤Г╨│╨╛╨╣

      at BarcodeScanner.log [as getOptimalCameraConstraints] (src/lib/scanner.ts:135:13)

  console.log
    ЁЯОе ╨Э╨░╤Б╤В╤А╨╛╨╣╨║╨╕ ╨║╨░╨╝╨╡╤А╤Л: {
      video: {
        deviceId: { ideal: 'camera1' },
        facingMode: undefined,
        width: { ideal: 1920 },
        height: { ideal: 1080 },
        frameRate: { ideal: 30 }
      }
    }

      at BarcodeScanner.log [as startScanning] (src/lib/scanner.ts:452:15)

  console.log
    ЁЯФН ╨Ч╨░╨┐╤Г╤Б╨║ ╨╜╨╡╨┐╤А╨╡╤А╤Л╨▓╨╜╨╛╨│╨╛ ╨┤╨╡╨║╨╛╨┤╨╕╤А╨╛╨▓╨░╨╜╨╕╤П ╤И╤В╤А╨╕╤Е-╨║╨╛╨┤╨╛╨▓...

      at BarcodeScanner.log [as startScanning] (src/lib/scanner.ts:455:15)

  console.log
    ЁЯз╣ ╨Ю╤З╨╕╤Б╤В╨║╨░ ╤Б╤Г╤Й╨╡╤Б╤В╨▓╤Г╤О╤Й╨╡╨│╨╛ ╨┐╨╛╤В╨╛╨║╨░...

      at BarcodeScanner.log [as startScanning] (src/lib/scanner.ts:458:15)

  console.log
    ЁЯЫС ╨Р╨▓╤В╨╛╤Б╨║╨░╨╜╨╕╤А╨╛╨▓╨░╨╜╨╕╨╡ ╨╛╤Б╤В╨░╨╜╨╛╨▓╨╗╨╡╨╜╨╛

      at BarcodeScanner.log [as stopScanning] (src/lib/scanner.ts:860:17)
          at Array.forEach (<anonymous>)

  console.log
    ЁЯУ║ ╨б╨╛╤Б╤В╨╛╤П╨╜╨╕╨╡ ╨▓╨╕╨┤╨╡╨╛ ╤Н╨╗╨╡╨╝╨╡╨╜╤В╨░: {
      readyState: 0,
      videoWidth: 0,
      videoHeight: 0,
      paused: true,
      ended: false,
      muted: true,
      autoplay: true,
      playsInline: true
    }

      at BarcodeScanner.log [as startScanning] (src/lib/scanner.ts:462:15)

  console.log
    ЁЯФД ╨Ч╨░╨┐╤Г╤Б╨║ ╨┤╨╡╨║╨╛╨┤╨╕╤А╨╛╨▓╨░╨╜╨╕╤П ╤Б ╨╛╨│╤А╨░╨╜╨╕╤З╨╡╨╜╨╕╤П╨╝╨╕...

      at BarcodeScanner.log [as startScanning] (src/lib/scanner.ts:474:15)

  console.log
    ЁЯФД ╨Я╨╛╨┐╤Л╤В╨║╨░ ╨╖╨░╨┐╤Г╤Б╨║╨░ ╤Б optimal ╨╛╨│╤А╨░╨╜╨╕╤З╨╡╨╜╨╕╤П╨╝╨╕: {
      "video": {
        "deviceId": {
          "ideal": "camera1"
        },
        "width": {
          "ideal": 1920
        },
        "height": {
          "ideal": 1080
        },
        "frameRate": {
          "ideal": 30
        }
      }
    }

      at BarcodeScanner.log [as startScanning] (src/lib/scanner.ts:487:19)

  console.log
    ЁЯОе ╨Я╨╛╨╗╤Г╤З╨╡╨╜╨╕╨╡ ╨┐╨╛╤В╨╛╨║╨░ ╤З╨╡╤А╨╡╨╖ getUserMedia...

      at BarcodeScanner.log [as startScanning] (src/lib/scanner.ts:490:19)

  console.log
    тЬЕ ╨Я╨╛╤В╨╛╨║ ╨┐╨╛╨╗╤Г╤З╨╡╨╜: {
      active: undefined,
      id: 'stream-1759353554022-0.8806149380667456',
      tracks: [
        {
          kind: 'video',
          label: undefined,
          enabled: undefined,
          readyState: undefined,
          muted: undefined,
          settings: [Object]
        }
      ]
    }

      at BarcodeScanner.log [as startScanning] (src/lib/scanner.ts:492:19)

  console.log
    ЁЯОм ╨г╤Б╤В╨░╨╜╨╛╨▓╨║╨░ ╨┐╨╛╤В╨╛╨║╨░ ╨▓ ╨▓╨╕╨┤╨╡╨╛ ╤Н╨╗╨╡╨╝╨╡╨╜╤В...

      at BarcodeScanner.log [as startScanning] (src/lib/scanner.ts:515:19)

  console.log
    тЬЕ ╨Я╨╛╤В╨╛╨║ ╨┐╨╛╨╗╤Г╤З╨╡╨╜: {
      active: undefined,
      id: 'stream-1759353554022-0.8806149380667456',
      tracks: [
        {
          kind: 'video',
          label: undefined,
          enabled: undefined,
          readyState: undefined,
          muted: undefined,
          settings: [Object]
        }
      ]
    }

      at BarcodeScanner.log [as startScanning] (src/lib/scanner.ts:492:19)

  console.log
    ЁЯОм ╨г╤Б╤В╨░╨╜╨╛╨▓╨║╨░ ╨┐╨╛╤В╨╛╨║╨░ ╨▓ ╨▓╨╕╨┤╨╡╨╛ ╤Н╨╗╨╡╨╝╨╡╨╜╤В...

      at BarcodeScanner.log [as startScanning] (src/lib/scanner.ts:515:19)

  console.log
    ЁЯЫС ╨Ю╤Б╤В╨░╨╜╨╛╨▓╨╗╨╡╨╜ ╤В╤А╨╡╨║ ╨║╨░╨╝╨╡╤А╤Л: video

      at log (src/lib/scanner.ts:737:19)
          at Array.forEach (<anonymous>)
          at Array.forEach (<anonymous>)

  console.log
    ЁЯз╣ ╨Т╨╕╨┤╨╡╨╛ ╤Н╨╗╨╡╨╝╨╡╨╜╤В ╨╛╤З╨╕╤Й╨╡╨╜

      at BarcodeScanner.log [as stopCurrentStream] (src/lib/scanner.ts:744:17)
          at Array.forEach (<anonymous>)

  console.log
    тЬЕ ╨б╨║╨░╨╜╨╕╤А╨╛╨▓╨░╨╜╨╕╨╡ ╨╛╤Б╤В╨░╨╜╨╛╨▓╨╗╨╡╨╜╨╛

      at BarcodeScanner.log [as stopScanning] (src/lib/scanner.ts:866:15)
          at Array.forEach (<anonymous>)

  console.log
    ЁЯОе ╨Ч╨░╨┐╤Г╤Б╨║ ╤Б╨║╨░╨╜╨╕╤А╨╛╨▓╨░╨╜╨╕╤П...

      at log (src/components/Scanner.tsx:479:15)

  console.log
    ЁЯУ▒ ╨Ш╨╜╤Д╨╛╤А╨╝╨░╤Ж╨╕╤П ╨╛ ╨▓╨╕╨┤╨╡╨╛ ╤Н╨╗╨╡╨╝╨╡╨╜╤В╨╡: {
      element: <ref *1> HTMLVideoElement {
        '__reactFiber$rjg183felv': FiberNode {
          tag: 5,
          key: null,
          elementType: 'video',
          type: 'video',
          stateNode: [Circular *1],
          return: [FiberNode],
          child: null,
          sibling: [FiberNode],
          index: 1,
          ref: [Object],
          refCleanup: null,
          pendingProps: [Object],
          memoizedProps: [Object],
          updateQueue: null,
          memoizedState: null,
          dependencies: null,
          mode: 1,
          flags: 5243392,
          subtreeFlags: 0,
          deletions: null,
          lanes: 0,
          childLanes: 0,
          alternate: null,
          actualDuration: -0,
          actualStartTime: 5556.3445,
          selfBaseDuration: -0,
          treeBaseDuration: -0,
          _debugInfo: null,
          _debugOwner: [FiberNode],
          _debugStack: Error: react-stack-top-frame
              at process.env.NODE_ENV.exports.jsx (D:\Dev\ExoScan\exoscan-web\node_modules\react\cjs\react-jsx-runtime.development.js:337:13)
              at ScannerContent (D:\Dev\ExoScan\exoscan-web\src\components\Scanner.tsx:784:9)
              at Object.react-stack-bottom-frame (D:\Dev\ExoScan\exoscan-web\node_modules\react-dom\cjs\react-dom-client.development.js:23863:20)
              at renderWithHooks (D:\Dev\ExoScan\exoscan-web\node_modules\react-dom\cjs\react-dom-client.development.js:5529:22)
              at updateFunctionComponent (D:\Dev\ExoScan\exoscan-web\node_modules\react-dom\cjs\react-dom-client.development.js:8897:19)
              at beginWork (D:\Dev\ExoScan\exoscan-web\node_modules\react-dom\cjs\react-dom-client.development.js:10522:18)
              at runWithFiberInDEV (D:\Dev\ExoScan\exoscan-web\node_modules\react-dom\cjs\react-dom-client.development.js:1522:13)
              at performUnitOfWork (D:\Dev\ExoScan\exoscan-web\node_modules\react-dom\cjs\react-dom-client.development.js:15140:22)
              at workLoopSync (D:\Dev\ExoScan\exoscan-web\node_modules\react-dom\cjs\react-dom-client.development.js:14956:41)
              at renderRootSync (D:\Dev\ExoScan\exoscan-web\node_modules\react-dom\cjs\react-dom-client.development.js:14936:11)
              at performWorkOnRoot (D:\Dev\ExoScan\exoscan-web\node_modules\react-dom\cjs\react-dom-client.development.js:14419:13)
              at performWorkOnRootViaSchedulerTask (D:\Dev\ExoScan\exoscan-web\node_modules\react-dom\cjs\react-dom-client.development.js:16216:7)
              at flushActQueue (D:\Dev\ExoScan\exoscan-web\node_modules\react\cjs\react.development.js:566:34)
              at process.env.NODE_ENV.exports.act (D:\Dev\ExoScan\exoscan-web\node_modules\react\cjs\react.development.js:859:10)
              at D:\Dev\ExoScan\exoscan-web\node_modules\@testing-library\react\dist\act-compat.js:47:25
              at renderRoot (D:\Dev\ExoScan\exoscan-web\node_modules\@testing-library\react\dist\pure.js:190:26)
              at render (D:\Dev\ExoScan\exoscan-web\node_modules\@testing-library\react\dist\pure.js:292:10)
              at Object.<anonymous> (D:\Dev\ExoScan\exoscan-web\src\components\__tests__\Scanner.integration.test.tsx:284:13)
              at Promise.finally.completed (D:\Dev\ExoScan\exoscan-web\node_modules\jest-circus\build\jestAdapterInit.js:1557:28)
              at new Promise (<anonymous>)
              at callAsyncCircusFn (D:\Dev\ExoScan\exoscan-web\node_modules\jest-circus\build\jestAdapterInit.js:1497:10)
              at _callCircusTest (D:\Dev\ExoScan\exoscan-web\node_modules\jest-circus\build\jestAdapterInit.js:1007:40)
              at runNextTicks (node:internal/process/task_queues:65:5)
              at listOnTimeout (node:internal/timers:549:9)
              at processTimers (node:internal/timers:523:7)
              at _runTest (D:\Dev\ExoScan\exoscan-web\node_modules\jest-circus\build\jestAdapterInit.js:947:3)
              at D:\Dev\ExoScan\exoscan-web\node_modules\jest-circus\build\jestAdapterInit.js:849:7
              at _runTestsForDescribeBlock (D:\Dev\ExoScan\exoscan-web\node_modules\jest-circus\build\jestAdapterInit.js:862:11)
              at _runTestsForDescribeBlock (D:\Dev\ExoScan\exoscan-web\node_modules\jest-circus\build\jestAdapterInit.js:857:11)
              at _runTestsForDescribeBlock (D:\Dev\ExoScan\exoscan-web\node_modules\jest-circus\build\jestAdapterInit.js:857:11)
              at run (D:\Dev\ExoScan\exoscan-web\node_modules\jest-circus\build\jestAdapterInit.js:761:3)
              at runAndTransformResultsToJestFormat (D:\Dev\ExoScan\exoscan-web\node_modules\jest-circus\build\jestAdapterInit.js:1918:21)
              at jestAdapter (D:\Dev\ExoScan\exoscan-web\node_modules\jest-circus\build\runner.js:101:19)
              at runTestInternal (D:\Dev\ExoScan\exoscan-web\node_modules\jest-runner\build\testWorker.js:275:16)
              at runTest (D:\Dev\ExoScan\exoscan-web\node_modules\jest-runner\build\testWorker.js:343:7)
              at Object.worker (D:\Dev\ExoScan\exoscan-web\node_modules\jest-runner\build\testWorker.js:497:12),
          _debugTask: null,
          _debugNeedsRemount: false,
          _debugHookTypes: null
        },
        '__reactProps$rjg183felv': {
          ref: [Object],
          className: 'w-full object-cover transition-transform duration-200 h-80 md:h-96 lg:h-[500px]',
          autoPlay: true,
          playsInline: true,
          muted: true,
          controls: false,
          'webkit-playsinline': 'true',
          onLoadedData: [AsyncFunction: onLoadedData],
          onCanPlay: [AsyncFunction: onCanPlay],
          onClick: [AsyncFunction: onClick],
          onTouchStart: [AsyncFunction: onTouchStart],
          style: [Object]
        },
        '__reactEvents$rjg183felv': Set(24) {
          'abort__bubble',
          'canplay__bubble',
          'canplaythrough__bubble',
          'durationchange__bubble',
          'emptied__bubble',
          'encrypted__bubble',
          'ended__bubble',
          'error__bubble',
          'loadeddata__bubble',
          'loadedmetadata__bubble',
          'loadstart__bubble',
          'pause__bubble',
          'play__bubble',
          'playing__bubble',
          'progress__bubble',
          'ratechange__bubble',
          'resize__bubble',
          'seeked__bubble',
          'seeking__bubble',
          'stalled__bubble',
          'suspend__bubble',
          'timeupdate__bubble',
          'volumechange__bubble',
          'waiting__bubble'
        },
        [Symbol(SameObject caches)]: [Object: null prototype] {
          style: [CSSStyleDeclaration],
          attributes: NamedNodeMap {}
        }
      },
      tagName: 'VIDEO',
      id: '',
      className: 'w-full object-cover transition-transform duration-200 h-80 md:h-96 lg:h-[500px]',
      style: 'transform: scale(1); transform-origin: center center; background-color: rgb(0, 0, 0); min-height: 20rem;',
      attributes: [
        {
          name: 'class',
          value: 'w-full object-cover transition-transform duration-200 h-80 md:h-96 lg:h-[500px]'
        },
        { name: 'autoplay', value: '' },
        { name: 'playsinline', value: '' },
        { name: 'webkit-playsinline', value: 'true' },
        {
          name: 'style',
          value: 'transform: scale(1); transform-origin: center center; background-color: rgb(0, 0, 0); min-height: 20rem;'
        }
      ]
    }

      at log (src/components/Scanner.tsx:480:15)

  console.log
    тЬЕ ╨Я╨╛╨┤╨┤╨╡╤А╨╢╨║╨░ ╨║╨░╨╝╨╡╤А╤Л: OK

      at log (src/components/Scanner.tsx:502:15)

  console.log
    тЬЕ ╨С╨╡╨╖╨╛╨┐╨░╤Б╨╜╤Л╨╣ ╨║╨╛╨╜╤В╨╡╨║╤Б╤В: OK

      at log (src/components/Scanner.tsx:512:15)

  console.log
    ЁЯФД ╨Я╨╛╨╗╤Г╤З╨╡╨╜╨╕╨╡ ╨┤╨╛╤Б╤В╤Г╨┐╨░ ╨║ ╨║╨░╨╝╨╡╤А╨╡...

      at log (src/components/Scanner.tsx:522:17)

  console.log
    ЁЯЪА ╨Э╨░╤З╨╕╨╜╨░╨╡╨╝ ╨┐╤А╨╛╤Ж╨╡╤Б╤Б ╤Б╨║╨░╨╜╨╕╤А╨╛╨▓╨░╨╜╨╕╤П...

      at log (src/components/Scanner.tsx:523:17)

  console.log
    ЁЯУ▒ BarcodeScanner: ╨Э╨░╤З╨╕╨╜╨░╨╡╨╝ ╨┐╤А╨╛╤Ж╨╡╤Б╤Б ╤Б╨║╨░╨╜╨╕╤А╨╛╨▓╨░╨╜╨╕╤П

      at BarcodeScanner.log [as startScanning] (src/lib/scanner.ts:336:15)

  console.log
    ЁЯФН ╨Ш╨╜╤Д╨╛╤А╨╝╨░╤Ж╨╕╤П ╨╛ ╨▒╤А╨░╤Г╨╖╨╡╤А╨╡: {
      userAgent: 'Mozilla/5.0 (win32) AppleWebKit/537.36 (KHTML, like Gecko) jsdom/26.1.0',
      platform: '',
      language: 'en-US',
      cookieEnabled: true,
      onLine: true
    }

      at BarcodeScanner.log [as startScanning] (src/lib/scanner.ts:337:15)

  console.log
    ЁЯФР ╨Я╤А╨╛╨▓╨╡╤А╨║╨░ ╤А╨░╨╖╤А╨╡╤И╨╡╨╜╨╕╨╣ ╨║╨░╨╝╨╡╤А╤Л...

      at BarcodeScanner.log [as startScanning] (src/lib/scanner.ts:346:15)

  console.log
    ЁЯФР ╨б╤В╨░╤В╤Г╤Б ╤А╨░╨╖╤А╨╡╤И╨╡╨╜╨╕╨╣: { granted: true, denied: false, prompt: false }

      at BarcodeScanner.log [as startScanning] (src/lib/scanner.ts:348:15)

  console.log
    тЬЕ MediaDevices API: OK

      at BarcodeScanner.log [as startScanning] (src/lib/scanner.ts:383:15)

  console.log
    тЬЕ getUserMedia: OK

      at BarcodeScanner.log [as startScanning] (src/lib/scanner.ts:401:15)

  console.log
    ЁЯУ╣ ╨Я╨╛╨╕╤Б╨║ ╨┤╨╛╤Б╤В╤Г╨┐╨╜╤Л╤Е ╨║╨░╨╝╨╡╤А...

      at BarcodeScanner.log [as startScanning] (src/lib/scanner.ts:404:15)

  console.log
    ЁЯОе ╨Ч╨░╨┐╤Г╤Б╨║ ╤Б╨║╨░╨╜╨╕╤А╨╛╨▓╨░╨╜╨╕╤П...

      at log (src/components/Scanner.tsx:479:15)

  console.log
    ЁЯУ╣ ╨Э╨░╨╣╨┤╨╡╨╜╨╛ ╨║╨░╨╝╨╡╤А: 2 [
      { id: 'camera1', label: 'Back Camera', kind: 'videoinput' },
      { id: 'camera2', label: 'Front Camera', kind: 'videoinput' }
    ]

      at BarcodeScanner.log [as startScanning] (src/lib/scanner.ts:406:15)

  console.log
    ЁЯУ╖ ╨Т╤Л╨▒╤А╨░╨╜╨╜╨░╤П ╨║╨░╨╝╨╡╤А╨░: { label: 'Back Camera', id: 'camera1', source: 'back-camera' }

      at BarcodeScanner.log [as startScanning] (src/lib/scanner.ts:440:15)

  console.log
    ЁЯУ▒ ╨Ь╨╛╨▒╨╕╨╗╤М╨╜╨╛╨╡ ╤Г╤Б╤В╤А╨╛╨╣╤Б╤В╨▓╨╛: false

      at BarcodeScanner.log [as startScanning] (src/lib/scanner.ts:448:15)

  console.log
    ЁЯУ▒ ╨г╤Б╤В╤А╨╛╨╣╤Б╤В╨▓╨╛: ╨Ф╤А╤Г╨│╨╛╨╡, ╨С╤А╨░╤Г╨╖╨╡╤А: ╨Ф╤А╤Г╨│╨╛╨╣

      at BarcodeScanner.log [as getOptimalCameraConstraints] (src/lib/scanner.ts:135:13)

  console.log
    ЁЯОе ╨Э╨░╤Б╤В╤А╨╛╨╣╨║╨╕ ╨║╨░╨╝╨╡╤А╤Л: {
      video: {
        deviceId: { ideal: 'camera1' },
        facingMode: undefined,
        width: { ideal: 1920 },
        height: { ideal: 1080 },
        frameRate: { ideal: 30 }
      }
    }

      at BarcodeScanner.log [as startScanning] (src/lib/scanner.ts:452:15)

  console.log
    ЁЯФН ╨Ч╨░╨┐╤Г╤Б╨║ ╨╜╨╡╨┐╤А╨╡╤А╤Л╨▓╨╜╨╛╨│╨╛ ╨┤╨╡╨║╨╛╨┤╨╕╤А╨╛╨▓╨░╨╜╨╕╤П ╤И╤В╤А╨╕╤Е-╨║╨╛╨┤╨╛╨▓...

      at BarcodeScanner.log [as startScanning] (src/lib/scanner.ts:455:15)

  console.log
    ЁЯз╣ ╨Ю╤З╨╕╤Б╤В╨║╨░ ╤Б╤Г╤Й╨╡╤Б╤В╨▓╤Г╤О╤Й╨╡╨│╨╛ ╨┐╨╛╤В╨╛╨║╨░...

      at BarcodeScanner.log [as startScanning] (src/lib/scanner.ts:458:15)

  console.log
    ЁЯУ▒ ╨Ш╨╜╤Д╨╛╤А╨╝╨░╤Ж╨╕╤П ╨╛ ╨▓╨╕╨┤╨╡╨╛ ╤Н╨╗╨╡╨╝╨╡╨╜╤В╨╡: {
      element: <ref *1> HTMLVideoElement {
        '__reactFiber$t4lsjnwx8va': FiberNode {
          tag: 5,
          key: null,
          elementType: 'video',
          type: 'video',
          stateNode: [Circular *1],
          return: [FiberNode],
          child: null,
          sibling: [FiberNode],
          index: 1,
          ref: [Object],
          refCleanup: null,
          pendingProps: [Object],
          memoizedProps: [Object],
          updateQueue: null,
          memoizedState: null,
          dependencies: null,
          mode: 25,
          flags: 5243392,
          subtreeFlags: 0,
          deletions: null,
          lanes: 0,
          childLanes: 0,
          alternate: null,
          actualDuration: -0,
          actualStartTime: 5612.9871,
          selfBaseDuration: -0,
          treeBaseDuration: -0,
          _debugInfo: null,
          _debugOwner: [FiberNode],
          _debugStack: Error: react-stack-top-frame
              at process.env.NODE_ENV.exports.jsx (D:\Dev\ExoScan\exoscan-web\node_modules\react\cjs\react-jsx-runtime.development.js:337:13)
              at ScannerContent (D:\Dev\ExoScan\exoscan-web\src\components\Scanner.tsx:784:9)
              at Object.react-stack-bottom-frame (D:\Dev\ExoScan\exoscan-web\node_modules\react-dom\cjs\react-dom-client.development.js:23863:20)
              at renderWithHooksAgain (D:\Dev\ExoScan\exoscan-web\node_modules\react-dom\cjs\react-dom-client.development.js:5629:20)
              at renderWithHooks (D:\Dev\ExoScan\exoscan-web\node_modules\react-dom\cjs\react-dom-client.development.js:5541:22)
              at updateFunctionComponent (D:\Dev\ExoScan\exoscan-web\node_modules\react-dom\cjs\react-dom-client.development.js:8897:19)
              at beginWork (D:\Dev\ExoScan\exoscan-web\node_modules\react-dom\cjs\react-dom-client.development.js:10522:18)
              at runWithFiberInDEV (D:\Dev\ExoScan\exoscan-web\node_modules\react-dom\cjs\react-dom-client.development.js:1522:13)
              at performUnitOfWork (D:\Dev\ExoScan\exoscan-web\node_modules\react-dom\cjs\react-dom-client.development.js:15140:22)
              at workLoopSync (D:\Dev\ExoScan\exoscan-web\node_modules\react-dom\cjs\react-dom-client.development.js:14956:41)
              at renderRootSync (D:\Dev\ExoScan\exoscan-web\node_modules\react-dom\cjs\react-dom-client.development.js:14936:11)
              at performWorkOnRoot (D:\Dev\ExoScan\exoscan-web\node_modules\react-dom\cjs\react-dom-client.development.js:14419:13)
              at performWorkOnRootViaSchedulerTask (D:\Dev\ExoScan\exoscan-web\node_modules\react-dom\cjs\react-dom-client.development.js:16216:7)
              at flushActQueue (D:\Dev\ExoScan\exoscan-web\node_modules\react\cjs\react.development.js:566:34)
              at process.env.NODE_ENV.exports.act (D:\Dev\ExoScan\exoscan-web\node_modules\react\cjs\react.development.js:859:10)
              at D:\Dev\ExoScan\exoscan-web\node_modules\@testing-library\react\dist\act-compat.js:47:25
              at renderRoot (D:\Dev\ExoScan\exoscan-web\node_modules\@testing-library\react\dist\pure.js:190:26)
              at render (D:\Dev\ExoScan\exoscan-web\node_modules\@testing-library\react\dist\pure.js:292:10)
              at Object.<anonymous> (D:\Dev\ExoScan\exoscan-web\src\components\__tests__\Scanner.strict-mode.test.tsx:243:33)
              at Promise.finally.completed (D:\Dev\ExoScan\exoscan-web\node_modules\jest-circus\build\jestAdapterInit.js:1557:28)
              at new Promise (<anonymous>)
              at callAsyncCircusFn (D:\Dev\ExoScan\exoscan-web\node_modules\jest-circus\build\jestAdapterInit.js:1497:10)
              at _callCircusTest (D:\Dev\ExoScan\exoscan-web\node_modules\jest-circus\build\jestAdapterInit.js:1007:40)
              at _runTest (D:\Dev\ExoScan\exoscan-web\node_modules\jest-circus\build\jestAdapterInit.js:947:3)
              at D:\Dev\ExoScan\exoscan-web\node_modules\jest-circus\build\jestAdapterInit.js:849:7
              at _runTestsForDescribeBlock (D:\Dev\ExoScan\exoscan-web\node_modules\jest-circus\build\jestAdapterInit.js:862:11)
              at _runTestsForDescribeBlock (D:\Dev\ExoScan\exoscan-web\node_modules\jest-circus\build\jestAdapterInit.js:857:11)
              at _runTestsForDescribeBlock (D:\Dev\ExoScan\exoscan-web\node_modules\jest-circus\build\jestAdapterInit.js:857:11)
              at run (D:\Dev\ExoScan\exoscan-web\node_modules\jest-circus\build\jestAdapterInit.js:761:3)
              at runAndTransformResultsToJestFormat (D:\Dev\ExoScan\exoscan-web\node_modules\jest-circus\build\jestAdapterInit.js:1918:21)
              at jestAdapter (D:\Dev\ExoScan\exoscan-web\node_modules\jest-circus\build\runner.js:101:19)
              at runTestInternal (D:\Dev\ExoScan\exoscan-web\node_modules\jest-runner\build\testWorker.js:275:16)
              at runTest (D:\Dev\ExoScan\exoscan-web\node_modules\jest-runner\build\testWorker.js:343:7)
              at Object.worker (D:\Dev\ExoScan\exoscan-web\node_modules\jest-runner\build\testWorker.js:497:12),
          _debugTask: null,
          _debugNeedsRemount: false,
          _debugHookTypes: null
        },
        '__reactProps$t4lsjnwx8va': {
          ref: [Object],
          className: 'w-full object-cover transition-transform duration-200 h-80 md:h-96 lg:h-[500px]',
          autoPlay: true,
          playsInline: true,
          muted: true,
          controls: false,
          'webkit-playsinline': 'true',
          onLoadedData: [AsyncFunction: onLoadedData],
          onCanPlay: [AsyncFunction: onCanPlay],
          onClick: [AsyncFunction: onClick],
          onTouchStart: [AsyncFunction: onTouchStart],
          style: [Object]
        },
        '__reactEvents$t4lsjnwx8va': Set(24) {
          'abort__bubble',
          'canplay__bubble',
          'canplaythrough__bubble',
          'durationchange__bubble',
          'emptied__bubble',
          'encrypted__bubble',
          'ended__bubble',
          'error__bubble',
          'loadeddata__bubble',
          'loadedmetadata__bubble',
          'loadstart__bubble',
          'pause__bubble',
          'play__bubble',
          'playing__bubble',
          'progress__bubble',
          'ratechange__bubble',
          'resize__bubble',
          'seeked__bubble',
          'seeking__bubble',
          'stalled__bubble',
          'suspend__bubble',
          'timeupdate__bubble',
          'volumechange__bubble',
          'waiting__bubble'
        },
        [Symbol(SameObject caches)]: [Object: null prototype] {
          style: [CSSStyleDeclaration],
          attributes: NamedNodeMap {}
        }
      },
      tagName: 'VIDEO',
      id: '',
      className: 'w-full object-cover transition-transform duration-200 h-80 md:h-96 lg:h-[500px]',
      style: 'transform: scale(1); transform-origin: center center; background-color: rgb(0, 0, 0); min-height: 20rem;',
      attributes: [
        {
          name: 'class',
          value: 'w-full object-cover transition-transform duration-200 h-80 md:h-96 lg:h-[500px]'
        },
        { name: 'autoplay', value: '' },
        { name: 'playsinline', value: '' },
        { name: 'webkit-playsinline', value: 'true' },
        {
          name: 'style',
          value: 'transform: scale(1); transform-origin: center center; background-color: rgb(0, 0, 0); min-height: 20rem;'
        }
      ]
    }

      at log (src/components/Scanner.tsx:480:15)

  console.log
    ЁЯУ║ ╨б╨╛╤Б╤В╨╛╤П╨╜╨╕╨╡ ╨▓╨╕╨┤╨╡╨╛ ╤Н╨╗╨╡╨╝╨╡╨╜╤В╨░: {
      readyState: 0,
      videoWidth: 0,
      videoHeight: 0,
      paused: true,
      ended: false,
      muted: true,
      autoplay: true,
      playsInline: true
    }

      at BarcodeScanner.log [as startScanning] (src/lib/scanner.ts:462:15)

  console.log
    ЁЯФД ╨Ч╨░╨┐╤Г╤Б╨║ ╨┤╨╡╨║╨╛╨┤╨╕╤А╨╛╨▓╨░╨╜╨╕╤П ╤Б ╨╛╨│╤А╨░╨╜╨╕╤З╨╡╨╜╨╕╤П╨╝╨╕...

      at BarcodeScanner.log [as startScanning] (src/lib/scanner.ts:474:15)

  console.log
    ЁЯФД ╨Я╨╛╨┐╤Л╤В╨║╨░ ╨╖╨░╨┐╤Г╤Б╨║╨░ ╤Б optimal ╨╛╨│╤А╨░╨╜╨╕╤З╨╡╨╜╨╕╤П╨╝╨╕: {
      "video": {
        "deviceId": {
          "ideal": "camera1"
        },
        "width": {
          "ideal": 1920
        },
        "height": {
          "ideal": 1080
        },
        "frameRate": {
          "ideal": 30
        }
      }
    }

      at BarcodeScanner.log [as startScanning] (src/lib/scanner.ts:487:19)

  console.log
    тЬЕ ╨Я╨╛╨┤╨┤╨╡╤А╨╢╨║╨░ ╨║╨░╨╝╨╡╤А╤Л: OK

      at log (src/components/Scanner.tsx:502:15)

  console.log
    ЁЯОе ╨Я╨╛╨╗╤Г╤З╨╡╨╜╨╕╨╡ ╨┐╨╛╤В╨╛╨║╨░ ╤З╨╡╤А╨╡╨╖ getUserMedia...

      at BarcodeScanner.log [as startScanning] (src/lib/scanner.ts:490:19)

  console.log
    тЬЕ ╨Я╨╛╤В╨╛╨║ ╨┐╨╛╨╗╤Г╤З╨╡╨╜: {
      active: undefined,
      id: undefined,
      tracks: [
        {
          kind: 'video',
          label: undefined,
          enabled: undefined,
          readyState: undefined,
          muted: undefined,
          settings: [Object]
        }
      ]
    }

      at BarcodeScanner.log [as startScanning] (src/lib/scanner.ts:492:19)

  console.log
    ЁЯОм ╨г╤Б╤В╨░╨╜╨╛╨▓╨║╨░ ╨┐╨╛╤В╨╛╨║╨░ ╨▓ ╨▓╨╕╨┤╨╡╨╛ ╤Н╨╗╨╡╨╝╨╡╨╜╤В...

      at BarcodeScanner.log [as startScanning] (src/lib/scanner.ts:515:19)

  console.log
    тЬЕ ╨С╨╡╨╖╨╛╨┐╨░╤Б╨╜╤Л╨╣ ╨║╨╛╨╜╤В╨╡╨║╤Б╤В: OK

      at log (src/components/Scanner.tsx:512:15)

  console.log
    ЁЯФД ╨Я╨╛╨╗╤Г╤З╨╡╨╜╨╕╨╡ ╨┤╨╛╤Б╤В╤Г╨┐╨░ ╨║ ╨║╨░╨╝╨╡╤А╨╡...

      at log (src/components/Scanner.tsx:522:17)

  console.log
    ЁЯЪА ╨Э╨░╤З╨╕╨╜╨░╨╡╨╝ ╨┐╤А╨╛╤Ж╨╡╤Б╤Б ╤Б╨║╨░╨╜╨╕╤А╨╛╨▓╨░╨╜╨╕╤П...

      at log (src/components/Scanner.tsx:523:17)

  console.log
    ЁЯУ▒ BarcodeScanner: ╨Э╨░╤З╨╕╨╜╨░╨╡╨╝ ╨┐╤А╨╛╤Ж╨╡╤Б╤Б ╤Б╨║╨░╨╜╨╕╤А╨╛╨▓╨░╨╜╨╕╤П

      at BarcodeScanner.log [as startScanning] (src/lib/scanner.ts:336:15)

  console.log
    ЁЯФН ╨Ш╨╜╤Д╨╛╤А╨╝╨░╤Ж╨╕╤П ╨╛ ╨▒╤А╨░╤Г╨╖╨╡╤А╨╡: {
      userAgent: 'Mozilla/5.0 (win32) AppleWebKit/537.36 (KHTML, like Gecko) jsdom/26.1.0',
      platform: '',
      language: 'en-US',
      cookieEnabled: true,
      onLine: true
    }

      at BarcodeScanner.log [as startScanning] (src/lib/scanner.ts:337:15)

  console.log
    ЁЯФР ╨Я╤А╨╛╨▓╨╡╤А╨║╨░ ╤А╨░╨╖╤А╨╡╤И╨╡╨╜╨╕╨╣ ╨║╨░╨╝╨╡╤А╤Л...

      at BarcodeScanner.log [as startScanning] (src/lib/scanner.ts:346:15)

  console.log
    ЁЯЫС ╨Ю╤Б╤В╨░╨╜╨╛╨▓╨║╨░ ╤Б╨║╨░╨╜╨╕╤А╨╛╨▓╨░╨╜╨╕╤П...

      at BarcodeScanner.log [as stopScanning] (src/lib/scanner.ts:853:15)

  console.log
    ЁЯЫС ╨Ю╤Б╤В╨░╨╜╨╛╨▓╨╗╨╡╨╜ ╤В╤А╨╡╨║ ╨║╨░╨╝╨╡╤А╤Л: video

      at log (src/lib/scanner.ts:737:19)
          at Array.forEach (<anonymous>)

  console.log
    ЁЯУК ╨Ь╨╡╤В╨░╨┤╨░╨╜╨╜╤Л╨╡ ╨▓╨╕╨┤╨╡╨╛ ╨╖╨░╨│╤А╤Г╨╢╨╡╨╜╤Л: { videoWidth: 0, videoHeight: 0, duration: NaN }

      at HTMLVideoElement.log (src/lib/scanner.ts:538:23)

  console.log
    ЁЯТ╛ ╨б╨╛╤Е╤А╨░╨╜╤П╨╡╨╝ ╤Б╤Б╤Л╨╗╨║╤Г ╨╜╨░ ╨┐╨╛╤В╨╛╨║ ╨┐╨╡╤А╨╡╨┤ ZXing: { streamId: undefined, active: undefined }

      at BarcodeScanner.log [as startScanning] (src/lib/scanner.ts:558:19)

  console.log
    ЁЯУ║ ╨б╨╛╤Б╤В╨╛╤П╨╜╨╕╨╡ ╨▓╨╕╨┤╨╡╨╛ ╨┐╨╛╤Б╨╗╨╡ ╤Г╤Б╤В╨░╨╜╨╛╨▓╨║╨╕ ╨┐╨╛╤В╨╛╨║╨░: {
      readyState: 0,
      videoWidth: 0,
      videoHeight: 0,
      paused: true,
      srcObject: '╤Г╤Б╤В╨░╨╜╨╛╨▓╨╗╨╡╨╜'
    }

      at BarcodeScanner.log [as startScanning] (src/lib/scanner.ts:564:19)

  console.log
    ЁЯз╣ ╨Т╨╕╨┤╨╡╨╛ ╤Н╨╗╨╡╨╝╨╡╨╜╤В ╨╛╤З╨╕╤Й╨╡╨╜

      at BarcodeScanner.log [as stopCurrentStream] (src/lib/scanner.ts:744:17)

  console.log
    тЦ╢я╕П ╨Ч╨░╨┐╤Г╤Б╨║ ╨▓╨╕╨┤╨╡╨╛...

      at BarcodeScanner.log [as startScanning] (src/lib/scanner.ts:574:21)

  console.log
    тЬЕ ╨Т╨╕╨┤╨╡╨╛ ╤Г╤Б╨┐╨╡╤И╨╜╨╛ ╨╖╨░╨┐╤Г╤Й╨╡╨╜╨╛

      at BarcodeScanner.log [as startScanning] (src/lib/scanner.ts:577:23)

  console.log
    ЁЯФД ╨Э╨░╤Б╤В╤А╨╛╨╣╨║╨░ ╨░╨▓╤В╨╛╨╝╨░╤В╨╕╤З╨╡╤Б╨║╨╛╨│╨╛ ╤Б╨║╨░╨╜╨╕╤А╨╛╨▓╨░╨╜╨╕╤П ╤З╨╡╤А╨╡╨╖ ╨╖╨░╤Е╨▓╨░╤В ╨║╨░╨┤╤А╨╛╨▓...

      at BarcodeScanner.log [as startScanning] (src/lib/scanner.ts:622:21)

  console.log
    ЁЯФД ╨Э╨░╤Б╤В╤А╨╛╨╣╨║╨░ ╨░╨▓╤В╨╛╨╝╨░╤В╨╕╤З╨╡╤Б╨║╨╛╨│╨╛ ╤Б╨║╨░╨╜╨╕╤А╨╛╨▓╨░╨╜╨╕╤П ╨║╨░╨╢╨┤╤Л╨╡ 500╨╝╤Б...

      at BarcodeScanner.log [as setupAutoScanning] (src/lib/scanner.ts:821:13)

  console.log
    тЬЕ ╨б╨║╨░╨╜╨╕╤А╨╛╨▓╨░╨╜╨╕╨╡ ╨╛╤Б╤В╨░╨╜╨╛╨▓╨╗╨╡╨╜╨╛

      at BarcodeScanner.log [as stopScanning] (src/lib/scanner.ts:866:15)

  console.log
    тЬЕ ╨Р╨▓╤В╨╛╨╝╨░╤В╨╕╤З╨╡╤Б╨║╨╛╨╡ ╤Б╨║╨░╨╜╨╕╤А╨╛╨▓╨░╨╜╨╕╨╡ ╨╜╨░╤Б╤В╤А╨╛╨╡╨╜╨╛

      at BarcodeScanner.log [as setupAutoScanning] (src/lib/scanner.ts:848:13)

  console.log
    тЬЕ ╨б╨║╨░╨╜╨╕╤А╨╛╨▓╨░╨╜╨╕╨╡ ╨╖╨░╨┐╤Г╤Й╨╡╨╜╨╛ ╤Г╤Б╨┐╨╡╤И╨╜╨╛ ╤Б optimal ╨╛╨│╤А╨░╨╜╨╕╤З╨╡╨╜╨╕╤П╨╝╨╕

      at BarcodeScanner.log [as startScanning] (src/lib/scanner.ts:632:19)

  console.log
    ЁЯУ║ ╨д╨╕╨╜╨░╨╗╤М╨╜╨╛╨╡ ╤Б╨╛╤Б╤В╨╛╤П╨╜╨╕╨╡ ╨▓╨╕╨┤╨╡╨╛: {
      readyState: 4,
      videoWidth: 640,
      videoHeight: 480,
      paused: true,
      srcObject: '╤Г╤Б╤В╨░╨╜╨╛╨▓╨╗╨╡╨╜',
      streamActive: undefined
    }

      at BarcodeScanner.log [as startScanning] (src/lib/scanner.ts:635:19)

  console.log
    тЬЕ ╨Э╨╡╨┐╤А╨╡╤А╤Л╨▓╨╜╨╛╨╡ ╤Б╨║╨░╨╜╨╕╤А╨╛╨▓╨░╨╜╨╕╨╡ ╨╖╨░╨┐╤Г╤Й╨╡╨╜╨╛

      at BarcodeScanner.log [as startScanning] (src/lib/scanner.ts:683:15)

  console.log
    ЁЯОе ╨Ч╨░╨┐╤Г╤Б╨║ ╤Б╨║╨░╨╜╨╕╤А╨╛╨▓╨░╨╜╨╕╤П...

      at log (src/components/Scanner.tsx:479:15)

  console.log
    тЬЕ ╨б╨║╨░╨╜╨╕╤А╨╛╨▓╨░╨╜╨╕╨╡ ╨╖╨░╨┐╤Г╤Й╨╡╨╜╨╛ ╤Г╤Б╨┐╨╡╤И╨╜╨╛ - ZXing ╨┤╨╡╨║╨╛╨┤╨╡╤А ╤Г╨┐╤А╨░╨▓╨╗╤П╨╡╤В ╨▓╨╕╨┤╨╡╨╛ ╤Н╨╗╨╡╨╝╨╡╨╜╤В╨╛╨╝

      at log (src/components/Scanner.tsx:535:17)

  console.log
    ЁЯФН ╨Т╨╕╨╖╤Г╨░╨╗╤М╨╜╨░╤П ╨┤╨╡╤В╨╡╨║╤Ж╨╕╤П ╨▓╨║╨╗╤О╤З╨╡╨╜╨░

      at log (src/components/Scanner.tsx:539:17)

  console.log
    ЁЯФж ╨Я╨╛╨┤╨┤╨╡╤А╨╢╨║╨░ ╤Д╨╛╨╜╨░╤А╨╕╨║╨░: ╨Э╨╡╤В

      at log (src/components/Scanner.tsx:546:21)

  console.log
    ЁЯУ▒ ╨Ш╨╜╤Д╨╛╤А╨╝╨░╤Ж╨╕╤П ╨╛ ╨▓╨╕╨┤╨╡╨╛ ╤Н╨╗╨╡╨╝╨╡╨╜╤В╨╡: {
      element: <ref *1> HTMLVideoElement {
        '__reactFiber$t4lsjnwx8va': FiberNode {
          tag: 5,
          key: null,
          elementType: 'video',
          type: 'video',
          stateNode: [Circular *1],
          return: [FiberNode],
          child: null,
          sibling: [FiberNode],
          index: 1,
          ref: [Object],
          refCleanup: null,
          pendingProps: [Object],
          memoizedProps: [Object],
          updateQueue: null,
          memoizedState: null,
          dependencies: null,
          mode: 25,
          flags: 5243392,
          subtreeFlags: 0,
          deletions: null,
          lanes: 0,
          childLanes: 0,
          alternate: null,
          actualDuration: -0,
          actualStartTime: 5612.9871,
          selfBaseDuration: -0,
          treeBaseDuration: -0,
          _debugInfo: null,
          _debugOwner: [FiberNode],
          _debugStack: Error: react-stack-top-frame
              at process.env.NODE_ENV.exports.jsx (D:\Dev\ExoScan\exoscan-web\node_modules\react\cjs\react-jsx-runtime.development.js:337:13)
              at ScannerContent (D:\Dev\ExoScan\exoscan-web\src\components\Scanner.tsx:784:9)
              at Object.react-stack-bottom-frame (D:\Dev\ExoScan\exoscan-web\node_modules\react-dom\cjs\react-dom-client.development.js:23863:20)
              at renderWithHooksAgain (D:\Dev\ExoScan\exoscan-web\node_modules\react-dom\cjs\react-dom-client.development.js:5629:20)
              at renderWithHooks (D:\Dev\ExoScan\exoscan-web\node_modules\react-dom\cjs\react-dom-client.development.js:5541:22)
              at updateFunctionComponent (D:\Dev\ExoScan\exoscan-web\node_modules\react-dom\cjs\react-dom-client.development.js:8897:19)
              at beginWork (D:\Dev\ExoScan\exoscan-web\node_modules\react-dom\cjs\react-dom-client.development.js:10522:18)
              at runWithFiberInDEV (D:\Dev\ExoScan\exoscan-web\node_modules\react-dom\cjs\react-dom-client.development.js:1522:13)
              at performUnitOfWork (D:\Dev\ExoScan\exoscan-web\node_modules\react-dom\cjs\react-dom-client.development.js:15140:22)
              at workLoopSync (D:\Dev\ExoScan\exoscan-web\node_modules\react-dom\cjs\react-dom-client.development.js:14956:41)
              at renderRootSync (D:\Dev\ExoScan\exoscan-web\node_modules\react-dom\cjs\react-dom-client.development.js:14936:11)
              at performWorkOnRoot (D:\Dev\ExoScan\exoscan-web\node_modules\react-dom\cjs\react-dom-client.development.js:14419:13)
              at performWorkOnRootViaSchedulerTask (D:\Dev\ExoScan\exoscan-web\node_modules\react-dom\cjs\react-dom-client.development.js:16216:7)
              at flushActQueue (D:\Dev\ExoScan\exoscan-web\node_modules\react\cjs\react.development.js:566:34)
              at process.env.NODE_ENV.exports.act (D:\Dev\ExoScan\exoscan-web\node_modules\react\cjs\react.development.js:859:10)
              at D:\Dev\ExoScan\exoscan-web\node_modules\@testing-library\react\dist\act-compat.js:47:25
              at renderRoot (D:\Dev\ExoScan\exoscan-web\node_modules\@testing-library\react\dist\pure.js:190:26)
              at render (D:\Dev\ExoScan\exoscan-web\node_modules\@testing-library\react\dist\pure.js:292:10)
              at Object.<anonymous> (D:\Dev\ExoScan\exoscan-web\src\components\__tests__\Scanner.strict-mode.test.tsx:243:33)
              at Promise.finally.completed (D:\Dev\ExoScan\exoscan-web\node_modules\jest-circus\build\jestAdapterInit.js:1557:28)
              at new Promise (<anonymous>)
              at callAsyncCircusFn (D:\Dev\ExoScan\exoscan-web\node_modules\jest-circus\build\jestAdapterInit.js:1497:10)
              at _callCircusTest (D:\Dev\ExoScan\exoscan-web\node_modules\jest-circus\build\jestAdapterInit.js:1007:40)
              at _runTest (D:\Dev\ExoScan\exoscan-web\node_modules\jest-circus\build\jestAdapterInit.js:947:3)
              at D:\Dev\ExoScan\exoscan-web\node_modules\jest-circus\build\jestAdapterInit.js:849:7
              at _runTestsForDescribeBlock (D:\Dev\ExoScan\exoscan-web\node_modules\jest-circus\build\jestAdapterInit.js:862:11)
              at _runTestsForDescribeBlock (D:\Dev\ExoScan\exoscan-web\node_modules\jest-circus\build\jestAdapterInit.js:857:11)
              at _runTestsForDescribeBlock (D:\Dev\ExoScan\exoscan-web\node_modules\jest-circus\build\jestAdapterInit.js:857:11)
              at run (D:\Dev\ExoScan\exoscan-web\node_modules\jest-circus\build\jestAdapterInit.js:761:3)
              at runAndTransformResultsToJestFormat (D:\Dev\ExoScan\exoscan-web\node_modules\jest-circus\build\jestAdapterInit.js:1918:21)
              at jestAdapter (D:\Dev\ExoScan\exoscan-web\node_modules\jest-circus\build\runner.js:101:19)
              at runTestInternal (D:\Dev\ExoScan\exoscan-web\node_modules\jest-runner\build\testWorker.js:275:16)
              at runTest (D:\Dev\ExoScan\exoscan-web\node_modules\jest-runner\build\testWorker.js:343:7)
              at Object.worker (D:\Dev\ExoScan\exoscan-web\node_modules\jest-runner\build\testWorker.js:497:12),
          _debugTask: null,
          _debugNeedsRemount: false,
          _debugHookTypes: null
        },
        '__reactProps$t4lsjnwx8va': {
          ref: [Object],
          className: 'w-full object-cover transition-transform duration-200 h-80 md:h-96 lg:h-[500px]',
          autoPlay: true,
          playsInline: true,
          muted: true,
          controls: false,
          'webkit-playsinline': 'true',
          onLoadedData: [AsyncFunction: onLoadedData],
          onCanPlay: [AsyncFunction: onCanPlay],
          onClick: [AsyncFunction: onClick],
          onTouchStart: [AsyncFunction: onTouchStart],
          style: [Object]
        },
        '__reactEvents$t4lsjnwx8va': Set(24) {
          'abort__bubble',
          'canplay__bubble',
          'canplaythrough__bubble',
          'durationchange__bubble',
          'emptied__bubble',
          'encrypted__bubble',
          'ended__bubble',
          'error__bubble',
          'loadeddata__bubble',
          'loadedmetadata__bubble',
          'loadstart__bubble',
          'pause__bubble',
          'play__bubble',
          'playing__bubble',
          'progress__bubble',
          'ratechange__bubble',
          'resize__bubble',
          'seeked__bubble',
          'seeking__bubble',
          'stalled__bubble',
          'suspend__bubble',
          'timeupdate__bubble',
          'volumechange__bubble',
          'waiting__bubble'
        },
        srcObject: null,
        [Symbol(SameObject caches)]: [Object: null prototype] {
          style: [CSSStyleDeclaration],
          attributes: NamedNodeMap {}
        }
      },
      tagName: 'VIDEO',
      id: '',
      className: 'w-full object-cover transition-transform duration-200 h-80 md:h-96 lg:h-[500px]',
      style: 'transform: scale(1); transform-origin: center center; background-color: rgb(0, 0, 0); min-height: 20rem;',
      attributes: [
        {
          name: 'class',
          value: 'w-full object-cover transition-transform duration-200 h-80 md:h-96 lg:h-[500px]'
        },
        { name: 'autoplay', value: '' },
        { name: 'playsinline', value: '' },
        { name: 'webkit-playsinline', value: 'true' },
        {
          name: 'style',
          value: 'transform: scale(1); transform-origin: center center; background-color: rgb(0, 0, 0); min-height: 20rem;'
        }
      ]
    }

      at log (src/components/Scanner.tsx:480:15)

  console.log
    тЬЕ ╨Я╨╛╨┤╨┤╨╡╤А╨╢╨║╨░ ╨║╨░╨╝╨╡╤А╤Л: OK

      at log (src/components/Scanner.tsx:502:15)

  console.log
    тЬЕ ╨С╨╡╨╖╨╛╨┐╨░╤Б╨╜╤Л╨╣ ╨║╨╛╨╜╤В╨╡╨║╤Б╤В: OK

      at log (src/components/Scanner.tsx:512:15)

  console.log
    ЁЯФД ╨Я╨╛╨╗╤Г╤З╨╡╨╜╨╕╨╡ ╨┤╨╛╤Б╤В╤Г╨┐╨░ ╨║ ╨║╨░╨╝╨╡╤А╨╡...

      at log (src/components/Scanner.tsx:522:17)

  console.log
    ЁЯЪА ╨Э╨░╤З╨╕╨╜╨░╨╡╨╝ ╨┐╤А╨╛╤Ж╨╡╤Б╤Б ╤Б╨║╨░╨╜╨╕╤А╨╛╨▓╨░╨╜╨╕╤П...

      at log (src/components/Scanner.tsx:523:17)

  console.log
    ЁЯУ▒ BarcodeScanner: ╨Э╨░╤З╨╕╨╜╨░╨╡╨╝ ╨┐╤А╨╛╤Ж╨╡╤Б╤Б ╤Б╨║╨░╨╜╨╕╤А╨╛╨▓╨░╨╜╨╕╤П

      at BarcodeScanner.log [as startScanning] (src/lib/scanner.ts:336:15)

  console.log
    ЁЯФН ╨Ш╨╜╤Д╨╛╤А╨╝╨░╤Ж╨╕╤П ╨╛ ╨▒╤А╨░╤Г╨╖╨╡╤А╨╡: {
      userAgent: 'Mozilla/5.0 (win32) AppleWebKit/537.36 (KHTML, like Gecko) jsdom/26.1.0',
      platform: '',
      language: 'en-US',
      cookieEnabled: true,
      onLine: true
    }

      at BarcodeScanner.log [as startScanning] (src/lib/scanner.ts:337:15)

  console.log
    ЁЯФР ╨Я╤А╨╛╨▓╨╡╤А╨║╨░ ╤А╨░╨╖╤А╨╡╤И╨╡╨╜╨╕╨╣ ╨║╨░╨╝╨╡╤А╤Л...

      at BarcodeScanner.log [as startScanning] (src/lib/scanner.ts:346:15)

  console.log
    ЁЯЫС ╨Ю╤Б╤В╨░╨╜╨╛╨▓╨║╨░ ╤Б╨║╨░╨╜╨╕╤А╨╛╨▓╨░╨╜╨╕╤П...

      at BarcodeScanner.log [as stopScanning] (src/lib/scanner.ts:853:15)

  console.log
    ЁЯз╣ ╨Т╨╕╨┤╨╡╨╛ ╤Н╨╗╨╡╨╝╨╡╨╜╤В ╨╛╤З╨╕╤Й╨╡╨╜

      at BarcodeScanner.log [as stopCurrentStream] (src/lib/scanner.ts:744:17)

  console.log
    тЬЕ ╨б╨║╨░╨╜╨╕╤А╨╛╨▓╨░╨╜╨╕╨╡ ╨╛╤Б╤В╨░╨╜╨╛╨▓╨╗╨╡╨╜╨╛

      at BarcodeScanner.log [as stopScanning] (src/lib/scanner.ts:866:15)

  console.log
    ЁЯФР ╨б╤В╨░╤В╤Г╤Б ╤А╨░╨╖╤А╨╡╤И╨╡╨╜╨╕╨╣: { granted: true, denied: false, prompt: false }

      at BarcodeScanner.log [as startScanning] (src/lib/scanner.ts:348:15)

  console.log
    тЬЕ MediaDevices API: OK

      at BarcodeScanner.log [as startScanning] (src/lib/scanner.ts:383:15)

  console.log
    тЬЕ getUserMedia: OK

      at BarcodeScanner.log [as startScanning] (src/lib/scanner.ts:401:15)

  console.log
    ЁЯУ╣ ╨Я╨╛╨╕╤Б╨║ ╨┤╨╛╤Б╤В╤Г╨┐╨╜╤Л╤Е ╨║╨░╨╝╨╡╤А...

      at BarcodeScanner.log [as startScanning] (src/lib/scanner.ts:404:15)

  console.log
    ЁЯФР ╨б╤В╨░╤В╤Г╤Б ╤А╨░╨╖╤А╨╡╤И╨╡╨╜╨╕╨╣: { granted: true, denied: false, prompt: false }

      at BarcodeScanner.log [as startScanning] (src/lib/scanner.ts:348:15)

  console.log
    тЬЕ MediaDevices API: OK

      at BarcodeScanner.log [as startScanning] (src/lib/scanner.ts:383:15)

  console.log
    тЬЕ getUserMedia: OK

      at BarcodeScanner.log [as startScanning] (src/lib/scanner.ts:401:15)

  console.log
    ЁЯУ╣ ╨Я╨╛╨╕╤Б╨║ ╨┤╨╛╤Б╤В╤Г╨┐╨╜╤Л╤Е ╨║╨░╨╝╨╡╤А...

      at BarcodeScanner.log [as startScanning] (src/lib/scanner.ts:404:15)

  console.log
    ЁЯУ╣ ╨Э╨░╨╣╨┤╨╡╨╜╨╛ ╨║╨░╨╝╨╡╤А: 2 [
      { id: 'camera1', label: 'Back Camera', kind: 'videoinput' },
      { id: 'camera2', label: 'Front Camera', kind: 'videoinput' }
    ]

      at BarcodeScanner.log [as startScanning] (src/lib/scanner.ts:406:15)

  console.log
    ЁЯУ╖ ╨Т╤Л╨▒╤А╨░╨╜╨╜╨░╤П ╨║╨░╨╝╨╡╤А╨░: { label: 'Back Camera', id: 'camera1', source: 'back-camera' }

      at BarcodeScanner.log [as startScanning] (src/lib/scanner.ts:440:15)

  console.log
    ЁЯУ▒ ╨Ь╨╛╨▒╨╕╨╗╤М╨╜╨╛╨╡ ╤Г╤Б╤В╤А╨╛╨╣╤Б╤В╨▓╨╛: false

      at BarcodeScanner.log [as startScanning] (src/lib/scanner.ts:448:15)

  console.log
    ЁЯУ▒ ╨г╤Б╤В╤А╨╛╨╣╤Б╤В╨▓╨╛: ╨Ф╤А╤Г╨│╨╛╨╡, ╨С╤А╨░╤Г╨╖╨╡╤А: ╨Ф╤А╤Г╨│╨╛╨╣

      at BarcodeScanner.log [as getOptimalCameraConstraints] (src/lib/scanner.ts:135:13)

  console.log
    ЁЯОе ╨Э╨░╤Б╤В╤А╨╛╨╣╨║╨╕ ╨║╨░╨╝╨╡╤А╤Л: {
      video: {
        deviceId: { ideal: 'camera1' },
        facingMode: undefined,
        width: { ideal: 1920 },
        height: { ideal: 1080 },
        frameRate: { ideal: 30 }
      }
    }

      at BarcodeScanner.log [as startScanning] (src/lib/scanner.ts:452:15)

  console.log
    ЁЯФН ╨Ч╨░╨┐╤Г╤Б╨║ ╨╜╨╡╨┐╤А╨╡╤А╤Л╨▓╨╜╨╛╨│╨╛ ╨┤╨╡╨║╨╛╨┤╨╕╤А╨╛╨▓╨░╨╜╨╕╤П ╤И╤В╤А╨╕╤Е-╨║╨╛╨┤╨╛╨▓...

      at BarcodeScanner.log [as startScanning] (src/lib/scanner.ts:455:15)

  console.log
    ЁЯз╣ ╨Ю╤З╨╕╤Б╤В╨║╨░ ╤Б╤Г╤Й╨╡╤Б╤В╨▓╤Г╤О╤Й╨╡╨│╨╛ ╨┐╨╛╤В╨╛╨║╨░...

      at BarcodeScanner.log [as startScanning] (src/lib/scanner.ts:458:15)

  console.log
    ЁЯУ║ ╨б╨╛╤Б╤В╨╛╤П╨╜╨╕╨╡ ╨▓╨╕╨┤╨╡╨╛ ╤Н╨╗╨╡╨╝╨╡╨╜╤В╨░: {
      readyState: 0,
      videoWidth: 0,
      videoHeight: 0,
      paused: true,
      ended: false,
      muted: true,
      autoplay: true,
      playsInline: true
    }

      at BarcodeScanner.log [as startScanning] (src/lib/scanner.ts:462:15)

  console.log
    ЁЯФД ╨Ч╨░╨┐╤Г╤Б╨║ ╨┤╨╡╨║╨╛╨┤╨╕╤А╨╛╨▓╨░╨╜╨╕╤П ╤Б ╨╛╨│╤А╨░╨╜╨╕╤З╨╡╨╜╨╕╤П╨╝╨╕...

      at BarcodeScanner.log [as startScanning] (src/lib/scanner.ts:474:15)

  console.log
    ЁЯФД ╨Я╨╛╨┐╤Л╤В╨║╨░ ╨╖╨░╨┐╤Г╤Б╨║╨░ ╤Б optimal ╨╛╨│╤А╨░╨╜╨╕╤З╨╡╨╜╨╕╤П╨╝╨╕: {
      "video": {
        "deviceId": {
          "ideal": "camera1"
        },
        "width": {
          "ideal": 1920
        },
        "height": {
          "ideal": 1080
        },
        "frameRate": {
          "ideal": 30
        }
      }
    }

      at BarcodeScanner.log [as startScanning] (src/lib/scanner.ts:487:19)

  console.log
    ЁЯОе ╨Я╨╛╨╗╤Г╤З╨╡╨╜╨╕╨╡ ╨┐╨╛╤В╨╛╨║╨░ ╤З╨╡╤А╨╡╨╖ getUserMedia...

      at BarcodeScanner.log [as startScanning] (src/lib/scanner.ts:490:19)

  console.log
    ЁЯУ╣ ╨Э╨░╨╣╨┤╨╡╨╜╨╛ ╨║╨░╨╝╨╡╤А: 2 [
      { id: 'camera1', label: 'Back Camera', kind: 'videoinput' },
      { id: 'camera2', label: 'Front Camera', kind: 'videoinput' }
    ]

      at BarcodeScanner.log [as startScanning] (src/lib/scanner.ts:406:15)

  console.log
    ЁЯУ╖ ╨Т╤Л╨▒╤А╨░╨╜╨╜╨░╤П ╨║╨░╨╝╨╡╤А╨░: { label: 'Back Camera', id: 'camera1', source: 'back-camera' }

      at BarcodeScanner.log [as startScanning] (src/lib/scanner.ts:440:15)

  console.log
    ЁЯУ▒ ╨Ь╨╛╨▒╨╕╨╗╤М╨╜╨╛╨╡ ╤Г╤Б╤В╤А╨╛╨╣╤Б╤В╨▓╨╛: false

      at BarcodeScanner.log [as startScanning] (src/lib/scanner.ts:448:15)

  console.log
    ЁЯУ▒ ╨г╤Б╤В╤А╨╛╨╣╤Б╤В╨▓╨╛: ╨Ф╤А╤Г╨│╨╛╨╡, ╨С╤А╨░╤Г╨╖╨╡╤А: ╨Ф╤А╤Г╨│╨╛╨╣

      at BarcodeScanner.log [as getOptimalCameraConstraints] (src/lib/scanner.ts:135:13)

  console.log
    ЁЯОе ╨Э╨░╤Б╤В╤А╨╛╨╣╨║╨╕ ╨║╨░╨╝╨╡╤А╤Л: {
      video: {
        deviceId: { ideal: 'camera1' },
        facingMode: undefined,
        width: { ideal: 1920 },
        height: { ideal: 1080 },
        frameRate: { ideal: 30 }
      }
    }

      at BarcodeScanner.log [as startScanning] (src/lib/scanner.ts:452:15)

  console.log
    ЁЯФН ╨Ч╨░╨┐╤Г╤Б╨║ ╨╜╨╡╨┐╤А╨╡╤А╤Л╨▓╨╜╨╛╨│╨╛ ╨┤╨╡╨║╨╛╨┤╨╕╤А╨╛╨▓╨░╨╜╨╕╤П ╤И╤В╤А╨╕╤Е-╨║╨╛╨┤╨╛╨▓...

      at BarcodeScanner.log [as startScanning] (src/lib/scanner.ts:455:15)

  console.log
    ЁЯз╣ ╨Ю╤З╨╕╤Б╤В╨║╨░ ╤Б╤Г╤Й╨╡╤Б╤В╨▓╤Г╤О╤Й╨╡╨│╨╛ ╨┐╨╛╤В╨╛╨║╨░...

      at BarcodeScanner.log [as startScanning] (src/lib/scanner.ts:458:15)

  console.log
    ЁЯУ║ ╨б╨╛╤Б╤В╨╛╤П╨╜╨╕╨╡ ╨▓╨╕╨┤╨╡╨╛ ╤Н╨╗╨╡╨╝╨╡╨╜╤В╨░: {
      readyState: 0,
      videoWidth: 0,
      videoHeight: 0,
      paused: true,
      ended: false,
      muted: true,
      autoplay: true,
      playsInline: true
    }

      at BarcodeScanner.log [as startScanning] (src/lib/scanner.ts:462:15)

  console.log
    ЁЯФД ╨Ч╨░╨┐╤Г╤Б╨║ ╨┤╨╡╨║╨╛╨┤╨╕╤А╨╛╨▓╨░╨╜╨╕╤П ╤Б ╨╛╨│╤А╨░╨╜╨╕╤З╨╡╨╜╨╕╤П╨╝╨╕...

      at BarcodeScanner.log [as startScanning] (src/lib/scanner.ts:474:15)

  console.log
    ЁЯФД ╨Я╨╛╨┐╤Л╤В╨║╨░ ╨╖╨░╨┐╤Г╤Б╨║╨░ ╤Б optimal ╨╛╨│╤А╨░╨╜╨╕╤З╨╡╨╜╨╕╤П╨╝╨╕: {
      "video": {
        "deviceId": {
          "ideal": "camera1"
        },
        "width": {
          "ideal": 1920
        },
        "height": {
          "ideal": 1080
        },
        "frameRate": {
          "ideal": 30
        }
      }
    }

      at BarcodeScanner.log [as startScanning] (src/lib/scanner.ts:487:19)

  console.log
    ЁЯОе ╨Я╨╛╨╗╤Г╤З╨╡╨╜╨╕╨╡ ╨┐╨╛╤В╨╛╨║╨░ ╤З╨╡╤А╨╡╨╖ getUserMedia...

      at BarcodeScanner.log [as startScanning] (src/lib/scanner.ts:490:19)

  console.log
    тЬЕ ╨Я╨╛╤В╨╛╨║ ╨┐╨╛╨╗╤Г╤З╨╡╨╜: {
      active: undefined,
      id: 'stream-1759353554293-0.0717081296248292',
      tracks: [
        {
          kind: 'video',
          label: undefined,
          enabled: undefined,
          readyState: undefined,
          muted: undefined,
          settings: [Object]
        }
      ]
    }

      at BarcodeScanner.log [as startScanning] (src/lib/scanner.ts:492:19)

  console.log
    ЁЯОм ╨г╤Б╤В╨░╨╜╨╛╨▓╨║╨░ ╨┐╨╛╤В╨╛╨║╨░ ╨▓ ╨▓╨╕╨┤╨╡╨╛ ╤Н╨╗╨╡╨╝╨╡╨╜╤В...

      at BarcodeScanner.log [as startScanning] (src/lib/scanner.ts:515:19)

  console.log
    тЬЕ ╨Я╨╛╤В╨╛╨║ ╨┐╨╛╨╗╤Г╤З╨╡╨╜: {
      active: undefined,
      id: 'stream-1759353554301-0.5875406988510647',
      tracks: [
        {
          kind: 'video',
          label: undefined,
          enabled: undefined,
          readyState: undefined,
          muted: undefined,
          settings: [Object]
        }
      ]
    }

      at BarcodeScanner.log [as startScanning] (src/lib/scanner.ts:492:19)

  console.log
    ЁЯОм ╨г╤Б╤В╨░╨╜╨╛╨▓╨║╨░ ╨┐╨╛╤В╨╛╨║╨░ ╨▓ ╨▓╨╕╨┤╨╡╨╛ ╤Н╨╗╨╡╨╝╨╡╨╜╤В...

      at BarcodeScanner.log [as startScanning] (src/lib/scanner.ts:515:19)

  console.log
    ЁЯОе ╨Ч╨░╨┐╤Г╤Б╨║ ╤Б╨║╨░╨╜╨╕╤А╨╛╨▓╨░╨╜╨╕╤П...

      at log (src/components/Scanner.tsx:479:15)

  console.log
    ЁЯУ▒ ╨Ш╨╜╤Д╨╛╤А╨╝╨░╤Ж╨╕╤П ╨╛ ╨▓╨╕╨┤╨╡╨╛ ╤Н╨╗╨╡╨╝╨╡╨╜╤В╨╡: {
      element: <ref *1> HTMLVideoElement {
        '__reactFiber$t4lsjnwx8va': FiberNode {
          tag: 5,
          key: null,
          elementType: 'video',
          type: 'video',
          stateNode: [Circular *1],
          return: [FiberNode],
          child: null,
          sibling: [FiberNode],
          index: 1,
          ref: [Object],
          refCleanup: null,
          pendingProps: [Object],
          memoizedProps: [Object],
          updateQueue: null,
          memoizedState: null,
          dependencies: null,
          mode: 25,
          flags: 5243392,
          subtreeFlags: 0,
          deletions: null,
          lanes: 0,
          childLanes: 0,
          alternate: null,
          actualDuration: -0,
          actualStartTime: 5787.315,
          selfBaseDuration: -0,
          treeBaseDuration: -0,
          _debugInfo: null,
          _debugOwner: [FiberNode],
          _debugStack: Error: react-stack-top-frame
              at process.env.NODE_ENV.exports.jsx (D:\Dev\ExoScan\exoscan-web\node_modules\react\cjs\react-jsx-runtime.development.js:337:13)
              at ScannerContent (D:\Dev\ExoScan\exoscan-web\src\components\Scanner.tsx:784:9)
              at Object.react-stack-bottom-frame (D:\Dev\ExoScan\exoscan-web\node_modules\react-dom\cjs\react-dom-client.development.js:23863:20)
              at renderWithHooksAgain (D:\Dev\ExoScan\exoscan-web\node_modules\react-dom\cjs\react-dom-client.development.js:5629:20)
              at renderWithHooks (D:\Dev\ExoScan\exoscan-web\node_modules\react-dom\cjs\react-dom-client.development.js:5541:22)
              at updateFunctionComponent (D:\Dev\ExoScan\exoscan-web\node_modules\react-dom\cjs\react-dom-client.development.js:8897:19)
              at beginWork (D:\Dev\ExoScan\exoscan-web\node_modules\react-dom\cjs\react-dom-client.development.js:10522:18)
              at runWithFiberInDEV (D:\Dev\ExoScan\exoscan-web\node_modules\react-dom\cjs\react-dom-client.development.js:1522:13)
              at performUnitOfWork (D:\Dev\ExoScan\exoscan-web\node_modules\react-dom\cjs\react-dom-client.development.js:15140:22)
              at workLoopSync (D:\Dev\ExoScan\exoscan-web\node_modules\react-dom\cjs\react-dom-client.development.js:14956:41)
              at renderRootSync (D:\Dev\ExoScan\exoscan-web\node_modules\react-dom\cjs\react-dom-client.development.js:14936:11)
              at performWorkOnRoot (D:\Dev\ExoScan\exoscan-web\node_modules\react-dom\cjs\react-dom-client.development.js:14419:13)
              at performWorkOnRootViaSchedulerTask (D:\Dev\ExoScan\exoscan-web\node_modules\react-dom\cjs\react-dom-client.development.js:16216:7)
              at flushActQueue (D:\Dev\ExoScan\exoscan-web\node_modules\react\cjs\react.development.js:566:34)
              at process.env.NODE_ENV.exports.act (D:\Dev\ExoScan\exoscan-web\node_modules\react\cjs\react.development.js:859:10)
              at D:\Dev\ExoScan\exoscan-web\node_modules\@testing-library\react\dist\act-compat.js:47:25
              at renderRoot (D:\Dev\ExoScan\exoscan-web\node_modules\@testing-library\react\dist\pure.js:190:26)
              at render (D:\Dev\ExoScan\exoscan-web\node_modules\@testing-library\react\dist\pure.js:292:10)
              at Object.<anonymous> (D:\Dev\ExoScan\exoscan-web\src\components\__tests__\Scanner.strict-mode.test.tsx:271:43)
              at Promise.finally.completed (D:\Dev\ExoScan\exoscan-web\node_modules\jest-circus\build\jestAdapterInit.js:1557:28)
              at new Promise (<anonymous>)
              at callAsyncCircusFn (D:\Dev\ExoScan\exoscan-web\node_modules\jest-circus\build\jestAdapterInit.js:1497:10)
              at _callCircusTest (D:\Dev\ExoScan\exoscan-web\node_modules\jest-circus\build\jestAdapterInit.js:1007:40)
              at _runTest (D:\Dev\ExoScan\exoscan-web\node_modules\jest-circus\build\jestAdapterInit.js:947:3)
              at D:\Dev\ExoScan\exoscan-web\node_modules\jest-circus\build\jestAdapterInit.js:849:7
              at _runTestsForDescribeBlock (D:\Dev\ExoScan\exoscan-web\node_modules\jest-circus\build\jestAdapterInit.js:862:11)
              at _runTestsForDescribeBlock (D:\Dev\ExoScan\exoscan-web\node_modules\jest-circus\build\jestAdapterInit.js:857:11)
              at _runTestsForDescribeBlock (D:\Dev\ExoScan\exoscan-web\node_modules\jest-circus\build\jestAdapterInit.js:857:11)
              at run (D:\Dev\ExoScan\exoscan-web\node_modules\jest-circus\build\jestAdapterInit.js:761:3)
              at runAndTransformResultsToJestFormat (D:\Dev\ExoScan\exoscan-web\node_modules\jest-circus\build\jestAdapterInit.js:1918:21)
              at jestAdapter (D:\Dev\ExoScan\exoscan-web\node_modules\jest-circus\build\runner.js:101:19)
              at runTestInternal (D:\Dev\ExoScan\exoscan-web\node_modules\jest-runner\build\testWorker.js:275:16)
              at runTest (D:\Dev\ExoScan\exoscan-web\node_modules\jest-runner\build\testWorker.js:343:7)
              at Object.worker (D:\Dev\ExoScan\exoscan-web\node_modules\jest-runner\build\testWorker.js:497:12),
          _debugTask: null,
          _debugNeedsRemount: false,
          _debugHookTypes: null
        },
        '__reactProps$t4lsjnwx8va': {
          ref: [Object],
          className: 'w-full object-cover transition-transform duration-200 h-80 md:h-96 lg:h-[500px]',
          autoPlay: true,
          playsInline: true,
          muted: true,
          controls: false,
          'webkit-playsinline': 'true',
          onLoadedData: [AsyncFunction: onLoadedData],
          onCanPlay: [AsyncFunction: onCanPlay],
          onClick: [AsyncFunction: onClick],
          onTouchStart: [AsyncFunction: onTouchStart],
          style: [Object]
        },
        '__reactEvents$t4lsjnwx8va': Set(24) {
          'abort__bubble',
          'canplay__bubble',
          'canplaythrough__bubble',
          'durationchange__bubble',
          'emptied__bubble',
          'encrypted__bubble',
          'ended__bubble',
          'error__bubble',
          'loadeddata__bubble',
          'loadedmetadata__bubble',
          'loadstart__bubble',
          'pause__bubble',
          'play__bubble',
          'playing__bubble',
          'progress__bubble',
          'ratechange__bubble',
          'resize__bubble',
          'seeked__bubble',
          'seeking__bubble',
          'stalled__bubble',
          'suspend__bubble',
          'timeupdate__bubble',
          'volumechange__bubble',
          'waiting__bubble'
        },
        [Symbol(SameObject caches)]: [Object: null prototype] {
          style: [CSSStyleDeclaration],
          attributes: NamedNodeMap {}
        }
      },
      tagName: 'VIDEO',
      id: '',
      className: 'w-full object-cover transition-transform duration-200 h-80 md:h-96 lg:h-[500px]',
      style: 'transform: scale(1); transform-origin: center center; background-color: rgb(0, 0, 0); min-height: 20rem;',
      attributes: [
        {
          name: 'class',
          value: 'w-full object-cover transition-transform duration-200 h-80 md:h-96 lg:h-[500px]'
        },
        { name: 'autoplay', value: '' },
        { name: 'playsinline', value: '' },
        { name: 'webkit-playsinline', value: 'true' },
        {
          name: 'style',
          value: 'transform: scale(1); transform-origin: center center; background-color: rgb(0, 0, 0); min-height: 20rem;'
        }
      ]
    }

      at log (src/components/Scanner.tsx:480:15)

  console.log
    тЬЕ ╨Я╨╛╨┤╨┤╨╡╤А╨╢╨║╨░ ╨║╨░╨╝╨╡╤А╤Л: OK

      at log (src/components/Scanner.tsx:502:15)

  console.log
    тЬЕ ╨С╨╡╨╖╨╛╨┐╨░╤Б╨╜╤Л╨╣ ╨║╨╛╨╜╤В╨╡╨║╤Б╤В: OK

      at log (src/components/Scanner.tsx:512:15)

  console.log
    ЁЯФД ╨Я╨╛╨╗╤Г╤З╨╡╨╜╨╕╨╡ ╨┤╨╛╤Б╤В╤Г╨┐╨░ ╨║ ╨║╨░╨╝╨╡╤А╨╡...

      at log (src/components/Scanner.tsx:522:17)

  console.log
    ЁЯЪА ╨Э╨░╤З╨╕╨╜╨░╨╡╨╝ ╨┐╤А╨╛╤Ж╨╡╤Б╤Б ╤Б╨║╨░╨╜╨╕╤А╨╛╨▓╨░╨╜╨╕╤П...

      at log (src/components/Scanner.tsx:523:17)

  console.log
    ЁЯУ▒ BarcodeScanner: ╨Э╨░╤З╨╕╨╜╨░╨╡╨╝ ╨┐╤А╨╛╤Ж╨╡╤Б╤Б ╤Б╨║╨░╨╜╨╕╤А╨╛╨▓╨░╨╜╨╕╤П

      at BarcodeScanner.log [as startScanning] (src/lib/scanner.ts:336:15)

  console.log
    ЁЯФН ╨Ш╨╜╤Д╨╛╤А╨╝╨░╤Ж╨╕╤П ╨╛ ╨▒╤А╨░╤Г╨╖╨╡╤А╨╡: {
      userAgent: 'Mozilla/5.0 (win32) AppleWebKit/537.36 (KHTML, like Gecko) jsdom/26.1.0',
      platform: '',
      language: 'en-US',
      cookieEnabled: true,
      onLine: true
    }

      at BarcodeScanner.log [as startScanning] (src/lib/scanner.ts:337:15)

  console.log
    ЁЯФР ╨Я╤А╨╛╨▓╨╡╤А╨║╨░ ╤А╨░╨╖╤А╨╡╤И╨╡╨╜╨╕╨╣ ╨║╨░╨╝╨╡╤А╤Л...

      at BarcodeScanner.log [as startScanning] (src/lib/scanner.ts:346:15)

  console.log
    ЁЯЫС ╨Ю╤Б╤В╨░╨╜╨╛╨▓╨║╨░ ╤Б╨║╨░╨╜╨╕╤А╨╛╨▓╨░╨╜╨╕╤П...

      at BarcodeScanner.log [as stopScanning] (src/lib/scanner.ts:853:15)

  console.log
    ЁЯЫС ╨Ю╤Б╤В╨░╨╜╨╛╨▓╨╗╨╡╨╜ ╤В╤А╨╡╨║ ╨║╨░╨╝╨╡╤А╤Л: video

      at log (src/lib/scanner.ts:737:19)
          at Array.forEach (<anonymous>)

  console.log
    ЁЯз╣ ╨Т╨╕╨┤╨╡╨╛ ╤Н╨╗╨╡╨╝╨╡╨╜╤В ╨╛╤З╨╕╤Й╨╡╨╜

      at BarcodeScanner.log [as stopCurrentStream] (src/lib/scanner.ts:744:17)

  console.log
    тЬЕ ╨б╨║╨░╨╜╨╕╤А╨╛╨▓╨░╨╜╨╕╨╡ ╨╛╤Б╤В╨░╨╜╨╛╨▓╨╗╨╡╨╜╨╛

      at BarcodeScanner.log [as stopScanning] (src/lib/scanner.ts:866:15)

  console.log
    ЁЯОе ╨Ч╨░╨┐╤Г╤Б╨║ ╤Б╨║╨░╨╜╨╕╤А╨╛╨▓╨░╨╜╨╕╤П...

      at log (src/components/Scanner.tsx:479:15)

  console.log
    ЁЯУ▒ ╨Ш╨╜╤Д╨╛╤А╨╝╨░╤Ж╨╕╤П ╨╛ ╨▓╨╕╨┤╨╡╨╛ ╤Н╨╗╨╡╨╝╨╡╨╜╤В╨╡: {
      element: <ref *1> HTMLVideoElement {
        '__reactFiber$t4lsjnwx8va': FiberNode {
          tag: 5,
          key: null,
          elementType: 'video',
          type: 'video',
          stateNode: [Circular *1],
          return: [FiberNode],
          child: null,
          sibling: [FiberNode],
          index: 1,
          ref: [Object],
          refCleanup: null,
          pendingProps: [Object],
          memoizedProps: [Object],
          updateQueue: null,
          memoizedState: null,
          dependencies: null,
          mode: 25,
          flags: 5243392,
          subtreeFlags: 0,
          deletions: null,
          lanes: 0,
          childLanes: 0,
          alternate: null,
          actualDuration: -0,
          actualStartTime: 5787.315,
          selfBaseDuration: -0,
          treeBaseDuration: -0,
          _debugInfo: null,
          _debugOwner: [FiberNode],
          _debugStack: Error: react-stack-top-frame
              at process.env.NODE_ENV.exports.jsx (D:\Dev\ExoScan\exoscan-web\node_modules\react\cjs\react-jsx-runtime.development.js:337:13)
              at ScannerContent (D:\Dev\ExoScan\exoscan-web\src\components\Scanner.tsx:784:9)
              at Object.react-stack-bottom-frame (D:\Dev\ExoScan\exoscan-web\node_modules\react-dom\cjs\react-dom-client.development.js:23863:20)
              at renderWithHooksAgain (D:\Dev\ExoScan\exoscan-web\node_modules\react-dom\cjs\react-dom-client.development.js:5629:20)
              at renderWithHooks (D:\Dev\ExoScan\exoscan-web\node_modules\react-dom\cjs\react-dom-client.development.js:5541:22)
              at updateFunctionComponent (D:\Dev\ExoScan\exoscan-web\node_modules\react-dom\cjs\react-dom-client.development.js:8897:19)
              at beginWork (D:\Dev\ExoScan\exoscan-web\node_modules\react-dom\cjs\react-dom-client.development.js:10522:18)
              at runWithFiberInDEV (D:\Dev\ExoScan\exoscan-web\node_modules\react-dom\cjs\react-dom-client.development.js:1522:13)
              at performUnitOfWork (D:\Dev\ExoScan\exoscan-web\node_modules\react-dom\cjs\react-dom-client.development.js:15140:22)
              at workLoopSync (D:\Dev\ExoScan\exoscan-web\node_modules\react-dom\cjs\react-dom-client.development.js:14956:41)
              at renderRootSync (D:\Dev\ExoScan\exoscan-web\node_modules\react-dom\cjs\react-dom-client.development.js:14936:11)
              at performWorkOnRoot (D:\Dev\ExoScan\exoscan-web\node_modules\react-dom\cjs\react-dom-client.development.js:14419:13)
              at performWorkOnRootViaSchedulerTask (D:\Dev\ExoScan\exoscan-web\node_modules\react-dom\cjs\react-dom-client.development.js:16216:7)
              at flushActQueue (D:\Dev\ExoScan\exoscan-web\node_modules\react\cjs\react.development.js:566:34)
              at process.env.NODE_ENV.exports.act (D:\Dev\ExoScan\exoscan-web\node_modules\react\cjs\react.development.js:859:10)
              at D:\Dev\ExoScan\exoscan-web\node_modules\@testing-library\react\dist\act-compat.js:47:25
              at renderRoot (D:\Dev\ExoScan\exoscan-web\node_modules\@testing-library\react\dist\pure.js:190:26)
              at render (D:\Dev\ExoScan\exoscan-web\node_modules\@testing-library\react\dist\pure.js:292:10)
              at Object.<anonymous> (D:\Dev\ExoScan\exoscan-web\src\components\__tests__\Scanner.strict-mode.test.tsx:271:43)
              at Promise.finally.completed (D:\Dev\ExoScan\exoscan-web\node_modules\jest-circus\build\jestAdapterInit.js:1557:28)
              at new Promise (<anonymous>)
              at callAsyncCircusFn (D:\Dev\ExoScan\exoscan-web\node_modules\jest-circus\build\jestAdapterInit.js:1497:10)
              at _callCircusTest (D:\Dev\ExoScan\exoscan-web\node_modules\jest-circus\build\jestAdapterInit.js:1007:40)
              at _runTest (D:\Dev\ExoScan\exoscan-web\node_modules\jest-circus\build\jestAdapterInit.js:947:3)
              at D:\Dev\ExoScan\exoscan-web\node_modules\jest-circus\build\jestAdapterInit.js:849:7
              at _runTestsForDescribeBlock (D:\Dev\ExoScan\exoscan-web\node_modules\jest-circus\build\jestAdapterInit.js:862:11)
              at _runTestsForDescribeBlock (D:\Dev\ExoScan\exoscan-web\node_modules\jest-circus\build\jestAdapterInit.js:857:11)
              at _runTestsForDescribeBlock (D:\Dev\ExoScan\exoscan-web\node_modules\jest-circus\build\jestAdapterInit.js:857:11)
              at run (D:\Dev\ExoScan\exoscan-web\node_modules\jest-circus\build\jestAdapterInit.js:761:3)
              at runAndTransformResultsToJestFormat (D:\Dev\ExoScan\exoscan-web\node_modules\jest-circus\build\jestAdapterInit.js:1918:21)
              at jestAdapter (D:\Dev\ExoScan\exoscan-web\node_modules\jest-circus\build\runner.js:101:19)
              at runTestInternal (D:\Dev\ExoScan\exoscan-web\node_modules\jest-runner\build\testWorker.js:275:16)
              at runTest (D:\Dev\ExoScan\exoscan-web\node_modules\jest-runner\build\testWorker.js:343:7)
              at Object.worker (D:\Dev\ExoScan\exoscan-web\node_modules\jest-runner\build\testWorker.js:497:12),
          _debugTask: null,
          _debugNeedsRemount: false,
          _debugHookTypes: null
        },
        '__reactProps$t4lsjnwx8va': {
          ref: [Object],
          className: 'w-full object-cover transition-transform duration-200 h-80 md:h-96 lg:h-[500px]',
          autoPlay: true,
          playsInline: true,
          muted: true,
          controls: false,
          'webkit-playsinline': 'true',
          onLoadedData: [AsyncFunction: onLoadedData],
          onCanPlay: [AsyncFunction: onCanPlay],
          onClick: [AsyncFunction: onClick],
          onTouchStart: [AsyncFunction: onTouchStart],
          style: [Object]
        },
        '__reactEvents$t4lsjnwx8va': Set(24) {
          'abort__bubble',
          'canplay__bubble',
          'canplaythrough__bubble',
          'durationchange__bubble',
          'emptied__bubble',
          'encrypted__bubble',
          'ended__bubble',
          'error__bubble',
          'loadeddata__bubble',
          'loadedmetadata__bubble',
          'loadstart__bubble',
          'pause__bubble',
          'play__bubble',
          'playing__bubble',
          'progress__bubble',
          'ratechange__bubble',
          'resize__bubble',
          'seeked__bubble',
          'seeking__bubble',
          'stalled__bubble',
          'suspend__bubble',
          'timeupdate__bubble',
          'volumechange__bubble',
          'waiting__bubble'
        },
        srcObject: null,
        [Symbol(SameObject caches)]: [Object: null prototype] {
          style: [CSSStyleDeclaration],
          attributes: NamedNodeMap {}
        }
      },
      tagName: 'VIDEO',
      id: '',
      className: 'w-full object-cover transition-transform duration-200 h-80 md:h-96 lg:h-[500px]',
      style: 'transform: scale(1); transform-origin: center center; background-color: rgb(0, 0, 0); min-height: 20rem;',
      attributes: [
        {
          name: 'class',
          value: 'w-full object-cover transition-transform duration-200 h-80 md:h-96 lg:h-[500px]'
        },
        { name: 'autoplay', value: '' },
        { name: 'playsinline', value: '' },
        { name: 'webkit-playsinline', value: 'true' },
        {
          name: 'style',
          value: 'transform: scale(1); transform-origin: center center; background-color: rgb(0, 0, 0); min-height: 20rem;'
        }
      ]
    }

      at log (src/components/Scanner.tsx:480:15)

  console.log
    тЬЕ ╨Я╨╛╨┤╨┤╨╡╤А╨╢╨║╨░ ╨║╨░╨╝╨╡╤А╤Л: OK

      at log (src/components/Scanner.tsx:502:15)

  console.log
    тЬЕ ╨С╨╡╨╖╨╛╨┐╨░╤Б╨╜╤Л╨╣ ╨║╨╛╨╜╤В╨╡╨║╤Б╤В: OK

      at log (src/components/Scanner.tsx:512:15)

  console.log
    ЁЯФД ╨Я╨╛╨╗╤Г╤З╨╡╨╜╨╕╨╡ ╨┤╨╛╤Б╤В╤Г╨┐╨░ ╨║ ╨║╨░╨╝╨╡╤А╨╡...

      at log (src/components/Scanner.tsx:522:17)

  console.log
    ЁЯЪА ╨Э╨░╤З╨╕╨╜╨░╨╡╨╝ ╨┐╤А╨╛╤Ж╨╡╤Б╤Б ╤Б╨║╨░╨╜╨╕╤А╨╛╨▓╨░╨╜╨╕╤П...

      at log (src/components/Scanner.tsx:523:17)

  console.log
    ЁЯУ▒ BarcodeScanner: ╨Э╨░╤З╨╕╨╜╨░╨╡╨╝ ╨┐╤А╨╛╤Ж╨╡╤Б╤Б ╤Б╨║╨░╨╜╨╕╤А╨╛╨▓╨░╨╜╨╕╤П

      at BarcodeScanner.log [as startScanning] (src/lib/scanner.ts:336:15)

  console.log
    ЁЯФН ╨Ш╨╜╤Д╨╛╤А╨╝╨░╤Ж╨╕╤П ╨╛ ╨▒╤А╨░╤Г╨╖╨╡╤А╨╡: {
      userAgent: 'Mozilla/5.0 (win32) AppleWebKit/537.36 (KHTML, like Gecko) jsdom/26.1.0',
      platform: '',
      language: 'en-US',
      cookieEnabled: true,
      onLine: true
    }

      at BarcodeScanner.log [as startScanning] (src/lib/scanner.ts:337:15)

  console.log
    ЁЯФР ╨Я╤А╨╛╨▓╨╡╤А╨║╨░ ╤А╨░╨╖╤А╨╡╤И╨╡╨╜╨╕╨╣ ╨║╨░╨╝╨╡╤А╤Л...

      at BarcodeScanner.log [as startScanning] (src/lib/scanner.ts:346:15)

  console.log
    ЁЯЫС ╨Ю╤Б╤В╨░╨╜╨╛╨▓╨║╨░ ╤Б╨║╨░╨╜╨╕╤А╨╛╨▓╨░╨╜╨╕╤П...

      at BarcodeScanner.log [as stopScanning] (src/lib/scanner.ts:853:15)

  console.log
    ЁЯз╣ ╨Т╨╕╨┤╨╡╨╛ ╤Н╨╗╨╡╨╝╨╡╨╜╤В ╨╛╤З╨╕╤Й╨╡╨╜

      at BarcodeScanner.log [as stopCurrentStream] (src/lib/scanner.ts:744:17)

  console.log
    тЬЕ ╨б╨║╨░╨╜╨╕╤А╨╛╨▓╨░╨╜╨╕╨╡ ╨╛╤Б╤В╨░╨╜╨╛╨▓╨╗╨╡╨╜╨╛

      at BarcodeScanner.log [as stopScanning] (src/lib/scanner.ts:866:15)

  console.log
    ЁЯОе ╨Ч╨░╨┐╤Г╤Б╨║ ╤Б╨║╨░╨╜╨╕╤А╨╛╨▓╨░╨╜╨╕╤П...

      at log (src/components/Scanner.tsx:479:15)

  console.log
    ЁЯУ▒ ╨Ш╨╜╤Д╨╛╤А╨╝╨░╤Ж╨╕╤П ╨╛ ╨▓╨╕╨┤╨╡╨╛ ╤Н╨╗╨╡╨╝╨╡╨╜╤В╨╡: {
      element: <ref *1> HTMLVideoElement {
        '__reactFiber$t4lsjnwx8va': FiberNode {
          tag: 5,
          key: null,
          elementType: 'video',
          type: 'video',
          stateNode: [Circular *1],
          return: [FiberNode],
          child: null,
          sibling: [FiberNode],
          index: 1,
          ref: [Object],
          refCleanup: null,
          pendingProps: [Object],
          memoizedProps: [Object],
          updateQueue: null,
          memoizedState: null,
          dependencies: null,
          mode: 25,
          flags: 5243392,
          subtreeFlags: 0,
          deletions: null,
          lanes: 0,
          childLanes: 0,
          alternate: null,
          actualDuration: -0,
          actualStartTime: 5916.8623,
          selfBaseDuration: -0,
          treeBaseDuration: -0,
          _debugInfo: null,
          _debugOwner: [FiberNode],
          _debugStack: Error: react-stack-top-frame
              at process.env.NODE_ENV.exports.jsx (D:\Dev\ExoScan\exoscan-web\node_modules\react\cjs\react-jsx-runtime.development.js:337:13)
              at ScannerContent (D:\Dev\ExoScan\exoscan-web\src\components\Scanner.tsx:784:9)
              at Object.react-stack-bottom-frame (D:\Dev\ExoScan\exoscan-web\node_modules\react-dom\cjs\react-dom-client.development.js:23863:20)
              at renderWithHooksAgain (D:\Dev\ExoScan\exoscan-web\node_modules\react-dom\cjs\react-dom-client.development.js:5629:20)
              at renderWithHooks (D:\Dev\ExoScan\exoscan-web\node_modules\react-dom\cjs\react-dom-client.development.js:5541:22)
              at updateFunctionComponent (D:\Dev\ExoScan\exoscan-web\node_modules\react-dom\cjs\react-dom-client.development.js:8897:19)
              at beginWork (D:\Dev\ExoScan\exoscan-web\node_modules\react-dom\cjs\react-dom-client.development.js:10522:18)
              at runWithFiberInDEV (D:\Dev\ExoScan\exoscan-web\node_modules\react-dom\cjs\react-dom-client.development.js:1522:13)
              at performUnitOfWork (D:\Dev\ExoScan\exoscan-web\node_modules\react-dom\cjs\react-dom-client.development.js:15140:22)
              at workLoopSync (D:\Dev\ExoScan\exoscan-web\node_modules\react-dom\cjs\react-dom-client.development.js:14956:41)
              at renderRootSync (D:\Dev\ExoScan\exoscan-web\node_modules\react-dom\cjs\react-dom-client.development.js:14936:11)
              at performWorkOnRoot (D:\Dev\ExoScan\exoscan-web\node_modules\react-dom\cjs\react-dom-client.development.js:14419:13)
              at performWorkOnRootViaSchedulerTask (D:\Dev\ExoScan\exoscan-web\node_modules\react-dom\cjs\react-dom-client.development.js:16216:7)
              at flushActQueue (D:\Dev\ExoScan\exoscan-web\node_modules\react\cjs\react.development.js:566:34)
              at process.env.NODE_ENV.exports.act (D:\Dev\ExoScan\exoscan-web\node_modules\react\cjs\react.development.js:859:10)
              at D:\Dev\ExoScan\exoscan-web\node_modules\@testing-library\react\dist\act-compat.js:47:25
              at renderRoot (D:\Dev\ExoScan\exoscan-web\node_modules\@testing-library\react\dist\pure.js:190:26)
              at render (D:\Dev\ExoScan\exoscan-web\node_modules\@testing-library\react\dist\pure.js:292:10)
              at Object.<anonymous> (D:\Dev\ExoScan\exoscan-web\src\components\__tests__\Scanner.strict-mode.test.tsx:284:43)
              at Promise.finally.completed (D:\Dev\ExoScan\exoscan-web\node_modules\jest-circus\build\jestAdapterInit.js:1557:28)
              at new Promise (<anonymous>)
              at callAsyncCircusFn (D:\Dev\ExoScan\exoscan-web\node_modules\jest-circus\build\jestAdapterInit.js:1497:10)
              at _callCircusTest (D:\Dev\ExoScan\exoscan-web\node_modules\jest-circus\build\jestAdapterInit.js:1007:40)
              at _runTest (D:\Dev\ExoScan\exoscan-web\node_modules\jest-circus\build\jestAdapterInit.js:947:3)
              at D:\Dev\ExoScan\exoscan-web\node_modules\jest-circus\build\jestAdapterInit.js:849:7
              at _runTestsForDescribeBlock (D:\Dev\ExoScan\exoscan-web\node_modules\jest-circus\build\jestAdapterInit.js:862:11)
              at _runTestsForDescribeBlock (D:\Dev\ExoScan\exoscan-web\node_modules\jest-circus\build\jestAdapterInit.js:857:11)
              at _runTestsForDescribeBlock (D:\Dev\ExoScan\exoscan-web\node_modules\jest-circus\build\jestAdapterInit.js:857:11)
              at run (D:\Dev\ExoScan\exoscan-web\node_modules\jest-circus\build\jestAdapterInit.js:761:3)
              at runAndTransformResultsToJestFormat (D:\Dev\ExoScan\exoscan-web\node_modules\jest-circus\build\jestAdapterInit.js:1918:21)
              at jestAdapter (D:\Dev\ExoScan\exoscan-web\node_modules\jest-circus\build\runner.js:101:19)
              at runTestInternal (D:\Dev\ExoScan\exoscan-web\node_modules\jest-runner\build\testWorker.js:275:16)
              at runTest (D:\Dev\ExoScan\exoscan-web\node_modules\jest-runner\build\testWorker.js:343:7)
              at Object.worker (D:\Dev\ExoScan\exoscan-web\node_modules\jest-runner\build\testWorker.js:497:12),
          _debugTask: null,
          _debugNeedsRemount: false,
          _debugHookTypes: null
        },
        '__reactProps$t4lsjnwx8va': {
          ref: [Object],
          className: 'w-full object-cover transition-transform duration-200 h-80 md:h-96 lg:h-[500px]',
          autoPlay: true,
          playsInline: true,
          muted: true,
          controls: false,
          'webkit-playsinline': 'true',
          onLoadedData: [AsyncFunction: onLoadedData],
          onCanPlay: [AsyncFunction: onCanPlay],
          onClick: [AsyncFunction: onClick],
          onTouchStart: [AsyncFunction: onTouchStart],
          style: [Object]
        },
        '__reactEvents$t4lsjnwx8va': Set(24) {
          'abort__bubble',
          'canplay__bubble',
          'canplaythrough__bubble',
          'durationchange__bubble',
          'emptied__bubble',
          'encrypted__bubble',
          'ended__bubble',
          'error__bubble',
          'loadeddata__bubble',
          'loadedmetadata__bubble',
          'loadstart__bubble',
          'pause__bubble',
          'play__bubble',
          'playing__bubble',
          'progress__bubble',
          'ratechange__bubble',
          'resize__bubble',
          'seeked__bubble',
          'seeking__bubble',
          'stalled__bubble',
          'suspend__bubble',
          'timeupdate__bubble',
          'volumechange__bubble',
          'waiting__bubble'
        },
        [Symbol(SameObject caches)]: [Object: null prototype] {
          style: [CSSStyleDeclaration],
          attributes: NamedNodeMap {}
        }
      },
      tagName: 'VIDEO',
      id: '',
      className: 'w-full object-cover transition-transform duration-200 h-80 md:h-96 lg:h-[500px]',
      style: 'transform: scale(1); transform-origin: center center; background-color: rgb(0, 0, 0); min-height: 20rem;',
      attributes: [
        {
          name: 'class',
          value: 'w-full object-cover transition-transform duration-200 h-80 md:h-96 lg:h-[500px]'
        },
        { name: 'autoplay', value: '' },
        { name: 'playsinline', value: '' },
        { name: 'webkit-playsinline', value: 'true' },
        {
          name: 'style',
          value: 'transform: scale(1); transform-origin: center center; background-color: rgb(0, 0, 0); min-height: 20rem;'
        }
      ]
    }

      at log (src/components/Scanner.tsx:480:15)

  console.log
    тЬЕ ╨Я╨╛╨┤╨┤╨╡╤А╨╢╨║╨░ ╨║╨░╨╝╨╡╤А╤Л: OK

      at log (src/components/Scanner.tsx:502:15)

  console.log
    тЬЕ ╨С╨╡╨╖╨╛╨┐╨░╤Б╨╜╤Л╨╣ ╨║╨╛╨╜╤В╨╡╨║╤Б╤В: OK

      at log (src/components/Scanner.tsx:512:15)

  console.log
    ЁЯФД ╨Я╨╛╨╗╤Г╤З╨╡╨╜╨╕╨╡ ╨┤╨╛╤Б╤В╤Г╨┐╨░ ╨║ ╨║╨░╨╝╨╡╤А╨╡...

      at log (src/components/Scanner.tsx:522:17)

  console.log
    ЁЯЪА ╨Э╨░╤З╨╕╨╜╨░╨╡╨╝ ╨┐╤А╨╛╤Ж╨╡╤Б╤Б ╤Б╨║╨░╨╜╨╕╤А╨╛╨▓╨░╨╜╨╕╤П...

      at log (src/components/Scanner.tsx:523:17)

  console.log
    ЁЯУ▒ BarcodeScanner: ╨Э╨░╤З╨╕╨╜╨░╨╡╨╝ ╨┐╤А╨╛╤Ж╨╡╤Б╤Б ╤Б╨║╨░╨╜╨╕╤А╨╛╨▓╨░╨╜╨╕╤П

      at BarcodeScanner.log [as startScanning] (src/lib/scanner.ts:336:15)

  console.log
    ЁЯФН ╨Ш╨╜╤Д╨╛╤А╨╝╨░╤Ж╨╕╤П ╨╛ ╨▒╤А╨░╤Г╨╖╨╡╤А╨╡: {
      userAgent: 'Mozilla/5.0 (win32) AppleWebKit/537.36 (KHTML, like Gecko) jsdom/26.1.0',
      platform: '',
      language: 'en-US',
      cookieEnabled: true,
      onLine: true
    }

      at BarcodeScanner.log [as startScanning] (src/lib/scanner.ts:337:15)

  console.log
    ЁЯФР ╨Я╤А╨╛╨▓╨╡╤А╨║╨░ ╤А╨░╨╖╤А╨╡╤И╨╡╨╜╨╕╨╣ ╨║╨░╨╝╨╡╤А╤Л...

      at BarcodeScanner.log [as startScanning] (src/lib/scanner.ts:346:15)

  console.log
    ЁЯЫС ╨Ю╤Б╤В╨░╨╜╨╛╨▓╨║╨░ ╤Б╨║╨░╨╜╨╕╤А╨╛╨▓╨░╨╜╨╕╤П...

      at BarcodeScanner.log [as stopScanning] (src/lib/scanner.ts:853:15)

  console.log
    ЁЯз╣ ╨Т╨╕╨┤╨╡╨╛ ╤Н╨╗╨╡╨╝╨╡╨╜╤В ╨╛╤З╨╕╤Й╨╡╨╜

      at BarcodeScanner.log [as stopCurrentStream] (src/lib/scanner.ts:744:17)

  console.log
    тЬЕ ╨б╨║╨░╨╜╨╕╤А╨╛╨▓╨░╨╜╨╕╨╡ ╨╛╤Б╤В╨░╨╜╨╛╨▓╨╗╨╡╨╜╨╛

      at BarcodeScanner.log [as stopScanning] (src/lib/scanner.ts:866:15)

  console.log
    ЁЯОе ╨Ч╨░╨┐╤Г╤Б╨║ ╤Б╨║╨░╨╜╨╕╤А╨╛╨▓╨░╨╜╨╕╤П...

      at log (src/components/Scanner.tsx:479:15)

  console.log
    ЁЯУ▒ ╨Ш╨╜╤Д╨╛╤А╨╝╨░╤Ж╨╕╤П ╨╛ ╨▓╨╕╨┤╨╡╨╛ ╤Н╨╗╨╡╨╝╨╡╨╜╤В╨╡: {
      element: <ref *1> HTMLVideoElement {
        '__reactFiber$t4lsjnwx8va': FiberNode {
          tag: 5,
          key: null,
          elementType: 'video',
          type: 'video',
          stateNode: [Circular *1],
          return: [FiberNode],
          child: null,
          sibling: [FiberNode],
          index: 1,
          ref: [Object],
          refCleanup: null,
          pendingProps: [Object],
          memoizedProps: [Object],
          updateQueue: null,
          memoizedState: null,
          dependencies: null,
          mode: 25,
          flags: 5243392,
          subtreeFlags: 0,
          deletions: null,
          lanes: 0,
          childLanes: 0,
          alternate: null,
          actualDuration: -0,
          actualStartTime: 5916.8623,
          selfBaseDuration: -0,
          treeBaseDuration: -0,
          _debugInfo: null,
          _debugOwner: [FiberNode],
          _debugStack: Error: react-stack-top-frame
              at process.env.NODE_ENV.exports.jsx (D:\Dev\ExoScan\exoscan-web\node_modules\react\cjs\react-jsx-runtime.development.js:337:13)
              at ScannerContent (D:\Dev\ExoScan\exoscan-web\src\components\Scanner.tsx:784:9)
              at Object.react-stack-bottom-frame (D:\Dev\ExoScan\exoscan-web\node_modules\react-dom\cjs\react-dom-client.development.js:23863:20)
              at renderWithHooksAgain (D:\Dev\ExoScan\exoscan-web\node_modules\react-dom\cjs\react-dom-client.development.js:5629:20)
              at renderWithHooks (D:\Dev\ExoScan\exoscan-web\node_modules\react-dom\cjs\react-dom-client.development.js:5541:22)
              at updateFunctionComponent (D:\Dev\ExoScan\exoscan-web\node_modules\react-dom\cjs\react-dom-client.development.js:8897:19)
              at beginWork (D:\Dev\ExoScan\exoscan-web\node_modules\react-dom\cjs\react-dom-client.development.js:10522:18)
              at runWithFiberInDEV (D:\Dev\ExoScan\exoscan-web\node_modules\react-dom\cjs\react-dom-client.development.js:1522:13)
              at performUnitOfWork (D:\Dev\ExoScan\exoscan-web\node_modules\react-dom\cjs\react-dom-client.development.js:15140:22)
              at workLoopSync (D:\Dev\ExoScan\exoscan-web\node_modules\react-dom\cjs\react-dom-client.development.js:14956:41)
              at renderRootSync (D:\Dev\ExoScan\exoscan-web\node_modules\react-dom\cjs\react-dom-client.development.js:14936:11)
              at performWorkOnRoot (D:\Dev\ExoScan\exoscan-web\node_modules\react-dom\cjs\react-dom-client.development.js:14419:13)
              at performWorkOnRootViaSchedulerTask (D:\Dev\ExoScan\exoscan-web\node_modules\react-dom\cjs\react-dom-client.development.js:16216:7)
              at flushActQueue (D:\Dev\ExoScan\exoscan-web\node_modules\react\cjs\react.development.js:566:34)
              at process.env.NODE_ENV.exports.act (D:\Dev\ExoScan\exoscan-web\node_modules\react\cjs\react.development.js:859:10)
              at D:\Dev\ExoScan\exoscan-web\node_modules\@testing-library\react\dist\act-compat.js:47:25
              at renderRoot (D:\Dev\ExoScan\exoscan-web\node_modules\@testing-library\react\dist\pure.js:190:26)
              at render (D:\Dev\ExoScan\exoscan-web\node_modules\@testing-library\react\dist\pure.js:292:10)
              at Object.<anonymous> (D:\Dev\ExoScan\exoscan-web\src\components\__tests__\Scanner.strict-mode.test.tsx:284:43)
              at Promise.finally.completed (D:\Dev\ExoScan\exoscan-web\node_modules\jest-circus\build\jestAdapterInit.js:1557:28)
              at new Promise (<anonymous>)
              at callAsyncCircusFn (D:\Dev\ExoScan\exoscan-web\node_modules\jest-circus\build\jestAdapterInit.js:1497:10)
              at _callCircusTest (D:\Dev\ExoScan\exoscan-web\node_modules\jest-circus\build\jestAdapterInit.js:1007:40)
              at _runTest (D:\Dev\ExoScan\exoscan-web\node_modules\jest-circus\build\jestAdapterInit.js:947:3)
              at D:\Dev\ExoScan\exoscan-web\node_modules\jest-circus\build\jestAdapterInit.js:849:7
              at _runTestsForDescribeBlock (D:\Dev\ExoScan\exoscan-web\node_modules\jest-circus\build\jestAdapterInit.js:862:11)
              at _runTestsForDescribeBlock (D:\Dev\ExoScan\exoscan-web\node_modules\jest-circus\build\jestAdapterInit.js:857:11)
              at _runTestsForDescribeBlock (D:\Dev\ExoScan\exoscan-web\node_modules\jest-circus\build\jestAdapterInit.js:857:11)
              at run (D:\Dev\ExoScan\exoscan-web\node_modules\jest-circus\build\jestAdapterInit.js:761:3)
              at runAndTransformResultsToJestFormat (D:\Dev\ExoScan\exoscan-web\node_modules\jest-circus\build\jestAdapterInit.js:1918:21)
              at jestAdapter (D:\Dev\ExoScan\exoscan-web\node_modules\jest-circus\build\runner.js:101:19)
              at runTestInternal (D:\Dev\ExoScan\exoscan-web\node_modules\jest-runner\build\testWorker.js:275:16)
              at runTest (D:\Dev\ExoScan\exoscan-web\node_modules\jest-runner\build\testWorker.js:343:7)
              at Object.worker (D:\Dev\ExoScan\exoscan-web\node_modules\jest-runner\build\testWorker.js:497:12),
          _debugTask: null,
          _debugNeedsRemount: false,
          _debugHookTypes: null
        },
        '__reactProps$t4lsjnwx8va': {
          ref: [Object],
          className: 'w-full object-cover transition-transform duration-200 h-80 md:h-96 lg:h-[500px]',
          autoPlay: true,
          playsInline: true,
          muted: true,
          controls: false,
          'webkit-playsinline': 'true',
          onLoadedData: [AsyncFunction: onLoadedData],
          onCanPlay: [AsyncFunction: onCanPlay],
          onClick: [AsyncFunction: onClick],
          onTouchStart: [AsyncFunction: onTouchStart],
          style: [Object]
        },
        '__reactEvents$t4lsjnwx8va': Set(24) {
          'abort__bubble',
          'canplay__bubble',
          'canplaythrough__bubble',
          'durationchange__bubble',
          'emptied__bubble',
          'encrypted__bubble',
          'ended__bubble',
          'error__bubble',
          'loadeddata__bubble',
          'loadedmetadata__bubble',
          'loadstart__bubble',
          'pause__bubble',
          'play__bubble',
          'playing__bubble',
          'progress__bubble',
          'ratechange__bubble',
          'resize__bubble',
          'seeked__bubble',
          'seeking__bubble',
          'stalled__bubble',
          'suspend__bubble',
          'timeupdate__bubble',
          'volumechange__bubble',
          'waiting__bubble'
        },
        srcObject: null,
        [Symbol(SameObject caches)]: [Object: null prototype] {
          style: [CSSStyleDeclaration],
          attributes: NamedNodeMap {}
        }
      },
      tagName: 'VIDEO',
      id: '',
      className: 'w-full object-cover transition-transform duration-200 h-80 md:h-96 lg:h-[500px]',
      style: 'transform: scale(1); transform-origin: center center; background-color: rgb(0, 0, 0); min-height: 20rem;',
      attributes: [
        {
          name: 'class',
          value: 'w-full object-cover transition-transform duration-200 h-80 md:h-96 lg:h-[500px]'
        },
        { name: 'autoplay', value: '' },
        { name: 'playsinline', value: '' },
        { name: 'webkit-playsinline', value: 'true' },
        {
          name: 'style',
          value: 'transform: scale(1); transform-origin: center center; background-color: rgb(0, 0, 0); min-height: 20rem;'
        }
      ]
    }

      at log (src/components/Scanner.tsx:480:15)

  console.log
    тЬЕ ╨Я╨╛╨┤╨┤╨╡╤А╨╢╨║╨░ ╨║╨░╨╝╨╡╤А╤Л: OK

      at log (src/components/Scanner.tsx:502:15)

  console.log
    тЬЕ ╨С╨╡╨╖╨╛╨┐╨░╤Б╨╜╤Л╨╣ ╨║╨╛╨╜╤В╨╡╨║╤Б╤В: OK

      at log (src/components/Scanner.tsx:512:15)

  console.log
    ЁЯФД ╨Я╨╛╨╗╤Г╤З╨╡╨╜╨╕╨╡ ╨┤╨╛╤Б╤В╤Г╨┐╨░ ╨║ ╨║╨░╨╝╨╡╤А╨╡...

      at log (src/components/Scanner.tsx:522:17)

  console.log
    ЁЯЪА ╨Э╨░╤З╨╕╨╜╨░╨╡╨╝ ╨┐╤А╨╛╤Ж╨╡╤Б╤Б ╤Б╨║╨░╨╜╨╕╤А╨╛╨▓╨░╨╜╨╕╤П...

      at log (src/components/Scanner.tsx:523:17)

  console.log
    ЁЯУ▒ BarcodeScanner: ╨Э╨░╤З╨╕╨╜╨░╨╡╨╝ ╨┐╤А╨╛╤Ж╨╡╤Б╤Б ╤Б╨║╨░╨╜╨╕╤А╨╛╨▓╨░╨╜╨╕╤П

      at BarcodeScanner.log [as startScanning] (src/lib/scanner.ts:336:15)

  console.log
    ЁЯФН ╨Ш╨╜╤Д╨╛╤А╨╝╨░╤Ж╨╕╤П ╨╛ ╨▒╤А╨░╤Г╨╖╨╡╤А╨╡: {
      userAgent: 'Mozilla/5.0 (win32) AppleWebKit/537.36 (KHTML, like Gecko) jsdom/26.1.0',
      platform: '',
      language: 'en-US',
      cookieEnabled: true,
      onLine: true
    }

      at BarcodeScanner.log [as startScanning] (src/lib/scanner.ts:337:15)

  console.log
    ЁЯФР ╨Я╤А╨╛╨▓╨╡╤А╨║╨░ ╤А╨░╨╖╤А╨╡╤И╨╡╨╜╨╕╨╣ ╨║╨░╨╝╨╡╤А╤Л...

      at BarcodeScanner.log [as startScanning] (src/lib/scanner.ts:346:15)

  console.log
    ЁЯЫС ╨Ю╤Б╤В╨░╨╜╨╛╨▓╨║╨░ ╤Б╨║╨░╨╜╨╕╤А╨╛╨▓╨░╨╜╨╕╤П...

      at BarcodeScanner.log [as stopScanning] (src/lib/scanner.ts:853:15)

  console.log
    ЁЯз╣ ╨Т╨╕╨┤╨╡╨╛ ╤Н╨╗╨╡╨╝╨╡╨╜╤В ╨╛╤З╨╕╤Й╨╡╨╜

      at BarcodeScanner.log [as stopCurrentStream] (src/lib/scanner.ts:744:17)

  console.log
    тЬЕ ╨б╨║╨░╨╜╨╕╤А╨╛╨▓╨░╨╜╨╕╨╡ ╨╛╤Б╤В╨░╨╜╨╛╨▓╨╗╨╡╨╜╨╛

      at BarcodeScanner.log [as stopScanning] (src/lib/scanner.ts:866:15)

  console.log
    ЁЯФР ╨б╤В╨░╤В╤Г╤Б ╤А╨░╨╖╤А╨╡╤И╨╡╨╜╨╕╨╣: { granted: true, denied: false, prompt: false }

      at BarcodeScanner.log [as startScanning] (src/lib/scanner.ts:348:15)

  console.log
    тЬЕ MediaDevices API: OK

      at BarcodeScanner.log [as startScanning] (src/lib/scanner.ts:383:15)

  console.log
    тЬЕ getUserMedia: OK

      at BarcodeScanner.log [as startScanning] (src/lib/scanner.ts:401:15)

  console.log
    ЁЯУ╣ ╨Я╨╛╨╕╤Б╨║ ╨┤╨╛╤Б╤В╤Г╨┐╨╜╤Л╤Е ╨║╨░╨╝╨╡╤А...

      at BarcodeScanner.log [as startScanning] (src/lib/scanner.ts:404:15)

  console.log
    ЁЯФР ╨б╤В╨░╤В╤Г╤Б ╤А╨░╨╖╤А╨╡╤И╨╡╨╜╨╕╨╣: { granted: true, denied: false, prompt: false }

      at BarcodeScanner.log [as startScanning] (src/lib/scanner.ts:348:15)

  console.log
    тЬЕ MediaDevices API: OK

      at BarcodeScanner.log [as startScanning] (src/lib/scanner.ts:383:15)

  console.log
    тЬЕ getUserMedia: OK

      at BarcodeScanner.log [as startScanning] (src/lib/scanner.ts:401:15)

  console.log
    ЁЯУ╣ ╨Я╨╛╨╕╤Б╨║ ╨┤╨╛╤Б╤В╤Г╨┐╨╜╤Л╤Е ╨║╨░╨╝╨╡╤А...

      at BarcodeScanner.log [as startScanning] (src/lib/scanner.ts:404:15)

  console.log
    ЁЯФР ╨б╤В╨░╤В╤Г╤Б ╤А╨░╨╖╤А╨╡╤И╨╡╨╜╨╕╨╣: { granted: true, denied: false, prompt: false }

      at BarcodeScanner.log [as startScanning] (src/lib/scanner.ts:348:15)

  console.log
    тЬЕ MediaDevices API: OK

      at BarcodeScanner.log [as startScanning] (src/lib/scanner.ts:383:15)

  console.log
    тЬЕ getUserMedia: OK

      at BarcodeScanner.log [as startScanning] (src/lib/scanner.ts:401:15)

  console.log
    ЁЯУ╣ ╨Я╨╛╨╕╤Б╨║ ╨┤╨╛╤Б╤В╤Г╨┐╨╜╤Л╤Е ╨║╨░╨╝╨╡╤А...

      at BarcodeScanner.log [as startScanning] (src/lib/scanner.ts:404:15)

  console.log
    ЁЯФР ╨б╤В╨░╤В╤Г╤Б ╤А╨░╨╖╤А╨╡╤И╨╡╨╜╨╕╨╣: { granted: true, denied: false, prompt: false }

      at BarcodeScanner.log [as startScanning] (src/lib/scanner.ts:348:15)

  console.log
    тЬЕ MediaDevices API: OK

      at BarcodeScanner.log [as startScanning] (src/lib/scanner.ts:383:15)

  console.log
    тЬЕ getUserMedia: OK

      at BarcodeScanner.log [as startScanning] (src/lib/scanner.ts:401:15)

  console.log
    ЁЯУ╣ ╨Я╨╛╨╕╤Б╨║ ╨┤╨╛╤Б╤В╤Г╨┐╨╜╤Л╤Е ╨║╨░╨╝╨╡╤А...

      at BarcodeScanner.log [as startScanning] (src/lib/scanner.ts:404:15)

  console.log
    ЁЯУ╣ ╨Э╨░╨╣╨┤╨╡╨╜╨╛ ╨║╨░╨╝╨╡╤А: 2 [
      { id: 'camera1', label: 'Back Camera', kind: 'videoinput' },
      { id: 'camera2', label: 'Front Camera', kind: 'videoinput' }
    ]

      at BarcodeScanner.log [as startScanning] (src/lib/scanner.ts:406:15)

  console.log
    ЁЯУ╖ ╨Т╤Л╨▒╤А╨░╨╜╨╜╨░╤П ╨║╨░╨╝╨╡╤А╨░: { label: 'Back Camera', id: 'camera1', source: 'back-camera' }

      at BarcodeScanner.log [as startScanning] (src/lib/scanner.ts:440:15)

  console.log
    ЁЯУ▒ ╨Ь╨╛╨▒╨╕╨╗╤М╨╜╨╛╨╡ ╤Г╤Б╤В╤А╨╛╨╣╤Б╤В╨▓╨╛: false

      at BarcodeScanner.log [as startScanning] (src/lib/scanner.ts:448:15)

  console.log
    ЁЯУ▒ ╨г╤Б╤В╤А╨╛╨╣╤Б╤В╨▓╨╛: ╨Ф╤А╤Г╨│╨╛╨╡, ╨С╤А╨░╤Г╨╖╨╡╤А: ╨Ф╤А╤Г╨│╨╛╨╣

      at BarcodeScanner.log [as getOptimalCameraConstraints] (src/lib/scanner.ts:135:13)

  console.log
    ЁЯОе ╨Э╨░╤Б╤В╤А╨╛╨╣╨║╨╕ ╨║╨░╨╝╨╡╤А╤Л: {
      video: {
        deviceId: { ideal: 'camera1' },
        facingMode: undefined,
        width: { ideal: 1920 },
        height: { ideal: 1080 },
        frameRate: { ideal: 30 }
      }
    }

      at BarcodeScanner.log [as startScanning] (src/lib/scanner.ts:452:15)

  console.log
    ЁЯФН ╨Ч╨░╨┐╤Г╤Б╨║ ╨╜╨╡╨┐╤А╨╡╤А╤Л╨▓╨╜╨╛╨│╨╛ ╨┤╨╡╨║╨╛╨┤╨╕╤А╨╛╨▓╨░╨╜╨╕╤П ╤И╤В╤А╨╕╤Е-╨║╨╛╨┤╨╛╨▓...

      at BarcodeScanner.log [as startScanning] (src/lib/scanner.ts:455:15)

  console.log
    ЁЯз╣ ╨Ю╤З╨╕╤Б╤В╨║╨░ ╤Б╤Г╤Й╨╡╤Б╤В╨▓╤Г╤О╤Й╨╡╨│╨╛ ╨┐╨╛╤В╨╛╨║╨░...

      at BarcodeScanner.log [as startScanning] (src/lib/scanner.ts:458:15)

  console.log
    ЁЯУ║ ╨б╨╛╤Б╤В╨╛╤П╨╜╨╕╨╡ ╨▓╨╕╨┤╨╡╨╛ ╤Н╨╗╨╡╨╝╨╡╨╜╤В╨░: {
      readyState: 0,
      videoWidth: 0,
      videoHeight: 0,
      paused: true,
      ended: false,
      muted: true,
      autoplay: true,
      playsInline: true
    }

      at BarcodeScanner.log [as startScanning] (src/lib/scanner.ts:462:15)

  console.log
    ЁЯФД ╨Ч╨░╨┐╤Г╤Б╨║ ╨┤╨╡╨║╨╛╨┤╨╕╤А╨╛╨▓╨░╨╜╨╕╤П ╤Б ╨╛╨│╤А╨░╨╜╨╕╤З╨╡╨╜╨╕╤П╨╝╨╕...

      at BarcodeScanner.log [as startScanning] (src/lib/scanner.ts:474:15)

  console.log
    ЁЯФД ╨Я╨╛╨┐╤Л╤В╨║╨░ ╨╖╨░╨┐╤Г╤Б╨║╨░ ╤Б optimal ╨╛╨│╤А╨░╨╜╨╕╤З╨╡╨╜╨╕╤П╨╝╨╕: {
      "video": {
        "deviceId": {
          "ideal": "camera1"
        },
        "width": {
          "ideal": 1920
        },
        "height": {
          "ideal": 1080
        },
        "frameRate": {
          "ideal": 30
        }
      }
    }

      at BarcodeScanner.log [as startScanning] (src/lib/scanner.ts:487:19)

  console.log
    ЁЯОе ╨Я╨╛╨╗╤Г╤З╨╡╨╜╨╕╨╡ ╨┐╨╛╤В╨╛╨║╨░ ╤З╨╡╤А╨╡╨╖ getUserMedia...

      at BarcodeScanner.log [as startScanning] (src/lib/scanner.ts:490:19)

  console.log
    ЁЯУ╣ ╨Э╨░╨╣╨┤╨╡╨╜╨╛ ╨║╨░╨╝╨╡╤А: 2 [
      { id: 'camera1', label: 'Back Camera', kind: 'videoinput' },
      { id: 'camera2', label: 'Front Camera', kind: 'videoinput' }
    ]

      at BarcodeScanner.log [as startScanning] (src/lib/scanner.ts:406:15)

  console.log
    ЁЯУ╖ ╨Т╤Л╨▒╤А╨░╨╜╨╜╨░╤П ╨║╨░╨╝╨╡╤А╨░: { label: 'Back Camera', id: 'camera1', source: 'back-camera' }

      at BarcodeScanner.log [as startScanning] (src/lib/scanner.ts:440:15)

  console.log
    ЁЯУ▒ ╨Ь╨╛╨▒╨╕╨╗╤М╨╜╨╛╨╡ ╤Г╤Б╤В╤А╨╛╨╣╤Б╤В╨▓╨╛: false

      at BarcodeScanner.log [as startScanning] (src/lib/scanner.ts:448:15)

  console.log
    ЁЯУ▒ ╨г╤Б╤В╤А╨╛╨╣╤Б╤В╨▓╨╛: ╨Ф╤А╤Г╨│╨╛╨╡, ╨С╤А╨░╤Г╨╖╨╡╤А: ╨Ф╤А╤Г╨│╨╛╨╣

      at BarcodeScanner.log [as getOptimalCameraConstraints] (src/lib/scanner.ts:135:13)

  console.log
    ЁЯОе ╨Э╨░╤Б╤В╤А╨╛╨╣╨║╨╕ ╨║╨░╨╝╨╡╤А╤Л: {
      video: {
        deviceId: { ideal: 'camera1' },
        facingMode: undefined,
        width: { ideal: 1920 },
        height: { ideal: 1080 },
        frameRate: { ideal: 30 }
      }
    }

      at BarcodeScanner.log [as startScanning] (src/lib/scanner.ts:452:15)

  console.log
    ЁЯФН ╨Ч╨░╨┐╤Г╤Б╨║ ╨╜╨╡╨┐╤А╨╡╤А╤Л╨▓╨╜╨╛╨│╨╛ ╨┤╨╡╨║╨╛╨┤╨╕╤А╨╛╨▓╨░╨╜╨╕╤П ╤И╤В╤А╨╕╤Е-╨║╨╛╨┤╨╛╨▓...

      at BarcodeScanner.log [as startScanning] (src/lib/scanner.ts:455:15)

  console.log
    ЁЯз╣ ╨Ю╤З╨╕╤Б╤В╨║╨░ ╤Б╤Г╤Й╨╡╤Б╤В╨▓╤Г╤О╤Й╨╡╨│╨╛ ╨┐╨╛╤В╨╛╨║╨░...

      at BarcodeScanner.log [as startScanning] (src/lib/scanner.ts:458:15)

  console.log
    ЁЯУ║ ╨б╨╛╤Б╤В╨╛╤П╨╜╨╕╨╡ ╨▓╨╕╨┤╨╡╨╛ ╤Н╨╗╨╡╨╝╨╡╨╜╤В╨░: {
      readyState: 0,
      videoWidth: 0,
      videoHeight: 0,
      paused: true,
      ended: false,
      muted: true,
      autoplay: true,
      playsInline: true
    }

      at BarcodeScanner.log [as startScanning] (src/lib/scanner.ts:462:15)

  console.log
    ЁЯФД ╨Ч╨░╨┐╤Г╤Б╨║ ╨┤╨╡╨║╨╛╨┤╨╕╤А╨╛╨▓╨░╨╜╨╕╤П ╤Б ╨╛╨│╤А╨░╨╜╨╕╤З╨╡╨╜╨╕╤П╨╝╨╕...

      at BarcodeScanner.log [as startScanning] (src/lib/scanner.ts:474:15)

  console.log
    ЁЯФД ╨Я╨╛╨┐╤Л╤В╨║╨░ ╨╖╨░╨┐╤Г╤Б╨║╨░ ╤Б optimal ╨╛╨│╤А╨░╨╜╨╕╤З╨╡╨╜╨╕╤П╨╝╨╕: {
      "video": {
        "deviceId": {
          "ideal": "camera1"
        },
        "width": {
          "ideal": 1920
        },
        "height": {
          "ideal": 1080
        },
        "frameRate": {
          "ideal": 30
        }
      }
    }

      at BarcodeScanner.log [as startScanning] (src/lib/scanner.ts:487:19)

  console.log
    ЁЯОе ╨Я╨╛╨╗╤Г╤З╨╡╨╜╨╕╨╡ ╨┐╨╛╤В╨╛╨║╨░ ╤З╨╡╤А╨╡╨╖ getUserMedia...

      at BarcodeScanner.log [as startScanning] (src/lib/scanner.ts:490:19)

  console.log
    ЁЯУ╣ ╨Э╨░╨╣╨┤╨╡╨╜╨╛ ╨║╨░╨╝╨╡╤А: 2 [
      { id: 'camera1', label: 'Back Camera', kind: 'videoinput' },
      { id: 'camera2', label: 'Front Camera', kind: 'videoinput' }
    ]

      at BarcodeScanner.log [as startScanning] (src/lib/scanner.ts:406:15)

  console.log
    ЁЯУ╖ ╨Т╤Л╨▒╤А╨░╨╜╨╜╨░╤П ╨║╨░╨╝╨╡╤А╨░: { label: 'Back Camera', id: 'camera1', source: 'back-camera' }

      at BarcodeScanner.log [as startScanning] (src/lib/scanner.ts:440:15)

  console.log
    ЁЯУ▒ ╨Ь╨╛╨▒╨╕╨╗╤М╨╜╨╛╨╡ ╤Г╤Б╤В╤А╨╛╨╣╤Б╤В╨▓╨╛: false

      at BarcodeScanner.log [as startScanning] (src/lib/scanner.ts:448:15)

  console.log
    ЁЯУ▒ ╨г╤Б╤В╤А╨╛╨╣╤Б╤В╨▓╨╛: ╨Ф╤А╤Г╨│╨╛╨╡, ╨С╤А╨░╤Г╨╖╨╡╤А: ╨Ф╤А╤Г╨│╨╛╨╣

      at BarcodeScanner.log [as getOptimalCameraConstraints] (src/lib/scanner.ts:135:13)

  console.log
    ЁЯОе ╨Э╨░╤Б╤В╤А╨╛╨╣╨║╨╕ ╨║╨░╨╝╨╡╤А╤Л: {
      video: {
        deviceId: { ideal: 'camera1' },
        facingMode: undefined,
        width: { ideal: 1920 },
        height: { ideal: 1080 },
        frameRate: { ideal: 30 }
      }
    }

      at BarcodeScanner.log [as startScanning] (src/lib/scanner.ts:452:15)

  console.log
    ЁЯФН ╨Ч╨░╨┐╤Г╤Б╨║ ╨╜╨╡╨┐╤А╨╡╤А╤Л╨▓╨╜╨╛╨│╨╛ ╨┤╨╡╨║╨╛╨┤╨╕╤А╨╛╨▓╨░╨╜╨╕╤П ╤И╤В╤А╨╕╤Е-╨║╨╛╨┤╨╛╨▓...

      at BarcodeScanner.log [as startScanning] (src/lib/scanner.ts:455:15)

  console.log
    ЁЯз╣ ╨Ю╤З╨╕╤Б╤В╨║╨░ ╤Б╤Г╤Й╨╡╤Б╤В╨▓╤Г╤О╤Й╨╡╨│╨╛ ╨┐╨╛╤В╨╛╨║╨░...

      at BarcodeScanner.log [as startScanning] (src/lib/scanner.ts:458:15)

  console.log
    ЁЯУ║ ╨б╨╛╤Б╤В╨╛╤П╨╜╨╕╨╡ ╨▓╨╕╨┤╨╡╨╛ ╤Н╨╗╨╡╨╝╨╡╨╜╤В╨░: {
      readyState: 0,
      videoWidth: 0,
      videoHeight: 0,
      paused: true,
      ended: false,
      muted: true,
      autoplay: true,
      playsInline: true
    }

      at BarcodeScanner.log [as startScanning] (src/lib/scanner.ts:462:15)

  console.log
    ЁЯФД ╨Ч╨░╨┐╤Г╤Б╨║ ╨┤╨╡╨║╨╛╨┤╨╕╤А╨╛╨▓╨░╨╜╨╕╤П ╤Б ╨╛╨│╤А╨░╨╜╨╕╤З╨╡╨╜╨╕╤П╨╝╨╕...

      at BarcodeScanner.log [as startScanning] (src/lib/scanner.ts:474:15)

  console.log
    ЁЯФД ╨Я╨╛╨┐╤Л╤В╨║╨░ ╨╖╨░╨┐╤Г╤Б╨║╨░ ╤Б optimal ╨╛╨│╤А╨░╨╜╨╕╤З╨╡╨╜╨╕╤П╨╝╨╕: {
      "video": {
        "deviceId": {
          "ideal": "camera1"
        },
        "width": {
          "ideal": 1920
        },
        "height": {
          "ideal": 1080
        },
        "frameRate": {
          "ideal": 30
        }
      }
    }

      at BarcodeScanner.log [as startScanning] (src/lib/scanner.ts:487:19)

  console.log
    ЁЯОе ╨Я╨╛╨╗╤Г╤З╨╡╨╜╨╕╨╡ ╨┐╨╛╤В╨╛╨║╨░ ╤З╨╡╤А╨╡╨╖ getUserMedia...

      at BarcodeScanner.log [as startScanning] (src/lib/scanner.ts:490:19)

  console.log
    ЁЯУ╣ ╨Э╨░╨╣╨┤╨╡╨╜╨╛ ╨║╨░╨╝╨╡╤А: 2 [
      { id: 'camera1', label: 'Back Camera', kind: 'videoinput' },
      { id: 'camera2', label: 'Front Camera', kind: 'videoinput' }
    ]

      at BarcodeScanner.log [as startScanning] (src/lib/scanner.ts:406:15)

  console.log
    ЁЯУ╖ ╨Т╤Л╨▒╤А╨░╨╜╨╜╨░╤П ╨║╨░╨╝╨╡╤А╨░: { label: 'Back Camera', id: 'camera1', source: 'back-camera' }

      at BarcodeScanner.log [as startScanning] (src/lib/scanner.ts:440:15)

  console.log
    ЁЯУ▒ ╨Ь╨╛╨▒╨╕╨╗╤М╨╜╨╛╨╡ ╤Г╤Б╤В╤А╨╛╨╣╤Б╤В╨▓╨╛: false

      at BarcodeScanner.log [as startScanning] (src/lib/scanner.ts:448:15)

  console.log
    ЁЯУ▒ ╨г╤Б╤В╤А╨╛╨╣╤Б╤В╨▓╨╛: ╨Ф╤А╤Г╨│╨╛╨╡, ╨С╤А╨░╤Г╨╖╨╡╤А: ╨Ф╤А╤Г╨│╨╛╨╣

      at BarcodeScanner.log [as getOptimalCameraConstraints] (src/lib/scanner.ts:135:13)

  console.log
    ЁЯОе ╨Э╨░╤Б╤В╤А╨╛╨╣╨║╨╕ ╨║╨░╨╝╨╡╤А╤Л: {
      video: {
        deviceId: { ideal: 'camera1' },
        facingMode: undefined,
        width: { ideal: 1920 },
        height: { ideal: 1080 },
        frameRate: { ideal: 30 }
      }
    }

      at BarcodeScanner.log [as startScanning] (src/lib/scanner.ts:452:15)

  console.log
    ЁЯФН ╨Ч╨░╨┐╤Г╤Б╨║ ╨╜╨╡╨┐╤А╨╡╤А╤Л╨▓╨╜╨╛╨│╨╛ ╨┤╨╡╨║╨╛╨┤╨╕╤А╨╛╨▓╨░╨╜╨╕╤П ╤И╤В╤А╨╕╤Е-╨║╨╛╨┤╨╛╨▓...

      at BarcodeScanner.log [as startScanning] (src/lib/scanner.ts:455:15)

  console.log
    ЁЯз╣ ╨Ю╤З╨╕╤Б╤В╨║╨░ ╤Б╤Г╤Й╨╡╤Б╤В╨▓╤Г╤О╤Й╨╡╨│╨╛ ╨┐╨╛╤В╨╛╨║╨░...

      at BarcodeScanner.log [as startScanning] (src/lib/scanner.ts:458:15)

  console.log
    ЁЯУ║ ╨б╨╛╤Б╤В╨╛╤П╨╜╨╕╨╡ ╨▓╨╕╨┤╨╡╨╛ ╤Н╨╗╨╡╨╝╨╡╨╜╤В╨░: {
      readyState: 0,
      videoWidth: 0,
      videoHeight: 0,
      paused: true,
      ended: false,
      muted: true,
      autoplay: true,
      playsInline: true
    }

      at BarcodeScanner.log [as startScanning] (src/lib/scanner.ts:462:15)

  console.log
    ЁЯФД ╨Ч╨░╨┐╤Г╤Б╨║ ╨┤╨╡╨║╨╛╨┤╨╕╤А╨╛╨▓╨░╨╜╨╕╤П ╤Б ╨╛╨│╤А╨░╨╜╨╕╤З╨╡╨╜╨╕╤П╨╝╨╕...

      at BarcodeScanner.log [as startScanning] (src/lib/scanner.ts:474:15)

  console.log
    ЁЯФД ╨Я╨╛╨┐╤Л╤В╨║╨░ ╨╖╨░╨┐╤Г╤Б╨║╨░ ╤Б optimal ╨╛╨│╤А╨░╨╜╨╕╤З╨╡╨╜╨╕╤П╨╝╨╕: {
      "video": {
        "deviceId": {
          "ideal": "camera1"
        },
        "width": {
          "ideal": 1920
        },
        "height": {
          "ideal": 1080
        },
        "frameRate": {
          "ideal": 30
        }
      }
    }

      at BarcodeScanner.log [as startScanning] (src/lib/scanner.ts:487:19)

  console.log
    ЁЯОе ╨Я╨╛╨╗╤Г╤З╨╡╨╜╨╕╨╡ ╨┐╨╛╤В╨╛╨║╨░ ╤З╨╡╤А╨╡╨╖ getUserMedia...

      at BarcodeScanner.log [as startScanning] (src/lib/scanner.ts:490:19)

  console.log
    тЬЕ ╨Я╨╛╤В╨╛╨║ ╨┐╨╛╨╗╤Г╤З╨╡╨╜: {
      active: undefined,
      id: 'stream-1759353554582-0.7835421325891241',
      tracks: [
        {
          kind: 'video',
          label: undefined,
          enabled: undefined,
          readyState: undefined,
          muted: undefined,
          settings: [Object]
        }
      ]
    }

      at BarcodeScanner.log [as startScanning] (src/lib/scanner.ts:492:19)

  console.log
    ЁЯОм ╨г╤Б╤В╨░╨╜╨╛╨▓╨║╨░ ╨┐╨╛╤В╨╛╨║╨░ ╨▓ ╨▓╨╕╨┤╨╡╨╛ ╤Н╨╗╨╡╨╝╨╡╨╜╤В...

      at BarcodeScanner.log [as startScanning] (src/lib/scanner.ts:515:19)

  console.log
    тЬЕ ╨Я╨╛╤В╨╛╨║ ╨┐╨╛╨╗╤Г╤З╨╡╨╜: {
      active: undefined,
      id: 'stream-1759353554590-0.8782988586386857',
      tracks: [
        {
          kind: 'video',
          label: undefined,
          enabled: undefined,
          readyState: undefined,
          muted: undefined,
          settings: [Object]
        }
      ]
    }

      at BarcodeScanner.log [as startScanning] (src/lib/scanner.ts:492:19)

  console.log
    ЁЯОм ╨г╤Б╤В╨░╨╜╨╛╨▓╨║╨░ ╨┐╨╛╤В╨╛╨║╨░ ╨▓ ╨▓╨╕╨┤╨╡╨╛ ╤Н╨╗╨╡╨╝╨╡╨╜╤В...

      at BarcodeScanner.log [as startScanning] (src/lib/scanner.ts:515:19)

  console.log
    тЬЕ ╨Я╨╛╤В╨╛╨║ ╨┐╨╛╨╗╤Г╤З╨╡╨╜: {
      active: undefined,
      id: 'stream-1759353554602-0.8928362315727727',
      tracks: [
        {
          kind: 'video',
          label: undefined,
          enabled: undefined,
          readyState: undefined,
          muted: undefined,
          settings: [Object]
        }
      ]
    }

      at BarcodeScanner.log [as startScanning] (src/lib/scanner.ts:492:19)

  console.log
    ЁЯОм ╨г╤Б╤В╨░╨╜╨╛╨▓╨║╨░ ╨┐╨╛╤В╨╛╨║╨░ ╨▓ ╨▓╨╕╨┤╨╡╨╛ ╤Н╨╗╨╡╨╝╨╡╨╜╤В...

      at BarcodeScanner.log [as startScanning] (src/lib/scanner.ts:515:19)

  console.log
    тЬЕ ╨Я╨╛╤В╨╛╨║ ╨┐╨╛╨╗╤Г╤З╨╡╨╜: {
      active: undefined,
      id: 'stream-1759353554610-0.7839323760342618',
      tracks: [
        {
          kind: 'video',
          label: undefined,
          enabled: undefined,
          readyState: undefined,
          muted: undefined,
          settings: [Object]
        }
      ]
    }

      at BarcodeScanner.log [as startScanning] (src/lib/scanner.ts:492:19)

  console.log
    ЁЯОм ╨г╤Б╤В╨░╨╜╨╛╨▓╨║╨░ ╨┐╨╛╤В╨╛╨║╨░ ╨▓ ╨▓╨╕╨┤╨╡╨╛ ╤Н╨╗╨╡╨╝╨╡╨╜╤В...

      at BarcodeScanner.log [as startScanning] (src/lib/scanner.ts:515:19)

  console.log
    ЁЯОе ╨Ч╨░╨┐╤Г╤Б╨║ ╤Б╨║╨░╨╜╨╕╤А╨╛╨▓╨░╨╜╨╕╤П...

      at log (src/components/Scanner.tsx:479:15)

  console.log
    ЁЯУ▒ ╨Ш╨╜╤Д╨╛╤А╨╝╨░╤Ж╨╕╤П ╨╛ ╨▓╨╕╨┤╨╡╨╛ ╤Н╨╗╨╡╨╝╨╡╨╜╤В╨╡: {
      element: <ref *1> HTMLVideoElement {
        '__reactFiber$t4lsjnwx8va': FiberNode {
          tag: 5,
          key: null,
          elementType: 'video',
          type: 'video',
          stateNode: [Circular *1],
          return: [FiberNode],
          child: null,
          sibling: [FiberNode],
          index: 1,
          ref: [Object],
          refCleanup: null,
          pendingProps: [Object],
          memoizedProps: [Object],
          updateQueue: null,
          memoizedState: null,
          dependencies: null,
          mode: 25,
          flags: 5243392,
          subtreeFlags: 0,
          deletions: null,
          lanes: 0,
          childLanes: 0,
          alternate: null,
          actualDuration: -0,
          actualStartTime: 6098.1786999999995,
          selfBaseDuration: -0,
          treeBaseDuration: -0,
          _debugInfo: null,
          _debugOwner: [FiberNode],
          _debugStack: Error: react-stack-top-frame
              at process.env.NODE_ENV.exports.jsx (D:\Dev\ExoScan\exoscan-web\node_modules\react\cjs\react-jsx-runtime.development.js:337:13)
              at ScannerContent (D:\Dev\ExoScan\exoscan-web\src\components\Scanner.tsx:784:9)
              at Object.react-stack-bottom-frame (D:\Dev\ExoScan\exoscan-web\node_modules\react-dom\cjs\react-dom-client.development.js:23863:20)
              at renderWithHooksAgain (D:\Dev\ExoScan\exoscan-web\node_modules\react-dom\cjs\react-dom-client.development.js:5629:20)
              at renderWithHooks (D:\Dev\ExoScan\exoscan-web\node_modules\react-dom\cjs\react-dom-client.development.js:5541:22)
              at updateFunctionComponent (D:\Dev\ExoScan\exoscan-web\node_modules\react-dom\cjs\react-dom-client.development.js:8897:19)
              at beginWork (D:\Dev\ExoScan\exoscan-web\node_modules\react-dom\cjs\react-dom-client.development.js:10522:18)
              at runWithFiberInDEV (D:\Dev\ExoScan\exoscan-web\node_modules\react-dom\cjs\react-dom-client.development.js:1522:13)
              at performUnitOfWork (D:\Dev\ExoScan\exoscan-web\node_modules\react-dom\cjs\react-dom-client.development.js:15140:22)
              at workLoopSync (D:\Dev\ExoScan\exoscan-web\node_modules\react-dom\cjs\react-dom-client.development.js:14956:41)
              at renderRootSync (D:\Dev\ExoScan\exoscan-web\node_modules\react-dom\cjs\react-dom-client.development.js:14936:11)
              at performWorkOnRoot (D:\Dev\ExoScan\exoscan-web\node_modules\react-dom\cjs\react-dom-client.development.js:14419:13)
              at performWorkOnRootViaSchedulerTask (D:\Dev\ExoScan\exoscan-web\node_modules\react-dom\cjs\react-dom-client.development.js:16216:7)
              at flushActQueue (D:\Dev\ExoScan\exoscan-web\node_modules\react\cjs\react.development.js:566:34)
              at process.env.NODE_ENV.exports.act (D:\Dev\ExoScan\exoscan-web\node_modules\react\cjs\react.development.js:859:10)
              at D:\Dev\ExoScan\exoscan-web\node_modules\@testing-library\react\dist\act-compat.js:47:25
              at renderRoot (D:\Dev\ExoScan\exoscan-web\node_modules\@testing-library\react\dist\pure.js:190:26)
              at render (D:\Dev\ExoScan\exoscan-web\node_modules\@testing-library\react\dist\pure.js:292:10)
              at Object.<anonymous> (D:\Dev\ExoScan\exoscan-web\src\components\__tests__\Scanner.strict-mode.test.tsx:304:33)
              at Promise.finally.completed (D:\Dev\ExoScan\exoscan-web\node_modules\jest-circus\build\jestAdapterInit.js:1557:28)
              at new Promise (<anonymous>)
              at callAsyncCircusFn (D:\Dev\ExoScan\exoscan-web\node_modules\jest-circus\build\jestAdapterInit.js:1497:10)
              at _callCircusTest (D:\Dev\ExoScan\exoscan-web\node_modules\jest-circus\build\jestAdapterInit.js:1007:40)
              at _runTest (D:\Dev\ExoScan\exoscan-web\node_modules\jest-circus\build\jestAdapterInit.js:947:3)
              at D:\Dev\ExoScan\exoscan-web\node_modules\jest-circus\build\jestAdapterInit.js:849:7
              at _runTestsForDescribeBlock (D:\Dev\ExoScan\exoscan-web\node_modules\jest-circus\build\jestAdapterInit.js:862:11)
              at _runTestsForDescribeBlock (D:\Dev\ExoScan\exoscan-web\node_modules\jest-circus\build\jestAdapterInit.js:857:11)
              at _runTestsForDescribeBlock (D:\Dev\ExoScan\exoscan-web\node_modules\jest-circus\build\jestAdapterInit.js:857:11)
              at run (D:\Dev\ExoScan\exoscan-web\node_modules\jest-circus\build\jestAdapterInit.js:761:3)
              at runAndTransformResultsToJestFormat (D:\Dev\ExoScan\exoscan-web\node_modules\jest-circus\build\jestAdapterInit.js:1918:21)
              at jestAdapter (D:\Dev\ExoScan\exoscan-web\node_modules\jest-circus\build\runner.js:101:19)
              at runTestInternal (D:\Dev\ExoScan\exoscan-web\node_modules\jest-runner\build\testWorker.js:275:16)
              at runTest (D:\Dev\ExoScan\exoscan-web\node_modules\jest-runner\build\testWorker.js:343:7)
              at Object.worker (D:\Dev\ExoScan\exoscan-web\node_modules\jest-runner\build\testWorker.js:497:12),
          _debugTask: null,
          _debugNeedsRemount: false,
          _debugHookTypes: null
        },
        '__reactProps$t4lsjnwx8va': {
          ref: [Object],
          className: 'w-full object-cover transition-transform duration-200 h-80 md:h-96 lg:h-[500px]',
          autoPlay: true,
          playsInline: true,
          muted: true,
          controls: false,
          'webkit-playsinline': 'true',
          onLoadedData: [AsyncFunction: onLoadedData],
          onCanPlay: [AsyncFunction: onCanPlay],
          onClick: [AsyncFunction: onClick],
          onTouchStart: [AsyncFunction: onTouchStart],
          style: [Object]
        },
        '__reactEvents$t4lsjnwx8va': Set(24) {
          'abort__bubble',
          'canplay__bubble',
          'canplaythrough__bubble',
          'durationchange__bubble',
          'emptied__bubble',
          'encrypted__bubble',
          'ended__bubble',
          'error__bubble',
          'loadeddata__bubble',
          'loadedmetadata__bubble',
          'loadstart__bubble',
          'pause__bubble',
          'play__bubble',
          'playing__bubble',
          'progress__bubble',
          'ratechange__bubble',
          'resize__bubble',
          'seeked__bubble',
          'seeking__bubble',
          'stalled__bubble',
          'suspend__bubble',
          'timeupdate__bubble',
          'volumechange__bubble',
          'waiting__bubble'
        },
        [Symbol(SameObject caches)]: [Object: null prototype] {
          style: [CSSStyleDeclaration],
          attributes: NamedNodeMap {}
        }
      },
      tagName: 'VIDEO',
      id: '',
      className: 'w-full object-cover transition-transform duration-200 h-80 md:h-96 lg:h-[500px]',
      style: 'transform: scale(1); transform-origin: center center; background-color: rgb(0, 0, 0); min-height: 20rem;',
      attributes: [
        {
          name: 'class',
          value: 'w-full object-cover transition-transform duration-200 h-80 md:h-96 lg:h-[500px]'
        },
        { name: 'autoplay', value: '' },
        { name: 'playsinline', value: '' },
        { name: 'webkit-playsinline', value: 'true' },
        {
          name: 'style',
          value: 'transform: scale(1); transform-origin: center center; background-color: rgb(0, 0, 0); min-height: 20rem;'
        }
      ]
    }

      at log (src/components/Scanner.tsx:480:15)

  console.log
    тЬЕ ╨Я╨╛╨┤╨┤╨╡╤А╨╢╨║╨░ ╨║╨░╨╝╨╡╤А╤Л: OK

      at log (src/components/Scanner.tsx:502:15)

  console.log
    тЬЕ ╨С╨╡╨╖╨╛╨┐╨░╤Б╨╜╤Л╨╣ ╨║╨╛╨╜╤В╨╡╨║╤Б╤В: OK

      at log (src/components/Scanner.tsx:512:15)

  console.log
    ЁЯФД ╨Я╨╛╨╗╤Г╤З╨╡╨╜╨╕╨╡ ╨┤╨╛╤Б╤В╤Г╨┐╨░ ╨║ ╨║╨░╨╝╨╡╤А╨╡...

      at log (src/components/Scanner.tsx:522:17)

  console.log
    ЁЯЪА ╨Э╨░╤З╨╕╨╜╨░╨╡╨╝ ╨┐╤А╨╛╤Ж╨╡╤Б╤Б ╤Б╨║╨░╨╜╨╕╤А╨╛╨▓╨░╨╜╨╕╤П...

      at log (src/components/Scanner.tsx:523:17)

  console.log
    ЁЯУ▒ BarcodeScanner: ╨Э╨░╤З╨╕╨╜╨░╨╡╨╝ ╨┐╤А╨╛╤Ж╨╡╤Б╤Б ╤Б╨║╨░╨╜╨╕╤А╨╛╨▓╨░╨╜╨╕╤П

      at BarcodeScanner.log [as startScanning] (src/lib/scanner.ts:336:15)

  console.log
    ЁЯФН ╨Ш╨╜╤Д╨╛╤А╨╝╨░╤Ж╨╕╤П ╨╛ ╨▒╤А╨░╤Г╨╖╨╡╤А╨╡: {
      userAgent: 'Mozilla/5.0 (win32) AppleWebKit/537.36 (KHTML, like Gecko) jsdom/26.1.0',
      platform: '',
      language: 'en-US',
      cookieEnabled: true,
      onLine: true
    }

      at BarcodeScanner.log [as startScanning] (src/lib/scanner.ts:337:15)

  console.log
    ЁЯФР ╨Я╤А╨╛╨▓╨╡╤А╨║╨░ ╤А╨░╨╖╤А╨╡╤И╨╡╨╜╨╕╨╣ ╨║╨░╨╝╨╡╤А╤Л...

      at BarcodeScanner.log [as startScanning] (src/lib/scanner.ts:346:15)

  console.log
    ЁЯЫС ╨Ю╤Б╤В╨░╨╜╨╛╨▓╨║╨░ ╤Б╨║╨░╨╜╨╕╤А╨╛╨▓╨░╨╜╨╕╤П...

      at BarcodeScanner.log [as stopScanning] (src/lib/scanner.ts:853:15)

  console.log
    ЁЯЫС ╨Ю╤Б╤В╨░╨╜╨╛╨▓╨╗╨╡╨╜ ╤В╤А╨╡╨║ ╨║╨░╨╝╨╡╤А╤Л: video

      at log (src/lib/scanner.ts:737:19)
          at Array.forEach (<anonymous>)

  console.log
    ЁЯз╣ ╨Т╨╕╨┤╨╡╨╛ ╤Н╨╗╨╡╨╝╨╡╨╜╤В ╨╛╤З╨╕╤Й╨╡╨╜

      at BarcodeScanner.log [as stopCurrentStream] (src/lib/scanner.ts:744:17)

  console.log
    тЬЕ ╨б╨║╨░╨╜╨╕╤А╨╛╨▓╨░╨╜╨╕╨╡ ╨╛╤Б╤В╨░╨╜╨╛╨▓╨╗╨╡╨╜╨╛

      at BarcodeScanner.log [as stopScanning] (src/lib/scanner.ts:866:15)

  console.log
    ЁЯОе ╨Ч╨░╨┐╤Г╤Б╨║ ╤Б╨║╨░╨╜╨╕╤А╨╛╨▓╨░╨╜╨╕╤П...

      at log (src/components/Scanner.tsx:479:15)

  console.log
    ЁЯУ▒ ╨Ш╨╜╤Д╨╛╤А╨╝╨░╤Ж╨╕╤П ╨╛ ╨▓╨╕╨┤╨╡╨╛ ╤Н╨╗╨╡╨╝╨╡╨╜╤В╨╡: {
      element: <ref *1> HTMLVideoElement {
        '__reactFiber$t4lsjnwx8va': FiberNode {
          tag: 5,
          key: null,
          elementType: 'video',
          type: 'video',
          stateNode: [Circular *1],
          return: [FiberNode],
          child: null,
          sibling: [FiberNode],
          index: 1,
          ref: [Object],
          refCleanup: null,
          pendingProps: [Object],
          memoizedProps: [Object],
          updateQueue: null,
          memoizedState: null,
          dependencies: null,
          mode: 25,
          flags: 5243392,
          subtreeFlags: 0,
          deletions: null,
          lanes: 0,
          childLanes: 0,
          alternate: null,
          actualDuration: -0,
          actualStartTime: 6098.1786999999995,
          selfBaseDuration: -0,
          treeBaseDuration: -0,
          _debugInfo: null,
          _debugOwner: [FiberNode],
          _debugStack: Error: react-stack-top-frame
              at process.env.NODE_ENV.exports.jsx (D:\Dev\ExoScan\exoscan-web\node_modules\react\cjs\react-jsx-runtime.development.js:337:13)
              at ScannerContent (D:\Dev\ExoScan\exoscan-web\src\components\Scanner.tsx:784:9)
              at Object.react-stack-bottom-frame (D:\Dev\ExoScan\exoscan-web\node_modules\react-dom\cjs\react-dom-client.development.js:23863:20)
              at renderWithHooksAgain (D:\Dev\ExoScan\exoscan-web\node_modules\react-dom\cjs\react-dom-client.development.js:5629:20)
              at renderWithHooks (D:\Dev\ExoScan\exoscan-web\node_modules\react-dom\cjs\react-dom-client.development.js:5541:22)
              at updateFunctionComponent (D:\Dev\ExoScan\exoscan-web\node_modules\react-dom\cjs\react-dom-client.development.js:8897:19)
              at beginWork (D:\Dev\ExoScan\exoscan-web\node_modules\react-dom\cjs\react-dom-client.development.js:10522:18)
              at runWithFiberInDEV (D:\Dev\ExoScan\exoscan-web\node_modules\react-dom\cjs\react-dom-client.development.js:1522:13)
              at performUnitOfWork (D:\Dev\ExoScan\exoscan-web\node_modules\react-dom\cjs\react-dom-client.development.js:15140:22)
              at workLoopSync (D:\Dev\ExoScan\exoscan-web\node_modules\react-dom\cjs\react-dom-client.development.js:14956:41)
              at renderRootSync (D:\Dev\ExoScan\exoscan-web\node_modules\react-dom\cjs\react-dom-client.development.js:14936:11)
              at performWorkOnRoot (D:\Dev\ExoScan\exoscan-web\node_modules\react-dom\cjs\react-dom-client.development.js:14419:13)
              at performWorkOnRootViaSchedulerTask (D:\Dev\ExoScan\exoscan-web\node_modules\react-dom\cjs\react-dom-client.development.js:16216:7)
              at flushActQueue (D:\Dev\ExoScan\exoscan-web\node_modules\react\cjs\react.development.js:566:34)
              at process.env.NODE_ENV.exports.act (D:\Dev\ExoScan\exoscan-web\node_modules\react\cjs\react.development.js:859:10)
              at D:\Dev\ExoScan\exoscan-web\node_modules\@testing-library\react\dist\act-compat.js:47:25
              at renderRoot (D:\Dev\ExoScan\exoscan-web\node_modules\@testing-library\react\dist\pure.js:190:26)
              at render (D:\Dev\ExoScan\exoscan-web\node_modules\@testing-library\react\dist\pure.js:292:10)
              at Object.<anonymous> (D:\Dev\ExoScan\exoscan-web\src\components\__tests__\Scanner.strict-mode.test.tsx:304:33)
              at Promise.finally.completed (D:\Dev\ExoScan\exoscan-web\node_modules\jest-circus\build\jestAdapterInit.js:1557:28)
              at new Promise (<anonymous>)
              at callAsyncCircusFn (D:\Dev\ExoScan\exoscan-web\node_modules\jest-circus\build\jestAdapterInit.js:1497:10)
              at _callCircusTest (D:\Dev\ExoScan\exoscan-web\node_modules\jest-circus\build\jestAdapterInit.js:1007:40)
              at _runTest (D:\Dev\ExoScan\exoscan-web\node_modules\jest-circus\build\jestAdapterInit.js:947:3)
              at D:\Dev\ExoScan\exoscan-web\node_modules\jest-circus\build\jestAdapterInit.js:849:7
              at _runTestsForDescribeBlock (D:\Dev\ExoScan\exoscan-web\node_modules\jest-circus\build\jestAdapterInit.js:862:11)
              at _runTestsForDescribeBlock (D:\Dev\ExoScan\exoscan-web\node_modules\jest-circus\build\jestAdapterInit.js:857:11)
              at _runTestsForDescribeBlock (D:\Dev\ExoScan\exoscan-web\node_modules\jest-circus\build\jestAdapterInit.js:857:11)
              at run (D:\Dev\ExoScan\exoscan-web\node_modules\jest-circus\build\jestAdapterInit.js:761:3)
              at runAndTransformResultsToJestFormat (D:\Dev\ExoScan\exoscan-web\node_modules\jest-circus\build\jestAdapterInit.js:1918:21)
              at jestAdapter (D:\Dev\ExoScan\exoscan-web\node_modules\jest-circus\build\runner.js:101:19)
              at runTestInternal (D:\Dev\ExoScan\exoscan-web\node_modules\jest-runner\build\testWorker.js:275:16)
              at runTest (D:\Dev\ExoScan\exoscan-web\node_modules\jest-runner\build\testWorker.js:343:7)
              at Object.worker (D:\Dev\ExoScan\exoscan-web\node_modules\jest-runner\build\testWorker.js:497:12),
          _debugTask: null,
          _debugNeedsRemount: false,
          _debugHookTypes: null
        },
        '__reactProps$t4lsjnwx8va': {
          ref: [Object],
          className: 'w-full object-cover transition-transform duration-200 h-80 md:h-96 lg:h-[500px]',
          autoPlay: true,
          playsInline: true,
          muted: true,
          controls: false,
          'webkit-playsinline': 'true',
          onLoadedData: [AsyncFunction: onLoadedData],
          onCanPlay: [AsyncFunction: onCanPlay],
          onClick: [AsyncFunction: onClick],
          onTouchStart: [AsyncFunction: onTouchStart],
          style: [Object]
        },
        '__reactEvents$t4lsjnwx8va': Set(24) {
          'abort__bubble',
          'canplay__bubble',
          'canplaythrough__bubble',
          'durationchange__bubble',
          'emptied__bubble',
          'encrypted__bubble',
          'ended__bubble',
          'error__bubble',
          'loadeddata__bubble',
          'loadedmetadata__bubble',
          'loadstart__bubble',
          'pause__bubble',
          'play__bubble',
          'playing__bubble',
          'progress__bubble',
          'ratechange__bubble',
          'resize__bubble',
          'seeked__bubble',
          'seeking__bubble',
          'stalled__bubble',
          'suspend__bubble',
          'timeupdate__bubble',
          'volumechange__bubble',
          'waiting__bubble'
        },
        srcObject: null,
        [Symbol(SameObject caches)]: [Object: null prototype] {
          style: [CSSStyleDeclaration],
          attributes: NamedNodeMap {}
        }
      },
      tagName: 'VIDEO',
      id: '',
      className: 'w-full object-cover transition-transform duration-200 h-80 md:h-96 lg:h-[500px]',
      style: 'transform: scale(1); transform-origin: center center; background-color: rgb(0, 0, 0); min-height: 20rem;',
      attributes: [
        {
          name: 'class',
          value: 'w-full object-cover transition-transform duration-200 h-80 md:h-96 lg:h-[500px]'
        },
        { name: 'autoplay', value: '' },
        { name: 'playsinline', value: '' },
        { name: 'webkit-playsinline', value: 'true' },
        {
          name: 'style',
          value: 'transform: scale(1); transform-origin: center center; background-color: rgb(0, 0, 0); min-height: 20rem;'
        }
      ]
    }

      at log (src/components/Scanner.tsx:480:15)

  console.log
    тЬЕ ╨Я╨╛╨┤╨┤╨╡╤А╨╢╨║╨░ ╨║╨░╨╝╨╡╤А╤Л: OK

      at log (src/components/Scanner.tsx:502:15)

  console.log
    тЬЕ ╨С╨╡╨╖╨╛╨┐╨░╤Б╨╜╤Л╨╣ ╨║╨╛╨╜╤В╨╡╨║╤Б╤В: OK

      at log (src/components/Scanner.tsx:512:15)

  console.log
    ЁЯФД ╨Я╨╛╨╗╤Г╤З╨╡╨╜╨╕╨╡ ╨┤╨╛╤Б╤В╤Г╨┐╨░ ╨║ ╨║╨░╨╝╨╡╤А╨╡...

      at log (src/components/Scanner.tsx:522:17)

  console.log
    ЁЯЪА ╨Э╨░╤З╨╕╨╜╨░╨╡╨╝ ╨┐╤А╨╛╤Ж╨╡╤Б╤Б ╤Б╨║╨░╨╜╨╕╤А╨╛╨▓╨░╨╜╨╕╤П...

      at log (src/components/Scanner.tsx:523:17)

  console.log
    ЁЯУ▒ BarcodeScanner: ╨Э╨░╤З╨╕╨╜╨░╨╡╨╝ ╨┐╤А╨╛╤Ж╨╡╤Б╤Б ╤Б╨║╨░╨╜╨╕╤А╨╛╨▓╨░╨╜╨╕╤П

      at BarcodeScanner.log [as startScanning] (src/lib/scanner.ts:336:15)

  console.log
    ЁЯФН ╨Ш╨╜╤Д╨╛╤А╨╝╨░╤Ж╨╕╤П ╨╛ ╨▒╤А╨░╤Г╨╖╨╡╤А╨╡: {
      userAgent: 'Mozilla/5.0 (win32) AppleWebKit/537.36 (KHTML, like Gecko) jsdom/26.1.0',
      platform: '',
      language: 'en-US',
      cookieEnabled: true,
      onLine: true
    }

      at BarcodeScanner.log [as startScanning] (src/lib/scanner.ts:337:15)

  console.log
    ЁЯФР ╨Я╤А╨╛╨▓╨╡╤А╨║╨░ ╤А╨░╨╖╤А╨╡╤И╨╡╨╜╨╕╨╣ ╨║╨░╨╝╨╡╤А╤Л...

      at BarcodeScanner.log [as startScanning] (src/lib/scanner.ts:346:15)

  console.log
    ЁЯФР ╨б╤В╨░╤В╤Г╤Б ╤А╨░╨╖╤А╨╡╤И╨╡╨╜╨╕╨╣: { granted: true, denied: false, prompt: false }

      at BarcodeScanner.log [as startScanning] (src/lib/scanner.ts:348:15)

  console.log
    тЬЕ MediaDevices API: OK

      at BarcodeScanner.log [as startScanning] (src/lib/scanner.ts:383:15)

  console.error
    Error: Not implemented: HTMLCanvasElement.prototype.toDataURL (without installing the canvas npm package)
        at BarcodeScanner.toDataURL [as captureFrame] (D:\Dev\ExoScan\exoscan-web\src\lib\scanner.ts:904:30)
        at captureFrame (D:\Dev\ExoScan\exoscan-web\src\lib\scanner.ts:829:35) {
      type: 'not implemented'
    }

    [0m [90m 902 |[39m
     [90m 903 |[39m       [90m// Create image element from canvas data URL (avoids 0x0 toBlob issues)[39m
    [31m[1m>[22m[39m[90m 904 |[39m       [36mconst[39m dataUrl [33m=[39m canvas[33m.[39mtoDataURL([32m'image/png'[39m)
     [90m     |[39m                              [31m[1m^[22m[39m
     [90m 905 |[39m       [36mconst[39m imageElement [33m=[39m [36mawait[39m [36mnew[39m [33mPromise[39m[33m<[39m[33mHTMLImageElement[39m[33m>[39m((resolve) [33m=>[39m {
     [90m 906 |[39m         [36mconst[39m img [33m=[39m [36mnew[39m [33mImage[39m()
     [90m 907 |[39m         img[33m.[39monload [33m=[39m () [33m=>[39m resolve(img)[0m

      at VirtualConsole.<anonymous> (node_modules/@jest/environment-jsdom-abstract/build/index.js:87:23)
      at module.exports (node_modules/jsdom/lib/jsdom/browser/not-implemented.js:12:26)
      at HTMLCanvasElementImpl.toDataURL (node_modules/jsdom/lib/jsdom/living/nodes/HTMLCanvasElement-impl.js:55:5)
      at HTMLCanvasElement.toDataURL (node_modules/jsdom/lib/jsdom/living/generated/HTMLCanvasElement.js:162:34)
      at BarcodeScanner.toDataURL [as captureFrame] (src/lib/scanner.ts:904:30)
      at captureFrame (src/lib/scanner.ts:829:35)
      at Timeout.task [as _onTimeout] (node_modules/jsdom/lib/jsdom/browser/Window.js:579:19)

  console.log
    тЬЕ getUserMedia: OK

      at BarcodeScanner.log [as startScanning] (src/lib/scanner.ts:401:15)

  console.log
    ЁЯУ╣ ╨Я╨╛╨╕╤Б╨║ ╨┤╨╛╤Б╤В╤Г╨┐╨╜╤Л╤Е ╨║╨░╨╝╨╡╤А...

      at BarcodeScanner.log [as startScanning] (src/lib/scanner.ts:404:15)

  console.log
    ЁЯФР ╨б╤В╨░╤В╤Г╤Б ╤А╨░╨╖╤А╨╡╤И╨╡╨╜╨╕╨╣: { granted: true, denied: false, prompt: false }

      at BarcodeScanner.log [as startScanning] (src/lib/scanner.ts:348:15)

  console.log
    тЬЕ MediaDevices API: OK

      at BarcodeScanner.log [as startScanning] (src/lib/scanner.ts:383:15)

  console.log
    тЬЕ getUserMedia: OK

      at BarcodeScanner.log [as startScanning] (src/lib/scanner.ts:401:15)

  console.log
    ЁЯУ╣ ╨Я╨╛╨╕╤Б╨║ ╨┤╨╛╤Б╤В╤Г╨┐╨╜╤Л╤Е ╨║╨░╨╝╨╡╤А...

      at BarcodeScanner.log [as startScanning] (src/lib/scanner.ts:404:15)

  console.log
    ЁЯУ╣ ╨Э╨░╨╣╨┤╨╡╨╜╨╛ ╨║╨░╨╝╨╡╤А: 2 [
      { id: 'camera1', label: 'Back Camera', kind: 'videoinput' },
      { id: 'camera2', label: 'Front Camera', kind: 'videoinput' }
    ]

      at BarcodeScanner.log [as startScanning] (src/lib/scanner.ts:406:15)

  console.log
    ЁЯУ╖ ╨Т╤Л╨▒╤А╨░╨╜╨╜╨░╤П ╨║╨░╨╝╨╡╤А╨░: { label: 'Back Camera', id: 'camera1', source: 'back-camera' }

      at BarcodeScanner.log [as startScanning] (src/lib/scanner.ts:440:15)

  console.log
    ЁЯУ▒ ╨Ь╨╛╨▒╨╕╨╗╤М╨╜╨╛╨╡ ╤Г╤Б╤В╤А╨╛╨╣╤Б╤В╨▓╨╛: false

      at BarcodeScanner.log [as startScanning] (src/lib/scanner.ts:448:15)

  console.log
    ЁЯУ▒ ╨г╤Б╤В╤А╨╛╨╣╤Б╤В╨▓╨╛: ╨Ф╤А╤Г╨│╨╛╨╡, ╨С╤А╨░╤Г╨╖╨╡╤А: ╨Ф╤А╤Г╨│╨╛╨╣

      at BarcodeScanner.log [as getOptimalCameraConstraints] (src/lib/scanner.ts:135:13)

  console.log
    ЁЯОе ╨Э╨░╤Б╤В╤А╨╛╨╣╨║╨╕ ╨║╨░╨╝╨╡╤А╤Л: {
      video: {
        deviceId: { ideal: 'camera1' },
        facingMode: undefined,
        width: { ideal: 1920 },
        height: { ideal: 1080 },
        frameRate: { ideal: 30 }
      }
    }

      at BarcodeScanner.log [as startScanning] (src/lib/scanner.ts:452:15)

  console.log
    ЁЯЫС ╨Ю╤Б╤В╨░╨╜╨╛╨▓╨║╨░ ╤Б╨║╨░╨╜╨╕╤А╨╛╨▓╨░╨╜╨╕╤П...

      at BarcodeScanner.log [as stopScanning] (src/lib/scanner.ts:853:15)
          at Array.forEach (<anonymous>)

  console.log
    ЁЯФН ╨Ч╨░╨┐╤Г╤Б╨║ ╨╜╨╡╨┐╤А╨╡╤А╤Л╨▓╨╜╨╛╨│╨╛ ╨┤╨╡╨║╨╛╨┤╨╕╤А╨╛╨▓╨░╨╜╨╕╤П ╤И╤В╤А╨╕╤Е-╨║╨╛╨┤╨╛╨▓...

      at BarcodeScanner.log [as startScanning] (src/lib/scanner.ts:455:15)

  console.log
    ЁЯз╣ ╨Ю╤З╨╕╤Б╤В╨║╨░ ╤Б╤Г╤Й╨╡╤Б╤В╨▓╤Г╤О╤Й╨╡╨│╨╛ ╨┐╨╛╤В╨╛╨║╨░...

      at BarcodeScanner.log [as startScanning] (src/lib/scanner.ts:458:15)

  console.log
    ЁЯУ║ ╨б╨╛╤Б╤В╨╛╤П╨╜╨╕╨╡ ╨▓╨╕╨┤╨╡╨╛ ╤Н╨╗╨╡╨╝╨╡╨╜╤В╨░: {
      readyState: 0,
      videoWidth: 0,
      videoHeight: 0,
      paused: true,
      ended: false,
      muted: true,
      autoplay: true,
      playsInline: true
    }

      at BarcodeScanner.log [as startScanning] (src/lib/scanner.ts:462:15)

  console.warn
    тЪая╕П ╨Ю╤И╨╕╨▒╨║╨░ ╨░╨▓╤В╨╛╤Б╨║╨░╨╜╨╕╤А╨╛╨▓╨░╨╜╨╕╤П: Error: Camera disconnected
        at Object.<anonymous> (D:\Dev\ExoScan\exoscan-web\src\components\__tests__\Scanner.integration.test.tsx:291:52)
        at runNextTicks (node:internal/process/task_queues:65:5)
        at listOnTimeout (node:internal/timers:549:9)
        at processTimers (node:internal/timers:523:7)

    [0m [90m 839 |[39m           [36mreturn[39m
     [90m 840 |[39m         }
    [31m[1m>[22m[39m[90m 841 |[39m         console[33m.[39mwarn([32m'тЪая╕П ╨Ю╤И╨╕╨▒╨║╨░ ╨░╨▓╤В╨╛╤Б╨║╨░╨╜╨╕╤А╨╛╨▓╨░╨╜╨╕╤П:'[39m[33m,[39m error)
     [90m     |[39m                 [31m[1m^[22m[39m
     [90m 842 |[39m         [36mif[39m (onError) {
     [90m 843 |[39m           onError([36mnew[39m [33mError[39m([32m`╨Ю╤И╨╕╨▒╨║╨░ ╤Б╨║╨░╨╜╨╕╤А╨╛╨▓╨░╨╜╨╕╤П: ${msg}`[39m))
     [90m 844 |[39m         }[0m

      at warn (src/lib/scanner.ts:841:17)

  console.log
    ЁЯЫС ╨Ю╤Б╤В╨░╨╜╨╛╨▓╨╗╨╡╨╜ ╤В╤А╨╡╨║ ╨║╨░╨╝╨╡╤А╤Л: video

      at log (src/lib/scanner.ts:737:19)
          at Array.forEach (<anonymous>)
          at Array.forEach (<anonymous>)

  console.log
    ЁЯФД ╨Ч╨░╨┐╤Г╤Б╨║ ╨┤╨╡╨║╨╛╨┤╨╕╤А╨╛╨▓╨░╨╜╨╕╤П ╤Б ╨╛╨│╤А╨░╨╜╨╕╤З╨╡╨╜╨╕╤П╨╝╨╕...

      at BarcodeScanner.log [as startScanning] (src/lib/scanner.ts:474:15)

  console.log
    ЁЯФД ╨Я╨╛╨┐╤Л╤В╨║╨░ ╨╖╨░╨┐╤Г╤Б╨║╨░ ╤Б optimal ╨╛╨│╤А╨░╨╜╨╕╤З╨╡╨╜╨╕╤П╨╝╨╕: {
      "video": {
        "deviceId": {
          "ideal": "camera1"
        },
        "width": {
          "ideal": 1920
        },
        "height": {
          "ideal": 1080
        },
        "frameRate": {
          "ideal": 30
        }
      }
    }

      at BarcodeScanner.log [as startScanning] (src/lib/scanner.ts:487:19)

  console.log
    ЁЯОе ╨Я╨╛╨╗╤Г╤З╨╡╨╜╨╕╨╡ ╨┐╨╛╤В╨╛╨║╨░ ╤З╨╡╤А╨╡╨╖ getUserMedia...

      at BarcodeScanner.log [as startScanning] (src/lib/scanner.ts:490:19)

  console.log
    ЁЯУ╣ ╨Э╨░╨╣╨┤╨╡╨╜╨╛ ╨║╨░╨╝╨╡╤А: 2 [
      { id: 'camera1', label: 'Back Camera', kind: 'videoinput' },
      { id: 'camera2', label: 'Front Camera', kind: 'videoinput' }
    ]

      at BarcodeScanner.log [as startScanning] (src/lib/scanner.ts:406:15)

  console.log
    ЁЯУ╖ ╨Т╤Л╨▒╤А╨░╨╜╨╜╨░╤П ╨║╨░╨╝╨╡╤А╨░: { label: 'Back Camera', id: 'camera1', source: 'back-camera' }

      at BarcodeScanner.log [as startScanning] (src/lib/scanner.ts:440:15)

  console.log
    ЁЯУ▒ ╨Ь╨╛╨▒╨╕╨╗╤М╨╜╨╛╨╡ ╤Г╤Б╤В╤А╨╛╨╣╤Б╤В╨▓╨╛: false

      at BarcodeScanner.log [as startScanning] (src/lib/scanner.ts:448:15)

  console.log
    ЁЯз╣ ╨Т╨╕╨┤╨╡╨╛ ╤Н╨╗╨╡╨╝╨╡╨╜╤В ╨╛╤З╨╕╤Й╨╡╨╜

      at BarcodeScanner.log [as stopCurrentStream] (src/lib/scanner.ts:744:17)
          at Array.forEach (<anonymous>)

  console.log
    ЁЯУ▒ ╨г╤Б╤В╤А╨╛╨╣╤Б╤В╨▓╨╛: ╨Ф╤А╤Г╨│╨╛╨╡, ╨С╤А╨░╤Г╨╖╨╡╤А: ╨Ф╤А╤Г╨│╨╛╨╣

      at BarcodeScanner.log [as getOptimalCameraConstraints] (src/lib/scanner.ts:135:13)

  console.log
    ЁЯОе ╨Э╨░╤Б╤В╤А╨╛╨╣╨║╨╕ ╨║╨░╨╝╨╡╤А╤Л: {
      video: {
        deviceId: { ideal: 'camera1' },
        facingMode: undefined,
        width: { ideal: 1920 },
        height: { ideal: 1080 },
        frameRate: { ideal: 30 }
      }
    }

      at BarcodeScanner.log [as startScanning] (src/lib/scanner.ts:452:15)

  console.log
    ЁЯФН ╨Ч╨░╨┐╤Г╤Б╨║ ╨╜╨╡╨┐╤А╨╡╤А╤Л╨▓╨╜╨╛╨│╨╛ ╨┤╨╡╨║╨╛╨┤╨╕╤А╨╛╨▓╨░╨╜╨╕╤П ╤И╤В╤А╨╕╤Е-╨║╨╛╨┤╨╛╨▓...

      at BarcodeScanner.log [as startScanning] (src/lib/scanner.ts:455:15)

  console.log
    тЬЕ ╨б╨║╨░╨╜╨╕╤А╨╛╨▓╨░╨╜╨╕╨╡ ╨╛╤Б╤В╨░╨╜╨╛╨▓╨╗╨╡╨╜╨╛

      at BarcodeScanner.log [as stopScanning] (src/lib/scanner.ts:866:15)
          at Array.forEach (<anonymous>)

  console.log
    ЁЯз╣ ╨Ю╤З╨╕╤Б╤В╨║╨░ ╤Б╤Г╤Й╨╡╤Б╤В╨▓╤Г╤О╤Й╨╡╨│╨╛ ╨┐╨╛╤В╨╛╨║╨░...

      at BarcodeScanner.log [as startScanning] (src/lib/scanner.ts:458:15)

  console.log
    ЁЯУ║ ╨б╨╛╤Б╤В╨╛╤П╨╜╨╕╨╡ ╨▓╨╕╨┤╨╡╨╛ ╤Н╨╗╨╡╨╝╨╡╨╜╤В╨░: {
      readyState: 0,
      videoWidth: 0,
      videoHeight: 0,
      paused: true,
      ended: false,
      muted: true,
      autoplay: true,
      playsInline: true
    }

      at BarcodeScanner.log [as startScanning] (src/lib/scanner.ts:462:15)

  console.log
    ЁЯФД ╨Ч╨░╨┐╤Г╤Б╨║ ╨┤╨╡╨║╨╛╨┤╨╕╤А╨╛╨▓╨░╨╜╨╕╤П ╤Б ╨╛╨│╤А╨░╨╜╨╕╤З╨╡╨╜╨╕╤П╨╝╨╕...

      at BarcodeScanner.log [as startScanning] (src/lib/scanner.ts:474:15)

  console.log
    ЁЯФД ╨Я╨╛╨┐╤Л╤В╨║╨░ ╨╖╨░╨┐╤Г╤Б╨║╨░ ╤Б optimal ╨╛╨│╤А╨░╨╜╨╕╤З╨╡╨╜╨╕╤П╨╝╨╕: {
      "video": {
        "deviceId": {
          "ideal": "camera1"
        },
        "width": {
          "ideal": 1920
        },
        "height": {
          "ideal": 1080
        },
        "frameRate": {
          "ideal": 30
        }
      }
    }

      at BarcodeScanner.log [as startScanning] (src/lib/scanner.ts:487:19)

  console.log
    ЁЯОе ╨Я╨╛╨╗╤Г╤З╨╡╨╜╨╕╨╡ ╨┐╨╛╤В╨╛╨║╨░ ╤З╨╡╤А╨╡╨╖ getUserMedia...

      at BarcodeScanner.log [as startScanning] (src/lib/scanner.ts:490:19)

  console.log
    тЬЕ ╨Я╨╛╤В╨╛╨║ ╨┐╨╛╨╗╤Г╤З╨╡╨╜: {
      active: undefined,
      id: 'stream-1759353554755-0.9689180067521026',
      tracks: [
        {
          kind: 'video',
          label: undefined,
          enabled: undefined,
          readyState: undefined,
          muted: undefined,
          settings: [Object]
        }
      ]
    }

      at BarcodeScanner.log [as startScanning] (src/lib/scanner.ts:492:19)

  console.log
    ЁЯОм ╨г╤Б╤В╨░╨╜╨╛╨▓╨║╨░ ╨┐╨╛╤В╨╛╨║╨░ ╨▓ ╨▓╨╕╨┤╨╡╨╛ ╤Н╨╗╨╡╨╝╨╡╨╜╤В...

      at BarcodeScanner.log [as startScanning] (src/lib/scanner.ts:515:19)

  console.log
    тЬЕ ╨Я╨╛╤В╨╛╨║ ╨┐╨╛╨╗╤Г╤З╨╡╨╜: {
      active: undefined,
      id: 'stream-1759353554770-0.83324056685647',
      tracks: [
        {
          kind: 'video',
          label: undefined,
          enabled: undefined,
          readyState: undefined,
          muted: undefined,
          settings: [Object]
        }
      ]
    }

      at BarcodeScanner.log [as startScanning] (src/lib/scanner.ts:492:19)

  console.log
    ЁЯОм ╨г╤Б╤В╨░╨╜╨╛╨▓╨║╨░ ╨┐╨╛╤В╨╛╨║╨░ ╨▓ ╨▓╨╕╨┤╨╡╨╛ ╤Н╨╗╨╡╨╝╨╡╨╜╤В...

      at BarcodeScanner.log [as startScanning] (src/lib/scanner.ts:515:19)

  console.log
    ЁЯЫС ╨Ю╤Б╤В╨░╨╜╨╛╨▓╨║╨░ ╤Б╨║╨░╨╜╨╕╤А╨╛╨▓╨░╨╜╨╕╤П...

      at BarcodeScanner.log [as stopScanning] (src/lib/scanner.ts:853:15)

  console.log
    ЁЯЫС ╨Ю╤Б╤В╨░╨╜╨╛╨▓╨╗╨╡╨╜ ╤В╤А╨╡╨║ ╨║╨░╨╝╨╡╤А╤Л: video

      at log (src/lib/scanner.ts:737:19)
          at Array.forEach (<anonymous>)

  console.log
    ЁЯОе ╨Ч╨░╨┐╤Г╤Б╨║ ╤Б╨║╨░╨╜╨╕╤А╨╛╨▓╨░╨╜╨╕╤П...

      at log (src/components/Scanner.tsx:479:15)

  console.log
    ЁЯз╣ ╨Т╨╕╨┤╨╡╨╛ ╤Н╨╗╨╡╨╝╨╡╨╜╤В ╨╛╤З╨╕╤Й╨╡╨╜

      at BarcodeScanner.log [as stopCurrentStream] (src/lib/scanner.ts:744:17)

  console.log
    ЁЯУ▒ ╨Ш╨╜╤Д╨╛╤А╨╝╨░╤Ж╨╕╤П ╨╛ ╨▓╨╕╨┤╨╡╨╛ ╤Н╨╗╨╡╨╝╨╡╨╜╤В╨╡: {
      element: <ref *1> HTMLVideoElement {
        '__reactFiber$a7sngw07a7e': FiberNode {
          tag: 5,
          key: null,
          elementType: 'video',
          type: 'video',
          stateNode: [Circular *1],
          return: [FiberNode],
          child: null,
          sibling: [FiberNode],
          index: 1,
          ref: [Object],
          refCleanup: null,
          pendingProps: [Object],
          memoizedProps: [Object],
          updateQueue: null,
          memoizedState: null,
          dependencies: null,
          mode: 1,
          flags: 5243392,
          subtreeFlags: 0,
          deletions: null,
          lanes: 0,
          childLanes: 0,
          alternate: null,
          actualDuration: -0,
          actualStartTime: 6234.495900000001,
          selfBaseDuration: -0,
          treeBaseDuration: -0,
          _debugInfo: null,
          _debugOwner: [FiberNode],
          _debugStack: Error: react-stack-top-frame
              at process.env.NODE_ENV.exports.jsx (D:\Dev\ExoScan\exoscan-web\node_modules\react\cjs\react-jsx-runtime.development.js:337:13)
              at ScannerContent (D:\Dev\ExoScan\exoscan-web\src\components\Scanner.tsx:784:9)
              at Object.react-stack-bottom-frame (D:\Dev\ExoScan\exoscan-web\node_modules\react-dom\cjs\react-dom-client.development.js:23863:20)
              at renderWithHooks (D:\Dev\ExoScan\exoscan-web\node_modules\react-dom\cjs\react-dom-client.development.js:5529:22)
              at updateFunctionComponent (D:\Dev\ExoScan\exoscan-web\node_modules\react-dom\cjs\react-dom-client.development.js:8897:19)
              at beginWork (D:\Dev\ExoScan\exoscan-web\node_modules\react-dom\cjs\react-dom-client.development.js:10522:18)
              at runWithFiberInDEV (D:\Dev\ExoScan\exoscan-web\node_modules\react-dom\cjs\react-dom-client.development.js:1522:13)
              at performUnitOfWork (D:\Dev\ExoScan\exoscan-web\node_modules\react-dom\cjs\react-dom-client.development.js:15140:22)
              at workLoopSync (D:\Dev\ExoScan\exoscan-web\node_modules\react-dom\cjs\react-dom-client.development.js:14956:41)
              at renderRootSync (D:\Dev\ExoScan\exoscan-web\node_modules\react-dom\cjs\react-dom-client.development.js:14936:11)
              at performWorkOnRoot (D:\Dev\ExoScan\exoscan-web\node_modules\react-dom\cjs\react-dom-client.development.js:14419:13)
              at performWorkOnRootViaSchedulerTask (D:\Dev\ExoScan\exoscan-web\node_modules\react-dom\cjs\react-dom-client.development.js:16216:7)
              at flushActQueue (D:\Dev\ExoScan\exoscan-web\node_modules\react\cjs\react.development.js:566:34)
              at process.env.NODE_ENV.exports.act (D:\Dev\ExoScan\exoscan-web\node_modules\react\cjs\react.development.js:859:10)
              at D:\Dev\ExoScan\exoscan-web\node_modules\@testing-library\react\dist\act-compat.js:47:25
              at renderRoot (D:\Dev\ExoScan\exoscan-web\node_modules\@testing-library\react\dist\pure.js:190:26)
              at render (D:\Dev\ExoScan\exoscan-web\node_modules\@testing-library\react\dist\pure.js:292:10)
              at Object.<anonymous> (D:\Dev\ExoScan\exoscan-web\src\components\__tests__\Scanner.test.tsx:231:13)
              at Promise.finally.completed (D:\Dev\ExoScan\exoscan-web\node_modules\jest-circus\build\jestAdapterInit.js:1557:28)
              at new Promise (<anonymous>)
              at callAsyncCircusFn (D:\Dev\ExoScan\exoscan-web\node_modules\jest-circus\build\jestAdapterInit.js:1497:10)
              at _callCircusTest (D:\Dev\ExoScan\exoscan-web\node_modules\jest-circus\build\jestAdapterInit.js:1007:40)
              at _runTest (D:\Dev\ExoScan\exoscan-web\node_modules\jest-circus\build\jestAdapterInit.js:947:3)
              at D:\Dev\ExoScan\exoscan-web\node_modules\jest-circus\build\jestAdapterInit.js:849:7
              at _runTestsForDescribeBlock (D:\Dev\ExoScan\exoscan-web\node_modules\jest-circus\build\jestAdapterInit.js:862:11)
              at _runTestsForDescribeBlock (D:\Dev\ExoScan\exoscan-web\node_modules\jest-circus\build\jestAdapterInit.js:857:11)
              at _runTestsForDescribeBlock (D:\Dev\ExoScan\exoscan-web\node_modules\jest-circus\build\jestAdapterInit.js:857:11)
              at run (D:\Dev\ExoScan\exoscan-web\node_modules\jest-circus\build\jestAdapterInit.js:761:3)
              at runAndTransformResultsToJestFormat (D:\Dev\ExoScan\exoscan-web\node_modules\jest-circus\build\jestAdapterInit.js:1918:21)
              at jestAdapter (D:\Dev\ExoScan\exoscan-web\node_modules\jest-circus\build\runner.js:101:19)
              at runTestInternal (D:\Dev\ExoScan\exoscan-web\node_modules\jest-runner\build\testWorker.js:275:16)
              at runTest (D:\Dev\ExoScan\exoscan-web\node_modules\jest-runner\build\testWorker.js:343:7)
              at Object.worker (D:\Dev\ExoScan\exoscan-web\node_modules\jest-runner\build\testWorker.js:497:12),
          _debugTask: null,
          _debugNeedsRemount: false,
          _debugHookTypes: null
        },
        '__reactProps$a7sngw07a7e': {
          ref: [Object],
          className: 'w-full object-cover transition-transform duration-200 h-80 md:h-96 lg:h-[500px]',
          autoPlay: true,
          playsInline: true,
          muted: true,
          controls: false,
          'webkit-playsinline': 'true',
          onLoadedData: [AsyncFunction: onLoadedData],
          onCanPlay: [AsyncFunction: onCanPlay],
          onClick: [AsyncFunction: onClick],
          onTouchStart: [AsyncFunction: onTouchStart],
          style: [Object]
        },
        '__reactEvents$a7sngw07a7e': Set(24) {
          'abort__bubble',
          'canplay__bubble',
          'canplaythrough__bubble',
          'durationchange__bubble',
          'emptied__bubble',
          'encrypted__bubble',
          'ended__bubble',
          'error__bubble',
          'loadeddata__bubble',
          'loadedmetadata__bubble',
          'loadstart__bubble',
          'pause__bubble',
          'play__bubble',
          'playing__bubble',
          'progress__bubble',
          'ratechange__bubble',
          'resize__bubble',
          'seeked__bubble',
          'seeking__bubble',
          'stalled__bubble',
          'suspend__bubble',
          'timeupdate__bubble',
          'volumechange__bubble',
          'waiting__bubble'
        },
        [Symbol(SameObject caches)]: [Object: null prototype] {
          style: [CSSStyleDeclaration],
          attributes: NamedNodeMap {}
        }
      },
      tagName: 'VIDEO',
      id: '',
      className: 'w-full object-cover transition-transform duration-200 h-80 md:h-96 lg:h-[500px]',
      style: 'transform: scale(1); transform-origin: center center; background-color: rgb(0, 0, 0); min-height: 20rem;',
      attributes: [
        {
          name: 'class',
          value: 'w-full object-cover transition-transform duration-200 h-80 md:h-96 lg:h-[500px]'
        },
        { name: 'autoplay', value: '' },
        { name: 'playsinline', value: '' },
        { name: 'webkit-playsinline', value: 'true' },
        {
          name: 'style',
          value: 'transform: scale(1); transform-origin: center center; background-color: rgb(0, 0, 0); min-height: 20rem;'
        }
      ]
    }

      at log (src/components/Scanner.tsx:480:15)

  console.log
    тЬЕ ╨б╨║╨░╨╜╨╕╤А╨╛╨▓╨░╨╜╨╕╨╡ ╨╛╤Б╤В╨░╨╜╨╛╨▓╨╗╨╡╨╜╨╛

      at BarcodeScanner.log [as stopScanning] (src/lib/scanner.ts:866:15)

  console.error
    Scanner error: Error: ╨Ю╤И╨╕╨▒╨║╨░ ╤Б╨║╨░╨╜╨╕╤А╨╛╨▓╨░╨╜╨╕╤П: Camera disconnected
        at D:\Dev\ExoScan\exoscan-web\src\lib\scanner.ts:843:19
        at runNextTicks (node:internal/process/task_queues:65:5)
        at processTimers (node:internal/timers:520:9)

    [0m [90m 92 |[39m
     [90m 93 |[39m   [36mconst[39m handleError [33m=[39m useCallback((err[33m:[39m [33mError[39m) [33m=>[39m {
    [31m[1m>[22m[39m[90m 94 |[39m     console[33m.[39merror([32m'Scanner error:'[39m[33m,[39m err)
     [90m    |[39m             [31m[1m^[22m[39m
     [90m 95 |[39m     [36mif[39m ([33m![39mmountedRef[33m.[39mcurrent) [36mreturn[39m [90m// ╨Ч╨░╤Й╨╕╤В╨░ ╨╛╤В ╨╛╨▒╨╜╨╛╨▓╨╗╨╡╨╜╨╕╤П ╨┐╨╛╤Б╨╗╨╡ unmount[39m
     [90m 96 |[39m     
     [90m 97 |[39m     [90m// Determine friendly Russian error message expected by integration tests[39m[0m

      at error (src/components/Scanner.tsx:94:13)
      at onError (src/lib/scanner.ts:843:11)

  console.log
    тЬЕ ╨Я╨╛╨┤╨┤╨╡╤А╨╢╨║╨░ ╨║╨░╨╝╨╡╤А╤Л: OK

      at log (src/components/Scanner.tsx:502:15)

  console.log
    тЬЕ ╨С╨╡╨╖╨╛╨┐╨░╤Б╨╜╤Л╨╣ ╨║╨╛╨╜╤В╨╡╨║╤Б╤В: OK

      at log (src/components/Scanner.tsx:512:15)

  console.log
    ЁЯФД ╨Я╨╛╨╗╤Г╤З╨╡╨╜╨╕╨╡ ╨┤╨╛╤Б╤В╤Г╨┐╨░ ╨║ ╨║╨░╨╝╨╡╤А╨╡...

      at log (src/components/Scanner.tsx:522:17)

  console.log
    ЁЯЪА ╨Э╨░╤З╨╕╨╜╨░╨╡╨╝ ╨┐╤А╨╛╤Ж╨╡╤Б╤Б ╤Б╨║╨░╨╜╨╕╤А╨╛╨▓╨░╨╜╨╕╤П...

      at log (src/components/Scanner.tsx:523:17)

  console.log
    ЁЯУ▒ BarcodeScanner: ╨Э╨░╤З╨╕╨╜╨░╨╡╨╝ ╨┐╤А╨╛╤Ж╨╡╤Б╤Б ╤Б╨║╨░╨╜╨╕╤А╨╛╨▓╨░╨╜╨╕╤П

      at BarcodeScanner.log [as startScanning] (src/lib/scanner.ts:336:15)

  console.log
    ЁЯОе ╨Ч╨░╨┐╤Г╤Б╨║ ╤Б╨║╨░╨╜╨╕╤А╨╛╨▓╨░╨╜╨╕╤П...

      at log (src/components/Scanner.tsx:479:15)

  console.log
    ЁЯФН ╨Ш╨╜╤Д╨╛╤А╨╝╨░╤Ж╨╕╤П ╨╛ ╨▒╤А╨░╤Г╨╖╨╡╤А╨╡: {
      userAgent: 'Mozilla/5.0 (win32) AppleWebKit/537.36 (KHTML, like Gecko) jsdom/26.1.0',
      platform: '',
      language: 'en-US',
      cookieEnabled: true,
      onLine: true
    }

      at BarcodeScanner.log [as startScanning] (src/lib/scanner.ts:337:15)

  console.log
    ЁЯУ▒ ╨Ш╨╜╤Д╨╛╤А╨╝╨░╤Ж╨╕╤П ╨╛ ╨▓╨╕╨┤╨╡╨╛ ╤Н╨╗╨╡╨╝╨╡╨╜╤В╨╡: {
      element: <ref *1> HTMLVideoElement {
        '__reactFiber$t4lsjnwx8va': FiberNode {
          tag: 5,
          key: null,
          elementType: 'video',
          type: 'video',
          stateNode: [Circular *1],
          return: [FiberNode],
          child: null,
          sibling: [FiberNode],
          index: 1,
          ref: [Object],
          refCleanup: null,
          pendingProps: [Object],
          memoizedProps: [Object],
          updateQueue: null,
          memoizedState: null,
          dependencies: null,
          mode: 25,
          flags: 5243392,
          subtreeFlags: 0,
          deletions: null,
          lanes: 0,
          childLanes: 0,
          alternate: null,
          actualDuration: -0,
          actualStartTime: 6275.512600000001,
          selfBaseDuration: -0,
          treeBaseDuration: -0,
          _debugInfo: null,
          _debugOwner: [FiberNode],
          _debugStack: Error: react-stack-top-frame
              at process.env.NODE_ENV.exports.jsx (D:\Dev\ExoScan\exoscan-web\node_modules\react\cjs\react-jsx-runtime.development.js:337:13)
              at ScannerContent (D:\Dev\ExoScan\exoscan-web\src\components\Scanner.tsx:784:9)
              at Object.react-stack-bottom-frame (D:\Dev\ExoScan\exoscan-web\node_modules\react-dom\cjs\react-dom-client.development.js:23863:20)
              at renderWithHooksAgain (D:\Dev\ExoScan\exoscan-web\node_modules\react-dom\cjs\react-dom-client.development.js:5629:20)
              at renderWithHooks (D:\Dev\ExoScan\exoscan-web\node_modules\react-dom\cjs\react-dom-client.development.js:5541:22)
              at updateFunctionComponent (D:\Dev\ExoScan\exoscan-web\node_modules\react-dom\cjs\react-dom-client.development.js:8897:19)
              at beginWork (D:\Dev\ExoScan\exoscan-web\node_modules\react-dom\cjs\react-dom-client.development.js:10522:18)
              at runWithFiberInDEV (D:\Dev\ExoScan\exoscan-web\node_modules\react-dom\cjs\react-dom-client.development.js:1522:13)
              at performUnitOfWork (D:\Dev\ExoScan\exoscan-web\node_modules\react-dom\cjs\react-dom-client.development.js:15140:22)
              at workLoopSync (D:\Dev\ExoScan\exoscan-web\node_modules\react-dom\cjs\react-dom-client.development.js:14956:41)
              at renderRootSync (D:\Dev\ExoScan\exoscan-web\node_modules\react-dom\cjs\react-dom-client.development.js:14936:11)
              at performWorkOnRoot (D:\Dev\ExoScan\exoscan-web\node_modules\react-dom\cjs\react-dom-client.development.js:14419:13)
              at performWorkOnRootViaSchedulerTask (D:\Dev\ExoScan\exoscan-web\node_modules\react-dom\cjs\react-dom-client.development.js:16216:7)
              at flushActQueue (D:\Dev\ExoScan\exoscan-web\node_modules\react\cjs\react.development.js:566:34)
              at process.env.NODE_ENV.exports.act (D:\Dev\ExoScan\exoscan-web\node_modules\react\cjs\react.development.js:859:10)
              at D:\Dev\ExoScan\exoscan-web\node_modules\@testing-library\react\dist\act-compat.js:47:25
              at renderRoot (D:\Dev\ExoScan\exoscan-web\node_modules\@testing-library\react\dist\pure.js:190:26)
              at render (D:\Dev\ExoScan\exoscan-web\node_modules\@testing-library\react\dist\pure.js:292:10)
              at Object.<anonymous> (D:\Dev\ExoScan\exoscan-web\src\components\__tests__\Scanner.strict-mode.test.tsx:335:13)
              at Promise.finally.completed (D:\Dev\ExoScan\exoscan-web\node_modules\jest-circus\build\jestAdapterInit.js:1557:28)
              at new Promise (<anonymous>)
              at callAsyncCircusFn (D:\Dev\ExoScan\exoscan-web\node_modules\jest-circus\build\jestAdapterInit.js:1497:10)
              at _callCircusTest (D:\Dev\ExoScan\exoscan-web\node_modules\jest-circus\build\jestAdapterInit.js:1007:40)
              at runNextTicks (node:internal/process/task_queues:65:5)
              at listOnTimeout (node:internal/timers:549:9)
              at processTimers (node:internal/timers:523:7)
              at _runTest (D:\Dev\ExoScan\exoscan-web\node_modules\jest-circus\build\jestAdapterInit.js:947:3)
              at D:\Dev\ExoScan\exoscan-web\node_modules\jest-circus\build\jestAdapterInit.js:849:7
              at _runTestsForDescribeBlock (D:\Dev\ExoScan\exoscan-web\node_modules\jest-circus\build\jestAdapterInit.js:862:11)
              at _runTestsForDescribeBlock (D:\Dev\ExoScan\exoscan-web\node_modules\jest-circus\build\jestAdapterInit.js:857:11)
              at _runTestsForDescribeBlock (D:\Dev\ExoScan\exoscan-web\node_modules\jest-circus\build\jestAdapterInit.js:857:11)
              at run (D:\Dev\ExoScan\exoscan-web\node_modules\jest-circus\build\jestAdapterInit.js:761:3)
              at runAndTransformResultsToJestFormat (D:\Dev\ExoScan\exoscan-web\node_modules\jest-circus\build\jestAdapterInit.js:1918:21)
              at jestAdapter (D:\Dev\ExoScan\exoscan-web\node_modules\jest-circus\build\runner.js:101:19)
              at runTestInternal (D:\Dev\ExoScan\exoscan-web\node_modules\jest-runner\build\testWorker.js:275:16)
              at runTest (D:\Dev\ExoScan\exoscan-web\node_modules\jest-runner\build\testWorker.js:343:7)
              at Object.worker (D:\Dev\ExoScan\exoscan-web\node_modules\jest-runner\build\testWorker.js:497:12),
          _debugTask: null,
          _debugNeedsRemount: false,
          _debugHookTypes: null
        },
        '__reactProps$t4lsjnwx8va': {
          ref: [Object],
          className: 'w-full object-cover transition-transform duration-200 h-80 md:h-96 lg:h-[500px]',
          autoPlay: true,
          playsInline: true,
          muted: true,
          controls: false,
          'webkit-playsinline': 'true',
          onLoadedData: [AsyncFunction: onLoadedData],
          onCanPlay: [AsyncFunction: onCanPlay],
          onClick: [AsyncFunction: onClick],
          onTouchStart: [AsyncFunction: onTouchStart],
          style: [Object]
        },
        '__reactEvents$t4lsjnwx8va': Set(24) {
          'abort__bubble',
          'canplay__bubble',
          'canplaythrough__bubble',
          'durationchange__bubble',
          'emptied__bubble',
          'encrypted__bubble',
          'ended__bubble',
          'error__bubble',
          'loadeddata__bubble',
          'loadedmetadata__bubble',
          'loadstart__bubble',
          'pause__bubble',
          'play__bubble',
          'playing__bubble',
          'progress__bubble',
          'ratechange__bubble',
          'resize__bubble',
          'seeked__bubble',
          'seeking__bubble',
          'stalled__bubble',
          'suspend__bubble',
          'timeupdate__bubble',
          'volumechange__bubble',
          'waiting__bubble'
        },
        [Symbol(SameObject caches)]: [Object: null prototype] {
          style: [CSSStyleDeclaration],
          attributes: NamedNodeMap {}
        }
      },
      tagName: 'VIDEO',
      id: '',
      className: 'w-full object-cover transition-transform duration-200 h-80 md:h-96 lg:h-[500px]',
      style: 'transform: scale(1); transform-origin: center center; background-color: rgb(0, 0, 0); min-height: 20rem;',
      attributes: [
        {
          name: 'class',
          value: 'w-full object-cover transition-transform duration-200 h-80 md:h-96 lg:h-[500px]'
        },
        { name: 'autoplay', value: '' },
        { name: 'playsinline', value: '' },
        { name: 'webkit-playsinline', value: 'true' },
        {
          name: 'style',
          value: 'transform: scale(1); transform-origin: center center; background-color: rgb(0, 0, 0); min-height: 20rem;'
        }
      ]
    }

      at log (src/components/Scanner.tsx:480:15)

  console.log
    ЁЯФР ╨Я╤А╨╛╨▓╨╡╤А╨║╨░ ╤А╨░╨╖╤А╨╡╤И╨╡╨╜╨╕╨╣ ╨║╨░╨╝╨╡╤А╤Л...

      at BarcodeScanner.log [as startScanning] (src/lib/scanner.ts:346:15)

  console.log
    тЬЕ ╨Я╨╛╨┤╨┤╨╡╤А╨╢╨║╨░ ╨║╨░╨╝╨╡╤А╤Л: OK

      at log (src/components/Scanner.tsx:502:15)

  console.log
    тЬЕ ╨С╨╡╨╖╨╛╨┐╨░╤Б╨╜╤Л╨╣ ╨║╨╛╨╜╤В╨╡╨║╤Б╤В: OK

      at log (src/components/Scanner.tsx:512:15)

  console.log
    ЁЯФД ╨Я╨╛╨╗╤Г╤З╨╡╨╜╨╕╨╡ ╨┤╨╛╤Б╤В╤Г╨┐╨░ ╨║ ╨║╨░╨╝╨╡╤А╨╡...

      at log (src/components/Scanner.tsx:522:17)

  console.log
    ЁЯФР ╨б╤В╨░╤В╤Г╤Б ╤А╨░╨╖╤А╨╡╤И╨╡╨╜╨╕╨╣: {
      granted: false,
      denied: false,
      prompt: true,
      error: 'Camera not found'
    }

      at BarcodeScanner.log [as startScanning] (src/lib/scanner.ts:348:15)

  console.log
    ЁЯФД ╨Ч╨░╨┐╤А╨╛╤Б ╤А╨░╨╖╤А╨╡╤И╨╡╨╜╨╕╤П ╨║╨░╨╝╨╡╤А╤Л...

      at BarcodeScanner.log [as startScanning] (src/lib/scanner.ts:357:17)

  console.log
    ЁЯУ▒ ╨Ч╨░╨┐╤А╨╛╤Б ╤А╨░╨╖╤А╨╡╤И╨╡╨╜╨╕╤П ╨║╨░╨╝╨╡╤А╤Л ╨┤╨╗╤П ╨╝╨╛╨▒╨╕╨╗╤М╨╜╨╛╨│╨╛ ╤Г╤Б╤В╤А╨╛╨╣╤Б╤В╨▓╨░...

      at BarcodeScanner.log [as requestCameraPermission] (src/lib/scanner.ts:268:15)

  console.log
    ЁЯЪА ╨Э╨░╤З╨╕╨╜╨░╨╡╨╝ ╨┐╤А╨╛╤Ж╨╡╤Б╤Б ╤Б╨║╨░╨╜╨╕╤А╨╛╨▓╨░╨╜╨╕╤П...

      at log (src/components/Scanner.tsx:523:17)

  console.log
    ЁЯУ▒ BarcodeScanner: ╨Э╨░╤З╨╕╨╜╨░╨╡╨╝ ╨┐╤А╨╛╤Ж╨╡╤Б╤Б ╤Б╨║╨░╨╜╨╕╤А╨╛╨▓╨░╨╜╨╕╤П

      at BarcodeScanner.log [as startScanning] (src/lib/scanner.ts:336:15)

  console.log
    ЁЯФН ╨Ш╨╜╤Д╨╛╤А╨╝╨░╤Ж╨╕╤П ╨╛ ╨▒╤А╨░╤Г╨╖╨╡╤А╨╡: {
      userAgent: 'Mozilla/5.0 (win32) AppleWebKit/537.36 (KHTML, like Gecko) jsdom/26.1.0',
      platform: '',
      language: 'en-US',
      cookieEnabled: true,
      onLine: true
    }

      at BarcodeScanner.log [as startScanning] (src/lib/scanner.ts:337:15)

  console.warn
    тЪая╕П ╨Ч╨░╨┤╨╜╤П╤П ╨║╨░╨╝╨╡╤А╨░ ╨╜╨╡╨┤╨╛╤Б╤В╤Г╨┐╨╜╨░, ╨┐╤А╨╛╨▒╤Г╨╡╨╝ ╨┐╨╡╤А╨╡╨┤╨╜╤О╤О: Error [NotFoundError]: Camera not found
        at Object.<anonymous> (D:\Dev\ExoScan\exoscan-web\src\components\__tests__\Scanner.test.tsx:227:29)
        at Promise.finally.completed (D:\Dev\ExoScan\exoscan-web\node_modules\jest-circus\build\jestAdapterInit.js:1557:28)
        at new Promise (<anonymous>)
        at callAsyncCircusFn (D:\Dev\ExoScan\exoscan-web\node_modules\jest-circus\build\jestAdapterInit.js:1497:10)
        at _callCircusTest (D:\Dev\ExoScan\exoscan-web\node_modules\jest-circus\build\jestAdapterInit.js:1007:40)
        at _runTest (D:\Dev\ExoScan\exoscan-web\node_modules\jest-circus\build\jestAdapterInit.js:947:3)
        at D:\Dev\ExoScan\exoscan-web\node_modules\jest-circus\build\jestAdapterInit.js:849:7
        at _runTestsForDescribeBlock (D:\Dev\ExoScan\exoscan-web\node_modules\jest-circus\build\jestAdapterInit.js:862:11)
        at _runTestsForDescribeBlock (D:\Dev\ExoScan\exoscan-web\node_modules\jest-circus\build\jestAdapterInit.js:857:11)
        at _runTestsForDescribeBlock (D:\Dev\ExoScan\exoscan-web\node_modules\jest-circus\build\jestAdapterInit.js:857:11)
        at run (D:\Dev\ExoScan\exoscan-web\node_modules\jest-circus\build\jestAdapterInit.js:761:3)
        at runAndTransformResultsToJestFormat (D:\Dev\ExoScan\exoscan-web\node_modules\jest-circus\build\jestAdapterInit.js:1918:21)
        at jestAdapter (D:\Dev\ExoScan\exoscan-web\node_modules\jest-circus\build\runner.js:101:19)
        at runTestInternal (D:\Dev\ExoScan\exoscan-web\node_modules\jest-runner\build\testWorker.js:275:16)
        at runTest (D:\Dev\ExoScan\exoscan-web\node_modules\jest-runner\build\testWorker.js:343:7)
        at Object.worker (D:\Dev\ExoScan\exoscan-web\node_modules\jest-runner\build\testWorker.js:497:12)

    [0m [90m 284 |[39m         [36mreturn[39m [36mtrue[39m
     [90m 285 |[39m       } [36mcatch[39m (envError) {
    [31m[1m>[22m[39m[90m 286 |[39m         console[33m.[39mwarn([32m'тЪая╕П ╨Ч╨░╨┤╨╜╤П╤П ╨║╨░╨╝╨╡╤А╨░ ╨╜╨╡╨┤╨╛╤Б╤В╤Г╨┐╨╜╨░, ╨┐╤А╨╛╨▒╤Г╨╡╨╝ ╨┐╨╡╤А╨╡╨┤╨╜╤О╤О:'[39m[33m,[39m envError)
     [90m     |[39m                 [31m[1m^[22m[39m
     [90m 287 |[39m         
     [90m 288 |[39m         [90m// Fallback to user camera (front camera)[39m
     [90m 289 |[39m         [36mconst[39m stream [33m=[39m [36mawait[39m (navigator [36mas[39m [33mNavigatorWithMediaDevices[39m)[33m.[39mmediaDevices[33m.[39mgetUserMedia({[0m

      at BarcodeScanner.warn [as requestCameraPermission] (src/lib/scanner.ts:286:17)
      at BarcodeScanner.startScanning (src/lib/scanner.ts:358:25)
      at startScanning (src/components/Scanner.tsx:525:9)

  console.log
    ЁЯФР ╨Я╤А╨╛╨▓╨╡╤А╨║╨░ ╤А╨░╨╖╤А╨╡╤И╨╡╨╜╨╕╨╣ ╨║╨░╨╝╨╡╤А╤Л...

      at BarcodeScanner.log [as startScanning] (src/lib/scanner.ts:346:15)

  console.log
    ЁЯЫС ╨Ю╤Б╤В╨░╨╜╨╛╨▓╨║╨░ ╤Б╨║╨░╨╜╨╕╤А╨╛╨▓╨░╨╜╨╕╤П...

      at BarcodeScanner.log [as stopScanning] (src/lib/scanner.ts:853:15)

  console.log
    ЁЯз╣ ╨Т╨╕╨┤╨╡╨╛ ╤Н╨╗╨╡╨╝╨╡╨╜╤В ╨╛╤З╨╕╤Й╨╡╨╜

      at BarcodeScanner.log [as stopCurrentStream] (src/lib/scanner.ts:744:17)

  console.error
    тЭМ ╨Ю╤И╨╕╨▒╨║╨░ ╨╖╨░╨┐╤А╨╛╤Б╨░ ╤А╨░╨╖╤А╨╡╤И╨╡╨╜╨╕╤П ╨║╨░╨╝╨╡╤А╤Л: Error [NotFoundError]: Camera not found
        at Object.<anonymous> (D:\Dev\ExoScan\exoscan-web\src\components\__tests__\Scanner.test.tsx:227:29)
        at Promise.finally.completed (D:\Dev\ExoScan\exoscan-web\node_modules\jest-circus\build\jestAdapterInit.js:1557:28)
        at new Promise (<anonymous>)
        at callAsyncCircusFn (D:\Dev\ExoScan\exoscan-web\node_modules\jest-circus\build\jestAdapterInit.js:1497:10)
        at _callCircusTest (D:\Dev\ExoScan\exoscan-web\node_modules\jest-circus\build\jestAdapterInit.js:1007:40)
        at _runTest (D:\Dev\ExoScan\exoscan-web\node_modules\jest-circus\build\jestAdapterInit.js:947:3)
        at D:\Dev\ExoScan\exoscan-web\node_modules\jest-circus\build\jestAdapterInit.js:849:7
        at _runTestsForDescribeBlock (D:\Dev\ExoScan\exoscan-web\node_modules\jest-circus\build\jestAdapterInit.js:862:11)
        at _runTestsForDescribeBlock (D:\Dev\ExoScan\exoscan-web\node_modules\jest-circus\build\jestAdapterInit.js:857:11)
        at _runTestsForDescribeBlock (D:\Dev\ExoScan\exoscan-web\node_modules\jest-circus\build\jestAdapterInit.js:857:11)
        at run (D:\Dev\ExoScan\exoscan-web\node_modules\jest-circus\build\jestAdapterInit.js:761:3)
        at runAndTransformResultsToJestFormat (D:\Dev\ExoScan\exoscan-web\node_modules\jest-circus\build\jestAdapterInit.js:1918:21)
        at jestAdapter (D:\Dev\ExoScan\exoscan-web\node_modules\jest-circus\build\runner.js:101:19)
        at runTestInternal (D:\Dev\ExoScan\exoscan-web\node_modules\jest-runner\build\testWorker.js:275:16)
        at runTest (D:\Dev\ExoScan\exoscan-web\node_modules\jest-runner\build\testWorker.js:343:7)
        at Object.worker (D:\Dev\ExoScan\exoscan-web\node_modules\jest-runner\build\testWorker.js:497:12)

    [0m [90m 302 |[39m       }
     [90m 303 |[39m     } [36mcatch[39m (error) {
    [31m[1m>[22m[39m[90m 304 |[39m       console[33m.[39merror([32m'тЭМ ╨Ю╤И╨╕╨▒╨║╨░ ╨╖╨░╨┐╤А╨╛╤Б╨░ ╤А╨░╨╖╤А╨╡╤И╨╡╨╜╨╕╤П ╨║╨░╨╝╨╡╤А╤Л:'[39m[33m,[39m error)
     [90m     |[39m               [31m[1m^[22m[39m
     [90m 305 |[39m       [36mconst[39m err [33m=[39m error [36mas[39m [33mError[39m
     [90m 306 |[39m       [36mif[39m (err[33m.[39mname [33m===[39m [32m'NotAllowedError'[39m) {
     [90m 307 |[39m         console[33m.[39merror([32m'тЭМ ╨Я╨╛╨╗╤М╨╖╨╛╨▓╨░╤В╨╡╨╗╤М ╨╛╤В╨║╨╗╨╛╨╜╨╕╨╗ ╨┤╨╛╤Б╤В╤Г╨┐ ╨║ ╨║╨░╨╝╨╡╤А╨╡'[39m)[0m

      at BarcodeScanner.error [as requestCameraPermission] (src/lib/scanner.ts:304:15)
      at BarcodeScanner.startScanning (src/lib/scanner.ts:358:25)
      at startScanning (src/components/Scanner.tsx:525:9)

  console.log
    тЬЕ ╨б╨║╨░╨╜╨╕╤А╨╛╨▓╨░╨╜╨╕╨╡ ╨╛╤Б╤В╨░╨╜╨╛╨▓╨╗╨╡╨╜╨╛

      at BarcodeScanner.log [as stopScanning] (src/lib/scanner.ts:866:15)

  console.log
    ЁЯОе ╨Ч╨░╨┐╤Г╤Б╨║ ╤Б╨║╨░╨╜╨╕╤А╨╛╨▓╨░╨╜╨╕╤П...

      at log (src/components/Scanner.tsx:479:15)

  console.error
    тЭМ ╨Ъ╨░╨╝╨╡╤А╨░ ╨╜╨╡ ╨╜╨░╨╣╨┤╨╡╨╜╨░ ╨╜╨░ ╤Г╤Б╤В╤А╨╛╨╣╤Б╤В╨▓╨╡

    [0m [90m 307 |[39m         console[33m.[39merror([32m'тЭМ ╨Я╨╛╨╗╤М╨╖╨╛╨▓╨░╤В╨╡╨╗╤М ╨╛╤В╨║╨╗╨╛╨╜╨╕╨╗ ╨┤╨╛╤Б╤В╤Г╨┐ ╨║ ╨║╨░╨╝╨╡╤А╨╡'[39m)
     [90m 308 |[39m       } [36melse[39m [36mif[39m (err[33m.[39mname [33m===[39m [32m'NotFoundError'[39m) {
    [31m[1m>[22m[39m[90m 309 |[39m         console[33m.[39merror([32m'тЭМ ╨Ъ╨░╨╝╨╡╤А╨░ ╨╜╨╡ ╨╜╨░╨╣╨┤╨╡╨╜╨░ ╨╜╨░ ╤Г╤Б╤В╤А╨╛╨╣╤Б╤В╨▓╨╡'[39m)
     [90m     |[39m                 [31m[1m^[22m[39m
     [90m 310 |[39m       } [36melse[39m [36mif[39m (err[33m.[39mname [33m===[39m [32m'NotReadableError'[39m) {
     [90m 311 |[39m         console[33m.[39merror([32m'тЭМ ╨Ъ╨░╨╝╨╡╤А╨░ ╤Г╨╢╨╡ ╨╕╤Б╨┐╨╛╨╗╤М╨╖╤Г╨╡╤В╤Б╤П ╨┤╤А╤Г╨│╨╕╨╝ ╨┐╤А╨╕╨╗╨╛╨╢╨╡╨╜╨╕╨╡╨╝'[39m)
     [90m 312 |[39m       } [36melse[39m [36mif[39m (err[33m.[39mname [33m===[39m [32m'OverconstrainedError'[39m) {[0m

      at BarcodeScanner.error [as requestCameraPermission] (src/lib/scanner.ts:309:17)
      at BarcodeScanner.startScanning (src/lib/scanner.ts:358:25)
      at startScanning (src/components/Scanner.tsx:525:9)

  console.log
    ЁЯУ▒ ╨Ш╨╜╤Д╨╛╤А╨╝╨░╤Ж╨╕╤П ╨╛ ╨▓╨╕╨┤╨╡╨╛ ╤Н╨╗╨╡╨╝╨╡╨╜╤В╨╡: {
      element: <ref *1> HTMLVideoElement {
        '__reactFiber$t4lsjnwx8va': FiberNode {
          tag: 5,
          key: null,
          elementType: 'video',
          type: 'video',
          stateNode: [Circular *1],
          return: [FiberNode],
          child: null,
          sibling: [FiberNode],
          index: 1,
          ref: [Object],
          refCleanup: null,
          pendingProps: [Object],
          memoizedProps: [Object],
          updateQueue: null,
          memoizedState: null,
          dependencies: null,
          mode: 25,
          flags: 5243392,
          subtreeFlags: 0,
          deletions: null,
          lanes: 0,
          childLanes: 0,
          alternate: null,
          actualDuration: -0,
          actualStartTime: 6275.512600000001,
          selfBaseDuration: -0,
          treeBaseDuration: -0,
          _debugInfo: null,
          _debugOwner: [FiberNode],
          _debugStack: Error: react-stack-top-frame
              at process.env.NODE_ENV.exports.jsx (D:\Dev\ExoScan\exoscan-web\node_modules\react\cjs\react-jsx-runtime.development.js:337:13)
              at ScannerContent (D:\Dev\ExoScan\exoscan-web\src\components\Scanner.tsx:784:9)
              at Object.react-stack-bottom-frame (D:\Dev\ExoScan\exoscan-web\node_modules\react-dom\cjs\react-dom-client.development.js:23863:20)
              at renderWithHooksAgain (D:\Dev\ExoScan\exoscan-web\node_modules\react-dom\cjs\react-dom-client.development.js:5629:20)
              at renderWithHooks (D:\Dev\ExoScan\exoscan-web\node_modules\react-dom\cjs\react-dom-client.development.js:5541:22)
              at updateFunctionComponent (D:\Dev\ExoScan\exoscan-web\node_modules\react-dom\cjs\react-dom-client.development.js:8897:19)
              at beginWork (D:\Dev\ExoScan\exoscan-web\node_modules\react-dom\cjs\react-dom-client.development.js:10522:18)
              at runWithFiberInDEV (D:\Dev\ExoScan\exoscan-web\node_modules\react-dom\cjs\react-dom-client.development.js:1522:13)
              at performUnitOfWork (D:\Dev\ExoScan\exoscan-web\node_modules\react-dom\cjs\react-dom-client.development.js:15140:22)
              at workLoopSync (D:\Dev\ExoScan\exoscan-web\node_modules\react-dom\cjs\react-dom-client.development.js:14956:41)
              at renderRootSync (D:\Dev\ExoScan\exoscan-web\node_modules\react-dom\cjs\react-dom-client.development.js:14936:11)
              at performWorkOnRoot (D:\Dev\ExoScan\exoscan-web\node_modules\react-dom\cjs\react-dom-client.development.js:14419:13)
              at performWorkOnRootViaSchedulerTask (D:\Dev\ExoScan\exoscan-web\node_modules\react-dom\cjs\react-dom-client.development.js:16216:7)
              at flushActQueue (D:\Dev\ExoScan\exoscan-web\node_modules\react\cjs\react.development.js:566:34)
              at process.env.NODE_ENV.exports.act (D:\Dev\ExoScan\exoscan-web\node_modules\react\cjs\react.development.js:859:10)
              at D:\Dev\ExoScan\exoscan-web\node_modules\@testing-library\react\dist\act-compat.js:47:25
              at renderRoot (D:\Dev\ExoScan\exoscan-web\node_modules\@testing-library\react\dist\pure.js:190:26)
              at render (D:\Dev\ExoScan\exoscan-web\node_modules\@testing-library\react\dist\pure.js:292:10)
              at Object.<anonymous> (D:\Dev\ExoScan\exoscan-web\src\components\__tests__\Scanner.strict-mode.test.tsx:335:13)
              at Promise.finally.completed (D:\Dev\ExoScan\exoscan-web\node_modules\jest-circus\build\jestAdapterInit.js:1557:28)
              at new Promise (<anonymous>)
              at callAsyncCircusFn (D:\Dev\ExoScan\exoscan-web\node_modules\jest-circus\build\jestAdapterInit.js:1497:10)
              at _callCircusTest (D:\Dev\ExoScan\exoscan-web\node_modules\jest-circus\build\jestAdapterInit.js:1007:40)
              at runNextTicks (node:internal/process/task_queues:65:5)
              at listOnTimeout (node:internal/timers:549:9)
              at processTimers (node:internal/timers:523:7)
              at _runTest (D:\Dev\ExoScan\exoscan-web\node_modules\jest-circus\build\jestAdapterInit.js:947:3)
              at D:\Dev\ExoScan\exoscan-web\node_modules\jest-circus\build\jestAdapterInit.js:849:7
              at _runTestsForDescribeBlock (D:\Dev\ExoScan\exoscan-web\node_modules\jest-circus\build\jestAdapterInit.js:862:11)
              at _runTestsForDescribeBlock (D:\Dev\ExoScan\exoscan-web\node_modules\jest-circus\build\jestAdapterInit.js:857:11)
              at _runTestsForDescribeBlock (D:\Dev\ExoScan\exoscan-web\node_modules\jest-circus\build\jestAdapterInit.js:857:11)
              at run (D:\Dev\ExoScan\exoscan-web\node_modules\jest-circus\build\jestAdapterInit.js:761:3)
              at runAndTransformResultsToJestFormat (D:\Dev\ExoScan\exoscan-web\node_modules\jest-circus\build\jestAdapterInit.js:1918:21)
              at jestAdapter (D:\Dev\ExoScan\exoscan-web\node_modules\jest-circus\build\runner.js:101:19)
              at runTestInternal (D:\Dev\ExoScan\exoscan-web\node_modules\jest-runner\build\testWorker.js:275:16)
              at runTest (D:\Dev\ExoScan\exoscan-web\node_modules\jest-runner\build\testWorker.js:343:7)
              at Object.worker (D:\Dev\ExoScan\exoscan-web\node_modules\jest-runner\build\testWorker.js:497:12),
          _debugTask: null,
          _debugNeedsRemount: false,
          _debugHookTypes: null
        },
        '__reactProps$t4lsjnwx8va': {
          ref: [Object],
          className: 'w-full object-cover transition-transform duration-200 h-80 md:h-96 lg:h-[500px]',
          autoPlay: true,
          playsInline: true,
          muted: true,
          controls: false,
          'webkit-playsinline': 'true',
          onLoadedData: [AsyncFunction: onLoadedData],
          onCanPlay: [AsyncFunction: onCanPlay],
          onClick: [AsyncFunction: onClick],
          onTouchStart: [AsyncFunction: onTouchStart],
          style: [Object]
        },
        '__reactEvents$t4lsjnwx8va': Set(24) {
          'abort__bubble',
          'canplay__bubble',
          'canplaythrough__bubble',
          'durationchange__bubble',
          'emptied__bubble',
          'encrypted__bubble',
          'ended__bubble',
          'error__bubble',
          'loadeddata__bubble',
          'loadedmetadata__bubble',
          'loadstart__bubble',
          'pause__bubble',
          'play__bubble',
          'playing__bubble',
          'progress__bubble',
          'ratechange__bubble',
          'resize__bubble',
          'seeked__bubble',
          'seeking__bubble',
          'stalled__bubble',
          'suspend__bubble',
          'timeupdate__bubble',
          'volumechange__bubble',
          'waiting__bubble'
        },
        srcObject: null,
        [Symbol(SameObject caches)]: [Object: null prototype] {
          style: [CSSStyleDeclaration],
          attributes: NamedNodeMap {}
        }
      },
      tagName: 'VIDEO',
      id: '',
      className: 'w-full object-cover transition-transform duration-200 h-80 md:h-96 lg:h-[500px]',
      style: 'transform: scale(1); transform-origin: center center; background-color: rgb(0, 0, 0); min-height: 20rem;',
      attributes: [
        {
          name: 'class',
          value: 'w-full object-cover transition-transform duration-200 h-80 md:h-96 lg:h-[500px]'
        },
        { name: 'autoplay', value: '' },
        { name: 'playsinline', value: '' },
        { name: 'webkit-playsinline', value: 'true' },
        {
          name: 'style',
          value: 'transform: scale(1); transform-origin: center center; background-color: rgb(0, 0, 0); min-height: 20rem;'
        }
      ]
    }

      at log (src/components/Scanner.tsx:480:15)

  console.log
    тЬЕ ╨Я╨╛╨┤╨┤╨╡╤А╨╢╨║╨░ ╨║╨░╨╝╨╡╤А╤Л: OK

      at log (src/components/Scanner.tsx:502:15)

  console.log
    тЬЕ ╨С╨╡╨╖╨╛╨┐╨░╤Б╨╜╤Л╨╣ ╨║╨╛╨╜╤В╨╡╨║╤Б╤В: OK

      at log (src/components/Scanner.tsx:512:15)

  console.error
    тЭМ ╨а╨░╨╖╤А╨╡╤И╨╡╨╜╨╕╨╡ ╨║╨░╨╝╨╡╤А╤Л ╨╜╨╡ ╨┐╨╛╨╗╤Г╤З╨╡╨╜╨╛

    [0m [90m 358 |[39m         [36mconst[39m granted [33m=[39m [36mawait[39m [36mthis[39m[33m.[39mrequestCameraPermission()
     [90m 359 |[39m         [36mif[39m ([33m![39mgranted) {
    [31m[1m>[22m[39m[90m 360 |[39m           console[33m.[39merror([32m'тЭМ ╨а╨░╨╖╤А╨╡╤И╨╡╨╜╨╕╨╡ ╨║╨░╨╝╨╡╤А╤Л ╨╜╨╡ ╨┐╨╛╨╗╤Г╤З╨╡╨╜╨╛'[39m)
     [90m     |[39m                   [31m[1m^[22m[39m
     [90m 361 |[39m           [36mthrow[39m [36mnew[39m [33mError[39m([32m'Camera permission is required for scanning. Please allow camera access and try again.'[39m)
     [90m 362 |[39m         }
     [90m 363 |[39m         console[33m.[39mlog([32m'тЬЕ ╨а╨░╨╖╤А╨╡╤И╨╡╨╜╨╕╨╡ ╨║╨░╨╝╨╡╤А╤Л ╨┐╨╛╨╗╤Г╤З╨╡╨╜╨╛'[39m)[0m

      at BarcodeScanner.error [as startScanning] (src/lib/scanner.ts:360:19)
      at startScanning (src/components/Scanner.tsx:525:9)

  console.log
    ЁЯФД ╨Я╨╛╨╗╤Г╤З╨╡╨╜╨╕╨╡ ╨┤╨╛╤Б╤В╤Г╨┐╨░ ╨║ ╨║╨░╨╝╨╡╤А╨╡...

      at log (src/components/Scanner.tsx:522:17)

  console.log
    ЁЯЪА ╨Э╨░╤З╨╕╨╜╨░╨╡╨╝ ╨┐╤А╨╛╤Ж╨╡╤Б╤Б ╤Б╨║╨░╨╜╨╕╤А╨╛╨▓╨░╨╜╨╕╤П...

      at log (src/components/Scanner.tsx:523:17)

  console.log
    ЁЯУ▒ BarcodeScanner: ╨Э╨░╤З╨╕╨╜╨░╨╡╨╝ ╨┐╤А╨╛╤Ж╨╡╤Б╤Б ╤Б╨║╨░╨╜╨╕╤А╨╛╨▓╨░╨╜╨╕╤П

      at BarcodeScanner.log [as startScanning] (src/lib/scanner.ts:336:15)

  console.log
    ЁЯЫС ╨Ю╤Б╤В╨░╨╜╨╛╨▓╨║╨░ ╤Б╨║╨░╨╜╨╕╤А╨╛╨▓╨░╨╜╨╕╤П...

      at BarcodeScanner.log [as stopScanning] (src/lib/scanner.ts:853:15)

  console.error
    тЭМ ╨Ъ╤А╨╕╤В╨╕╤З╨╡╤Б╨║╨░╤П ╨╛╤И╨╕╨▒╨║╨░ ╨┐╤А╨╕ ╨╖╨░╨┐╤Г╤Б╨║╨╡ ╤Б╨║╨░╨╜╨╕╤А╨╛╨▓╨░╨╜╨╕╤П: Error: Camera permission is required for scanning. Please allow camera access and try again.
        at BarcodeScanner.startScanning (D:\Dev\ExoScan\exoscan-web\src\lib\scanner.ts:361:17)
        at startScanning (D:\Dev\ExoScan\exoscan-web\src\components\Scanner.tsx:525:9)

    [0m [90m 684 |[39m       
     [90m 685 |[39m     } [36mcatch[39m (error) {
    [31m[1m>[22m[39m[90m 686 |[39m       console[33m.[39merror([32m'тЭМ ╨Ъ╤А╨╕╤В╨╕╤З╨╡╤Б╨║╨░╤П ╨╛╤И╨╕╨▒╨║╨░ ╨┐╤А╨╕ ╨╖╨░╨┐╤Г╤Б╨║╨╡ ╤Б╨║╨░╨╜╨╕╤А╨╛╨▓╨░╨╜╨╕╤П:'[39m[33m,[39m error)
     [90m     |[39m               [31m[1m^[22m[39m
     [90m 687 |[39m       [36mthis[39m[33m.[39misScanning [33m=[39m [36mfalse[39m
     [90m 688 |[39m       [36mthis[39m[33m.[39mstopCurrentStream([36mthis[39m[33m.[39mcurrentVideoElement [33m||[39m undefined)
     [90m 689 |[39m       [0m

      at BarcodeScanner.error [as startScanning] (src/lib/scanner.ts:686:15)
      at startScanning (src/components/Scanner.tsx:525:9)

  console.log
    ЁЯз╣ ╨Т╨╕╨┤╨╡╨╛ ╤Н╨╗╨╡╨╝╨╡╨╜╤В ╨╛╤З╨╕╤Й╨╡╨╜

      at BarcodeScanner.log [as stopCurrentStream] (src/lib/scanner.ts:744:17)

  console.log
    ЁЯЫС ╨Р╨▓╤В╨╛╤Б╨║╨░╨╜╨╕╤А╨╛╨▓╨░╨╜╨╕╨╡ ╨╛╤Б╤В╨░╨╜╨╛╨▓╨╗╨╡╨╜╨╛

      at BarcodeScanner.log [as stopScanning] (src/lib/scanner.ts:860:17)

  console.log
    ЁЯФН ╨Ш╨╜╤Д╨╛╤А╨╝╨░╤Ж╨╕╤П ╨╛ ╨▒╤А╨░╤Г╨╖╨╡╤А╨╡: {
      userAgent: 'Mozilla/5.0 (win32) AppleWebKit/537.36 (KHTML, like Gecko) jsdom/26.1.0',
      platform: '',
      language: 'en-US',
      cookieEnabled: true,
      onLine: true
    }

      at BarcodeScanner.log [as startScanning] (src/lib/scanner.ts:337:15)

  console.log
    ЁЯЫС ╨Ю╤Б╤В╨░╨╜╨╛╨▓╨╗╨╡╨╜ ╤В╤А╨╡╨║ ╨║╨░╨╝╨╡╤А╤Л: video

      at log (src/lib/scanner.ts:737:19)
          at Array.forEach (<anonymous>)

  console.log
    ЁЯФР ╨Я╤А╨╛╨▓╨╡╤А╨║╨░ ╤А╨░╨╖╤А╨╡╤И╨╡╨╜╨╕╨╣ ╨║╨░╨╝╨╡╤А╤Л...

      at BarcodeScanner.log [as startScanning] (src/lib/scanner.ts:346:15)

  console.log
    ЁЯз╣ ╨Т╨╕╨┤╨╡╨╛ ╤Н╨╗╨╡╨╝╨╡╨╜╤В ╨╛╤З╨╕╤Й╨╡╨╜

      at BarcodeScanner.log [as stopCurrentStream] (src/lib/scanner.ts:744:17)

  console.error
    тЭМ ╨Ю╨▒╤А╨░╨▒╨╛╤В╨░╨╜╨╜╨░╤П ╨╛╤И╨╕╨▒╨║╨░: ╨Ю╤И╨╕╨▒╨║╨░ ╤Б╨║╨░╨╜╨╕╤А╨╛╨▓╨░╨╜╨╕╤П: Camera permission is required for scanning. Please allow camera access and try again.

    [0m [90m 689 |[39m       
     [90m 690 |[39m       [36mconst[39m errorMessage [33m=[39m [36mthis[39m[33m.[39mgetErrorMessage(error [36mas[39m [33mError[39m)
    [31m[1m>[22m[39m[90m 691 |[39m       console[33m.[39merror([32m'тЭМ ╨Ю╨▒╤А╨░╨▒╨╛╤В╨░╨╜╨╜╨░╤П ╨╛╤И╨╕╨▒╨║╨░:'[39m[33m,[39m errorMessage)
     [90m     |[39m               [31m[1m^[22m[39m
     [90m 692 |[39m       [36mconst[39m enhancedError [33m=[39m [36mnew[39m [33mError[39m(errorMessage)
     [90m 693 |[39m       
     [90m 694 |[39m       [36mif[39m (onError) {[0m

      at BarcodeScanner.error [as startScanning] (src/lib/scanner.ts:691:15)
      at startScanning (src/components/Scanner.tsx:525:9)

  console.log
    тЬЕ ╨б╨║╨░╨╜╨╕╤А╨╛╨▓╨░╨╜╨╕╨╡ ╨╛╤Б╤В╨░╨╜╨╛╨▓╨╗╨╡╨╜╨╛

      at BarcodeScanner.log [as stopScanning] (src/lib/scanner.ts:866:15)

  console.log
    ЁЯФР ╨б╤В╨░╤В╤Г╤Б ╤А╨░╨╖╤А╨╡╤И╨╡╨╜╨╕╨╣: { granted: true, denied: false, prompt: false }

      at BarcodeScanner.log [as startScanning] (src/lib/scanner.ts:348:15)

  console.error
    Scanner error: Error: ╨Ю╤И╨╕╨▒╨║╨░ ╤Б╨║╨░╨╜╨╕╤А╨╛╨▓╨░╨╜╨╕╤П: Camera permission is required for scanning. Please allow camera access and try again.
        at BarcodeScanner.startScanning (D:\Dev\ExoScan\exoscan-web\src\lib\scanner.ts:692:29)
        at startScanning (D:\Dev\ExoScan\exoscan-web\src\components\Scanner.tsx:525:9)

    [0m [90m 92 |[39m
     [90m 93 |[39m   [36mconst[39m handleError [33m=[39m useCallback((err[33m:[39m [33mError[39m) [33m=>[39m {
    [31m[1m>[22m[39m[90m 94 |[39m     console[33m.[39merror([32m'Scanner error:'[39m[33m,[39m err)
     [90m    |[39m             [31m[1m^[22m[39m
     [90m 95 |[39m     [36mif[39m ([33m![39mmountedRef[33m.[39mcurrent) [36mreturn[39m [90m// ╨Ч╨░╤Й╨╕╤В╨░ ╨╛╤В ╨╛╨▒╨╜╨╛╨▓╨╗╨╡╨╜╨╕╤П ╨┐╨╛╤Б╨╗╨╡ unmount[39m
     [90m 96 |[39m     
     [90m 97 |[39m     [90m// Determine friendly Russian error message expected by integration tests[39m[0m

      at error (src/components/Scanner.tsx:94:13)
      at BarcodeScanner.onError [as startScanning] (src/lib/scanner.ts:695:9)
      at startScanning (src/components/Scanner.tsx:525:9)

  console.log
    тЬЕ MediaDevices API: OK

      at BarcodeScanner.log [as startScanning] (src/lib/scanner.ts:383:15)

  console.log
    тЬЕ getUserMedia: OK

      at BarcodeScanner.log [as startScanning] (src/lib/scanner.ts:401:15)

  console.log
    ЁЯУ╣ ╨Я╨╛╨╕╤Б╨║ ╨┤╨╛╤Б╤В╤Г╨┐╨╜╤Л╤Е ╨║╨░╨╝╨╡╤А...

      at BarcodeScanner.log [as startScanning] (src/lib/scanner.ts:404:15)

  console.log
    ЁЯФР ╨б╤В╨░╤В╤Г╤Б ╤А╨░╨╖╤А╨╡╤И╨╡╨╜╨╕╨╣: { granted: true, denied: false, prompt: false }

      at BarcodeScanner.log [as startScanning] (src/lib/scanner.ts:348:15)

  console.log
    тЬЕ MediaDevices API: OK

      at BarcodeScanner.log [as startScanning] (src/lib/scanner.ts:383:15)

  console.log
    тЬЕ getUserMedia: OK

      at BarcodeScanner.log [as startScanning] (src/lib/scanner.ts:401:15)

  console.log
    ЁЯУ╣ ╨Я╨╛╨╕╤Б╨║ ╨┤╨╛╤Б╤В╤Г╨┐╨╜╤Л╤Е ╨║╨░╨╝╨╡╤А...

      at BarcodeScanner.log [as startScanning] (src/lib/scanner.ts:404:15)

  console.log
    ЁЯУ╣ ╨Э╨░╨╣╨┤╨╡╨╜╨╛ ╨║╨░╨╝╨╡╤А: 2 [
      { id: 'camera1', label: 'Back Camera', kind: 'videoinput' },
      { id: 'camera2', label: 'Front Camera', kind: 'videoinput' }
    ]

      at BarcodeScanner.log [as startScanning] (src/lib/scanner.ts:406:15)

  console.log
    ЁЯУ╖ ╨Т╤Л╨▒╤А╨░╨╜╨╜╨░╤П ╨║╨░╨╝╨╡╤А╨░: { label: 'Back Camera', id: 'camera1', source: 'back-camera' }

      at BarcodeScanner.log [as startScanning] (src/lib/scanner.ts:440:15)

  console.log
    ЁЯУ▒ ╨Ь╨╛╨▒╨╕╨╗╤М╨╜╨╛╨╡ ╤Г╤Б╤В╤А╨╛╨╣╤Б╤В╨▓╨╛: false

      at BarcodeScanner.log [as startScanning] (src/lib/scanner.ts:448:15)

  console.log
    ЁЯУ▒ ╨г╤Б╤В╤А╨╛╨╣╤Б╤В╨▓╨╛: ╨Ф╤А╤Г╨│╨╛╨╡, ╨С╤А╨░╤Г╨╖╨╡╤А: ╨Ф╤А╤Г╨│╨╛╨╣

      at BarcodeScanner.log [as getOptimalCameraConstraints] (src/lib/scanner.ts:135:13)

  console.log
    ЁЯОе ╨Э╨░╤Б╤В╤А╨╛╨╣╨║╨╕ ╨║╨░╨╝╨╡╤А╤Л: {
      video: {
        deviceId: { ideal: 'camera1' },
        facingMode: undefined,
        width: { ideal: 1920 },
        height: { ideal: 1080 },
        frameRate: { ideal: 30 }
      }
    }

      at BarcodeScanner.log [as startScanning] (src/lib/scanner.ts:452:15)

  console.log
    ЁЯФН ╨Ч╨░╨┐╤Г╤Б╨║ ╨╜╨╡╨┐╤А╨╡╤А╤Л╨▓╨╜╨╛╨│╨╛ ╨┤╨╡╨║╨╛╨┤╨╕╤А╨╛╨▓╨░╨╜╨╕╤П ╤И╤В╤А╨╕╤Е-╨║╨╛╨┤╨╛╨▓...

      at BarcodeScanner.log [as startScanning] (src/lib/scanner.ts:455:15)

  console.log
    ЁЯз╣ ╨Ю╤З╨╕╤Б╤В╨║╨░ ╤Б╤Г╤Й╨╡╤Б╤В╨▓╤Г╤О╤Й╨╡╨│╨╛ ╨┐╨╛╤В╨╛╨║╨░...

      at BarcodeScanner.log [as startScanning] (src/lib/scanner.ts:458:15)

  console.error
    тЭМ ╨Ю╤И╨╕╨▒╨║╨░ ╨╖╨░╨┐╤Г╤Б╨║╨░ ╤Б╨║╨░╨╜╨╕╤А╨╛╨▓╨░╨╜╨╕╤П: Error: ╨Ю╤И╨╕╨▒╨║╨░ ╤Б╨║╨░╨╜╨╕╤А╨╛╨▓╨░╨╜╨╕╤П: Camera permission is required for scanning. Please allow camera access and try again.
        at BarcodeScanner.startScanning (D:\Dev\ExoScan\exoscan-web\src\lib\scanner.ts:692:29)
        at startScanning (D:\Dev\ExoScan\exoscan-web\src\components\Scanner.tsx:525:9)

    [0m [90m 557 |[39m         }
     [90m 558 |[39m       } [36mcatch[39m (err) {
    [31m[1m>[22m[39m[90m 559 |[39m         console[33m.[39merror([32m'тЭМ ╨Ю╤И╨╕╨▒╨║╨░ ╨╖╨░╨┐╤Г╤Б╨║╨░ ╤Б╨║╨░╨╜╨╕╤А╨╛╨▓╨░╨╜╨╕╤П:'[39m[33m,[39m err)
     [90m     |[39m                 [31m[1m^[22m[39m
     [90m 560 |[39m         handleError(err [36mas[39m [33mError[39m)
     [90m 561 |[39m       }
     [90m 562 |[39m     }[0m

      at error (src/components/Scanner.tsx:559:17)

  console.log
    ЁЯУ║ ╨б╨╛╤Б╤В╨╛╤П╨╜╨╕╨╡ ╨▓╨╕╨┤╨╡╨╛ ╤Н╨╗╨╡╨╝╨╡╨╜╤В╨░: {
      readyState: 0,
      videoWidth: 0,
      videoHeight: 0,
      paused: true,
      ended: false,
      muted: true,
      autoplay: true,
      playsInline: true
    }

      at BarcodeScanner.log [as startScanning] (src/lib/scanner.ts:462:15)

  console.log
    ЁЯФД ╨Ч╨░╨┐╤Г╤Б╨║ ╨┤╨╡╨║╨╛╨┤╨╕╤А╨╛╨▓╨░╨╜╨╕╤П ╤Б ╨╛╨│╤А╨░╨╜╨╕╤З╨╡╨╜╨╕╤П╨╝╨╕...

      at BarcodeScanner.log [as startScanning] (src/lib/scanner.ts:474:15)

  console.log
    ЁЯФД ╨Я╨╛╨┐╤Л╤В╨║╨░ ╨╖╨░╨┐╤Г╤Б╨║╨░ ╤Б optimal ╨╛╨│╤А╨░╨╜╨╕╤З╨╡╨╜╨╕╤П╨╝╨╕: {
      "video": {
        "deviceId": {
          "ideal": "camera1"
        },
        "width": {
          "ideal": 1920
        },
        "height": {
          "ideal": 1080
        },
        "frameRate": {
          "ideal": 30
        }
      }
    }

      at BarcodeScanner.log [as startScanning] (src/lib/scanner.ts:487:19)

  console.log
    ЁЯОе ╨Я╨╛╨╗╤Г╤З╨╡╨╜╨╕╨╡ ╨┐╨╛╤В╨╛╨║╨░ ╤З╨╡╤А╨╡╨╖ getUserMedia...

      at BarcodeScanner.log [as startScanning] (src/lib/scanner.ts:490:19)

  console.log
    ЁЯУ╣ ╨Э╨░╨╣╨┤╨╡╨╜╨╛ ╨║╨░╨╝╨╡╤А: 2 [
      { id: 'camera1', label: 'Back Camera', kind: 'videoinput' },
      { id: 'camera2', label: 'Front Camera', kind: 'videoinput' }
    ]

      at BarcodeScanner.log [as startScanning] (src/lib/scanner.ts:406:15)

  console.log
    ЁЯУ╖ ╨Т╤Л╨▒╤А╨░╨╜╨╜╨░╤П ╨║╨░╨╝╨╡╤А╨░: { label: 'Back Camera', id: 'camera1', source: 'back-camera' }

      at BarcodeScanner.log [as startScanning] (src/lib/scanner.ts:440:15)

  console.log
    ЁЯУ▒ ╨Ь╨╛╨▒╨╕╨╗╤М╨╜╨╛╨╡ ╤Г╤Б╤В╤А╨╛╨╣╤Б╤В╨▓╨╛: false

      at BarcodeScanner.log [as startScanning] (src/lib/scanner.ts:448:15)

  console.log
    ЁЯУ▒ ╨г╤Б╤В╤А╨╛╨╣╤Б╤В╨▓╨╛: ╨Ф╤А╤Г╨│╨╛╨╡, ╨С╤А╨░╤Г╨╖╨╡╤А: ╨Ф╤А╤Г╨│╨╛╨╣

      at BarcodeScanner.log [as getOptimalCameraConstraints] (src/lib/scanner.ts:135:13)

  console.log
    ЁЯОе ╨Э╨░╤Б╤В╤А╨╛╨╣╨║╨╕ ╨║╨░╨╝╨╡╤А╤Л: {
      video: {
        deviceId: { ideal: 'camera1' },
        facingMode: undefined,
        width: { ideal: 1920 },
        height: { ideal: 1080 },
        frameRate: { ideal: 30 }
      }
    }

      at BarcodeScanner.log [as startScanning] (src/lib/scanner.ts:452:15)

  console.log
    ЁЯФН ╨Ч╨░╨┐╤Г╤Б╨║ ╨╜╨╡╨┐╤А╨╡╤А╤Л╨▓╨╜╨╛╨│╨╛ ╨┤╨╡╨║╨╛╨┤╨╕╤А╨╛╨▓╨░╨╜╨╕╤П ╤И╤В╤А╨╕╤Е-╨║╨╛╨┤╨╛╨▓...

      at BarcodeScanner.log [as startScanning] (src/lib/scanner.ts:455:15)

  console.error
    Scanner error: Error: ╨Ю╤И╨╕╨▒╨║╨░ ╤Б╨║╨░╨╜╨╕╤А╨╛╨▓╨░╨╜╨╕╤П: Camera permission is required for scanning. Please allow camera access and try again.
        at BarcodeScanner.startScanning (D:\Dev\ExoScan\exoscan-web\src\lib\scanner.ts:692:29)
        at startScanning (D:\Dev\ExoScan\exoscan-web\src\components\Scanner.tsx:525:9)

    [0m [90m 92 |[39m
     [90m 93 |[39m   [36mconst[39m handleError [33m=[39m useCallback((err[33m:[39m [33mError[39m) [33m=>[39m {
    [31m[1m>[22m[39m[90m 94 |[39m     console[33m.[39merror([32m'Scanner error:'[39m[33m,[39m err)
     [90m    |[39m             [31m[1m^[22m[39m
     [90m 95 |[39m     [36mif[39m ([33m![39mmountedRef[33m.[39mcurrent) [36mreturn[39m [90m// ╨Ч╨░╤Й╨╕╤В╨░ ╨╛╤В ╨╛╨▒╨╜╨╛╨▓╨╗╨╡╨╜╨╕╤П ╨┐╨╛╤Б╨╗╨╡ unmount[39m
     [90m 96 |[39m     
     [90m 97 |[39m     [90m// Determine friendly Russian error message expected by integration tests[39m[0m

      at error (src/components/Scanner.tsx:94:13)
      at handleError (src/components/Scanner.tsx:560:9)

  console.log
    ЁЯз╣ ╨Ю╤З╨╕╤Б╤В╨║╨░ ╤Б╤Г╤Й╨╡╤Б╤В╨▓╤Г╤О╤Й╨╡╨│╨╛ ╨┐╨╛╤В╨╛╨║╨░...

      at BarcodeScanner.log [as startScanning] (src/lib/scanner.ts:458:15)

  console.log
    ЁЯУ║ ╨б╨╛╤Б╤В╨╛╤П╨╜╨╕╨╡ ╨▓╨╕╨┤╨╡╨╛ ╤Н╨╗╨╡╨╝╨╡╨╜╤В╨░: {
      readyState: 0,
      videoWidth: 0,
      videoHeight: 0,
      paused: true,
      ended: false,
      muted: true,
      autoplay: true,
      playsInline: true
    }

      at BarcodeScanner.log [as startScanning] (src/lib/scanner.ts:462:15)

  console.log
    ЁЯФД ╨Ч╨░╨┐╤Г╤Б╨║ ╨┤╨╡╨║╨╛╨┤╨╕╤А╨╛╨▓╨░╨╜╨╕╤П ╤Б ╨╛╨│╤А╨░╨╜╨╕╤З╨╡╨╜╨╕╤П╨╝╨╕...

      at BarcodeScanner.log [as startScanning] (src/lib/scanner.ts:474:15)

  console.log
    ЁЯФД ╨Я╨╛╨┐╤Л╤В╨║╨░ ╨╖╨░╨┐╤Г╤Б╨║╨░ ╤Б optimal ╨╛╨│╤А╨░╨╜╨╕╤З╨╡╨╜╨╕╤П╨╝╨╕: {
      "video": {
        "deviceId": {
          "ideal": "camera1"
        },
        "width": {
          "ideal": 1920
        },
        "height": {
          "ideal": 1080
        },
        "frameRate": {
          "ideal": 30
        }
      }
    }

      at BarcodeScanner.log [as startScanning] (src/lib/scanner.ts:487:19)

  console.log
    ЁЯОе ╨Я╨╛╨╗╤Г╤З╨╡╨╜╨╕╨╡ ╨┐╨╛╤В╨╛╨║╨░ ╤З╨╡╤А╨╡╨╖ getUserMedia...

      at BarcodeScanner.log [as startScanning] (src/lib/scanner.ts:490:19)

  console.log
    тЬЕ ╨Я╨╛╤В╨╛╨║ ╨┐╨╛╨╗╤Г╤З╨╡╨╜: {
      active: undefined,
      id: 'stream-1759353554959-0.019036752412832536',
      tracks: [
        {
          kind: 'video',
          label: undefined,
          enabled: undefined,
          readyState: undefined,
          muted: undefined,
          settings: [Object]
        }
      ]
    }

      at BarcodeScanner.log [as startScanning] (src/lib/scanner.ts:492:19)

  console.log
    ЁЯОм ╨г╤Б╤В╨░╨╜╨╛╨▓╨║╨░ ╨┐╨╛╤В╨╛╨║╨░ ╨▓ ╨▓╨╕╨┤╨╡╨╛ ╤Н╨╗╨╡╨╝╨╡╨╜╤В...

      at BarcodeScanner.log [as startScanning] (src/lib/scanner.ts:515:19)

  console.log
    тЬЕ ╨Я╨╛╤В╨╛╨║ ╨┐╨╛╨╗╤Г╤З╨╡╨╜: {
      active: undefined,
      id: 'stream-1759353554975-0.07563409307512092',
      tracks: [
        {
          kind: 'video',
          label: undefined,
          enabled: undefined,
          readyState: undefined,
          muted: undefined,
          settings: [Object]
        }
      ]
    }

      at BarcodeScanner.log [as startScanning] (src/lib/scanner.ts:492:19)

  console.log
    ЁЯОм ╨г╤Б╤В╨░╨╜╨╛╨▓╨║╨░ ╨┐╨╛╤В╨╛╨║╨░ ╨▓ ╨▓╨╕╨┤╨╡╨╛ ╤Н╨╗╨╡╨╝╨╡╨╜╤В...

      at BarcodeScanner.log [as startScanning] (src/lib/scanner.ts:515:19)

  console.log
    ЁЯОе ╨Ч╨░╨┐╤Г╤Б╨║ ╤Б╨║╨░╨╜╨╕╤А╨╛╨▓╨░╨╜╨╕╤П...

      at log (src/components/Scanner.tsx:479:15)

  console.log
    ЁЯУ▒ ╨Ш╨╜╤Д╨╛╤А╨╝╨░╤Ж╨╕╤П ╨╛ ╨▓╨╕╨┤╨╡╨╛ ╤Н╨╗╨╡╨╝╨╡╨╜╤В╨╡: {
      element: <ref *1> HTMLVideoElement {
        '__reactFiber$rjg183felv': FiberNode {
          tag: 5,
          key: null,
          elementType: 'video',
          type: 'video',
          stateNode: [Circular *1],
          return: [FiberNode],
          child: null,
          sibling: [FiberNode],
          index: 1,
          ref: [Object],
          refCleanup: null,
          pendingProps: [Object],
          memoizedProps: [Object],
          updateQueue: null,
          memoizedState: null,
          dependencies: null,
          mode: 1,
          flags: 5243392,
          subtreeFlags: 0,
          deletions: null,
          lanes: 0,
          childLanes: 0,
          alternate: null,
          actualDuration: -0,
          actualStartTime: 6460.872300000001,
          selfBaseDuration: -0,
          treeBaseDuration: -0,
          _debugInfo: null,
          _debugOwner: [FiberNode],
          _debugStack: Error: react-stack-top-frame
              at process.env.NODE_ENV.exports.jsx (D:\Dev\ExoScan\exoscan-web\node_modules\react\cjs\react-jsx-runtime.development.js:337:13)
              at ScannerContent (D:\Dev\ExoScan\exoscan-web\src\components\Scanner.tsx:784:9)
              at Object.react-stack-bottom-frame (D:\Dev\ExoScan\exoscan-web\node_modules\react-dom\cjs\react-dom-client.development.js:23863:20)
              at renderWithHooks (D:\Dev\ExoScan\exoscan-web\node_modules\react-dom\cjs\react-dom-client.development.js:5529:22)
              at updateFunctionComponent (D:\Dev\ExoScan\exoscan-web\node_modules\react-dom\cjs\react-dom-client.development.js:8897:19)
              at beginWork (D:\Dev\ExoScan\exoscan-web\node_modules\react-dom\cjs\react-dom-client.development.js:10522:18)
              at runWithFiberInDEV (D:\Dev\ExoScan\exoscan-web\node_modules\react-dom\cjs\react-dom-client.development.js:1522:13)
              at performUnitOfWork (D:\Dev\ExoScan\exoscan-web\node_modules\react-dom\cjs\react-dom-client.development.js:15140:22)
              at workLoopSync (D:\Dev\ExoScan\exoscan-web\node_modules\react-dom\cjs\react-dom-client.development.js:14956:41)
              at renderRootSync (D:\Dev\ExoScan\exoscan-web\node_modules\react-dom\cjs\react-dom-client.development.js:14936:11)
              at performWorkOnRoot (D:\Dev\ExoScan\exoscan-web\node_modules\react-dom\cjs\react-dom-client.development.js:14419:13)
              at performWorkOnRootViaSchedulerTask (D:\Dev\ExoScan\exoscan-web\node_modules\react-dom\cjs\react-dom-client.development.js:16216:7)
              at flushActQueue (D:\Dev\ExoScan\exoscan-web\node_modules\react\cjs\react.development.js:566:34)
              at process.env.NODE_ENV.exports.act (D:\Dev\ExoScan\exoscan-web\node_modules\react\cjs\react.development.js:859:10)
              at D:\Dev\ExoScan\exoscan-web\node_modules\@testing-library\react\dist\act-compat.js:47:25
              at renderRoot (D:\Dev\ExoScan\exoscan-web\node_modules\@testing-library\react\dist\pure.js:190:26)
              at render (D:\Dev\ExoScan\exoscan-web\node_modules\@testing-library\react\dist\pure.js:292:10)
              at Object.<anonymous> (D:\Dev\ExoScan\exoscan-web\src\components\__tests__\Scanner.integration.test.tsx:321:13)
              at Promise.finally.completed (D:\Dev\ExoScan\exoscan-web\node_modules\jest-circus\build\jestAdapterInit.js:1557:28)
              at new Promise (<anonymous>)
              at callAsyncCircusFn (D:\Dev\ExoScan\exoscan-web\node_modules\jest-circus\build\jestAdapterInit.js:1497:10)
              at _callCircusTest (D:\Dev\ExoScan\exoscan-web\node_modules\jest-circus\build\jestAdapterInit.js:1007:40)
              at _runTest (D:\Dev\ExoScan\exoscan-web\node_modules\jest-circus\build\jestAdapterInit.js:947:3)
              at D:\Dev\ExoScan\exoscan-web\node_modules\jest-circus\build\jestAdapterInit.js:849:7
              at _runTestsForDescribeBlock (D:\Dev\ExoScan\exoscan-web\node_modules\jest-circus\build\jestAdapterInit.js:862:11)
              at _runTestsForDescribeBlock (D:\Dev\ExoScan\exoscan-web\node_modules\jest-circus\build\jestAdapterInit.js:857:11)
              at _runTestsForDescribeBlock (D:\Dev\ExoScan\exoscan-web\node_modules\jest-circus\build\jestAdapterInit.js:857:11)
              at run (D:\Dev\ExoScan\exoscan-web\node_modules\jest-circus\build\jestAdapterInit.js:761:3)
              at runAndTransformResultsToJestFormat (D:\Dev\ExoScan\exoscan-web\node_modules\jest-circus\build\jestAdapterInit.js:1918:21)
              at jestAdapter (D:\Dev\ExoScan\exoscan-web\node_modules\jest-circus\build\runner.js:101:19)
              at runTestInternal (D:\Dev\ExoScan\exoscan-web\node_modules\jest-runner\build\testWorker.js:275:16)
              at runTest (D:\Dev\ExoScan\exoscan-web\node_modules\jest-runner\build\testWorker.js:343:7)
              at Object.worker (D:\Dev\ExoScan\exoscan-web\node_modules\jest-runner\build\testWorker.js:497:12),
          _debugTask: null,
          _debugNeedsRemount: false,
          _debugHookTypes: null
        },
        '__reactProps$rjg183felv': {
          ref: [Object],
          className: 'w-full object-cover transition-transform duration-200 h-80 md:h-96 lg:h-[500px]',
          autoPlay: true,
          playsInline: true,
          muted: true,
          controls: false,
          'webkit-playsinline': 'true',
          onLoadedData: [AsyncFunction: onLoadedData],
          onCanPlay: [AsyncFunction: onCanPlay],
          onClick: [AsyncFunction: onClick],
          onTouchStart: [AsyncFunction: onTouchStart],
          style: [Object]
        },
        '__reactEvents$rjg183felv': Set(24) {
          'abort__bubble',
          'canplay__bubble',
          'canplaythrough__bubble',
          'durationchange__bubble',
          'emptied__bubble',
          'encrypted__bubble',
          'ended__bubble',
          'error__bubble',
          'loadeddata__bubble',
          'loadedmetadata__bubble',
          'loadstart__bubble',
          'pause__bubble',
          'play__bubble',
          'playing__bubble',
          'progress__bubble',
          'ratechange__bubble',
          'resize__bubble',
          'seeked__bubble',
          'seeking__bubble',
          'stalled__bubble',
          'suspend__bubble',
          'timeupdate__bubble',
          'volumechange__bubble',
          'waiting__bubble'
        },
        [Symbol(SameObject caches)]: [Object: null prototype] {
          style: [CSSStyleDeclaration],
          attributes: NamedNodeMap {}
        }
      },
      tagName: 'VIDEO',
      id: '',
      className: 'w-full object-cover transition-transform duration-200 h-80 md:h-96 lg:h-[500px]',
      style: 'transform: scale(1); transform-origin: center center; background-color: rgb(0, 0, 0); min-height: 20rem;',
      attributes: [
        {
          name: 'class',
          value: 'w-full object-cover transition-transform duration-200 h-80 md:h-96 lg:h-[500px]'
        },
        { name: 'autoplay', value: '' },
        { name: 'playsinline', value: '' },
        { name: 'webkit-playsinline', value: 'true' },
        {
          name: 'style',
          value: 'transform: scale(1); transform-origin: center center; background-color: rgb(0, 0, 0); min-height: 20rem;'
        }
      ]
    }

      at log (src/components/Scanner.tsx:480:15)

  console.log
    ЁЯОе ╨Ч╨░╨┐╤Г╤Б╨║ ╤Б╨║╨░╨╜╨╕╤А╨╛╨▓╨░╨╜╨╕╤П...

      at log (src/components/Scanner.tsx:479:15)

  console.log
    тЬЕ ╨Я╨╛╨┤╨┤╨╡╤А╨╢╨║╨░ ╨║╨░╨╝╨╡╤А╤Л: OK

      at log (src/components/Scanner.tsx:502:15)

  console.log
    ЁЯЫС ╨Ю╤Б╤В╨░╨╜╨╛╨▓╨║╨░ ╤Б╨║╨░╨╜╨╕╤А╨╛╨▓╨░╨╜╨╕╤П...

      at BarcodeScanner.log [as stopScanning] (src/lib/scanner.ts:853:15)
          at Array.forEach (<anonymous>)

  console.log
    тЬЕ ╨С╨╡╨╖╨╛╨┐╨░╤Б╨╜╤Л╨╣ ╨║╨╛╨╜╤В╨╡╨║╤Б╤В: OK

      at log (src/components/Scanner.tsx:512:15)

  console.log
    ЁЯЫС ╨Ю╤Б╤В╨░╨╜╨╛╨▓╨╗╨╡╨╜ ╤В╤А╨╡╨║ ╨║╨░╨╝╨╡╤А╤Л: video

      at log (src/lib/scanner.ts:737:19)
          at Array.forEach (<anonymous>)
          at Array.forEach (<anonymous>)

  console.log
    ЁЯУ▒ ╨Ш╨╜╤Д╨╛╤А╨╝╨░╤Ж╨╕╤П ╨╛ ╨▓╨╕╨┤╨╡╨╛ ╤Н╨╗╨╡╨╝╨╡╨╜╤В╨╡: {
      element: <ref *1> HTMLVideoElement {
        '__reactFiber$a7sngw07a7e': FiberNode {
          tag: 5,
          key: null,
          elementType: 'video',
          type: 'video',
          stateNode: [Circular *1],
          return: [FiberNode],
          child: null,
          sibling: [FiberNode],
          index: 1,
          ref: [Object],
          refCleanup: null,
          pendingProps: [Object],
          memoizedProps: [Object],
          updateQueue: null,
          memoizedState: null,
          dependencies: null,
          mode: 1,
          flags: 5243392,
          subtreeFlags: 0,
          deletions: null,
          lanes: 0,
          childLanes: 0,
          alternate: null,
          actualDuration: -0,
          actualStartTime: 6452.4610999999995,
          selfBaseDuration: -0,
          treeBaseDuration: -0,
          _debugInfo: null,
          _debugOwner: [FiberNode],
          _debugStack: Error: react-stack-top-frame
              at process.env.NODE_ENV.exports.jsx (D:\Dev\ExoScan\exoscan-web\node_modules\react\cjs\react-jsx-runtime.development.js:337:13)
              at ScannerContent (D:\Dev\ExoScan\exoscan-web\src\components\Scanner.tsx:784:9)
              at Object.react-stack-bottom-frame (D:\Dev\ExoScan\exoscan-web\node_modules\react-dom\cjs\react-dom-client.development.js:23863:20)
              at renderWithHooks (D:\Dev\ExoScan\exoscan-web\node_modules\react-dom\cjs\react-dom-client.development.js:5529:22)
              at updateFunctionComponent (D:\Dev\ExoScan\exoscan-web\node_modules\react-dom\cjs\react-dom-client.development.js:8897:19)
              at beginWork (D:\Dev\ExoScan\exoscan-web\node_modules\react-dom\cjs\react-dom-client.development.js:10522:18)
              at runWithFiberInDEV (D:\Dev\ExoScan\exoscan-web\node_modules\react-dom\cjs\react-dom-client.development.js:1522:13)
              at performUnitOfWork (D:\Dev\ExoScan\exoscan-web\node_modules\react-dom\cjs\react-dom-client.development.js:15140:22)
              at workLoopSync (D:\Dev\ExoScan\exoscan-web\node_modules\react-dom\cjs\react-dom-client.development.js:14956:41)
              at renderRootSync (D:\Dev\ExoScan\exoscan-web\node_modules\react-dom\cjs\react-dom-client.development.js:14936:11)
              at performWorkOnRoot (D:\Dev\ExoScan\exoscan-web\node_modules\react-dom\cjs\react-dom-client.development.js:14419:13)
              at performWorkOnRootViaSchedulerTask (D:\Dev\ExoScan\exoscan-web\node_modules\react-dom\cjs\react-dom-client.development.js:16216:7)
              at flushActQueue (D:\Dev\ExoScan\exoscan-web\node_modules\react\cjs\react.development.js:566:34)
              at process.env.NODE_ENV.exports.act (D:\Dev\ExoScan\exoscan-web\node_modules\react\cjs\react.development.js:859:10)
              at D:\Dev\ExoScan\exoscan-web\node_modules\@testing-library\react\dist\act-compat.js:47:25
              at renderRoot (D:\Dev\ExoScan\exoscan-web\node_modules\@testing-library\react\dist\pure.js:190:26)
              at render (D:\Dev\ExoScan\exoscan-web\node_modules\@testing-library\react\dist\pure.js:292:10)
              at Object.<anonymous> (D:\Dev\ExoScan\exoscan-web\src\components\__tests__\Scanner.test.tsx:243:13)
              at Promise.finally.completed (D:\Dev\ExoScan\exoscan-web\node_modules\jest-circus\build\jestAdapterInit.js:1557:28)
              at new Promise (<anonymous>)
              at callAsyncCircusFn (D:\Dev\ExoScan\exoscan-web\node_modules\jest-circus\build\jestAdapterInit.js:1497:10)
              at _callCircusTest (D:\Dev\ExoScan\exoscan-web\node_modules\jest-circus\build\jestAdapterInit.js:1007:40)
              at _runTest (D:\Dev\ExoScan\exoscan-web\node_modules\jest-circus\build\jestAdapterInit.js:947:3)
              at D:\Dev\ExoScan\exoscan-web\node_modules\jest-circus\build\jestAdapterInit.js:849:7
              at _runTestsForDescribeBlock (D:\Dev\ExoScan\exoscan-web\node_modules\jest-circus\build\jestAdapterInit.js:862:11)
              at _runTestsForDescribeBlock (D:\Dev\ExoScan\exoscan-web\node_modules\jest-circus\build\jestAdapterInit.js:857:11)
              at _runTestsForDescribeBlock (D:\Dev\ExoScan\exoscan-web\node_modules\jest-circus\build\jestAdapterInit.js:857:11)
              at run (D:\Dev\ExoScan\exoscan-web\node_modules\jest-circus\build\jestAdapterInit.js:761:3)
              at runAndTransformResultsToJestFormat (D:\Dev\ExoScan\exoscan-web\node_modules\jest-circus\build\jestAdapterInit.js:1918:21)
              at jestAdapter (D:\Dev\ExoScan\exoscan-web\node_modules\jest-circus\build\runner.js:101:19)
              at runTestInternal (D:\Dev\ExoScan\exoscan-web\node_modules\jest-runner\build\testWorker.js:275:16)
              at runTest (D:\Dev\ExoScan\exoscan-web\node_modules\jest-runner\build\testWorker.js:343:7)
              at Object.worker (D:\Dev\ExoScan\exoscan-web\node_modules\jest-runner\build\testWorker.js:497:12),
          _debugTask: null,
          _debugNeedsRemount: false,
          _debugHookTypes: null
        },
        '__reactProps$a7sngw07a7e': {
          ref: [Object],
          className: 'w-full object-cover transition-transform duration-200 h-80 md:h-96 lg:h-[500px]',
          autoPlay: true,
          playsInline: true,
          muted: true,
          controls: false,
          'webkit-playsinline': 'true',
          onLoadedData: [AsyncFunction: onLoadedData],
          onCanPlay: [AsyncFunction: onCanPlay],
          onClick: [AsyncFunction: onClick],
          onTouchStart: [AsyncFunction: onTouchStart],
          style: [Object]
        },
        '__reactEvents$a7sngw07a7e': Set(24) {
          'abort__bubble',
          'canplay__bubble',
          'canplaythrough__bubble',
          'durationchange__bubble',
          'emptied__bubble',
          'encrypted__bubble',
          'ended__bubble',
          'error__bubble',
          'loadeddata__bubble',
          'loadedmetadata__bubble',
          'loadstart__bubble',
          'pause__bubble',
          'play__bubble',
          'playing__bubble',
          'progress__bubble',
          'ratechange__bubble',
          'resize__bubble',
          'seeked__bubble',
          'seeking__bubble',
          'stalled__bubble',
          'suspend__bubble',
          'timeupdate__bubble',
          'volumechange__bubble',
          'waiting__bubble'
        },
        [Symbol(SameObject caches)]: [Object: null prototype] {
          style: [CSSStyleDeclaration],
          attributes: NamedNodeMap {}
        }
      },
      tagName: 'VIDEO',
      id: '',
      className: 'w-full object-cover transition-transform duration-200 h-80 md:h-96 lg:h-[500px]',
      style: 'transform: scale(1); transform-origin: center center; background-color: rgb(0, 0, 0); min-height: 20rem;',
      attributes: [
        {
          name: 'class',
          value: 'w-full object-cover transition-transform duration-200 h-80 md:h-96 lg:h-[500px]'
        },
        { name: 'autoplay', value: '' },
        { name: 'playsinline', value: '' },
        { name: 'webkit-playsinline', value: 'true' },
        {
          name: 'style',
          value: 'transform: scale(1); transform-origin: center center; background-color: rgb(0, 0, 0); min-height: 20rem;'
        }
      ]
    }

      at log (src/components/Scanner.tsx:480:15)

  console.log
    ЁЯФД ╨Я╨╛╨╗╤Г╤З╨╡╨╜╨╕╨╡ ╨┤╨╛╤Б╤В╤Г╨┐╨░ ╨║ ╨║╨░╨╝╨╡╤А╨╡...

      at log (src/components/Scanner.tsx:522:17)

  console.log
    тЬЕ ╨Я╨╛╨┤╨┤╨╡╤А╨╢╨║╨░ ╨║╨░╨╝╨╡╤А╤Л: OK

      at log (src/components/Scanner.tsx:502:15)

  console.log
    ЁЯЪА ╨Э╨░╤З╨╕╨╜╨░╨╡╨╝ ╨┐╤А╨╛╤Ж╨╡╤Б╤Б ╤Б╨║╨░╨╜╨╕╤А╨╛╨▓╨░╨╜╨╕╤П...

      at log (src/components/Scanner.tsx:523:17)

  console.log
    ЁЯз╣ ╨Т╨╕╨┤╨╡╨╛ ╤Н╨╗╨╡╨╝╨╡╨╜╤В ╨╛╤З╨╕╤Й╨╡╨╜

      at BarcodeScanner.log [as stopCurrentStream] (src/lib/scanner.ts:744:17)
          at Array.forEach (<anonymous>)

  console.log
    тЬЕ ╨С╨╡╨╖╨╛╨┐╨░╤Б╨╜╤Л╨╣ ╨║╨╛╨╜╤В╨╡╨║╤Б╤В: OK

      at log (src/components/Scanner.tsx:512:15)

  console.log
    ЁЯУ▒ BarcodeScanner: ╨Э╨░╤З╨╕╨╜╨░╨╡╨╝ ╨┐╤А╨╛╤Ж╨╡╤Б╤Б ╤Б╨║╨░╨╜╨╕╤А╨╛╨▓╨░╨╜╨╕╤П

      at BarcodeScanner.log [as startScanning] (src/lib/scanner.ts:336:15)

  console.log
    тЬЕ ╨б╨║╨░╨╜╨╕╤А╨╛╨▓╨░╨╜╨╕╨╡ ╨╛╤Б╤В╨░╨╜╨╛╨▓╨╗╨╡╨╜╨╛

      at BarcodeScanner.log [as stopScanning] (src/lib/scanner.ts:866:15)
          at Array.forEach (<anonymous>)

  console.log
    ЁЯФД ╨Я╨╛╨╗╤Г╤З╨╡╨╜╨╕╨╡ ╨┤╨╛╤Б╤В╤Г╨┐╨░ ╨║ ╨║╨░╨╝╨╡╤А╨╡...

      at log (src/components/Scanner.tsx:522:17)

  console.log
    ЁЯФН ╨Ш╨╜╤Д╨╛╤А╨╝╨░╤Ж╨╕╤П ╨╛ ╨▒╤А╨░╤Г╨╖╨╡╤А╨╡: {
      userAgent: 'Mozilla/5.0 (win32) AppleWebKit/537.36 (KHTML, like Gecko) jsdom/26.1.0',
      platform: '',
      language: 'en-US',
      cookieEnabled: true,
      onLine: true
    }

      at BarcodeScanner.log [as startScanning] (src/lib/scanner.ts:337:15)

  console.log
    ЁЯЪА ╨Э╨░╤З╨╕╨╜╨░╨╡╨╝ ╨┐╤А╨╛╤Ж╨╡╤Б╤Б ╤Б╨║╨░╨╜╨╕╤А╨╛╨▓╨░╨╜╨╕╤П...

      at log (src/components/Scanner.tsx:523:17)

  console.log
    ЁЯФР ╨Я╤А╨╛╨▓╨╡╤А╨║╨░ ╤А╨░╨╖╤А╨╡╤И╨╡╨╜╨╕╨╣ ╨║╨░╨╝╨╡╤А╤Л...

      at BarcodeScanner.log [as startScanning] (src/lib/scanner.ts:346:15)

  console.log
    ЁЯУ▒ BarcodeScanner: ╨Э╨░╤З╨╕╨╜╨░╨╡╨╝ ╨┐╤А╨╛╤Ж╨╡╤Б╤Б ╤Б╨║╨░╨╜╨╕╤А╨╛╨▓╨░╨╜╨╕╤П

      at BarcodeScanner.log [as startScanning] (src/lib/scanner.ts:336:15)

  console.log
    ЁЯФН ╨Ш╨╜╤Д╨╛╤А╨╝╨░╤Ж╨╕╤П ╨╛ ╨▒╤А╨░╤Г╨╖╨╡╤А╨╡: {
      userAgent: 'Mozilla/5.0 (win32) AppleWebKit/537.36 (KHTML, like Gecko) jsdom/26.1.0',
      platform: '',
      language: 'en-US',
      cookieEnabled: true,
      onLine: true
    }

      at BarcodeScanner.log [as startScanning] (src/lib/scanner.ts:337:15)

  console.log
    ЁЯФР ╨Я╤А╨╛╨▓╨╡╤А╨║╨░ ╤А╨░╨╖╤А╨╡╤И╨╡╨╜╨╕╨╣ ╨║╨░╨╝╨╡╤А╤Л...

      at BarcodeScanner.log [as startScanning] (src/lib/scanner.ts:346:15)

  console.log
    ЁЯФР ╨б╤В╨░╤В╤Г╤Б ╤А╨░╨╖╤А╨╡╤И╨╡╨╜╨╕╨╣: { granted: true, denied: false, prompt: false }

      at BarcodeScanner.log [as startScanning] (src/lib/scanner.ts:348:15)

  console.log
    тЬЕ MediaDevices API: OK

      at BarcodeScanner.log [as startScanning] (src/lib/scanner.ts:383:15)

  console.log
    тЬЕ getUserMedia: OK

      at BarcodeScanner.log [as startScanning] (src/lib/scanner.ts:401:15)

  console.log
    ЁЯУ╣ ╨Я╨╛╨╕╤Б╨║ ╨┤╨╛╤Б╤В╤Г╨┐╨╜╤Л╤Е ╨║╨░╨╝╨╡╤А...

      at BarcodeScanner.log [as startScanning] (src/lib/scanner.ts:404:15)

  console.log
    ЁЯУ╣ ╨Э╨░╨╣╨┤╨╡╨╜╨╛ ╨║╨░╨╝╨╡╤А: 2 [
      { id: 'camera1', label: 'Back Camera', kind: 'videoinput' },
      { id: 'camera2', label: 'Front Camera', kind: 'videoinput' }
    ]

      at BarcodeScanner.log [as startScanning] (src/lib/scanner.ts:406:15)

  console.log
    ЁЯУ╖ ╨Т╤Л╨▒╤А╨░╨╜╨╜╨░╤П ╨║╨░╨╝╨╡╤А╨░: { label: 'Back Camera', id: 'camera1', source: 'back-camera' }

      at BarcodeScanner.log [as startScanning] (src/lib/scanner.ts:440:15)

  console.log
    ЁЯУ▒ ╨Ь╨╛╨▒╨╕╨╗╤М╨╜╨╛╨╡ ╤Г╤Б╤В╤А╨╛╨╣╤Б╤В╨▓╨╛: false

      at BarcodeScanner.log [as startScanning] (src/lib/scanner.ts:448:15)

  console.log
    ЁЯУ▒ ╨г╤Б╤В╤А╨╛╨╣╤Б╤В╨▓╨╛: ╨Ф╤А╤Г╨│╨╛╨╡, ╨С╤А╨░╤Г╨╖╨╡╤А: ╨Ф╤А╤Г╨│╨╛╨╣

      at BarcodeScanner.log [as getOptimalCameraConstraints] (src/lib/scanner.ts:135:13)

  console.log
    ЁЯОе ╨Э╨░╤Б╤В╤А╨╛╨╣╨║╨╕ ╨║╨░╨╝╨╡╤А╤Л: {
      video: {
        deviceId: { ideal: 'camera1' },
        facingMode: undefined,
        width: { ideal: 1920 },
        height: { ideal: 1080 },
        frameRate: { ideal: 30 }
      }
    }

      at BarcodeScanner.log [as startScanning] (src/lib/scanner.ts:452:15)

  console.log
    ЁЯФР ╨б╤В╨░╤В╤Г╤Б ╤А╨░╨╖╤А╨╡╤И╨╡╨╜╨╕╨╣: { granted: false, denied: false, prompt: true, error: 'Generic error' }

      at BarcodeScanner.log [as startScanning] (src/lib/scanner.ts:348:15)

  console.log
    ЁЯФН ╨Ч╨░╨┐╤Г╤Б╨║ ╨╜╨╡╨┐╤А╨╡╤А╤Л╨▓╨╜╨╛╨│╨╛ ╨┤╨╡╨║╨╛╨┤╨╕╤А╨╛╨▓╨░╨╜╨╕╤П ╤И╤В╤А╨╕╤Е-╨║╨╛╨┤╨╛╨▓...

      at BarcodeScanner.log [as startScanning] (src/lib/scanner.ts:455:15)

  console.log
    ЁЯФД ╨Ч╨░╨┐╤А╨╛╤Б ╤А╨░╨╖╤А╨╡╤И╨╡╨╜╨╕╤П ╨║╨░╨╝╨╡╤А╤Л...

      at BarcodeScanner.log [as startScanning] (src/lib/scanner.ts:357:17)

  console.log
    ЁЯз╣ ╨Ю╤З╨╕╤Б╤В╨║╨░ ╤Б╤Г╤Й╨╡╤Б╤В╨▓╤Г╤О╤Й╨╡╨│╨╛ ╨┐╨╛╤В╨╛╨║╨░...

      at BarcodeScanner.log [as startScanning] (src/lib/scanner.ts:458:15)

  console.log
    ЁЯУ▒ ╨Ч╨░╨┐╤А╨╛╤Б ╤А╨░╨╖╤А╨╡╤И╨╡╨╜╨╕╤П ╨║╨░╨╝╨╡╤А╤Л ╨┤╨╗╤П ╨╝╨╛╨▒╨╕╨╗╤М╨╜╨╛╨│╨╛ ╤Г╤Б╤В╤А╨╛╨╣╤Б╤В╨▓╨░...

      at BarcodeScanner.log [as requestCameraPermission] (src/lib/scanner.ts:268:15)

  console.log
    ЁЯУ║ ╨б╨╛╤Б╤В╨╛╤П╨╜╨╕╨╡ ╨▓╨╕╨┤╨╡╨╛ ╤Н╨╗╨╡╨╝╨╡╨╜╤В╨░: {
      readyState: 0,
      videoWidth: 0,
      videoHeight: 0,
      paused: true,
      ended: false,
      muted: true,
      autoplay: true,
      playsInline: true
    }

      at BarcodeScanner.log [as startScanning] (src/lib/scanner.ts:462:15)

  console.log
    ЁЯФД ╨Ч╨░╨┐╤Г╤Б╨║ ╨┤╨╡╨║╨╛╨┤╨╕╤А╨╛╨▓╨░╨╜╨╕╤П ╤Б ╨╛╨│╤А╨░╨╜╨╕╤З╨╡╨╜╨╕╤П╨╝╨╕...

      at BarcodeScanner.log [as startScanning] (src/lib/scanner.ts:474:15)

  console.log
    ЁЯФД ╨Я╨╛╨┐╤Л╤В╨║╨░ ╨╖╨░╨┐╤Г╤Б╨║╨░ ╤Б optimal ╨╛╨│╤А╨░╨╜╨╕╤З╨╡╨╜╨╕╤П╨╝╨╕: {
      "video": {
        "deviceId": {
          "ideal": "camera1"
        },
        "width": {
          "ideal": 1920
        },
        "height": {
          "ideal": 1080
        },
        "frameRate": {
          "ideal": 30
        }
      }
    }

      at BarcodeScanner.log [as startScanning] (src/lib/scanner.ts:487:19)

  console.log
    ЁЯОе ╨Я╨╛╨╗╤Г╤З╨╡╨╜╨╕╨╡ ╨┐╨╛╤В╨╛╨║╨░ ╤З╨╡╤А╨╡╨╖ getUserMedia...

      at BarcodeScanner.log [as startScanning] (src/lib/scanner.ts:490:19)

  console.log
    тЬЕ ╨Я╨╛╤В╨╛╨║ ╨┐╨╛╨╗╤Г╤З╨╡╨╜: {
      active: undefined,
      id: undefined,
      tracks: [
        {
          kind: undefined,
          label: undefined,
          enabled: undefined,
          readyState: undefined,
          muted: undefined,
          settings: {}
        }
      ]
    }

      at BarcodeScanner.log [as startScanning] (src/lib/scanner.ts:492:19)

  console.log
    ЁЯОм ╨г╤Б╤В╨░╨╜╨╛╨▓╨║╨░ ╨┐╨╛╤В╨╛╨║╨░ ╨▓ ╨▓╨╕╨┤╨╡╨╛ ╤Н╨╗╨╡╨╝╨╡╨╜╤В...

      at BarcodeScanner.log [as startScanning] (src/lib/scanner.ts:515:19)

  console.warn
    тЪая╕П ╨Ч╨░╨┤╨╜╤П╤П ╨║╨░╨╝╨╡╤А╨░ ╨╜╨╡╨┤╨╛╤Б╤В╤Г╨┐╨╜╨░, ╨┐╤А╨╛╨▒╤Г╨╡╨╝ ╨┐╨╡╤А╨╡╨┤╨╜╤О╤О: Error: Generic error
        at Object.<anonymous> (D:\Dev\ExoScan\exoscan-web\src\components\__tests__\Scanner.test.tsx:241:42)
        at Promise.finally.completed (D:\Dev\ExoScan\exoscan-web\node_modules\jest-circus\build\jestAdapterInit.js:1557:28)
        at new Promise (<anonymous>)
        at callAsyncCircusFn (D:\Dev\ExoScan\exoscan-web\node_modules\jest-circus\build\jestAdapterInit.js:1497:10)
        at _callCircusTest (D:\Dev\ExoScan\exoscan-web\node_modules\jest-circus\build\jestAdapterInit.js:1007:40)
        at _runTest (D:\Dev\ExoScan\exoscan-web\node_modules\jest-circus\build\jestAdapterInit.js:947:3)
        at D:\Dev\ExoScan\exoscan-web\node_modules\jest-circus\build\jestAdapterInit.js:849:7
        at _runTestsForDescribeBlock (D:\Dev\ExoScan\exoscan-web\node_modules\jest-circus\build\jestAdapterInit.js:862:11)
        at _runTestsForDescribeBlock (D:\Dev\ExoScan\exoscan-web\node_modules\jest-circus\build\jestAdapterInit.js:857:11)
        at _runTestsForDescribeBlock (D:\Dev\ExoScan\exoscan-web\node_modules\jest-circus\build\jestAdapterInit.js:857:11)
        at run (D:\Dev\ExoScan\exoscan-web\node_modules\jest-circus\build\jestAdapterInit.js:761:3)
        at runAndTransformResultsToJestFormat (D:\Dev\ExoScan\exoscan-web\node_modules\jest-circus\build\jestAdapterInit.js:1918:21)
        at jestAdapter (D:\Dev\ExoScan\exoscan-web\node_modules\jest-circus\build\runner.js:101:19)
        at runTestInternal (D:\Dev\ExoScan\exoscan-web\node_modules\jest-runner\build\testWorker.js:275:16)
        at runTest (D:\Dev\ExoScan\exoscan-web\node_modules\jest-runner\build\testWorker.js:343:7)
        at Object.worker (D:\Dev\ExoScan\exoscan-web\node_modules\jest-runner\build\testWorker.js:497:12)

    [0m [90m 284 |[39m         [36mreturn[39m [36mtrue[39m
     [90m 285 |[39m       } [36mcatch[39m (envError) {
    [31m[1m>[22m[39m[90m 286 |[39m         console[33m.[39mwarn([32m'тЪая╕П ╨Ч╨░╨┤╨╜╤П╤П ╨║╨░╨╝╨╡╤А╨░ ╨╜╨╡╨┤╨╛╤Б╤В╤Г╨┐╨╜╨░, ╨┐╤А╨╛╨▒╤Г╨╡╨╝ ╨┐╨╡╤А╨╡╨┤╨╜╤О╤О:'[39m[33m,[39m envError)
     [90m     |[39m                 [31m[1m^[22m[39m
     [90m 287 |[39m         
     [90m 288 |[39m         [90m// Fallback to user camera (front camera)[39m
     [90m 289 |[39m         [36mconst[39m stream [33m=[39m [36mawait[39m (navigator [36mas[39m [33mNavigatorWithMediaDevices[39m)[33m.[39mmediaDevices[33m.[39mgetUserMedia({[0m

      at BarcodeScanner.warn [as requestCameraPermission] (src/lib/scanner.ts:286:17)
      at BarcodeScanner.startScanning (src/lib/scanner.ts:358:25)
      at startScanning (src/components/Scanner.tsx:525:9)

  console.log
    ЁЯУК ╨Ь╨╡╤В╨░╨┤╨░╨╜╨╜╤Л╨╡ ╨▓╨╕╨┤╨╡╨╛ ╨╖╨░╨│╤А╤Г╨╢╨╡╨╜╤Л: { videoWidth: 0, videoHeight: 0, duration: NaN }

      at HTMLVideoElement.log (src/lib/scanner.ts:538:23)

  console.log
    ЁЯТ╛ ╨б╨╛╤Е╤А╨░╨╜╤П╨╡╨╝ ╤Б╤Б╤Л╨╗╨║╤Г ╨╜╨░ ╨┐╨╛╤В╨╛╨║ ╨┐╨╡╤А╨╡╨┤ ZXing: { streamId: undefined, active: undefined }

      at BarcodeScanner.log [as startScanning] (src/lib/scanner.ts:558:19)

  console.error
    тЭМ ╨Ю╤И╨╕╨▒╨║╨░ ╨╖╨░╨┐╤А╨╛╤Б╨░ ╤А╨░╨╖╤А╨╡╤И╨╡╨╜╨╕╤П ╨║╨░╨╝╨╡╤А╤Л: Error: Generic error
        at Object.<anonymous> (D:\Dev\ExoScan\exoscan-web\src\components\__tests__\Scanner.test.tsx:241:42)
        at Promise.finally.completed (D:\Dev\ExoScan\exoscan-web\node_modules\jest-circus\build\jestAdapterInit.js:1557:28)
        at new Promise (<anonymous>)
        at callAsyncCircusFn (D:\Dev\ExoScan\exoscan-web\node_modules\jest-circus\build\jestAdapterInit.js:1497:10)
        at _callCircusTest (D:\Dev\ExoScan\exoscan-web\node_modules\jest-circus\build\jestAdapterInit.js:1007:40)
        at _runTest (D:\Dev\ExoScan\exoscan-web\node_modules\jest-circus\build\jestAdapterInit.js:947:3)
        at D:\Dev\ExoScan\exoscan-web\node_modules\jest-circus\build\jestAdapterInit.js:849:7
        at _runTestsForDescribeBlock (D:\Dev\ExoScan\exoscan-web\node_modules\jest-circus\build\jestAdapterInit.js:862:11)
        at _runTestsForDescribeBlock (D:\Dev\ExoScan\exoscan-web\node_modules\jest-circus\build\jestAdapterInit.js:857:11)
        at _runTestsForDescribeBlock (D:\Dev\ExoScan\exoscan-web\node_modules\jest-circus\build\jestAdapterInit.js:857:11)
        at run (D:\Dev\ExoScan\exoscan-web\node_modules\jest-circus\build\jestAdapterInit.js:761:3)
        at runAndTransformResultsToJestFormat (D:\Dev\ExoScan\exoscan-web\node_modules\jest-circus\build\jestAdapterInit.js:1918:21)
        at jestAdapter (D:\Dev\ExoScan\exoscan-web\node_modules\jest-circus\build\runner.js:101:19)
        at runTestInternal (D:\Dev\ExoScan\exoscan-web\node_modules\jest-runner\build\testWorker.js:275:16)
        at runTest (D:\Dev\ExoScan\exoscan-web\node_modules\jest-runner\build\testWorker.js:343:7)
        at Object.worker (D:\Dev\ExoScan\exoscan-web\node_modules\jest-runner\build\testWorker.js:497:12)

    [0m [90m 302 |[39m       }
     [90m 303 |[39m     } [36mcatch[39m (error) {
    [31m[1m>[22m[39m[90m 304 |[39m       console[33m.[39merror([32m'тЭМ ╨Ю╤И╨╕╨▒╨║╨░ ╨╖╨░╨┐╤А╨╛╤Б╨░ ╤А╨░╨╖╤А╨╡╤И╨╡╨╜╨╕╤П ╨║╨░╨╝╨╡╤А╤Л:'[39m[33m,[39m error)
     [90m     |[39m               [31m[1m^[22m[39m
     [90m 305 |[39m       [36mconst[39m err [33m=[39m error [36mas[39m [33mError[39m
     [90m 306 |[39m       [36mif[39m (err[33m.[39mname [33m===[39m [32m'NotAllowedError'[39m) {
     [90m 307 |[39m         console[33m.[39merror([32m'тЭМ ╨Я╨╛╨╗╤М╨╖╨╛╨▓╨░╤В╨╡╨╗╤М ╨╛╤В╨║╨╗╨╛╨╜╨╕╨╗ ╨┤╨╛╤Б╤В╤Г╨┐ ╨║ ╨║╨░╨╝╨╡╤А╨╡'[39m)[0m

      at BarcodeScanner.error [as requestCameraPermission] (src/lib/scanner.ts:304:15)
      at BarcodeScanner.startScanning (src/lib/scanner.ts:358:25)
      at startScanning (src/components/Scanner.tsx:525:9)

  console.log
    ЁЯУ║ ╨б╨╛╤Б╤В╨╛╤П╨╜╨╕╨╡ ╨▓╨╕╨┤╨╡╨╛ ╨┐╨╛╤Б╨╗╨╡ ╤Г╤Б╤В╨░╨╜╨╛╨▓╨║╨╕ ╨┐╨╛╤В╨╛╨║╨░: {
      readyState: 0,
      videoWidth: 0,
      videoHeight: 0,
      paused: true,
      srcObject: '╤Г╤Б╤В╨░╨╜╨╛╨▓╨╗╨╡╨╜'
    }

      at BarcodeScanner.log [as startScanning] (src/lib/scanner.ts:564:19)

  console.log
    тЦ╢я╕П ╨Ч╨░╨┐╤Г╤Б╨║ ╨▓╨╕╨┤╨╡╨╛...

      at BarcodeScanner.log [as startScanning] (src/lib/scanner.ts:574:21)

  console.log
    тЬЕ ╨Т╨╕╨┤╨╡╨╛ ╤Г╤Б╨┐╨╡╤И╨╜╨╛ ╨╖╨░╨┐╤Г╤Й╨╡╨╜╨╛

      at BarcodeScanner.log [as startScanning] (src/lib/scanner.ts:577:23)

  console.log
    ЁЯФД ╨Э╨░╤Б╤В╤А╨╛╨╣╨║╨░ ╨░╨▓╤В╨╛╨╝╨░╤В╨╕╤З╨╡╤Б╨║╨╛╨│╨╛ ╤Б╨║╨░╨╜╨╕╤А╨╛╨▓╨░╨╜╨╕╤П ╤З╨╡╤А╨╡╨╖ ╨╖╨░╤Е╨▓╨░╤В ╨║╨░╨┤╤А╨╛╨▓...

      at BarcodeScanner.log [as startScanning] (src/lib/scanner.ts:622:21)

  console.log
    ЁЯФД ╨Э╨░╤Б╤В╤А╨╛╨╣╨║╨░ ╨░╨▓╤В╨╛╨╝╨░╤В╨╕╤З╨╡╤Б╨║╨╛╨│╨╛ ╤Б╨║╨░╨╜╨╕╤А╨╛╨▓╨░╨╜╨╕╤П ╨║╨░╨╢╨┤╤Л╨╡ 500╨╝╤Б...

      at BarcodeScanner.log [as setupAutoScanning] (src/lib/scanner.ts:821:13)

  console.log
    тЬЕ ╨Р╨▓╤В╨╛╨╝╨░╤В╨╕╤З╨╡╤Б╨║╨╛╨╡ ╤Б╨║╨░╨╜╨╕╤А╨╛╨▓╨░╨╜╨╕╨╡ ╨╜╨░╤Б╤В╤А╨╛╨╡╨╜╨╛

      at BarcodeScanner.log [as setupAutoScanning] (src/lib/scanner.ts:848:13)

  console.log
    тЬЕ ╨б╨║╨░╨╜╨╕╤А╨╛╨▓╨░╨╜╨╕╨╡ ╨╖╨░╨┐╤Г╤Й╨╡╨╜╨╛ ╤Г╤Б╨┐╨╡╤И╨╜╨╛ ╤Б optimal ╨╛╨│╤А╨░╨╜╨╕╤З╨╡╨╜╨╕╤П╨╝╨╕

      at BarcodeScanner.log [as startScanning] (src/lib/scanner.ts:632:19)

  console.log
    ЁЯУ║ ╨д╨╕╨╜╨░╨╗╤М╨╜╨╛╨╡ ╤Б╨╛╤Б╤В╨╛╤П╨╜╨╕╨╡ ╨▓╨╕╨┤╨╡╨╛: {
      readyState: 4,
      videoWidth: 640,
      videoHeight: 480,
      paused: true,
      srcObject: '╤Г╤Б╤В╨░╨╜╨╛╨▓╨╗╨╡╨╜',
      streamActive: undefined
    }

      at BarcodeScanner.log [as startScanning] (src/lib/scanner.ts:635:19)

  console.log
    тЬЕ ╨Э╨╡╨┐╤А╨╡╤А╤Л╨▓╨╜╨╛╨╡ ╤Б╨║╨░╨╜╨╕╤А╨╛╨▓╨░╨╜╨╕╨╡ ╨╖╨░╨┐╤Г╤Й╨╡╨╜╨╛

      at BarcodeScanner.log [as startScanning] (src/lib/scanner.ts:683:15)

  console.log
    тЬЕ ╨б╨║╨░╨╜╨╕╤А╨╛╨▓╨░╨╜╨╕╨╡ ╨╖╨░╨┐╤Г╤Й╨╡╨╜╨╛ ╤Г╤Б╨┐╨╡╤И╨╜╨╛ - ZXing ╨┤╨╡╨║╨╛╨┤╨╡╤А ╤Г╨┐╤А╨░╨▓╨╗╤П╨╡╤В ╨▓╨╕╨┤╨╡╨╛ ╤Н╨╗╨╡╨╝╨╡╨╜╤В╨╛╨╝

      at log (src/components/Scanner.tsx:535:17)

  console.log
    ЁЯФН ╨Т╨╕╨╖╤Г╨░╨╗╤М╨╜╨░╤П ╨┤╨╡╤В╨╡╨║╤Ж╨╕╤П ╨▓╨║╨╗╤О╤З╨╡╨╜╨░

      at log (src/components/Scanner.tsx:539:17)

  console.error
    тЭМ ╨а╨░╨╖╤А╨╡╤И╨╡╨╜╨╕╨╡ ╨║╨░╨╝╨╡╤А╤Л ╨╜╨╡ ╨┐╨╛╨╗╤Г╤З╨╡╨╜╨╛

    [0m [90m 358 |[39m         [36mconst[39m granted [33m=[39m [36mawait[39m [36mthis[39m[33m.[39mrequestCameraPermission()
     [90m 359 |[39m         [36mif[39m ([33m![39mgranted) {
    [31m[1m>[22m[39m[90m 360 |[39m           console[33m.[39merror([32m'тЭМ ╨а╨░╨╖╤А╨╡╤И╨╡╨╜╨╕╨╡ ╨║╨░╨╝╨╡╤А╤Л ╨╜╨╡ ╨┐╨╛╨╗╤Г╤З╨╡╨╜╨╛'[39m)
     [90m     |[39m                   [31m[1m^[22m[39m
     [90m 361 |[39m           [36mthrow[39m [36mnew[39m [33mError[39m([32m'Camera permission is required for scanning. Please allow camera access and try again.'[39m)
     [90m 362 |[39m         }
     [90m 363 |[39m         console[33m.[39mlog([32m'тЬЕ ╨а╨░╨╖╤А╨╡╤И╨╡╨╜╨╕╨╡ ╨║╨░╨╝╨╡╤А╤Л ╨┐╨╛╨╗╤Г╤З╨╡╨╜╨╛'[39m)[0m

      at BarcodeScanner.error [as startScanning] (src/lib/scanner.ts:360:19)
      at startScanning (src/components/Scanner.tsx:525:9)

  console.log
    ЁЯФж ╨Я╨╛╨┤╨┤╨╡╤А╨╢╨║╨░ ╤Д╨╛╨╜╨░╤А╨╕╨║╨░: ╨Э╨╡╤В

      at log (src/components/Scanner.tsx:546:21)

  console.log
    ЁЯЫС ╨Ю╤Б╤В╨░╨╜╨╛╨▓╨║╨░ ╤Б╨║╨░╨╜╨╕╤А╨╛╨▓╨░╨╜╨╕╤П...

      at BarcodeScanner.log [as stopScanning] (src/lib/scanner.ts:853:15)
          at Array.forEach (<anonymous>)

  console.error
    тЭМ ╨Ъ╤А╨╕╤В╨╕╤З╨╡╤Б╨║╨░╤П ╨╛╤И╨╕╨▒╨║╨░ ╨┐╤А╨╕ ╨╖╨░╨┐╤Г╤Б╨║╨╡ ╤Б╨║╨░╨╜╨╕╤А╨╛╨▓╨░╨╜╨╕╤П: Error: Camera permission is required for scanning. Please allow camera access and try again.
        at BarcodeScanner.startScanning (D:\Dev\ExoScan\exoscan-web\src\lib\scanner.ts:361:17)
        at startScanning (D:\Dev\ExoScan\exoscan-web\src\components\Scanner.tsx:525:9)

    [0m [90m 684 |[39m       
     [90m 685 |[39m     } [36mcatch[39m (error) {
    [31m[1m>[22m[39m[90m 686 |[39m       console[33m.[39merror([32m'тЭМ ╨Ъ╤А╨╕╤В╨╕╤З╨╡╤Б╨║╨░╤П ╨╛╤И╨╕╨▒╨║╨░ ╨┐╤А╨╕ ╨╖╨░╨┐╤Г╤Б╨║╨╡ ╤Б╨║╨░╨╜╨╕╤А╨╛╨▓╨░╨╜╨╕╤П:'[39m[33m,[39m error)
     [90m     |[39m               [31m[1m^[22m[39m
     [90m 687 |[39m       [36mthis[39m[33m.[39misScanning [33m=[39m [36mfalse[39m
     [90m 688 |[39m       [36mthis[39m[33m.[39mstopCurrentStream([36mthis[39m[33m.[39mcurrentVideoElement [33m||[39m undefined)
     [90m 689 |[39m       [0m

      at BarcodeScanner.error [as startScanning] (src/lib/scanner.ts:686:15)
      at startScanning (src/components/Scanner.tsx:525:9)

  console.log
    ЁЯз╣ ╨Т╨╕╨┤╨╡╨╛ ╤Н╨╗╨╡╨╝╨╡╨╜╤В ╨╛╤З╨╕╤Й╨╡╨╜

      at BarcodeScanner.log [as stopCurrentStream] (src/lib/scanner.ts:744:17)

  console.log
    ЁЯЫС ╨Р╨▓╤В╨╛╤Б╨║╨░╨╜╨╕╤А╨╛╨▓╨░╨╜╨╕╨╡ ╨╛╤Б╤В╨░╨╜╨╛╨▓╨╗╨╡╨╜╨╛

      at BarcodeScanner.log [as stopScanning] (src/lib/scanner.ts:860:17)
          at Array.forEach (<anonymous>)

FAIL src/components/__tests__/Scanner.strict-mode.test.tsx (6.499 s)
  Scanner Component - React Strict Mode Tests
    Strict Mode Double Mounting
      ├Ч should handle double mounting without creating duplicate streams (1623 ms)
      ├Ч should prevent race conditions during rapid mount/unmount (1396 ms)
      ├Ч should handle useEffect cleanup properly in Strict Mode (371 ms)
    mountedRef Pattern Validation
      тИЪ should respect mounted state during async operations (312 ms)
      тИЪ should prevent state updates after unmount (173 ms)
    Memory Leak Prevention
      тИЪ should not accumulate event listeners on re-mounts (310 ms)
      ├Ч should clean up all MediaStream tracks on unmount (177 ms)
    Performance Under Strict Mode
      тИЪ should not cause excessive re-renders (223 ms)

  тЧП Scanner Component - React Strict Mode Tests тА║ Strict Mode Double Mounting тА║ should handle double mounting without creating duplicate streams

    expect(jest.fn()).toHaveBeenCalledTimes(expected)

    Expected number of calls: 1
    Received number of calls: 8

    Ignored nodes: comments, script, style
    <html>
      <head />
      <body>
        <div>
          <div
            class="w-full"
          >
            <div
              class="relative bg-black overflow-hidden rounded-lg"
            >
              <div
                class="absolute top-4 right-4 z-10 flex flex-col gap-2"
              >
                <button
                  class="bg-black bg-opacity-50 text-white p-2 rounded-full hover:bg-opacity-70 transition-all"
                >
                  <svg
                    class="w-5 h-5"
                    fill="none"
                    stroke="currentColor"
                    viewBox="0 0 24 24"
                  >
                    <path
                      d="M4 8V4m0 0h4M4 4l5 5m11-1V4m0 0h-4m4 0l-5 5M4 16v4m0 0h4m-4 0l5-5m11 5l-5-5m5 5v-4m0 4h-4"
                      stroke-linecap="round"
                      stroke-linejoin="round"
                      stroke-width="2"
                    />
                  </svg>
                </button>
              </div>
              <video
                autoplay=""
                class="w-full object-cover transition-transform duration-200 h-80 md:h-96 lg:h-[500px]"
                playsinline=""
                style="transform: scale(1); transform-origin: center center; background-color: rgb(0, 0, 0); min-height: 20rem;"
                webkit-playsinline="true"
              />
              <canvas
                class="hidden"
                style="display: none;"
              />
              <div
                class="absolute inset-0 pointer-events-none"
              >
                <div
                  class="absolute inset-0 flex items-center justify-center"
                >
                  <div
                    class="relative w-48 h-32 md:w-64 md:h-40"
                  >
                    <div
                      class="absolute inset-0 border-2 rounded-lg transition-all duration-300 border-blue-400 shadow-lg shadow-blue-400/50"
                    >
                      <div
                        class="absolute -top-1 -left-1 w-6 h-6 border-l-4 border-t-4 border-white rounded-tl-lg"
                      />
                      <div
                        class="absolute -top-1 -right-1 w-6 h-6 border-r-4 border-t-4 border-white rounded-tr-lg"
                      />
                      <div
                        class="absolute -bottom-1 -left-1 w-6 h-6 border-l-4 border-b-4 border-white rounded-bl-lg"
                      />
                      <div
                        class="absolute -bottom-1 -right-1 w-6 h-6 border-r-4 border-b-4 border-white rounded-br-lg"
                      />
                    </div>
                  </div>
                </div>
              </div>
              <div
                class="absolute inset-0 bg-black bg-opacity-50 flex items-center justify-center"
              >
                <div
                  class="text-white text-center"
                >
                  <div
                    class="animate-spin rounded-full h-8 w-8 border-b-2 border-white mx-auto mb-2"
                  />
                  <p>
                    Starting camera...
                  </p>
                </div>
              </div>
            </div>
            <div
              class="mt-4"
            >
              <div
                class="flex gap-2"
              >
                <button
                  class="w-full px-4 py-2 bg-green-500 text-white text-sm rounded hover:bg-green-600 disabled:opacity-60"
                  disabled=""
                >
                  ╨Ч╨░╨┐╤Г╤Б╤В╨╕╤В╤М ╨║╨░╨╝╨╡╤А╤Г
                </button>
                <button
                  class="w-full px-4 py-2 bg-red-500 text-white text-sm rounded hover:bg-red-600 disabled:opacity-60"
                  disabled=""
                >
                  ╨Ю╤Б╤В╨░╨╜╨╛╨▓╨╕╤В╤М ╨║╨░╨╝╨╡╤А╤Г
                </button>
              </div>
            </div>
            <div
              class="mt-4"
            >
              <label
                class="block text-sm font-medium text-gray-700 mb-2"
              >
                Or upload an image:
              </label>
              <input
                accept="image/*"
                class="w-full p-2 border border-gray-300 rounded-md"
                disabled=""
                type="file"
              />
            </div>
            <div
              class="mt-4"
            >
              <button
                class="w-full px-4 py-2 bg-gray-500 text-white text-sm rounded hover:bg-gray-600"
              >
                Show Diagnostic Info
              </button>
            </div>
          </div>
        </div>
      </body>
    </html>

      120 |       
      121 |       await waitFor(() => {
    > 122 |         expect(mockGetUserMedia).toHaveBeenCalledTimes(1);
          |                                  ^
      123 |       });
      124 |       
      125 |       // Verify only one stream was created

      at toHaveBeenCalledTimes (src/components/__tests__/Scanner.strict-mode.test.tsx:122:34)
      at runWithExpensiveErrorDiagnosticsDisabled (node_modules/@testing-library/dom/dist/config.js:47:12)
      at checkCallback (node_modules/@testing-library/dom/dist/wait-for.js:124:77)
      at checkRealTimersCallback (node_modules/@testing-library/dom/dist/wait-for.js:118:16)
      at Timeout.task [as _onTimeout] (node_modules/jsdom/lib/jsdom/browser/Window.js:579:19)

  тЧП Scanner Component - React Strict Mode Tests тА║ Strict Mode Double Mounting тА║ should prevent race conditions during rapid mount/unmount

    expect(jest.fn()).toHaveBeenCalledTimes(expected)

    Expected number of calls: 2
    Received number of calls: 14

    Ignored nodes: comments, script, style
    <html>
      <head />
      <body>
        <div />
        <div>
          <div
            class="w-full"
          >
            <div
              class="relative bg-black overflow-hidden rounded-lg"
            >
              <div
                class="absolute top-4 right-4 z-10 flex flex-col gap-2"
              >
                <button
                  class="bg-black bg-opacity-50 text-white p-2 rounded-full hover:bg-opacity-70 transition-all"
                >
                  <svg
                    class="w-5 h-5"
                    fill="none"
                    stroke="currentColor"
                    viewBox="0 0 24 24"
                  >
                    <path
                      d="M4 8V4m0 0h4M4 4l5 5m11-1V4m0 0h-4m4 0l-5 5M4 16v4m0 0h4m-4 0l5-5m11 5l-5-5m5 5v-4m0 4h-4"
                      stroke-linecap="round"
                      stroke-linejoin="round"
                      stroke-width="2"
                    />
                  </svg>
                </button>
              </div>
              <video
                autoplay=""
                class="w-full object-cover transition-transform duration-200 h-80 md:h-96 lg:h-[500px]"
                playsinline=""
                style="transform: scale(1); transform-origin: center center; background-color: rgb(0, 0, 0); min-height: 20rem;"
                webkit-playsinline="true"
              />
              <canvas
                class="hidden"
                style="display: none;"
              />
              <div
                class="absolute inset-0 pointer-events-none"
              >
                <div
                  class="absolute inset-0 flex items-center justify-center"
                >
                  <div
                    class="relative w-48 h-32 md:w-64 md:h-40"
                  >
                    <div
                      class="absolute inset-0 border-2 rounded-lg transition-all duration-300 border-blue-400 shadow-lg shadow-blue-400/50"
                    >
                      <div
                        class="absolute -top-1 -left-1 w-6 h-6 border-l-4 border-t-4 border-white rounded-tl-lg"
                      />
                      <div
                        class="absolute -top-1 -right-1 w-6 h-6 border-r-4 border-t-4 border-white rounded-tr-lg"
                      />
                      <div
                        class="absolute -bottom-1 -left-1 w-6 h-6 border-l-4 border-b-4 border-white rounded-bl-lg"
                      />
                      <div
                        class="absolute -bottom-1 -right-1 w-6 h-6 border-r-4 border-b-4 border-white rounded-br-lg"
                      />
                    </div>
                  </div>
                </div>
              </div>
              <div
                class="absolute inset-0 bg-black bg-opacity-50 flex items-center justify-center"
              >
                <div
                  class="text-white text-center"
                >
                  <div
                    class="animate-spin rounded-full h-8 w-8 border-b-2 border-white mx-auto mb-2"
                  />
                  <p>
                    Starting camera...
                  </p>
                </div>
              </div>
            </div>
            <div
              class="mt-4"
            >
              <div
                class="flex gap-2"
              >
                <button
                  class="w-full px-4 py-2 bg-green-500 text-white text-sm rounded hover:bg-green-600 disabled:opacity-60"
                  disabled=""
                >
                  ╨Ч╨░╨┐╤Г╤Б╤В╨╕╤В╤М ╨║╨░╨╝╨╡╤А╤Г
                </button>
                <button
                  class="w-full px-4 py-2 bg-red-500 text-white text-sm rounded hover:bg-red-600 disabled:opacity-60"
                  disabled=""
                >
                  ╨Ю╤Б╤В╨░╨╜╨╛╨▓╨╕╤В╤М ╨║╨░╨╝╨╡╤А╤Г
                </button>
              </div>
            </div>
            <div
              class="mt-4"
            >
              <label
                class="block text-sm font-medium text-gray-700 mb-2"
              >
                Or upload an image:
              </label>
              <input
                accept="image/*"
                class="w-full p-2 border border-gray-300 rounded-md"
                disabled=""
                type="file"
              />
            </div>
            <div
              class="mt-4"
            >
              <button
                class="w-full px-4 py-2 bg-gray-500 text-white text-sm rounded hover:bg-gray-600"
              >
                Show Diagnostic Info
              </button>
            </div>
          </div>
        </div>
      </body>
    </html>

      151 |       await waitFor(() => {
      152 |         // Should have called getUserMedia twice (once per mount)
    > 153 |         expect(mockGetUserMedia).toHaveBeenCalledTimes(2);
          |                                  ^
      154 |       });
      155 |       
      156 |       // But should have properly cleaned up the first stream

      at toHaveBeenCalledTimes (src/components/__tests__/Scanner.strict-mode.test.tsx:153:34)
      at runWithExpensiveErrorDiagnosticsDisabled (node_modules/@testing-library/dom/dist/config.js:47:12)
      at checkCallback (node_modules/@testing-library/dom/dist/wait-for.js:124:77)
      at checkRealTimersCallback (node_modules/@testing-library/dom/dist/wait-for.js:118:16)
      at Timeout.task [as _onTimeout] (node_modules/jsdom/lib/jsdom/browser/Window.js:579:19)

  тЧП Scanner Component - React Strict Mode Tests тА║ Strict Mode Double Mounting тА║ should handle useEffect cleanup properly in Strict Mode

    expect(received).toBeGreaterThan(expected)

    Expected: > 0
    Received:   0

      197 |       
      198 |       // In Strict Mode, cleanup should be called appropriately
    > 199 |       expect(cleanupCallCount).toBeGreaterThan(0);
          |                                ^
      200 |       
      201 |       useEffectSpy.mockRestore();
      202 |     });

      at Object.toBeGreaterThan (src/components/__tests__/Scanner.strict-mode.test.tsx:199:32)

  тЧП Scanner Component - React Strict Mode Tests тА║ Memory Leak Prevention тА║ should clean up all MediaStream tracks on unmount

    expect(jest.fn()).toHaveBeenCalled()

    Expected number of calls: >= 1
    Received number of calls:    0

      319 |       // Verify all tracks were stopped
      320 |       tracksBeforeUnmount.forEach(track => {
    > 321 |         expect(track.stop).toHaveBeenCalled();
          |                            ^
      322 |       });
      323 |     });
      324 |   });

      at toHaveBeenCalled (src/components/__tests__/Scanner.strict-mode.test.tsx:321:28)
          at Array.forEach (<anonymous>)
      at Object.forEach (src/components/__tests__/Scanner.strict-mode.test.tsx:320:27)

  console.log
    ЁЯЫС ╨Ю╤Б╤В╨░╨╜╨╛╨▓╨╗╨╡╨╜ ╤В╤А╨╡╨║ ╨║╨░╨╝╨╡╤А╤Л: undefined

      at log (src/lib/scanner.ts:737:19)
          at Array.forEach (<anonymous>)
          at Array.forEach (<anonymous>)

  console.log
    ЁЯз╣ ╨Т╨╕╨┤╨╡╨╛ ╤Н╨╗╨╡╨╝╨╡╨╜╤В ╨╛╤З╨╕╤Й╨╡╨╜

      at BarcodeScanner.log [as stopCurrentStream] (src/lib/scanner.ts:744:17)
          at Array.forEach (<anonymous>)

  console.error
    тЭМ ╨Ю╨▒╤А╨░╨▒╨╛╤В╨░╨╜╨╜╨░╤П ╨╛╤И╨╕╨▒╨║╨░: ╨Ю╤И╨╕╨▒╨║╨░ ╤Б╨║╨░╨╜╨╕╤А╨╛╨▓╨░╨╜╨╕╤П: Camera permission is required for scanning. Please allow camera access and try again.

    [0m [90m 689 |[39m       
     [90m 690 |[39m       [36mconst[39m errorMessage [33m=[39m [36mthis[39m[33m.[39mgetErrorMessage(error [36mas[39m [33mError[39m)
    [31m[1m>[22m[39m[90m 691 |[39m       console[33m.[39merror([32m'тЭМ ╨Ю╨▒╤А╨░╨▒╨╛╤В╨░╨╜╨╜╨░╤П ╨╛╤И╨╕╨▒╨║╨░:'[39m[33m,[39m errorMessage)
     [90m     |[39m               [31m[1m^[22m[39m
     [90m 692 |[39m       [36mconst[39m enhancedError [33m=[39m [36mnew[39m [33mError[39m(errorMessage)
     [90m 693 |[39m       
     [90m 694 |[39m       [36mif[39m (onError) {[0m

      at BarcodeScanner.error [as startScanning] (src/lib/scanner.ts:691:15)
      at startScanning (src/components/Scanner.tsx:525:9)

  console.log
    тЬЕ ╨б╨║╨░╨╜╨╕╤А╨╛╨▓╨░╨╜╨╕╨╡ ╨╛╤Б╤В╨░╨╜╨╛╨▓╨╗╨╡╨╜╨╛

      at BarcodeScanner.log [as stopScanning] (src/lib/scanner.ts:866:15)
          at Array.forEach (<anonymous>)

  console.error
    Scanner error: Error: ╨Ю╤И╨╕╨▒╨║╨░ ╤Б╨║╨░╨╜╨╕╤А╨╛╨▓╨░╨╜╨╕╤П: Camera permission is required for scanning. Please allow camera access and try again.
        at BarcodeScanner.startScanning (D:\Dev\ExoScan\exoscan-web\src\lib\scanner.ts:692:29)
        at startScanning (D:\Dev\ExoScan\exoscan-web\src\components\Scanner.tsx:525:9)

    [0m [90m 92 |[39m
     [90m 93 |[39m   [36mconst[39m handleError [33m=[39m useCallback((err[33m:[39m [33mError[39m) [33m=>[39m {
    [31m[1m>[22m[39m[90m 94 |[39m     console[33m.[39merror([32m'Scanner error:'[39m[33m,[39m err)
     [90m    |[39m             [31m[1m^[22m[39m
     [90m 95 |[39m     [36mif[39m ([33m![39mmountedRef[33m.[39mcurrent) [36mreturn[39m [90m// ╨Ч╨░╤Й╨╕╤В╨░ ╨╛╤В ╨╛╨▒╨╜╨╛╨▓╨╗╨╡╨╜╨╕╤П ╨┐╨╛╤Б╨╗╨╡ unmount[39m
     [90m 96 |[39m     
     [90m 97 |[39m     [90m// Determine friendly Russian error message expected by integration tests[39m[0m

      at error (src/components/Scanner.tsx:94:13)
      at BarcodeScanner.onError [as startScanning] (src/lib/scanner.ts:695:9)
      at startScanning (src/components/Scanner.tsx:525:9)

  console.log
    ЁЯОе ╨Ч╨░╨┐╤Г╤Б╨║ ╤Б╨║╨░╨╜╨╕╤А╨╛╨▓╨░╨╜╨╕╤П...

      at log (src/components/Scanner.tsx:479:15)

  console.error
    тЭМ ╨Ю╤И╨╕╨▒╨║╨░ ╨╖╨░╨┐╤Г╤Б╨║╨░ ╤Б╨║╨░╨╜╨╕╤А╨╛╨▓╨░╨╜╨╕╤П: Error: ╨Ю╤И╨╕╨▒╨║╨░ ╤Б╨║╨░╨╜╨╕╤А╨╛╨▓╨░╨╜╨╕╤П: Camera permission is required for scanning. Please allow camera access and try again.
        at BarcodeScanner.startScanning (D:\Dev\ExoScan\exoscan-web\src\lib\scanner.ts:692:29)
        at startScanning (D:\Dev\ExoScan\exoscan-web\src\components\Scanner.tsx:525:9)

    [0m [90m 557 |[39m         }
     [90m 558 |[39m       } [36mcatch[39m (err) {
    [31m[1m>[22m[39m[90m 559 |[39m         console[33m.[39merror([32m'тЭМ ╨Ю╤И╨╕╨▒╨║╨░ ╨╖╨░╨┐╤Г╤Б╨║╨░ ╤Б╨║╨░╨╜╨╕╤А╨╛╨▓╨░╨╜╨╕╤П:'[39m[33m,[39m err)
     [90m     |[39m                 [31m[1m^[22m[39m
     [90m 560 |[39m         handleError(err [36mas[39m [33mError[39m)
     [90m 561 |[39m       }
     [90m 562 |[39m     }[0m

      at error (src/components/Scanner.tsx:559:17)

  console.log
    ЁЯУ▒ ╨Ш╨╜╤Д╨╛╤А╨╝╨░╤Ж╨╕╤П ╨╛ ╨▓╨╕╨┤╨╡╨╛ ╤Н╨╗╨╡╨╝╨╡╨╜╤В╨╡: {
      element: <ref *1> HTMLVideoElement {
        '__reactFiber$rjg183felv': FiberNode {
          tag: 5,
          key: null,
          elementType: 'video',
          type: 'video',
          stateNode: [Circular *1],
          return: [FiberNode],
          child: null,
          sibling: [FiberNode],
          index: 1,
          ref: [Object],
          refCleanup: null,
          pendingProps: [Object],
          memoizedProps: [Object],
          updateQueue: null,
          memoizedState: null,
          dependencies: null,
          mode: 1,
          flags: 5243392,
          subtreeFlags: 0,
          deletions: null,
          lanes: 0,
          childLanes: 0,
          alternate: null,
          actualDuration: -0,
          actualStartTime: 6609.7336,
          selfBaseDuration: -0,
          treeBaseDuration: -0,
          _debugInfo: null,
          _debugOwner: [FiberNode],
          _debugStack: Error: react-stack-top-frame
              at process.env.NODE_ENV.exports.jsx (D:\Dev\ExoScan\exoscan-web\node_modules\react\cjs\react-jsx-runtime.development.js:337:13)
              at ScannerContent (D:\Dev\ExoScan\exoscan-web\src\components\Scanner.tsx:784:9)
              at Object.react-stack-bottom-frame (D:\Dev\ExoScan\exoscan-web\node_modules\react-dom\cjs\react-dom-client.development.js:23863:20)
              at renderWithHooks (D:\Dev\ExoScan\exoscan-web\node_modules\react-dom\cjs\react-dom-client.development.js:5529:22)
              at updateFunctionComponent (D:\Dev\ExoScan\exoscan-web\node_modules\react-dom\cjs\react-dom-client.development.js:8897:19)
              at beginWork (D:\Dev\ExoScan\exoscan-web\node_modules\react-dom\cjs\react-dom-client.development.js:10522:18)
              at runWithFiberInDEV (D:\Dev\ExoScan\exoscan-web\node_modules\react-dom\cjs\react-dom-client.development.js:1522:13)
              at performUnitOfWork (D:\Dev\ExoScan\exoscan-web\node_modules\react-dom\cjs\react-dom-client.development.js:15140:22)
              at workLoopSync (D:\Dev\ExoScan\exoscan-web\node_modules\react-dom\cjs\react-dom-client.development.js:14956:41)
              at renderRootSync (D:\Dev\ExoScan\exoscan-web\node_modules\react-dom\cjs\react-dom-client.development.js:14936:11)
              at performWorkOnRoot (D:\Dev\ExoScan\exoscan-web\node_modules\react-dom\cjs\react-dom-client.development.js:14419:13)
              at performWorkOnRootViaSchedulerTask (D:\Dev\ExoScan\exoscan-web\node_modules\react-dom\cjs\react-dom-client.development.js:16216:7)
              at flushActQueue (D:\Dev\ExoScan\exoscan-web\node_modules\react\cjs\react.development.js:566:34)
              at process.env.NODE_ENV.exports.act (D:\Dev\ExoScan\exoscan-web\node_modules\react\cjs\react.development.js:859:10)
              at D:\Dev\ExoScan\exoscan-web\node_modules\@testing-library\react\dist\act-compat.js:47:25
              at renderRoot (D:\Dev\ExoScan\exoscan-web\node_modules\@testing-library\react\dist\pure.js:190:26)
              at render (D:\Dev\ExoScan\exoscan-web\node_modules\@testing-library\react\dist\pure.js:292:10)
              at Object.<anonymous> (D:\Dev\ExoScan\exoscan-web\src\components\__tests__\Scanner.integration.test.tsx:348:13)
              at Promise.finally.completed (D:\Dev\ExoScan\exoscan-web\node_modules\jest-circus\build\jestAdapterInit.js:1557:28)
              at new Promise (<anonymous>)
              at callAsyncCircusFn (D:\Dev\ExoScan\exoscan-web\node_modules\jest-circus\build\jestAdapterInit.js:1497:10)
              at _callCircusTest (D:\Dev\ExoScan\exoscan-web\node_modules\jest-circus\build\jestAdapterInit.js:1007:40)
              at runNextTicks (node:internal/process/task_queues:65:5)
              at listOnTimeout (node:internal/timers:549:9)
              at processTimers (node:internal/timers:523:7)
              at _runTest (D:\Dev\ExoScan\exoscan-web\node_modules\jest-circus\build\jestAdapterInit.js:947:3)
              at D:\Dev\ExoScan\exoscan-web\node_modules\jest-circus\build\jestAdapterInit.js:849:7
              at _runTestsForDescribeBlock (D:\Dev\ExoScan\exoscan-web\node_modules\jest-circus\build\jestAdapterInit.js:862:11)
              at _runTestsForDescribeBlock (D:\Dev\ExoScan\exoscan-web\node_modules\jest-circus\build\jestAdapterInit.js:857:11)
              at _runTestsForDescribeBlock (D:\Dev\ExoScan\exoscan-web\node_modules\jest-circus\build\jestAdapterInit.js:857:11)
              at run (D:\Dev\ExoScan\exoscan-web\node_modules\jest-circus\build\jestAdapterInit.js:761:3)
              at runAndTransformResultsToJestFormat (D:\Dev\ExoScan\exoscan-web\node_modules\jest-circus\build\jestAdapterInit.js:1918:21)
              at jestAdapter (D:\Dev\ExoScan\exoscan-web\node_modules\jest-circus\build\runner.js:101:19)
              at runTestInternal (D:\Dev\ExoScan\exoscan-web\node_modules\jest-runner\build\testWorker.js:275:16)
              at runTest (D:\Dev\ExoScan\exoscan-web\node_modules\jest-runner\build\testWorker.js:343:7)
              at Object.worker (D:\Dev\ExoScan\exoscan-web\node_modules\jest-runner\build\testWorker.js:497:12),
          _debugTask: null,
          _debugNeedsRemount: false,
          _debugHookTypes: null
        },
        '__reactProps$rjg183felv': {
          ref: [Object],
          className: 'w-full object-cover transition-transform duration-200 h-80 md:h-96 lg:h-[500px]',
          autoPlay: true,
          playsInline: true,
          muted: true,
          controls: false,
          'webkit-playsinline': 'true',
          onLoadedData: [AsyncFunction: onLoadedData],
          onCanPlay: [AsyncFunction: onCanPlay],
          onClick: [AsyncFunction: onClick],
          onTouchStart: [AsyncFunction: onTouchStart],
          style: [Object]
        },
        '__reactEvents$rjg183felv': Set(24) {
          'abort__bubble',
          'canplay__bubble',
          'canplaythrough__bubble',
          'durationchange__bubble',
          'emptied__bubble',
          'encrypted__bubble',
          'ended__bubble',
          'error__bubble',
          'loadeddata__bubble',
          'loadedmetadata__bubble',
          'loadstart__bubble',
          'pause__bubble',
          'play__bubble',
          'playing__bubble',
          'progress__bubble',
          'ratechange__bubble',
          'resize__bubble',
          'seeked__bubble',
          'seeking__bubble',
          'stalled__bubble',
          'suspend__bubble',
          'timeupdate__bubble',
          'volumechange__bubble',
          'waiting__bubble'
        },
        [Symbol(SameObject caches)]: [Object: null prototype] {
          style: [CSSStyleDeclaration],
          attributes: NamedNodeMap {}
        }
      },
      tagName: 'VIDEO',
      id: '',
      className: 'w-full object-cover transition-transform duration-200 h-80 md:h-96 lg:h-[500px]',
      style: 'transform: scale(1); transform-origin: center center; background-color: rgb(0, 0, 0); min-height: 20rem;',
      attributes: [
        {
          name: 'class',
          value: 'w-full object-cover transition-transform duration-200 h-80 md:h-96 lg:h-[500px]'
        },
        { name: 'autoplay', value: '' },
        { name: 'playsinline', value: '' },
        { name: 'webkit-playsinline', value: 'true' },
        {
          name: 'style',
          value: 'transform: scale(1); transform-origin: center center; background-color: rgb(0, 0, 0); min-height: 20rem;'
        }
      ]
    }

      at log (src/components/Scanner.tsx:480:15)

  console.log
    тЬЕ ╨Я╨╛╨┤╨┤╨╡╤А╨╢╨║╨░ ╨║╨░╨╝╨╡╤А╤Л: OK

      at log (src/components/Scanner.tsx:502:15)

  console.log
    тЬЕ ╨С╨╡╨╖╨╛╨┐╨░╤Б╨╜╤Л╨╣ ╨║╨╛╨╜╤В╨╡╨║╤Б╤В: OK

      at log (src/components/Scanner.tsx:512:15)

  console.error
    Scanner error: Error: ╨Ю╤И╨╕╨▒╨║╨░ ╤Б╨║╨░╨╜╨╕╤А╨╛╨▓╨░╨╜╨╕╤П: Camera permission is required for scanning. Please allow camera access and try again.
        at BarcodeScanner.startScanning (D:\Dev\ExoScan\exoscan-web\src\lib\scanner.ts:692:29)
        at startScanning (D:\Dev\ExoScan\exoscan-web\src\components\Scanner.tsx:525:9)

    [0m [90m 92 |[39m
     [90m 93 |[39m   [36mconst[39m handleError [33m=[39m useCallback((err[33m:[39m [33mError[39m) [33m=>[39m {
    [31m[1m>[22m[39m[90m 94 |[39m     console[33m.[39merror([32m'Scanner error:'[39m[33m,[39m err)
     [90m    |[39m             [31m[1m^[22m[39m
     [90m 95 |[39m     [36mif[39m ([33m![39mmountedRef[33m.[39mcurrent) [36mreturn[39m [90m// ╨Ч╨░╤Й╨╕╤В╨░ ╨╛╤В ╨╛╨▒╨╜╨╛╨▓╨╗╨╡╨╜╨╕╤П ╨┐╨╛╤Б╨╗╨╡ unmount[39m
     [90m 96 |[39m     
     [90m 97 |[39m     [90m// Determine friendly Russian error message expected by integration tests[39m[0m

      at error (src/components/Scanner.tsx:94:13)
      at handleError (src/components/Scanner.tsx:560:9)

  console.log
    ЁЯФД ╨Я╨╛╨╗╤Г╤З╨╡╨╜╨╕╨╡ ╨┤╨╛╤Б╤В╤Г╨┐╨░ ╨║ ╨║╨░╨╝╨╡╤А╨╡...

      at log (src/components/Scanner.tsx:522:17)

  console.log
    ЁЯЪА ╨Э╨░╤З╨╕╨╜╨░╨╡╨╝ ╨┐╤А╨╛╤Ж╨╡╤Б╤Б ╤Б╨║╨░╨╜╨╕╤А╨╛╨▓╨░╨╜╨╕╤П...

      at log (src/components/Scanner.tsx:523:17)

  console.log
    ЁЯУ▒ BarcodeScanner: ╨Э╨░╤З╨╕╨╜╨░╨╡╨╝ ╨┐╤А╨╛╤Ж╨╡╤Б╤Б ╤Б╨║╨░╨╜╨╕╤А╨╛╨▓╨░╨╜╨╕╤П

      at BarcodeScanner.log [as startScanning] (src/lib/scanner.ts:336:15)

  console.log
    ЁЯФН ╨Ш╨╜╤Д╨╛╤А╨╝╨░╤Ж╨╕╤П ╨╛ ╨▒╤А╨░╤Г╨╖╨╡╤А╨╡: {
      userAgent: 'Mozilla/5.0 (win32) AppleWebKit/537.36 (KHTML, like Gecko) jsdom/26.1.0',
      platform: '',
      language: 'en-US',
      cookieEnabled: true,
      onLine: true
    }

      at BarcodeScanner.log [as startScanning] (src/lib/scanner.ts:337:15)

  console.log
    ЁЯФР ╨Я╤А╨╛╨▓╨╡╤А╨║╨░ ╤А╨░╨╖╤А╨╡╤И╨╡╨╜╨╕╨╣ ╨║╨░╨╝╨╡╤А╤Л...

      at BarcodeScanner.log [as startScanning] (src/lib/scanner.ts:346:15)

  console.log
    ЁЯФР ╨б╤В╨░╤В╤Г╤Б ╤А╨░╨╖╤А╨╡╤И╨╡╨╜╨╕╨╣: { granted: true, denied: false, prompt: false }

      at BarcodeScanner.log [as startScanning] (src/lib/scanner.ts:348:15)

  console.log
    тЬЕ MediaDevices API: OK

      at BarcodeScanner.log [as startScanning] (src/lib/scanner.ts:383:15)

  console.log
    тЬЕ getUserMedia: OK

      at BarcodeScanner.log [as startScanning] (src/lib/scanner.ts:401:15)

  console.log
    ЁЯУ╣ ╨Я╨╛╨╕╤Б╨║ ╨┤╨╛╤Б╤В╤Г╨┐╨╜╤Л╤Е ╨║╨░╨╝╨╡╤А...

      at BarcodeScanner.log [as startScanning] (src/lib/scanner.ts:404:15)

  console.log
    ЁЯУ╣ ╨Э╨░╨╣╨┤╨╡╨╜╨╛ ╨║╨░╨╝╨╡╤А: 2 [
      { id: 'camera1', label: 'Back Camera', kind: 'videoinput' },
      { id: 'camera2', label: 'Front Camera', kind: 'videoinput' }
    ]

      at BarcodeScanner.log [as startScanning] (src/lib/scanner.ts:406:15)

  console.log
    ЁЯУ╖ ╨Т╤Л╨▒╤А╨░╨╜╨╜╨░╤П ╨║╨░╨╝╨╡╤А╨░: { label: 'Back Camera', id: 'camera1', source: 'back-camera' }

      at BarcodeScanner.log [as startScanning] (src/lib/scanner.ts:440:15)

  console.log
    ЁЯУ▒ ╨Ь╨╛╨▒╨╕╨╗╤М╨╜╨╛╨╡ ╤Г╤Б╤В╤А╨╛╨╣╤Б╤В╨▓╨╛: false

      at BarcodeScanner.log [as startScanning] (src/lib/scanner.ts:448:15)

  console.log
    ЁЯУ▒ ╨г╤Б╤В╤А╨╛╨╣╤Б╤В╨▓╨╛: ╨Ф╤А╤Г╨│╨╛╨╡, ╨С╤А╨░╤Г╨╖╨╡╤А: ╨Ф╤А╤Г╨│╨╛╨╣

      at BarcodeScanner.log [as getOptimalCameraConstraints] (src/lib/scanner.ts:135:13)

  console.log
    ЁЯОе ╨Э╨░╤Б╤В╤А╨╛╨╣╨║╨╕ ╨║╨░╨╝╨╡╤А╤Л: {
      video: {
        deviceId: { ideal: 'camera1' },
        facingMode: undefined,
        width: { ideal: 1920 },
        height: { ideal: 1080 },
        frameRate: { ideal: 30 }
      }
    }

      at BarcodeScanner.log [as startScanning] (src/lib/scanner.ts:452:15)

  console.log
    ЁЯФН ╨Ч╨░╨┐╤Г╤Б╨║ ╨╜╨╡╨┐╤А╨╡╤А╤Л╨▓╨╜╨╛╨│╨╛ ╨┤╨╡╨║╨╛╨┤╨╕╤А╨╛╨▓╨░╨╜╨╕╤П ╤И╤В╤А╨╕╤Е-╨║╨╛╨┤╨╛╨▓...

      at BarcodeScanner.log [as startScanning] (src/lib/scanner.ts:455:15)

  console.log
    ЁЯз╣ ╨Ю╤З╨╕╤Б╤В╨║╨░ ╤Б╤Г╤Й╨╡╤Б╤В╨▓╤Г╤О╤Й╨╡╨│╨╛ ╨┐╨╛╤В╨╛╨║╨░...

      at BarcodeScanner.log [as startScanning] (src/lib/scanner.ts:458:15)

  console.log
    ЁЯУ║ ╨б╨╛╤Б╤В╨╛╤П╨╜╨╕╨╡ ╨▓╨╕╨┤╨╡╨╛ ╤Н╨╗╨╡╨╝╨╡╨╜╤В╨░: {
      readyState: 0,
      videoWidth: 0,
      videoHeight: 0,
      paused: true,
      ended: false,
      muted: true,
      autoplay: true,
      playsInline: true
    }

      at BarcodeScanner.log [as startScanning] (src/lib/scanner.ts:462:15)

  console.log
    ЁЯФД ╨Ч╨░╨┐╤Г╤Б╨║ ╨┤╨╡╨║╨╛╨┤╨╕╤А╨╛╨▓╨░╨╜╨╕╤П ╤Б ╨╛╨│╤А╨░╨╜╨╕╤З╨╡╨╜╨╕╤П╨╝╨╕...

      at BarcodeScanner.log [as startScanning] (src/lib/scanner.ts:474:15)

  console.log
    ЁЯФД ╨Я╨╛╨┐╤Л╤В╨║╨░ ╨╖╨░╨┐╤Г╤Б╨║╨░ ╤Б optimal ╨╛╨│╤А╨░╨╜╨╕╤З╨╡╨╜╨╕╤П╨╝╨╕: {
      "video": {
        "deviceId": {
          "ideal": "camera1"
        },
        "width": {
          "ideal": 1920
        },
        "height": {
          "ideal": 1080
        },
        "frameRate": {
          "ideal": 30
        }
      }
    }

      at BarcodeScanner.log [as startScanning] (src/lib/scanner.ts:487:19)

  console.log
    ЁЯОе ╨Я╨╛╨╗╤Г╤З╨╡╨╜╨╕╨╡ ╨┐╨╛╤В╨╛╨║╨░ ╤З╨╡╤А╨╡╨╖ getUserMedia...

      at BarcodeScanner.log [as startScanning] (src/lib/scanner.ts:490:19)

  console.log
    тЬЕ ╨Я╨╛╤В╨╛╨║ ╨┐╨╛╨╗╤Г╤З╨╡╨╜: {
      active: undefined,
      id: undefined,
      tracks: [
        {
          kind: 'video',
          label: undefined,
          enabled: undefined,
          readyState: undefined,
          muted: undefined,
          settings: [Object]
        }
      ]
    }

      at BarcodeScanner.log [as startScanning] (src/lib/scanner.ts:492:19)

  console.log
    ЁЯОм ╨г╤Б╤В╨░╨╜╨╛╨▓╨║╨░ ╨┐╨╛╤В╨╛╨║╨░ ╨▓ ╨▓╨╕╨┤╨╡╨╛ ╤Н╨╗╨╡╨╝╨╡╨╜╤В...

      at BarcodeScanner.log [as startScanning] (src/lib/scanner.ts:515:19)

  console.log
    ЁЯУК ╨Ь╨╡╤В╨░╨┤╨░╨╜╨╜╤Л╨╡ ╨▓╨╕╨┤╨╡╨╛ ╨╖╨░╨│╤А╤Г╨╢╨╡╨╜╤Л: { videoWidth: 0, videoHeight: 0, duration: NaN }

      at HTMLVideoElement.log (src/lib/scanner.ts:538:23)

  console.log
    ЁЯТ╛ ╨б╨╛╤Е╤А╨░╨╜╤П╨╡╨╝ ╤Б╤Б╤Л╨╗╨║╤Г ╨╜╨░ ╨┐╨╛╤В╨╛╨║ ╨┐╨╡╤А╨╡╨┤ ZXing: { streamId: undefined, active: undefined }

      at BarcodeScanner.log [as startScanning] (src/lib/scanner.ts:558:19)

  console.log
    ЁЯУ║ ╨б╨╛╤Б╤В╨╛╤П╨╜╨╕╨╡ ╨▓╨╕╨┤╨╡╨╛ ╨┐╨╛╤Б╨╗╨╡ ╤Г╤Б╤В╨░╨╜╨╛╨▓╨║╨╕ ╨┐╨╛╤В╨╛╨║╨░: {
      readyState: 0,
      videoWidth: 0,
      videoHeight: 0,
      paused: true,
      srcObject: '╤Г╤Б╤В╨░╨╜╨╛╨▓╨╗╨╡╨╜'
    }

      at BarcodeScanner.log [as startScanning] (src/lib/scanner.ts:564:19)

  console.log
    тЦ╢я╕П ╨Ч╨░╨┐╤Г╤Б╨║ ╨▓╨╕╨┤╨╡╨╛...

      at BarcodeScanner.log [as startScanning] (src/lib/scanner.ts:574:21)

  console.log
    тЬЕ ╨Т╨╕╨┤╨╡╨╛ ╤Г╤Б╨┐╨╡╤И╨╜╨╛ ╨╖╨░╨┐╤Г╤Й╨╡╨╜╨╛

      at BarcodeScanner.log [as startScanning] (src/lib/scanner.ts:577:23)

  console.log
    ЁЯФД ╨Э╨░╤Б╤В╤А╨╛╨╣╨║╨░ ╨░╨▓╤В╨╛╨╝╨░╤В╨╕╤З╨╡╤Б╨║╨╛╨│╨╛ ╤Б╨║╨░╨╜╨╕╤А╨╛╨▓╨░╨╜╨╕╤П ╤З╨╡╤А╨╡╨╖ ╨╖╨░╤Е╨▓╨░╤В ╨║╨░╨┤╤А╨╛╨▓...

      at BarcodeScanner.log [as startScanning] (src/lib/scanner.ts:622:21)

  console.log
    ЁЯФД ╨Э╨░╤Б╤В╤А╨╛╨╣╨║╨░ ╨░╨▓╤В╨╛╨╝╨░╤В╨╕╤З╨╡╤Б╨║╨╛╨│╨╛ ╤Б╨║╨░╨╜╨╕╤А╨╛╨▓╨░╨╜╨╕╤П ╨║╨░╨╢╨┤╤Л╨╡ 500╨╝╤Б...

      at BarcodeScanner.log [as setupAutoScanning] (src/lib/scanner.ts:821:13)

  console.log
    тЬЕ ╨Р╨▓╤В╨╛╨╝╨░╤В╨╕╤З╨╡╤Б╨║╨╛╨╡ ╤Б╨║╨░╨╜╨╕╤А╨╛╨▓╨░╨╜╨╕╨╡ ╨╜╨░╤Б╤В╤А╨╛╨╡╨╜╨╛

      at BarcodeScanner.log [as setupAutoScanning] (src/lib/scanner.ts:848:13)

  console.log
    тЬЕ ╨б╨║╨░╨╜╨╕╤А╨╛╨▓╨░╨╜╨╕╨╡ ╨╖╨░╨┐╤Г╤Й╨╡╨╜╨╛ ╤Г╤Б╨┐╨╡╤И╨╜╨╛ ╤Б optimal ╨╛╨│╤А╨░╨╜╨╕╤З╨╡╨╜╨╕╤П╨╝╨╕

      at BarcodeScanner.log [as startScanning] (src/lib/scanner.ts:632:19)

  console.log
    ЁЯУ║ ╨д╨╕╨╜╨░╨╗╤М╨╜╨╛╨╡ ╤Б╨╛╤Б╤В╨╛╤П╨╜╨╕╨╡ ╨▓╨╕╨┤╨╡╨╛: {
      readyState: 4,
      videoWidth: 640,
      videoHeight: 480,
      paused: true,
      srcObject: '╤Г╤Б╤В╨░╨╜╨╛╨▓╨╗╨╡╨╜',
      streamActive: undefined
    }

      at BarcodeScanner.log [as startScanning] (src/lib/scanner.ts:635:19)

  console.log
    тЬЕ ╨Э╨╡╨┐╤А╨╡╤А╤Л╨▓╨╜╨╛╨╡ ╤Б╨║╨░╨╜╨╕╤А╨╛╨▓╨░╨╜╨╕╨╡ ╨╖╨░╨┐╤Г╤Й╨╡╨╜╨╛

      at BarcodeScanner.log [as startScanning] (src/lib/scanner.ts:683:15)

  console.log
    тЬЕ ╨б╨║╨░╨╜╨╕╤А╨╛╨▓╨░╨╜╨╕╨╡ ╨╖╨░╨┐╤Г╤Й╨╡╨╜╨╛ ╤Г╤Б╨┐╨╡╤И╨╜╨╛ - ZXing ╨┤╨╡╨║╨╛╨┤╨╡╤А ╤Г╨┐╤А╨░╨▓╨╗╤П╨╡╤В ╨▓╨╕╨┤╨╡╨╛ ╤Н╨╗╨╡╨╝╨╡╨╜╤В╨╛╨╝

      at log (src/components/Scanner.tsx:535:17)

  console.log
    ЁЯФН ╨Т╨╕╨╖╤Г╨░╨╗╤М╨╜╨░╤П ╨┤╨╡╤В╨╡╨║╤Ж╨╕╤П ╨▓╨║╨╗╤О╤З╨╡╨╜╨░

      at log (src/components/Scanner.tsx:539:17)

  console.log
    ЁЯФж ╨Я╨╛╨┤╨┤╨╡╤А╨╢╨║╨░ ╤Д╨╛╨╜╨░╤А╨╕╨║╨░: ╨Э╨╡╤В

      at log (src/components/Scanner.tsx:546:21)

FAIL src/components/__tests__/Scanner.test.tsx (6.63 s)
  Scanner Component - Baseline Tests
    Component Rendering
      ├Ч should render scanner interface when active (1467 ms)
      тИЪ should not render when inactive (85 ms)
      тИЪ should show loading state during camera initialization (102 ms)
    MediaStream Lifecycle
      тИЪ should initialize camera successfully (170 ms)
      тИЪ should handle camera permission denied (254 ms)
      тИЪ should cleanup MediaStream on component unmount (98 ms)
    React Strict Mode Behavior
      ├Ч should handle double mounting without errors (5 ms)
      ├Ч should not create multiple MediaStreams on re-renders (1118 ms)
    useEffect Race Conditions
      ├Ч should handle rapid isActive changes (1189 ms)
    Error Handling
      тИЪ should handle camera not found error (217 ms)
      тИЪ should handle generic camera errors (197 ms)

  тЧП Scanner Component - Baseline Tests тА║ Component Rendering тА║ should render scanner interface when active

    Unable to find role="video"

    Ignored nodes: comments, script, style
    <body>
      <div>
        <div
          class="w-full"
        >
          <div
            class="relative bg-black overflow-hidden rounded-lg"
          >
            <div
              class="absolute top-4 right-4 z-10 flex flex-col gap-2"
            >
              <button
                class="bg-black bg-opacity-50 text-white p-2 rounded-full hover:bg-opacity-70 transition-all"
              >
                <svg
                  class="w-5 h-5"
                  fill="none"
                  stroke="currentColor"
                  viewBox="0 0 24 24"
                >
                  <path
                    d="M4 8V4m0 0h4M4 4l5 5m11-1V4m0 0h-4m4 0l-5 5M4 16v4m0 0h4m-4 0l5-5m11 5l-5-5m5 5v-4m0 4h-4"
                    stroke-linecap="round"
                    stroke-linejoin="round"
                    stroke-width="2"
                  />
                </svg>
              </button>
            </div>
            <video
              autoplay=""
              class="w-full object-cover transition-transform duration-200 h-80 md:h-96 lg:h-[500px]"
              playsinline=""
              style="transform: scale(1); transform-origin: center center; background-color: rgb(0, 0, 0); min-height: 20rem;"
              webkit-playsinline="true"
            />
            <canvas
              class="hidden"
              style="display: none;"
            />
            <div
              class="absolute inset-0 pointer-events-none"
            >
              <div
                class="absolute inset-0 flex items-center justify-center"
              >
                <div
                  class="relative w-48 h-32 md:w-64 md:h-40"
                >
                  <div
                    class="absolute inset-0 border-2 rounded-lg transition-all duration-300 border-blue-400 shadow-lg shadow-blue-400/50"
                  >
                    <div
                      class="absolute -top-1 -left-1 w-6 h-6 border-l-4 border-t-4 border-white rounded-tl-lg"
                    />
                    <div
                      class="absolute -top-1 -right-1 w-6 h-6 border-r-4 border-t-4 border-white rounded-tr-lg"
                    />
                    <div
                      class="absolute -bottom-1 -left-1 w-6 h-6 border-l-4 border-b-4 border-white rounded-bl-lg"
                    />
                    <div
                      class="absolute -bottom-1 -right-1 w-6 h-6 border-r-4 border-b-4 border-white rounded-br-lg"
                    />
                  </div>
                </div>
              </div>
            </div>
            <div
              class="absolute inset-0 bg-black bg-opacity-50 flex items-center justify-center"
            >
              <div
                class="text-white text-center"
              >
                <div
                  class="animate-spin rounded-full h-8 w-8 border-b-2 border-white mx-auto mb-2"
                />
                <p>
                  Starting camera...
                </p>
              </div>
            </div>
          </div>
          <div
            class="mt-4"
          >
            <div
              class="flex gap-2"
            >
              <button
                class="w-full px-4 py-2 bg-green-500 text-white text-sm rounded hover:bg-green-600 disabled:opacity-60"
                disabled=""
              >
                ╨Ч╨░╨┐╤Г╤Б╤В╨╕╤В╤М ╨║╨░╨╝╨╡╤А╤Г
              </button>
              <button
                class="w-full px-4 py-2 bg-red-500 text-white text-sm rounded hover:bg-red-600 disabled:opacity-60"
                disabled=""
              >
                ╨Ю╤Б╤В╨░╨╜╨╛╨▓╨╕╤В╤М ╨║╨░╨╝╨╡╤А╤Г
              </button>
            </div>
          </div>
          <div
            class="mt-4"
          >
            <label
              class="block text-sm font-medium text-gray-700 mb-2"
            >
              Or upload an image:
            </label>
            <input
              accept="image/*"
              class="w-full p-2 border border-gray-300 rounded-md"
              disabled=""
              type="file"
            />
          </div>
          <div
            class="mt-4"
          >
            <button
              class="w-full px-4 py-2 bg-gray-500 text-white text-sm rounded hover:bg-gray-600"
            >
              Show Diagnostic Info
            </button>
          </div>
        </div>
      </div>
    </body>

      109 |       
      110 |       // Wait for the component to initialize
    > 111 |       await waitFor(() => {
          |                    ^
      112 |         expect(screen.getByRole('video')).toBeInTheDocument();
      113 |       });
      114 |     });

      at waitForWrapper (node_modules/@testing-library/dom/dist/wait-for.js:163:27)
      at Object.<anonymous> (src/components/__tests__/Scanner.test.tsx:111:20)

  тЧП Scanner Component - Baseline Tests тА║ React Strict Mode Behavior тА║ should handle double mounting without errors

    Cannot update an unmounted root.

      184 |       // Simulate Strict Mode double mounting
      185 |       unmount();
    > 186 |       rerender(<Scanner onScan={mockOnScan} onError={mockOnError} isActive={true} />);
          |       ^
      187 |       
      188 |       // Should not throw errors or call getUserMedia multiple times unnecessarily
      189 |       await waitFor(() => {

      at ReactDOMRoot.process.env.NODE_ENV.ReactDOMHydrationRoot.render.ReactDOMRoot.render [as render] (node_modules/react-dom/cjs/react-dom-client.development.js:24739:34)
      at Object.render (node_modules/@testing-library/react/dist/pure.js:161:12)
      at node_modules/@testing-library/react/dist/pure.js:194:12
      at node_modules/@testing-library/react/dist/act-compat.js:48:24
      at process.env.NODE_ENV.exports.act (node_modules/react/cjs/react.development.js:789:22)
      at node_modules/@testing-library/react/dist/act-compat.js:47:25
      at renderRoot (node_modules/@testing-library/react/dist/pure.js:190:26)
      at rerender (node_modules/@testing-library/react/dist/pure.js:211:7)
      at Object.rerender (src/components/__tests__/Scanner.test.tsx:186:7)

  тЧП Scanner Component - Baseline Tests тА║ React Strict Mode Behavior тА║ should not create multiple MediaStreams on re-renders

    expect(jest.fn()).toHaveBeenCalledTimes(expected)

    Expected number of calls: 1
    Received number of calls: 6

    Ignored nodes: comments, script, style
    <html>
      <head />
      <body>
        <div>
          <div
            class="w-full"
          >
            <div
              class="relative bg-black overflow-hidden rounded-lg"
            >
              <div
                class="absolute top-4 right-4 z-10 flex flex-col gap-2"
              >
                <button
                  class="bg-black bg-opacity-50 text-white p-2 rounded-full hover:bg-opacity-70 transition-all"
                >
                  <svg
                    class="w-5 h-5"
                    fill="none"
                    stroke="currentColor"
                    viewBox="0 0 24 24"
                  >
                    <path
                      d="M4 8V4m0 0h4M4 4l5 5m11-1V4m0 0h-4m4 0l-5 5M4 16v4m0 0h4m-4 0l5-5m11 5l-5-5m5 5v-4m0 4h-4"
                      stroke-linecap="round"
                      stroke-linejoin="round"
                      stroke-width="2"
                    />
                  </svg>
                </button>
              </div>
              <video
                autoplay=""
                class="w-full object-cover transition-transform duration-200 h-80 md:h-96 lg:h-[500px]"
                playsinline=""
                style="transform: scale(1); transform-origin: center center; background-color: rgb(0, 0, 0); min-height: 20rem;"
                webkit-playsinline="true"
              />
              <canvas
                class="hidden"
                style="display: none;"
              />
              <div
                class="absolute inset-0 pointer-events-none"
              >
                <div
                  class="absolute inset-0 flex items-center justify-center"
                >
                  <div
                    class="relative w-48 h-32 md:w-64 md:h-40"
                  >
                    <div
                      class="absolute inset-0 border-2 rounded-lg transition-all duration-300 border-blue-400 shadow-lg shadow-blue-400/50"
                    >
                      <div
                        class="absolute -top-1 -left-1 w-6 h-6 border-l-4 border-t-4 border-white rounded-tl-lg"
                      />
                      <div
                        class="absolute -top-1 -right-1 w-6 h-6 border-r-4 border-t-4 border-white rounded-tr-lg"
                      />
                      <div
                        class="absolute -bottom-1 -left-1 w-6 h-6 border-l-4 border-b-4 border-white rounded-bl-lg"
                      />
                      <div
                        class="absolute -bottom-1 -right-1 w-6 h-6 border-r-4 border-b-4 border-white rounded-br-lg"
                      />
                    </div>
                  </div>
                </div>
              </div>
              <div
                class="absolute inset-0 bg-black bg-opacity-50 flex items-center justify-center"
              >
                <div
                  class="text-white text-center"
                >
                  <div
                    class="animate-spin rounded-full h-8 w-8 border-b-2 border-white mx-auto mb-2"
                  />
                  <p>
                    Starting camera...
                  </p>
                </div>
              </div>
            </div>
            <div
              class="mt-4"
            >
              <div
                class="flex gap-2"
              >
                <button
                  class="w-full px-4 py-2 bg-green-500 text-white text-sm rounded hover:bg-green-600 disabled:opacity-60"
                  disabled=""
                >
                  ╨Ч╨░╨┐╤Г╤Б╤В╨╕╤В╤М ╨║╨░╨╝╨╡╤А╤Г
                </button>
                <button
                  class="w-full px-4 py-2 bg-red-500 text-white text-sm rounded hover:bg-red-600 disabled:opacity-60"
                  disabled=""
                >
                  ╨Ю╤Б╤В╨░╨╜╨╛╨▓╨╕╤В╤М ╨║╨░╨╝╨╡╤А╤Г
                </button>
              </div>
            </div>
            <div
              class="mt-4"
            >
              <label
                class="block text-sm font-medium text-gray-700 mb-2"
              >
                Or upload an image:
              </label>
              <input
                accept="image/*"
                class="w-full p-2 border border-gray-300 rounded-md"
                disabled=""
                type="file"
              />
            </div>
            <div
              class="mt-4"
            >
              <button
                class="w-full px-4 py-2 bg-gray-500 text-white text-sm rounded hover:bg-gray-600"
              >
                Show Diagnostic Info
              </button>
            </div>
          </div>
        </div>
      </body>
    </html>

      196 |       
      197 |       await waitFor(() => {
    > 198 |         expect(mockGetUserMedia).toHaveBeenCalledTimes(1);
          |                                  ^
      199 |       });
      200 |       
      201 |       // Force re-render

      at toHaveBeenCalledTimes (src/components/__tests__/Scanner.test.tsx:198:34)
      at runWithExpensiveErrorDiagnosticsDisabled (node_modules/@testing-library/dom/dist/config.js:47:12)
      at checkCallback (node_modules/@testing-library/dom/dist/wait-for.js:124:77)
      at checkRealTimersCallback (node_modules/@testing-library/dom/dist/wait-for.js:118:16)
      at Timeout.task [as _onTimeout] (node_modules/jsdom/lib/jsdom/browser/Window.js:579:19)

  тЧП Scanner Component - Baseline Tests тА║ useEffect Race Conditions тА║ should handle rapid isActive changes

    expect(jest.fn()).toHaveBeenCalledTimes(expected)

    Expected number of calls: 1
    Received number of calls: 8

    Ignored nodes: comments, script, style
    <html>
      <head />
      <body>
        <div>
          <div
            class="w-full"
          >
            <div
              class="relative bg-black overflow-hidden rounded-lg"
            >
              <div
                class="absolute top-4 right-4 z-10 flex flex-col gap-2"
              >
                <button
                  class="bg-black bg-opacity-50 text-white p-2 rounded-full hover:bg-opacity-70 transition-all"
                >
                  <svg
                    class="w-5 h-5"
                    fill="none"
                    stroke="currentColor"
                    viewBox="0 0 24 24"
                  >
                    <path
                      d="M4 8V4m0 0h4M4 4l5 5m11-1V4m0 0h-4m4 0l-5 5M4 16v4m0 0h4m-4 0l5-5m11 5l-5-5m5 5v-4m0 4h-4"
                      stroke-linecap="round"
                      stroke-linejoin="round"
                      stroke-width="2"
                    />
                  </svg>
                </button>
              </div>
              <video
                autoplay=""
                class="w-full object-cover transition-transform duration-200 h-80 md:h-96 lg:h-[500px]"
                playsinline=""
                style="transform: scale(1); transform-origin: center center; background-color: rgb(0, 0, 0); min-height: 20rem;"
                webkit-playsinline="true"
              />
              <canvas
                class="hidden"
                style="display: none;"
              />
              <div
                class="absolute inset-0 pointer-events-none"
              >
                <div
                  class="absolute inset-0 flex items-center justify-center"
                >
                  <div
                    class="relative w-48 h-32 md:w-64 md:h-40"
                  >
                    <div
                      class="absolute inset-0 border-2 rounded-lg transition-all duration-300 border-blue-400 shadow-lg shadow-blue-400/50"
                    >
                      <div
                        class="absolute -top-1 -left-1 w-6 h-6 border-l-4 border-t-4 border-white rounded-tl-lg"
                      />
                      <div
                        class="absolute -top-1 -right-1 w-6 h-6 border-r-4 border-t-4 border-white rounded-tr-lg"
                      />
                      <div
                        class="absolute -bottom-1 -left-1 w-6 h-6 border-l-4 border-b-4 border-white rounded-bl-lg"
                      />
                      <div
                        class="absolute -bottom-1 -right-1 w-6 h-6 border-r-4 border-b-4 border-white rounded-br-lg"
                      />
                    </div>
                  </div>
                </div>
              </div>
              <div
                class="absolute inset-0 bg-black bg-opacity-50 flex items-center justify-center"
              >
                <div
                  class="text-white text-center"
                >
                  <div
                    class="animate-spin rounded-full h-8 w-8 border-b-2 border-white mx-auto mb-2"
                  />
                  <p>
                    Starting camera...
                  </p>
                </div>
              </div>
            </div>
            <div
              class="mt-4"
            >
              <div
                class="flex gap-2"
              >
                <button
                  class="w-full px-4 py-2 bg-green-500 text-white text-sm rounded hover:bg-green-600 disabled:opacity-60"
                  disabled=""
                >
                  ╨Ч╨░╨┐╤Г╤Б╤В╨╕╤В╤М ╨║╨░╨╝╨╡╤А╤Г
                </button>
                <button
                  class="w-full px-4 py-2 bg-red-500 text-white text-sm rounded hover:bg-red-600 disabled:opacity-60"
                  disabled=""
                >
                  ╨Ю╤Б╤В╨░╨╜╨╛╨▓╨╕╤В╤М ╨║╨░╨╝╨╡╤А╤Г
                </button>
              </div>
            </div>
            <div
              class="mt-4"
            >
              <label
                class="block text-sm font-medium text-gray-700 mb-2"
              >
                Or upload an image:
              </label>
              <input
                accept="image/*"
                class="w-full p-2 border border-gray-300 rounded-md"
                disabled=""
                type="file"
              />
            </div>
            <div
              class="mt-4"
            >
              <button
                class="w-full px-4 py-2 bg-gray-500 text-white text-sm rounded hover:bg-gray-600"
              >
                Show Diagnostic Info
              </button>
            </div>
          </div>
        </div>
      </body>
    </html>

      218 |       // Should not cause multiple concurrent getUserMedia calls
      219 |       await waitFor(() => {
    > 220 |         expect(mockGetUserMedia).toHaveBeenCalledTimes(1);
          |                                  ^
      221 |       });
      222 |     });
      223 |   });

      at toHaveBeenCalledTimes (src/components/__tests__/Scanner.test.tsx:220:34)
      at runWithExpensiveErrorDiagnosticsDisabled (node_modules/@testing-library/dom/dist/config.js:47:12)
      at checkCallback (node_modules/@testing-library/dom/dist/wait-for.js:124:77)
      at checkRealTimersCallback (node_modules/@testing-library/dom/dist/wait-for.js:118:16)
      at Timeout.task [as _onTimeout] (node_modules/jsdom/lib/jsdom/browser/Window.js:579:19)

  console.error
    Error: Not implemented: HTMLCanvasElement.prototype.toDataURL (without installing the canvas npm package)
        at BarcodeScanner.toDataURL [as captureFrame] (D:\Dev\ExoScan\exoscan-web\src\lib\scanner.ts:904:30)
        at captureFrame (D:\Dev\ExoScan\exoscan-web\src\lib\scanner.ts:829:35) {
      type: 'not implemented'
    }

    [0m [90m 902 |[39m
     [90m 903 |[39m       [90m// Create image element from canvas data URL (avoids 0x0 toBlob issues)[39m
    [31m[1m>[22m[39m[90m 904 |[39m       [36mconst[39m dataUrl [33m=[39m canvas[33m.[39mtoDataURL([32m'image/png'[39m)
     [90m     |[39m                              [31m[1m^[22m[39m
     [90m 905 |[39m       [36mconst[39m imageElement [33m=[39m [36mawait[39m [36mnew[39m [33mPromise[39m[33m<[39m[33mHTMLImageElement[39m[33m>[39m((resolve) [33m=>[39m {
     [90m 906 |[39m         [36mconst[39m img [33m=[39m [36mnew[39m [33mImage[39m()
     [90m 907 |[39m         img[33m.[39monload [33m=[39m () [33m=>[39m resolve(img)[0m

      at VirtualConsole.<anonymous> (node_modules/@jest/environment-jsdom-abstract/build/index.js:87:23)
      at module.exports (node_modules/jsdom/lib/jsdom/browser/not-implemented.js:12:26)
      at HTMLCanvasElementImpl.toDataURL (node_modules/jsdom/lib/jsdom/living/nodes/HTMLCanvasElement-impl.js:55:5)
      at HTMLCanvasElement.toDataURL (node_modules/jsdom/lib/jsdom/living/generated/HTMLCanvasElement.js:162:34)
      at BarcodeScanner.toDataURL [as captureFrame] (src/lib/scanner.ts:904:30)
      at captureFrame (src/lib/scanner.ts:829:35)
      at Timeout.task [as _onTimeout] (node_modules/jsdom/lib/jsdom/browser/Window.js:579:19)

  console.log
    ЁЯОп ╨Р╨▓╤В╨╛╤Б╨║╨░╨╜╨╕╤А╨╛╨▓╨░╨╜╨╕╨╡: ╤И╤В╤А╨╕╤Е-╨║╨╛╨┤ ╨╜╨░╨╣╨┤╨╡╨╜: barcode-0

      at log (src/lib/scanner.ts:831:19)

  console.log
    Scan result: {
      text: 'barcode-0',
      format: 'EAN_13',
      timestamp: 2025-10-01T21:19:15.761Z
    }

      at log (src/components/Scanner.tsx:126:13)

  console.error
    Error: Not implemented: HTMLMediaElement.prototype.play
        at play (D:\Dev\ExoScan\exoscan-web\src\components\Scanner.tsx:139:13)
        at onResult (D:\Dev\ExoScan\exoscan-web\src\lib\scanner.ts:625:17)
        at onResult (D:\Dev\ExoScan\exoscan-web\src\lib\scanner.ts:832:11) {
      type: 'not implemented'
    }

    [0m [90m 137 |[39m     [36mtry[39m {
     [90m 138 |[39m       [36mconst[39m audio [33m=[39m [36mnew[39m [33mAudio[39m([32m'data:audio/wav;base64,UklGRnoGAABXQVZFZm10IBAAAAABAAEAQB8AAEAfAAABAAgAZGF0YQoGAACBhYqFbF1fdJivrJBhNjVgodDbq2EcBj+a2/LDciUFLIHO8tiJNwgZaLvt559NEAxQp+PwtmMcBjiR1/LMeSwFJHfH8N2QQAoUXrTp66hVFApGn+DyvmwhBSuBzvLZiTYIG2m98OScTgwOUarm7blmGgU7k9n1unEiBC13yO/eizEIHWq+8+OWT'[39m)
    [31m[1m>[22m[39m[90m 139 |[39m       audio[33m.[39mplay()[33m.[39m[36mcatch[39m(() [33m=>[39m {})
     [90m     |[39m             [31m[1m^[22m[39m
     [90m 140 |[39m     } [36mcatch[39m {
     [90m 141 |[39m       [90m// Audio not supported[39m
     [90m 142 |[39m     }[0m

      at VirtualConsole.<anonymous> (node_modules/@jest/environment-jsdom-abstract/build/index.js:87:23)
      at module.exports (node_modules/jsdom/lib/jsdom/browser/not-implemented.js:12:26)
      at HTMLAudioElementImpl.play (node_modules/jsdom/lib/jsdom/living/nodes/HTMLMediaElement-impl.js:118:5)
      at HTMLAudioElement.play (node_modules/jsdom/lib/jsdom/living/generated/HTMLMediaElement.js:146:60)
      at play (src/components/Scanner.tsx:139:13)
      at onResult (src/lib/scanner.ts:625:17)
      at onResult (src/lib/scanner.ts:832:11)

  console.log
    ЁЯЫС ╨Ю╤Б╤В╨░╨╜╨╛╨▓╨║╨░ ╤Б╨║╨░╨╜╨╕╤А╨╛╨▓╨░╨╜╨╕╤П...

      at BarcodeScanner.log [as stopScanning] (src/lib/scanner.ts:853:15)
          at Array.forEach (<anonymous>)

  console.log
    ЁЯЫС ╨Р╨▓╤В╨╛╤Б╨║╨░╨╜╨╕╤А╨╛╨▓╨░╨╜╨╕╨╡ ╨╛╤Б╤В╨░╨╜╨╛╨▓╨╗╨╡╨╜╨╛

      at BarcodeScanner.log [as stopScanning] (src/lib/scanner.ts:860:17)
          at Array.forEach (<anonymous>)

  console.log
    ЁЯЫС ╨Ю╤Б╤В╨░╨╜╨╛╨▓╨╗╨╡╨╜ ╤В╤А╨╡╨║ ╨║╨░╨╝╨╡╤А╤Л: video

      at log (src/lib/scanner.ts:737:19)
          at Array.forEach (<anonymous>)
          at Array.forEach (<anonymous>)

  console.log
    ЁЯз╣ ╨Т╨╕╨┤╨╡╨╛ ╤Н╨╗╨╡╨╝╨╡╨╜╤В ╨╛╤З╨╕╤Й╨╡╨╜

      at BarcodeScanner.log [as stopCurrentStream] (src/lib/scanner.ts:744:17)
          at Array.forEach (<anonymous>)

  console.log
    тЬЕ ╨б╨║╨░╨╜╨╕╤А╨╛╨▓╨░╨╜╨╕╨╡ ╨╛╤Б╤В╨░╨╜╨╛╨▓╨╗╨╡╨╜╨╛

      at BarcodeScanner.log [as stopScanning] (src/lib/scanner.ts:866:15)
          at Array.forEach (<anonymous>)

  console.log
    ЁЯОе ╨Ч╨░╨┐╤Г╤Б╨║ ╤Б╨║╨░╨╜╨╕╤А╨╛╨▓╨░╨╜╨╕╤П...

      at log (src/components/Scanner.tsx:479:15)

  console.log
    ЁЯУ▒ ╨Ш╨╜╤Д╨╛╤А╨╝╨░╤Ж╨╕╤П ╨╛ ╨▓╨╕╨┤╨╡╨╛ ╤Н╨╗╨╡╨╝╨╡╨╜╤В╨╡: {
      element: <ref *1> HTMLVideoElement {
        '__reactFiber$rjg183felv': FiberNode {
          tag: 5,
          key: null,
          elementType: 'video',
          type: 'video',
          stateNode: [Circular *1],
          return: [FiberNode],
          child: null,
          sibling: [FiberNode],
          index: 1,
          ref: [Object],
          refCleanup: null,
          pendingProps: [Object],
          memoizedProps: [Object],
          updateQueue: null,
          memoizedState: null,
          dependencies: null,
          mode: 1,
          flags: 5243392,
          subtreeFlags: 0,
          deletions: null,
          lanes: 0,
          childLanes: 0,
          alternate: null,
          actualDuration: -0,
          actualStartTime: 7752.371300000001,
          selfBaseDuration: -0,
          treeBaseDuration: -0,
          _debugInfo: null,
          _debugOwner: [FiberNode],
          _debugStack: Error: react-stack-top-frame
              at process.env.NODE_ENV.exports.jsx (D:\Dev\ExoScan\exoscan-web\node_modules\react\cjs\react-jsx-runtime.development.js:337:13)
              at ScannerContent (D:\Dev\ExoScan\exoscan-web\src\components\Scanner.tsx:784:9)
              at Object.react-stack-bottom-frame (D:\Dev\ExoScan\exoscan-web\node_modules\react-dom\cjs\react-dom-client.development.js:23863:20)
              at renderWithHooks (D:\Dev\ExoScan\exoscan-web\node_modules\react-dom\cjs\react-dom-client.development.js:5529:22)
              at updateFunctionComponent (D:\Dev\ExoScan\exoscan-web\node_modules\react-dom\cjs\react-dom-client.development.js:8897:19)
              at beginWork (D:\Dev\ExoScan\exoscan-web\node_modules\react-dom\cjs\react-dom-client.development.js:10522:18)
              at runWithFiberInDEV (D:\Dev\ExoScan\exoscan-web\node_modules\react-dom\cjs\react-dom-client.development.js:1522:13)
              at performUnitOfWork (D:\Dev\ExoScan\exoscan-web\node_modules\react-dom\cjs\react-dom-client.development.js:15140:22)
              at workLoopSync (D:\Dev\ExoScan\exoscan-web\node_modules\react-dom\cjs\react-dom-client.development.js:14956:41)
              at renderRootSync (D:\Dev\ExoScan\exoscan-web\node_modules\react-dom\cjs\react-dom-client.development.js:14936:11)
              at performWorkOnRoot (D:\Dev\ExoScan\exoscan-web\node_modules\react-dom\cjs\react-dom-client.development.js:14419:13)
              at performWorkOnRootViaSchedulerTask (D:\Dev\ExoScan\exoscan-web\node_modules\react-dom\cjs\react-dom-client.development.js:16216:7)
              at flushActQueue (D:\Dev\ExoScan\exoscan-web\node_modules\react\cjs\react.development.js:566:34)
              at process.env.NODE_ENV.exports.act (D:\Dev\ExoScan\exoscan-web\node_modules\react\cjs\react.development.js:859:10)
              at D:\Dev\ExoScan\exoscan-web\node_modules\@testing-library\react\dist\act-compat.js:47:25
              at renderRoot (D:\Dev\ExoScan\exoscan-web\node_modules\@testing-library\react\dist\pure.js:190:26)
              at render (D:\Dev\ExoScan\exoscan-web\node_modules\@testing-library\react\dist\pure.js:292:10)
              at Object.<anonymous> (D:\Dev\ExoScan\exoscan-web\src\components\__tests__\Scanner.integration.test.tsx:375:33)
              at Promise.finally.completed (D:\Dev\ExoScan\exoscan-web\node_modules\jest-circus\build\jestAdapterInit.js:1557:28)
              at new Promise (<anonymous>)
              at callAsyncCircusFn (D:\Dev\ExoScan\exoscan-web\node_modules\jest-circus\build\jestAdapterInit.js:1497:10)
              at _callCircusTest (D:\Dev\ExoScan\exoscan-web\node_modules\jest-circus\build\jestAdapterInit.js:1007:40)
              at _runTest (D:\Dev\ExoScan\exoscan-web\node_modules\jest-circus\build\jestAdapterInit.js:947:3)
              at D:\Dev\ExoScan\exoscan-web\node_modules\jest-circus\build\jestAdapterInit.js:849:7
              at _runTestsForDescribeBlock (D:\Dev\ExoScan\exoscan-web\node_modules\jest-circus\build\jestAdapterInit.js:862:11)
              at _runTestsForDescribeBlock (D:\Dev\ExoScan\exoscan-web\node_modules\jest-circus\build\jestAdapterInit.js:857:11)
              at _runTestsForDescribeBlock (D:\Dev\ExoScan\exoscan-web\node_modules\jest-circus\build\jestAdapterInit.js:857:11)
              at run (D:\Dev\ExoScan\exoscan-web\node_modules\jest-circus\build\jestAdapterInit.js:761:3)
              at runAndTransformResultsToJestFormat (D:\Dev\ExoScan\exoscan-web\node_modules\jest-circus\build\jestAdapterInit.js:1918:21)
              at jestAdapter (D:\Dev\ExoScan\exoscan-web\node_modules\jest-circus\build\runner.js:101:19)
              at runTestInternal (D:\Dev\ExoScan\exoscan-web\node_modules\jest-runner\build\testWorker.js:275:16)
              at runTest (D:\Dev\ExoScan\exoscan-web\node_modules\jest-runner\build\testWorker.js:343:7)
              at Object.worker (D:\Dev\ExoScan\exoscan-web\node_modules\jest-runner\build\testWorker.js:497:12),
          _debugTask: null,
          _debugNeedsRemount: false,
          _debugHookTypes: null
        },
        '__reactProps$rjg183felv': {
          ref: [Object],
          className: 'w-full object-cover transition-transform duration-200 h-80 md:h-96 lg:h-[500px]',
          autoPlay: true,
          playsInline: true,
          muted: true,
          controls: false,
          'webkit-playsinline': 'true',
          onLoadedData: [AsyncFunction: onLoadedData],
          onCanPlay: [AsyncFunction: onCanPlay],
          onClick: [AsyncFunction: onClick],
          onTouchStart: [AsyncFunction: onTouchStart],
          style: [Object]
        },
        '__reactEvents$rjg183felv': Set(24) {
          'abort__bubble',
          'canplay__bubble',
          'canplaythrough__bubble',
          'durationchange__bubble',
          'emptied__bubble',
          'encrypted__bubble',
          'ended__bubble',
          'error__bubble',
          'loadeddata__bubble',
          'loadedmetadata__bubble',
          'loadstart__bubble',
          'pause__bubble',
          'play__bubble',
          'playing__bubble',
          'progress__bubble',
          'ratechange__bubble',
          'resize__bubble',
          'seeked__bubble',
          'seeking__bubble',
          'stalled__bubble',
          'suspend__bubble',
          'timeupdate__bubble',
          'volumechange__bubble',
          'waiting__bubble'
        },
        [Symbol(SameObject caches)]: [Object: null prototype] {
          style: [CSSStyleDeclaration],
          attributes: NamedNodeMap {}
        }
      },
      tagName: 'VIDEO',
      id: '',
      className: 'w-full object-cover transition-transform duration-200 h-80 md:h-96 lg:h-[500px]',
      style: 'transform: scale(1); transform-origin: center center; background-color: rgb(0, 0, 0); min-height: 20rem;',
      attributes: [
        {
          name: 'class',
          value: 'w-full object-cover transition-transform duration-200 h-80 md:h-96 lg:h-[500px]'
        },
        { name: 'autoplay', value: '' },
        { name: 'playsinline', value: '' },
        { name: 'webkit-playsinline', value: 'true' },
        {
          name: 'style',
          value: 'transform: scale(1); transform-origin: center center; background-color: rgb(0, 0, 0); min-height: 20rem;'
        }
      ]
    }

      at log (src/components/Scanner.tsx:480:15)

  console.log
    тЬЕ ╨Я╨╛╨┤╨┤╨╡╤А╨╢╨║╨░ ╨║╨░╨╝╨╡╤А╤Л: OK

      at log (src/components/Scanner.tsx:502:15)

  console.log
    тЬЕ ╨С╨╡╨╖╨╛╨┐╨░╤Б╨╜╤Л╨╣ ╨║╨╛╨╜╤В╨╡╨║╤Б╤В: OK

      at log (src/components/Scanner.tsx:512:15)

  console.log
    ЁЯФД ╨Я╨╛╨╗╤Г╤З╨╡╨╜╨╕╨╡ ╨┤╨╛╤Б╤В╤Г╨┐╨░ ╨║ ╨║╨░╨╝╨╡╤А╨╡...

      at log (src/components/Scanner.tsx:522:17)

  console.log
    ЁЯЪА ╨Э╨░╤З╨╕╨╜╨░╨╡╨╝ ╨┐╤А╨╛╤Ж╨╡╤Б╤Б ╤Б╨║╨░╨╜╨╕╤А╨╛╨▓╨░╨╜╨╕╤П...

      at log (src/components/Scanner.tsx:523:17)

  console.log
    ЁЯУ▒ BarcodeScanner: ╨Э╨░╤З╨╕╨╜╨░╨╡╨╝ ╨┐╤А╨╛╤Ж╨╡╤Б╤Б ╤Б╨║╨░╨╜╨╕╤А╨╛╨▓╨░╨╜╨╕╤П

      at BarcodeScanner.log [as startScanning] (src/lib/scanner.ts:336:15)

  console.log
    ЁЯФН ╨Ш╨╜╤Д╨╛╤А╨╝╨░╤Ж╨╕╤П ╨╛ ╨▒╤А╨░╤Г╨╖╨╡╤А╨╡: {
      userAgent: 'Mozilla/5.0 (win32) AppleWebKit/537.36 (KHTML, like Gecko) jsdom/26.1.0',
      platform: '',
      language: 'en-US',
      cookieEnabled: true,
      onLine: true
    }

      at BarcodeScanner.log [as startScanning] (src/lib/scanner.ts:337:15)

  console.log
    ЁЯФР ╨Я╤А╨╛╨▓╨╡╤А╨║╨░ ╤А╨░╨╖╤А╨╡╤И╨╡╨╜╨╕╨╣ ╨║╨░╨╝╨╡╤А╤Л...

      at BarcodeScanner.log [as startScanning] (src/lib/scanner.ts:346:15)

  console.log
    ЁЯФР ╨б╤В╨░╤В╤Г╤Б ╤А╨░╨╖╤А╨╡╤И╨╡╨╜╨╕╨╣: { granted: true, denied: false, prompt: false }

      at BarcodeScanner.log [as startScanning] (src/lib/scanner.ts:348:15)

  console.log
    тЬЕ MediaDevices API: OK

      at BarcodeScanner.log [as startScanning] (src/lib/scanner.ts:383:15)

  console.log
    тЬЕ getUserMedia: OK

      at BarcodeScanner.log [as startScanning] (src/lib/scanner.ts:401:15)

  console.log
    ЁЯУ╣ ╨Я╨╛╨╕╤Б╨║ ╨┤╨╛╤Б╤В╤Г╨┐╨╜╤Л╤Е ╨║╨░╨╝╨╡╤А...

      at BarcodeScanner.log [as startScanning] (src/lib/scanner.ts:404:15)

  console.log
    ЁЯУ╣ ╨Э╨░╨╣╨┤╨╡╨╜╨╛ ╨║╨░╨╝╨╡╤А: 2 [
      { id: 'camera1', label: 'Back Camera', kind: 'videoinput' },
      { id: 'camera2', label: 'Front Camera', kind: 'videoinput' }
    ]

      at BarcodeScanner.log [as startScanning] (src/lib/scanner.ts:406:15)

  console.log
    ЁЯУ╖ ╨Т╤Л╨▒╤А╨░╨╜╨╜╨░╤П ╨║╨░╨╝╨╡╤А╨░: { label: 'Back Camera', id: 'camera1', source: 'back-camera' }

      at BarcodeScanner.log [as startScanning] (src/lib/scanner.ts:440:15)

  console.log
    ЁЯУ▒ ╨Ь╨╛╨▒╨╕╨╗╤М╨╜╨╛╨╡ ╤Г╤Б╤В╤А╨╛╨╣╤Б╤В╨▓╨╛: false

      at BarcodeScanner.log [as startScanning] (src/lib/scanner.ts:448:15)

  console.log
    ЁЯУ▒ ╨г╤Б╤В╤А╨╛╨╣╤Б╤В╨▓╨╛: ╨Ф╤А╤Г╨│╨╛╨╡, ╨С╤А╨░╤Г╨╖╨╡╤А: ╨Ф╤А╤Г╨│╨╛╨╣

      at BarcodeScanner.log [as getOptimalCameraConstraints] (src/lib/scanner.ts:135:13)

  console.log
    ЁЯОе ╨Э╨░╤Б╤В╤А╨╛╨╣╨║╨╕ ╨║╨░╨╝╨╡╤А╤Л: {
      video: {
        deviceId: { ideal: 'camera1' },
        facingMode: undefined,
        width: { ideal: 1920 },
        height: { ideal: 1080 },
        frameRate: { ideal: 30 }
      }
    }

      at BarcodeScanner.log [as startScanning] (src/lib/scanner.ts:452:15)

  console.log
    ЁЯФН ╨Ч╨░╨┐╤Г╤Б╨║ ╨╜╨╡╨┐╤А╨╡╤А╤Л╨▓╨╜╨╛╨│╨╛ ╨┤╨╡╨║╨╛╨┤╨╕╤А╨╛╨▓╨░╨╜╨╕╤П ╤И╤В╤А╨╕╤Е-╨║╨╛╨┤╨╛╨▓...

      at BarcodeScanner.log [as startScanning] (src/lib/scanner.ts:455:15)

  console.log
    ЁЯз╣ ╨Ю╤З╨╕╤Б╤В╨║╨░ ╤Б╤Г╤Й╨╡╤Б╤В╨▓╤Г╤О╤Й╨╡╨│╨╛ ╨┐╨╛╤В╨╛╨║╨░...

      at BarcodeScanner.log [as startScanning] (src/lib/scanner.ts:458:15)

  console.log
    ЁЯУ║ ╨б╨╛╤Б╤В╨╛╤П╨╜╨╕╨╡ ╨▓╨╕╨┤╨╡╨╛ ╤Н╨╗╨╡╨╝╨╡╨╜╤В╨░: {
      readyState: 0,
      videoWidth: 0,
      videoHeight: 0,
      paused: true,
      ended: false,
      muted: true,
      autoplay: true,
      playsInline: true
    }

      at BarcodeScanner.log [as startScanning] (src/lib/scanner.ts:462:15)

  console.log
    ЁЯФД ╨Ч╨░╨┐╤Г╤Б╨║ ╨┤╨╡╨║╨╛╨┤╨╕╤А╨╛╨▓╨░╨╜╨╕╤П ╤Б ╨╛╨│╤А╨░╨╜╨╕╤З╨╡╨╜╨╕╤П╨╝╨╕...

      at BarcodeScanner.log [as startScanning] (src/lib/scanner.ts:474:15)

  console.log
    ЁЯФД ╨Я╨╛╨┐╤Л╤В╨║╨░ ╨╖╨░╨┐╤Г╤Б╨║╨░ ╤Б optimal ╨╛╨│╤А╨░╨╜╨╕╤З╨╡╨╜╨╕╤П╨╝╨╕: {
      "video": {
        "deviceId": {
          "ideal": "camera1"
        },
        "width": {
          "ideal": 1920
        },
        "height": {
          "ideal": 1080
        },
        "frameRate": {
          "ideal": 30
        }
      }
    }

      at BarcodeScanner.log [as startScanning] (src/lib/scanner.ts:487:19)

  console.log
    ЁЯОе ╨Я╨╛╨╗╤Г╤З╨╡╨╜╨╕╨╡ ╨┐╨╛╤В╨╛╨║╨░ ╤З╨╡╤А╨╡╨╖ getUserMedia...

      at BarcodeScanner.log [as startScanning] (src/lib/scanner.ts:490:19)

  console.log
    тЬЕ ╨Я╨╛╤В╨╛╨║ ╨┐╨╛╨╗╤Г╤З╨╡╨╜: {
      active: undefined,
      id: undefined,
      tracks: [
        {
          kind: 'video',
          label: undefined,
          enabled: undefined,
          readyState: undefined,
          muted: undefined,
          settings: [Object]
        }
      ]
    }

      at BarcodeScanner.log [as startScanning] (src/lib/scanner.ts:492:19)

  console.log
    ЁЯОм ╨г╤Б╤В╨░╨╜╨╛╨▓╨║╨░ ╨┐╨╛╤В╨╛╨║╨░ ╨▓ ╨▓╨╕╨┤╨╡╨╛ ╤Н╨╗╨╡╨╝╨╡╨╜╤В...

      at BarcodeScanner.log [as startScanning] (src/lib/scanner.ts:515:19)

  console.log
    ЁЯУК ╨Ь╨╡╤В╨░╨┤╨░╨╜╨╜╤Л╨╡ ╨▓╨╕╨┤╨╡╨╛ ╨╖╨░╨│╤А╤Г╨╢╨╡╨╜╤Л: { videoWidth: 0, videoHeight: 0, duration: NaN }

      at HTMLVideoElement.log (src/lib/scanner.ts:538:23)

  console.log
    ЁЯТ╛ ╨б╨╛╤Е╤А╨░╨╜╤П╨╡╨╝ ╤Б╤Б╤Л╨╗╨║╤Г ╨╜╨░ ╨┐╨╛╤В╨╛╨║ ╨┐╨╡╤А╨╡╨┤ ZXing: { streamId: undefined, active: undefined }

      at BarcodeScanner.log [as startScanning] (src/lib/scanner.ts:558:19)

  console.log
    ЁЯУ║ ╨б╨╛╤Б╤В╨╛╤П╨╜╨╕╨╡ ╨▓╨╕╨┤╨╡╨╛ ╨┐╨╛╤Б╨╗╨╡ ╤Г╤Б╤В╨░╨╜╨╛╨▓╨║╨╕ ╨┐╨╛╤В╨╛╨║╨░: {
      readyState: 0,
      videoWidth: 0,
      videoHeight: 0,
      paused: true,
      srcObject: '╤Г╤Б╤В╨░╨╜╨╛╨▓╨╗╨╡╨╜'
    }

      at BarcodeScanner.log [as startScanning] (src/lib/scanner.ts:564:19)

  console.log
    тЦ╢я╕П ╨Ч╨░╨┐╤Г╤Б╨║ ╨▓╨╕╨┤╨╡╨╛...

      at BarcodeScanner.log [as startScanning] (src/lib/scanner.ts:574:21)

  console.log
    тЬЕ ╨Т╨╕╨┤╨╡╨╛ ╤Г╤Б╨┐╨╡╤И╨╜╨╛ ╨╖╨░╨┐╤Г╤Й╨╡╨╜╨╛

      at BarcodeScanner.log [as startScanning] (src/lib/scanner.ts:577:23)

  console.log
    ЁЯФД ╨Э╨░╤Б╤В╤А╨╛╨╣╨║╨░ ╨░╨▓╤В╨╛╨╝╨░╤В╨╕╤З╨╡╤Б╨║╨╛╨│╨╛ ╤Б╨║╨░╨╜╨╕╤А╨╛╨▓╨░╨╜╨╕╤П ╤З╨╡╤А╨╡╨╖ ╨╖╨░╤Е╨▓╨░╤В ╨║╨░╨┤╤А╨╛╨▓...

      at BarcodeScanner.log [as startScanning] (src/lib/scanner.ts:622:21)

  console.log
    ЁЯФД ╨Э╨░╤Б╤В╤А╨╛╨╣╨║╨░ ╨░╨▓╤В╨╛╨╝╨░╤В╨╕╤З╨╡╤Б╨║╨╛╨│╨╛ ╤Б╨║╨░╨╜╨╕╤А╨╛╨▓╨░╨╜╨╕╤П ╨║╨░╨╢╨┤╤Л╨╡ 500╨╝╤Б...

      at BarcodeScanner.log [as setupAutoScanning] (src/lib/scanner.ts:821:13)

  console.log
    тЬЕ ╨Р╨▓╤В╨╛╨╝╨░╤В╨╕╤З╨╡╤Б╨║╨╛╨╡ ╤Б╨║╨░╨╜╨╕╤А╨╛╨▓╨░╨╜╨╕╨╡ ╨╜╨░╤Б╤В╤А╨╛╨╡╨╜╨╛

      at BarcodeScanner.log [as setupAutoScanning] (src/lib/scanner.ts:848:13)

  console.log
    тЬЕ ╨б╨║╨░╨╜╨╕╤А╨╛╨▓╨░╨╜╨╕╨╡ ╨╖╨░╨┐╤Г╤Й╨╡╨╜╨╛ ╤Г╤Б╨┐╨╡╤И╨╜╨╛ ╤Б optimal ╨╛╨│╤А╨░╨╜╨╕╤З╨╡╨╜╨╕╤П╨╝╨╕

      at BarcodeScanner.log [as startScanning] (src/lib/scanner.ts:632:19)

  console.log
    ЁЯУ║ ╨д╨╕╨╜╨░╨╗╤М╨╜╨╛╨╡ ╤Б╨╛╤Б╤В╨╛╤П╨╜╨╕╨╡ ╨▓╨╕╨┤╨╡╨╛: {
      readyState: 4,
      videoWidth: 640,
      videoHeight: 480,
      paused: true,
      srcObject: '╤Г╤Б╤В╨░╨╜╨╛╨▓╨╗╨╡╨╜',
      streamActive: undefined
    }

      at BarcodeScanner.log [as startScanning] (src/lib/scanner.ts:635:19)

  console.log
    тЬЕ ╨Э╨╡╨┐╤А╨╡╤А╤Л╨▓╨╜╨╛╨╡ ╤Б╨║╨░╨╜╨╕╤А╨╛╨▓╨░╨╜╨╕╨╡ ╨╖╨░╨┐╤Г╤Й╨╡╨╜╨╛

      at BarcodeScanner.log [as startScanning] (src/lib/scanner.ts:683:15)

  console.log
    тЬЕ ╨б╨║╨░╨╜╨╕╤А╨╛╨▓╨░╨╜╨╕╨╡ ╨╖╨░╨┐╤Г╤Й╨╡╨╜╨╛ ╤Г╤Б╨┐╨╡╤И╨╜╨╛ - ZXing ╨┤╨╡╨║╨╛╨┤╨╡╤А ╤Г╨┐╤А╨░╨▓╨╗╤П╨╡╤В ╨▓╨╕╨┤╨╡╨╛ ╤Н╨╗╨╡╨╝╨╡╨╜╤В╨╛╨╝

      at log (src/components/Scanner.tsx:535:17)

  console.log
    ЁЯФН ╨Т╨╕╨╖╤Г╨░╨╗╤М╨╜╨░╤П ╨┤╨╡╤В╨╡╨║╤Ж╨╕╤П ╨▓╨║╨╗╤О╤З╨╡╨╜╨░

      at log (src/components/Scanner.tsx:539:17)

  console.log
    ЁЯФж ╨Я╨╛╨┤╨┤╨╡╤А╨╢╨║╨░ ╤Д╨╛╨╜╨░╤А╨╕╨║╨░: ╨Э╨╡╤В

      at log (src/components/Scanner.tsx:546:21)

  console.log
    ЁЯЫС ╨Ю╤Б╤В╨░╨╜╨╛╨▓╨║╨░ ╤Б╨║╨░╨╜╨╕╤А╨╛╨▓╨░╨╜╨╕╤П...

      at BarcodeScanner.log [as stopScanning] (src/lib/scanner.ts:853:15)

  console.log
    ЁЯЫС ╨Р╨▓╤В╨╛╤Б╨║╨░╨╜╨╕╤А╨╛╨▓╨░╨╜╨╕╨╡ ╨╛╤Б╤В╨░╨╜╨╛╨▓╨╗╨╡╨╜╨╛

      at BarcodeScanner.log [as stopScanning] (src/lib/scanner.ts:860:17)

  console.log
    ЁЯЫС ╨Ю╤Б╤В╨░╨╜╨╛╨▓╨╗╨╡╨╜ ╤В╤А╨╡╨║ ╨║╨░╨╝╨╡╤А╤Л: video

      at log (src/lib/scanner.ts:737:19)
          at Array.forEach (<anonymous>)

  console.log
    ЁЯз╣ ╨Т╨╕╨┤╨╡╨╛ ╤Н╨╗╨╡╨╝╨╡╨╜╤В ╨╛╤З╨╕╤Й╨╡╨╜

      at BarcodeScanner.log [as stopCurrentStream] (src/lib/scanner.ts:744:17)

  console.log
    тЬЕ ╨б╨║╨░╨╜╨╕╤А╨╛╨▓╨░╨╜╨╕╨╡ ╨╛╤Б╤В╨░╨╜╨╛╨▓╨╗╨╡╨╜╨╛

      at BarcodeScanner.log [as stopScanning] (src/lib/scanner.ts:866:15)

  console.log
    ЁЯОе ╨Ч╨░╨┐╤Г╤Б╨║ ╤Б╨║╨░╨╜╨╕╤А╨╛╨▓╨░╨╜╨╕╤П...

      at log (src/components/Scanner.tsx:479:15)

  console.log
    ЁЯУ▒ ╨Ш╨╜╤Д╨╛╤А╨╝╨░╤Ж╨╕╤П ╨╛ ╨▓╨╕╨┤╨╡╨╛ ╤Н╨╗╨╡╨╝╨╡╨╜╤В╨╡: {
      element: <ref *1> HTMLVideoElement {
        '__reactFiber$rjg183felv': FiberNode {
          tag: 5,
          key: null,
          elementType: 'video',
          type: 'video',
          stateNode: [Circular *1],
          return: [FiberNode],
          child: null,
          sibling: [FiberNode],
          index: 1,
          ref: [Object],
          refCleanup: null,
          pendingProps: [Object],
          memoizedProps: [Object],
          updateQueue: null,
          memoizedState: null,
          dependencies: null,
          mode: 1,
          flags: 5243392,
          subtreeFlags: 0,
          deletions: null,
          lanes: 0,
          childLanes: 0,
          alternate: null,
          actualDuration: -0,
          actualStartTime: 8205.428100000001,
          selfBaseDuration: -0,
          treeBaseDuration: -0,
          _debugInfo: null,
          _debugOwner: [FiberNode],
          _debugStack: Error: react-stack-top-frame
              at process.env.NODE_ENV.exports.jsx (D:\Dev\ExoScan\exoscan-web\node_modules\react\cjs\react-jsx-runtime.development.js:337:13)
              at ScannerContent (D:\Dev\ExoScan\exoscan-web\src\components\Scanner.tsx:784:9)
              at Object.react-stack-bottom-frame (D:\Dev\ExoScan\exoscan-web\node_modules\react-dom\cjs\react-dom-client.development.js:23863:20)
              at renderWithHooks (D:\Dev\ExoScan\exoscan-web\node_modules\react-dom\cjs\react-dom-client.development.js:5529:22)
              at updateFunctionComponent (D:\Dev\ExoScan\exoscan-web\node_modules\react-dom\cjs\react-dom-client.development.js:8897:19)
              at beginWork (D:\Dev\ExoScan\exoscan-web\node_modules\react-dom\cjs\react-dom-client.development.js:10522:18)
              at runWithFiberInDEV (D:\Dev\ExoScan\exoscan-web\node_modules\react-dom\cjs\react-dom-client.development.js:1522:13)
              at performUnitOfWork (D:\Dev\ExoScan\exoscan-web\node_modules\react-dom\cjs\react-dom-client.development.js:15140:22)
              at workLoopSync (D:\Dev\ExoScan\exoscan-web\node_modules\react-dom\cjs\react-dom-client.development.js:14956:41)
              at renderRootSync (D:\Dev\ExoScan\exoscan-web\node_modules\react-dom\cjs\react-dom-client.development.js:14936:11)
              at performWorkOnRoot (D:\Dev\ExoScan\exoscan-web\node_modules\react-dom\cjs\react-dom-client.development.js:14419:13)
              at performSyncWorkOnRoot (D:\Dev\ExoScan\exoscan-web\node_modules\react-dom\cjs\react-dom-client.development.js:16231:7)
              at flushSyncWorkAcrossRoots_impl (D:\Dev\ExoScan\exoscan-web\node_modules\react-dom\cjs\react-dom-client.development.js:16079:21)
              at processRootScheduleInMicrotask (D:\Dev\ExoScan\exoscan-web\node_modules\react-dom\cjs\react-dom-client.development.js:16116:7)
              at D:\Dev\ExoScan\exoscan-web\node_modules\react-dom\cjs\react-dom-client.development.js:16241:11
              at flushActQueue (D:\Dev\ExoScan\exoscan-web\node_modules\react\cjs\react.development.js:566:34)
              at process.env.NODE_ENV.exports.act (D:\Dev\ExoScan\exoscan-web\node_modules\react\cjs\react.development.js:859:10)
              at D:\Dev\ExoScan\exoscan-web\node_modules\@testing-library\react\dist\act-compat.js:47:25
              at Object.eventWrapper (D:\Dev\ExoScan\exoscan-web\node_modules\@testing-library\react\dist\pure.js:107:28)
              at Object.wrapEvent (D:\Dev\ExoScan\exoscan-web\node_modules\@testing-library\user-event\dist\cjs\event\wrapEvent.js:6:28)
              at Object.dispatchEvent (D:\Dev\ExoScan\exoscan-web\node_modules\@testing-library\user-event\dist\cjs\event\dispatchEvent.js:45:22)
              at Object.dispatchUIEvent (D:\Dev\ExoScan\exoscan-web\node_modules\@testing-library\user-event\dist\cjs\event\dispatchEvent.js:22:26)
              at Mouse.up (D:\Dev\ExoScan\exoscan-web\node_modules\@testing-library\user-event\dist\cjs\system\pointer\mouse.js:100:30)
              at PointerHost.release (D:\Dev\ExoScan\exoscan-web\node_modules\@testing-library\user-event\dist\cjs\system\pointer\index.js:87:24)
              at pointerAction (D:\Dev\ExoScan\exoscan-web\node_modules\@testing-library\user-event\dist\cjs\pointer\index.js:54:47)
              at Object.pointer (D:\Dev\ExoScan\exoscan-web\node_modules\@testing-library\user-event\dist\cjs\pointer\index.js:27:9)
              at Object.asyncWrapper (D:\Dev\ExoScan\exoscan-web\node_modules\@testing-library\react\dist\pure.js:88:22)
              at Object.<anonymous> (D:\Dev\ExoScan\exoscan-web\src\components\__tests__\Scanner.integration.test.tsx:391:9),
          _debugTask: null,
          _debugNeedsRemount: false,
          _debugHookTypes: null
        },
        '__reactProps$rjg183felv': {
          ref: [Object],
          className: 'w-full object-cover transition-transform duration-200 h-80 md:h-96 lg:h-[500px]',
          autoPlay: true,
          playsInline: true,
          muted: true,
          controls: false,
          'webkit-playsinline': 'true',
          onLoadedData: [AsyncFunction: onLoadedData],
          onCanPlay: [AsyncFunction: onCanPlay],
          onClick: [AsyncFunction: onClick],
          onTouchStart: [AsyncFunction: onTouchStart],
          style: [Object]
        },
        '__reactEvents$rjg183felv': Set(24) {
          'abort__bubble',
          'canplay__bubble',
          'canplaythrough__bubble',
          'durationchange__bubble',
          'emptied__bubble',
          'encrypted__bubble',
          'ended__bubble',
          'error__bubble',
          'loadeddata__bubble',
          'loadedmetadata__bubble',
          'loadstart__bubble',
          'pause__bubble',
          'play__bubble',
          'playing__bubble',
          'progress__bubble',
          'ratechange__bubble',
          'resize__bubble',
          'seeked__bubble',
          'seeking__bubble',
          'stalled__bubble',
          'suspend__bubble',
          'timeupdate__bubble',
          'volumechange__bubble',
          'waiting__bubble'
        },
        [Symbol(SameObject caches)]: [Object: null prototype] {
          style: [CSSStyleDeclaration],
          attributes: NamedNodeMap {}
        }
      },
      tagName: 'VIDEO',
      id: '',
      className: 'w-full object-cover transition-transform duration-200 h-80 md:h-96 lg:h-[500px]',
      style: 'transform: scale(1); transform-origin: center center; background-color: rgb(0, 0, 0); min-height: 20rem;',
      attributes: [
        {
          name: 'class',
          value: 'w-full object-cover transition-transform duration-200 h-80 md:h-96 lg:h-[500px]'
        },
        { name: 'autoplay', value: '' },
        { name: 'playsinline', value: '' },
        { name: 'webkit-playsinline', value: 'true' },
        {
          name: 'style',
          value: 'transform: scale(1); transform-origin: center center; background-color: rgb(0, 0, 0); min-height: 20rem;'
        }
      ]
    }

      at log (src/components/Scanner.tsx:480:15)

  console.log
    тЬЕ ╨Я╨╛╨┤╨┤╨╡╤А╨╢╨║╨░ ╨║╨░╨╝╨╡╤А╤Л: OK

      at log (src/components/Scanner.tsx:502:15)

  console.log
    тЬЕ ╨С╨╡╨╖╨╛╨┐╨░╤Б╨╜╤Л╨╣ ╨║╨╛╨╜╤В╨╡╨║╤Б╤В: OK

      at log (src/components/Scanner.tsx:512:15)

  console.log
    ЁЯФД ╨Я╨╛╨╗╤Г╤З╨╡╨╜╨╕╨╡ ╨┤╨╛╤Б╤В╤Г╨┐╨░ ╨║ ╨║╨░╨╝╨╡╤А╨╡...

      at log (src/components/Scanner.tsx:522:17)

  console.log
    ЁЯЪА ╨Э╨░╤З╨╕╨╜╨░╨╡╨╝ ╨┐╤А╨╛╤Ж╨╡╤Б╤Б ╤Б╨║╨░╨╜╨╕╤А╨╛╨▓╨░╨╜╨╕╤П...

      at log (src/components/Scanner.tsx:523:17)

  console.log
    ЁЯУ▒ BarcodeScanner: ╨Э╨░╤З╨╕╨╜╨░╨╡╨╝ ╨┐╤А╨╛╤Ж╨╡╤Б╤Б ╤Б╨║╨░╨╜╨╕╤А╨╛╨▓╨░╨╜╨╕╤П

      at BarcodeScanner.log [as startScanning] (src/lib/scanner.ts:336:15)

  console.log
    ЁЯФН ╨Ш╨╜╤Д╨╛╤А╨╝╨░╤Ж╨╕╤П ╨╛ ╨▒╤А╨░╤Г╨╖╨╡╤А╨╡: {
      userAgent: 'Mozilla/5.0 (win32) AppleWebKit/537.36 (KHTML, like Gecko) jsdom/26.1.0',
      platform: '',
      language: 'en-US',
      cookieEnabled: true,
      onLine: true
    }

      at BarcodeScanner.log [as startScanning] (src/lib/scanner.ts:337:15)

  console.log
    ЁЯФР ╨Я╤А╨╛╨▓╨╡╤А╨║╨░ ╤А╨░╨╖╤А╨╡╤И╨╡╨╜╨╕╨╣ ╨║╨░╨╝╨╡╤А╤Л...

      at BarcodeScanner.log [as startScanning] (src/lib/scanner.ts:346:15)

  console.log
    ЁЯФР ╨б╤В╨░╤В╤Г╤Б ╤А╨░╨╖╤А╨╡╤И╨╡╨╜╨╕╨╣: { granted: true, denied: false, prompt: false }

      at BarcodeScanner.log [as startScanning] (src/lib/scanner.ts:348:15)

  console.log
    тЬЕ MediaDevices API: OK

      at BarcodeScanner.log [as startScanning] (src/lib/scanner.ts:383:15)

  console.log
    тЬЕ getUserMedia: OK

      at BarcodeScanner.log [as startScanning] (src/lib/scanner.ts:401:15)

  console.log
    ЁЯУ╣ ╨Я╨╛╨╕╤Б╨║ ╨┤╨╛╤Б╤В╤Г╨┐╨╜╤Л╤Е ╨║╨░╨╝╨╡╤А...

      at BarcodeScanner.log [as startScanning] (src/lib/scanner.ts:404:15)

  console.log
    ЁЯУ╣ ╨Э╨░╨╣╨┤╨╡╨╜╨╛ ╨║╨░╨╝╨╡╤А: 2 [
      { id: 'camera1', label: 'Back Camera', kind: 'videoinput' },
      { id: 'camera2', label: 'Front Camera', kind: 'videoinput' }
    ]

      at BarcodeScanner.log [as startScanning] (src/lib/scanner.ts:406:15)

  console.log
    ЁЯУ╖ ╨Т╤Л╨▒╤А╨░╨╜╨╜╨░╤П ╨║╨░╨╝╨╡╤А╨░: { label: 'Back Camera', id: 'camera1', source: 'back-camera' }

      at BarcodeScanner.log [as startScanning] (src/lib/scanner.ts:440:15)

  console.log
    ЁЯУ▒ ╨Ь╨╛╨▒╨╕╨╗╤М╨╜╨╛╨╡ ╤Г╤Б╤В╤А╨╛╨╣╤Б╤В╨▓╨╛: false

      at BarcodeScanner.log [as startScanning] (src/lib/scanner.ts:448:15)

  console.log
    ЁЯУ▒ ╨г╤Б╤В╤А╨╛╨╣╤Б╤В╨▓╨╛: ╨Ф╤А╤Г╨│╨╛╨╡, ╨С╤А╨░╤Г╨╖╨╡╤А: ╨Ф╤А╤Г╨│╨╛╨╣

      at BarcodeScanner.log [as getOptimalCameraConstraints] (src/lib/scanner.ts:135:13)

  console.log
    ЁЯОе ╨Э╨░╤Б╤В╤А╨╛╨╣╨║╨╕ ╨║╨░╨╝╨╡╤А╤Л: {
      video: {
        deviceId: { ideal: 'camera1' },
        facingMode: undefined,
        width: { ideal: 1920 },
        height: { ideal: 1080 },
        frameRate: { ideal: 30 }
      }
    }

      at BarcodeScanner.log [as startScanning] (src/lib/scanner.ts:452:15)

  console.log
    ЁЯФН ╨Ч╨░╨┐╤Г╤Б╨║ ╨╜╨╡╨┐╤А╨╡╤А╤Л╨▓╨╜╨╛╨│╨╛ ╨┤╨╡╨║╨╛╨┤╨╕╤А╨╛╨▓╨░╨╜╨╕╤П ╤И╤В╤А╨╕╤Е-╨║╨╛╨┤╨╛╨▓...

      at BarcodeScanner.log [as startScanning] (src/lib/scanner.ts:455:15)

  console.log
    ЁЯз╣ ╨Ю╤З╨╕╤Б╤В╨║╨░ ╤Б╤Г╤Й╨╡╤Б╤В╨▓╤Г╤О╤Й╨╡╨│╨╛ ╨┐╨╛╤В╨╛╨║╨░...

      at BarcodeScanner.log [as startScanning] (src/lib/scanner.ts:458:15)

  console.log
    ЁЯУ║ ╨б╨╛╤Б╤В╨╛╤П╨╜╨╕╨╡ ╨▓╨╕╨┤╨╡╨╛ ╤Н╨╗╨╡╨╝╨╡╨╜╤В╨░: {
      readyState: 0,
      videoWidth: 0,
      videoHeight: 0,
      paused: true,
      ended: false,
      muted: true,
      autoplay: true,
      playsInline: true
    }

      at BarcodeScanner.log [as startScanning] (src/lib/scanner.ts:462:15)

  console.log
    ЁЯФД ╨Ч╨░╨┐╤Г╤Б╨║ ╨┤╨╡╨║╨╛╨┤╨╕╤А╨╛╨▓╨░╨╜╨╕╤П ╤Б ╨╛╨│╤А╨░╨╜╨╕╤З╨╡╨╜╨╕╤П╨╝╨╕...

      at BarcodeScanner.log [as startScanning] (src/lib/scanner.ts:474:15)

  console.log
    ЁЯФД ╨Я╨╛╨┐╤Л╤В╨║╨░ ╨╖╨░╨┐╤Г╤Б╨║╨░ ╤Б optimal ╨╛╨│╤А╨░╨╜╨╕╤З╨╡╨╜╨╕╤П╨╝╨╕: {
      "video": {
        "deviceId": {
          "ideal": "camera1"
        },
        "width": {
          "ideal": 1920
        },
        "height": {
          "ideal": 1080
        },
        "frameRate": {
          "ideal": 30
        }
      }
    }

      at BarcodeScanner.log [as startScanning] (src/lib/scanner.ts:487:19)

  console.log
    ЁЯОе ╨Я╨╛╨╗╤Г╤З╨╡╨╜╨╕╨╡ ╨┐╨╛╤В╨╛╨║╨░ ╤З╨╡╤А╨╡╨╖ getUserMedia...

      at BarcodeScanner.log [as startScanning] (src/lib/scanner.ts:490:19)

  console.log
    тЬЕ ╨Я╨╛╤В╨╛╨║ ╨┐╨╛╨╗╤Г╤З╨╡╨╜: {
      active: undefined,
      id: undefined,
      tracks: [
        {
          kind: 'video',
          label: undefined,
          enabled: undefined,
          readyState: undefined,
          muted: undefined,
          settings: [Object]
        }
      ]
    }

      at BarcodeScanner.log [as startScanning] (src/lib/scanner.ts:492:19)

  console.log
    ЁЯОм ╨г╤Б╤В╨░╨╜╨╛╨▓╨║╨░ ╨┐╨╛╤В╨╛╨║╨░ ╨▓ ╨▓╨╕╨┤╨╡╨╛ ╤Н╨╗╨╡╨╝╨╡╨╜╤В...

      at BarcodeScanner.log [as startScanning] (src/lib/scanner.ts:515:19)

  console.log
    ЁЯУК ╨Ь╨╡╤В╨░╨┤╨░╨╜╨╜╤Л╨╡ ╨▓╨╕╨┤╨╡╨╛ ╨╖╨░╨│╤А╤Г╨╢╨╡╨╜╤Л: { videoWidth: 0, videoHeight: 0, duration: NaN }

      at HTMLVideoElement.log (src/lib/scanner.ts:538:23)

  console.log
    ЁЯТ╛ ╨б╨╛╤Е╤А╨░╨╜╤П╨╡╨╝ ╤Б╤Б╤Л╨╗╨║╤Г ╨╜╨░ ╨┐╨╛╤В╨╛╨║ ╨┐╨╡╤А╨╡╨┤ ZXing: { streamId: undefined, active: undefined }

      at BarcodeScanner.log [as startScanning] (src/lib/scanner.ts:558:19)

  console.log
    ЁЯУ║ ╨б╨╛╤Б╤В╨╛╤П╨╜╨╕╨╡ ╨▓╨╕╨┤╨╡╨╛ ╨┐╨╛╤Б╨╗╨╡ ╤Г╤Б╤В╨░╨╜╨╛╨▓╨║╨╕ ╨┐╨╛╤В╨╛╨║╨░: {
      readyState: 0,
      videoWidth: 0,
      videoHeight: 0,
      paused: true,
      srcObject: '╤Г╤Б╤В╨░╨╜╨╛╨▓╨╗╨╡╨╜'
    }

      at BarcodeScanner.log [as startScanning] (src/lib/scanner.ts:564:19)

  console.log
    тЦ╢я╕П ╨Ч╨░╨┐╤Г╤Б╨║ ╨▓╨╕╨┤╨╡╨╛...

      at BarcodeScanner.log [as startScanning] (src/lib/scanner.ts:574:21)

  console.log
    тЬЕ ╨Т╨╕╨┤╨╡╨╛ ╤Г╤Б╨┐╨╡╤И╨╜╨╛ ╨╖╨░╨┐╤Г╤Й╨╡╨╜╨╛

      at BarcodeScanner.log [as startScanning] (src/lib/scanner.ts:577:23)

  console.log
    ЁЯФД ╨Э╨░╤Б╤В╤А╨╛╨╣╨║╨░ ╨░╨▓╤В╨╛╨╝╨░╤В╨╕╤З╨╡╤Б╨║╨╛╨│╨╛ ╤Б╨║╨░╨╜╨╕╤А╨╛╨▓╨░╨╜╨╕╤П ╤З╨╡╤А╨╡╨╖ ╨╖╨░╤Е╨▓╨░╤В ╨║╨░╨┤╤А╨╛╨▓...

      at BarcodeScanner.log [as startScanning] (src/lib/scanner.ts:622:21)

  console.log
    ЁЯФД ╨Э╨░╤Б╤В╤А╨╛╨╣╨║╨░ ╨░╨▓╤В╨╛╨╝╨░╤В╨╕╤З╨╡╤Б╨║╨╛╨│╨╛ ╤Б╨║╨░╨╜╨╕╤А╨╛╨▓╨░╨╜╨╕╤П ╨║╨░╨╢╨┤╤Л╨╡ 500╨╝╤Б...

      at BarcodeScanner.log [as setupAutoScanning] (src/lib/scanner.ts:821:13)

  console.log
    тЬЕ ╨Р╨▓╤В╨╛╨╝╨░╤В╨╕╤З╨╡╤Б╨║╨╛╨╡ ╤Б╨║╨░╨╜╨╕╤А╨╛╨▓╨░╨╜╨╕╨╡ ╨╜╨░╤Б╤В╤А╨╛╨╡╨╜╨╛

      at BarcodeScanner.log [as setupAutoScanning] (src/lib/scanner.ts:848:13)

  console.log
    тЬЕ ╨б╨║╨░╨╜╨╕╤А╨╛╨▓╨░╨╜╨╕╨╡ ╨╖╨░╨┐╤Г╤Й╨╡╨╜╨╛ ╤Г╤Б╨┐╨╡╤И╨╜╨╛ ╤Б optimal ╨╛╨│╤А╨░╨╜╨╕╤З╨╡╨╜╨╕╤П╨╝╨╕

      at BarcodeScanner.log [as startScanning] (src/lib/scanner.ts:632:19)

  console.log
    ЁЯУ║ ╨д╨╕╨╜╨░╨╗╤М╨╜╨╛╨╡ ╤Б╨╛╤Б╤В╨╛╤П╨╜╨╕╨╡ ╨▓╨╕╨┤╨╡╨╛: {
      readyState: 4,
      videoWidth: 640,
      videoHeight: 480,
      paused: true,
      srcObject: '╤Г╤Б╤В╨░╨╜╨╛╨▓╨╗╨╡╨╜',
      streamActive: undefined
    }

      at BarcodeScanner.log [as startScanning] (src/lib/scanner.ts:635:19)

  console.log
    тЬЕ ╨Э╨╡╨┐╤А╨╡╤А╤Л╨▓╨╜╨╛╨╡ ╤Б╨║╨░╨╜╨╕╤А╨╛╨▓╨░╨╜╨╕╨╡ ╨╖╨░╨┐╤Г╤Й╨╡╨╜╨╛

      at BarcodeScanner.log [as startScanning] (src/lib/scanner.ts:683:15)

  console.log
    тЬЕ ╨б╨║╨░╨╜╨╕╤А╨╛╨▓╨░╨╜╨╕╨╡ ╨╖╨░╨┐╤Г╤Й╨╡╨╜╨╛ ╤Г╤Б╨┐╨╡╤И╨╜╨╛ - ZXing ╨┤╨╡╨║╨╛╨┤╨╡╤А ╤Г╨┐╤А╨░╨▓╨╗╤П╨╡╤В ╨▓╨╕╨┤╨╡╨╛ ╤Н╨╗╨╡╨╝╨╡╨╜╤В╨╛╨╝

      at log (src/components/Scanner.tsx:535:17)

  console.log
    ЁЯФН ╨Т╨╕╨╖╤Г╨░╨╗╤М╨╜╨░╤П ╨┤╨╡╤В╨╡╨║╤Ж╨╕╤П ╨▓╨║╨╗╤О╤З╨╡╨╜╨░

      at log (src/components/Scanner.tsx:539:17)

  console.log
    ЁЯФж ╨Я╨╛╨┤╨┤╨╡╤А╨╢╨║╨░ ╤Д╨╛╨╜╨░╤А╨╕╨║╨░: ╨Э╨╡╤В

      at log (src/components/Scanner.tsx:546:21)

  console.log
    ЁЯЫС ╨Ю╤Б╤В╨░╨╜╨╛╨▓╨║╨░ ╤Б╨║╨░╨╜╨╕╤А╨╛╨▓╨░╨╜╨╕╤П...

      at BarcodeScanner.log [as stopScanning] (src/lib/scanner.ts:853:15)

  console.log
    ЁЯЫС ╨Р╨▓╤В╨╛╤Б╨║╨░╨╜╨╕╤А╨╛╨▓╨░╨╜╨╕╨╡ ╨╛╤Б╤В╨░╨╜╨╛╨▓╨╗╨╡╨╜╨╛

      at BarcodeScanner.log [as stopScanning] (src/lib/scanner.ts:860:17)

  console.log
    ЁЯЫС ╨Ю╤Б╤В╨░╨╜╨╛╨▓╨╗╨╡╨╜ ╤В╤А╨╡╨║ ╨║╨░╨╝╨╡╤А╤Л: video

      at log (src/lib/scanner.ts:737:19)
          at Array.forEach (<anonymous>)

  console.log
    ЁЯз╣ ╨Т╨╕╨┤╨╡╨╛ ╤Н╨╗╨╡╨╝╨╡╨╜╤В ╨╛╤З╨╕╤Й╨╡╨╜

      at BarcodeScanner.log [as stopCurrentStream] (src/lib/scanner.ts:744:17)

  console.log
    тЬЕ ╨б╨║╨░╨╜╨╕╤А╨╛╨▓╨░╨╜╨╕╨╡ ╨╛╤Б╤В╨░╨╜╨╛╨▓╨╗╨╡╨╜╨╛

      at BarcodeScanner.log [as stopScanning] (src/lib/scanner.ts:866:15)

  console.log
    ЁЯОе ╨Ч╨░╨┐╤Г╤Б╨║ ╤Б╨║╨░╨╜╨╕╤А╨╛╨▓╨░╨╜╨╕╤П...

      at log (src/components/Scanner.tsx:479:15)

  console.log
    ЁЯУ▒ ╨Ш╨╜╤Д╨╛╤А╨╝╨░╤Ж╨╕╤П ╨╛ ╨▓╨╕╨┤╨╡╨╛ ╤Н╨╗╨╡╨╝╨╡╨╜╤В╨╡: {
      element: <ref *1> HTMLVideoElement {
        '__reactFiber$rjg183felv': FiberNode {
          tag: 5,
          key: null,
          elementType: 'video',
          type: 'video',
          stateNode: [Circular *1],
          return: [FiberNode],
          child: null,
          sibling: [FiberNode],
          index: 1,
          ref: [Object],
          refCleanup: null,
          pendingProps: [Object],
          memoizedProps: [Object],
          updateQueue: null,
          memoizedState: null,
          dependencies: null,
          mode: 1,
          flags: 5243392,
          subtreeFlags: 0,
          deletions: null,
          lanes: 0,
          childLanes: 0,
          alternate: null,
          actualDuration: -0,
          actualStartTime: 8494.7183,
          selfBaseDuration: -0,
          treeBaseDuration: -0,
          _debugInfo: null,
          _debugOwner: [FiberNode],
          _debugStack: Error: react-stack-top-frame
              at process.env.NODE_ENV.exports.jsx (D:\Dev\ExoScan\exoscan-web\node_modules\react\cjs\react-jsx-runtime.development.js:337:13)
              at ScannerContent (D:\Dev\ExoScan\exoscan-web\src\components\Scanner.tsx:784:9)
              at Object.react-stack-bottom-frame (D:\Dev\ExoScan\exoscan-web\node_modules\react-dom\cjs\react-dom-client.development.js:23863:20)
              at renderWithHooks (D:\Dev\ExoScan\exoscan-web\node_modules\react-dom\cjs\react-dom-client.development.js:5529:22)
              at updateFunctionComponent (D:\Dev\ExoScan\exoscan-web\node_modules\react-dom\cjs\react-dom-client.development.js:8897:19)
              at beginWork (D:\Dev\ExoScan\exoscan-web\node_modules\react-dom\cjs\react-dom-client.development.js:10522:18)
              at runWithFiberInDEV (D:\Dev\ExoScan\exoscan-web\node_modules\react-dom\cjs\react-dom-client.development.js:1522:13)
              at performUnitOfWork (D:\Dev\ExoScan\exoscan-web\node_modules\react-dom\cjs\react-dom-client.development.js:15140:22)
              at workLoopSync (D:\Dev\ExoScan\exoscan-web\node_modules\react-dom\cjs\react-dom-client.development.js:14956:41)
              at renderRootSync (D:\Dev\ExoScan\exoscan-web\node_modules\react-dom\cjs\react-dom-client.development.js:14936:11)
              at performWorkOnRoot (D:\Dev\ExoScan\exoscan-web\node_modules\react-dom\cjs\react-dom-client.development.js:14419:13)
              at performSyncWorkOnRoot (D:\Dev\ExoScan\exoscan-web\node_modules\react-dom\cjs\react-dom-client.development.js:16231:7)
              at flushSyncWorkAcrossRoots_impl (D:\Dev\ExoScan\exoscan-web\node_modules\react-dom\cjs\react-dom-client.development.js:16079:21)
              at processRootScheduleInMicrotask (D:\Dev\ExoScan\exoscan-web\node_modules\react-dom\cjs\react-dom-client.development.js:16116:7)
              at D:\Dev\ExoScan\exoscan-web\node_modules\react-dom\cjs\react-dom-client.development.js:16241:11
              at flushActQueue (D:\Dev\ExoScan\exoscan-web\node_modules\react\cjs\react.development.js:566:34)
              at process.env.NODE_ENV.exports.act (D:\Dev\ExoScan\exoscan-web\node_modules\react\cjs\react.development.js:859:10)
              at D:\Dev\ExoScan\exoscan-web\node_modules\@testing-library\react\dist\act-compat.js:47:25
              at Object.eventWrapper (D:\Dev\ExoScan\exoscan-web\node_modules\@testing-library\react\dist\pure.js:107:28)
              at Object.wrapEvent (D:\Dev\ExoScan\exoscan-web\node_modules\@testing-library\user-event\dist\cjs\event\wrapEvent.js:6:28)
              at Object.dispatchEvent (D:\Dev\ExoScan\exoscan-web\node_modules\@testing-library\user-event\dist\cjs\event\dispatchEvent.js:45:22)
              at Object.dispatchUIEvent (D:\Dev\ExoScan\exoscan-web\node_modules\@testing-library\user-event\dist\cjs\event\dispatchEvent.js:22:26)
              at Mouse.up (D:\Dev\ExoScan\exoscan-web\node_modules\@testing-library\user-event\dist\cjs\system\pointer\mouse.js:100:30)
              at PointerHost.release (D:\Dev\ExoScan\exoscan-web\node_modules\@testing-library\user-event\dist\cjs\system\pointer\index.js:87:24)
              at pointerAction (D:\Dev\ExoScan\exoscan-web\node_modules\@testing-library\user-event\dist\cjs\pointer\index.js:54:47)
              at Object.pointer (D:\Dev\ExoScan\exoscan-web\node_modules\@testing-library\user-event\dist\cjs\pointer\index.js:27:9)
              at Object.asyncWrapper (D:\Dev\ExoScan\exoscan-web\node_modules\@testing-library\react\dist\pure.js:88:22)
              at Object.<anonymous> (D:\Dev\ExoScan\exoscan-web\src\components\__tests__\Scanner.integration.test.tsx:391:9),
          _debugTask: null,
          _debugNeedsRemount: false,
          _debugHookTypes: null
        },
        '__reactProps$rjg183felv': {
          ref: [Object],
          className: 'w-full object-cover transition-transform duration-200 h-80 md:h-96 lg:h-[500px]',
          autoPlay: true,
          playsInline: true,
          muted: true,
          controls: false,
          'webkit-playsinline': 'true',
          onLoadedData: [AsyncFunction: onLoadedData],
          onCanPlay: [AsyncFunction: onCanPlay],
          onClick: [AsyncFunction: onClick],
          onTouchStart: [AsyncFunction: onTouchStart],
          style: [Object]
        },
        '__reactEvents$rjg183felv': Set(24) {
          'abort__bubble',
          'canplay__bubble',
          'canplaythrough__bubble',
          'durationchange__bubble',
          'emptied__bubble',
          'encrypted__bubble',
          'ended__bubble',
          'error__bubble',
          'loadeddata__bubble',
          'loadedmetadata__bubble',
          'loadstart__bubble',
          'pause__bubble',
          'play__bubble',
          'playing__bubble',
          'progress__bubble',
          'ratechange__bubble',
          'resize__bubble',
          'seeked__bubble',
          'seeking__bubble',
          'stalled__bubble',
          'suspend__bubble',
          'timeupdate__bubble',
          'volumechange__bubble',
          'waiting__bubble'
        },
        [Symbol(SameObject caches)]: [Object: null prototype] {
          style: [CSSStyleDeclaration],
          attributes: NamedNodeMap {}
        }
      },
      tagName: 'VIDEO',
      id: '',
      className: 'w-full object-cover transition-transform duration-200 h-80 md:h-96 lg:h-[500px]',
      style: 'transform: scale(1); transform-origin: center center; background-color: rgb(0, 0, 0); min-height: 20rem;',
      attributes: [
        {
          name: 'class',
          value: 'w-full object-cover transition-transform duration-200 h-80 md:h-96 lg:h-[500px]'
        },
        { name: 'autoplay', value: '' },
        { name: 'playsinline', value: '' },
        { name: 'webkit-playsinline', value: 'true' },
        {
          name: 'style',
          value: 'transform: scale(1); transform-origin: center center; background-color: rgb(0, 0, 0); min-height: 20rem;'
        }
      ]
    }

      at log (src/components/Scanner.tsx:480:15)

  console.log
    тЬЕ ╨Я╨╛╨┤╨┤╨╡╤А╨╢╨║╨░ ╨║╨░╨╝╨╡╤А╤Л: OK

      at log (src/components/Scanner.tsx:502:15)

  console.log
    тЬЕ ╨С╨╡╨╖╨╛╨┐╨░╤Б╨╜╤Л╨╣ ╨║╨╛╨╜╤В╨╡╨║╤Б╤В: OK

      at log (src/components/Scanner.tsx:512:15)

  console.log
    ЁЯФД ╨Я╨╛╨╗╤Г╤З╨╡╨╜╨╕╨╡ ╨┤╨╛╤Б╤В╤Г╨┐╨░ ╨║ ╨║╨░╨╝╨╡╤А╨╡...

      at log (src/components/Scanner.tsx:522:17)

  console.log
    ЁЯЪА ╨Э╨░╤З╨╕╨╜╨░╨╡╨╝ ╨┐╤А╨╛╤Ж╨╡╤Б╤Б ╤Б╨║╨░╨╜╨╕╤А╨╛╨▓╨░╨╜╨╕╤П...

      at log (src/components/Scanner.tsx:523:17)

  console.log
    ЁЯУ▒ BarcodeScanner: ╨Э╨░╤З╨╕╨╜╨░╨╡╨╝ ╨┐╤А╨╛╤Ж╨╡╤Б╤Б ╤Б╨║╨░╨╜╨╕╤А╨╛╨▓╨░╨╜╨╕╤П

      at BarcodeScanner.log [as startScanning] (src/lib/scanner.ts:336:15)

  console.log
    ЁЯФН ╨Ш╨╜╤Д╨╛╤А╨╝╨░╤Ж╨╕╤П ╨╛ ╨▒╤А╨░╤Г╨╖╨╡╤А╨╡: {
      userAgent: 'Mozilla/5.0 (win32) AppleWebKit/537.36 (KHTML, like Gecko) jsdom/26.1.0',
      platform: '',
      language: 'en-US',
      cookieEnabled: true,
      onLine: true
    }

      at BarcodeScanner.log [as startScanning] (src/lib/scanner.ts:337:15)

  console.log
    ЁЯФР ╨Я╤А╨╛╨▓╨╡╤А╨║╨░ ╤А╨░╨╖╤А╨╡╤И╨╡╨╜╨╕╨╣ ╨║╨░╨╝╨╡╤А╤Л...

      at BarcodeScanner.log [as startScanning] (src/lib/scanner.ts:346:15)

  console.log
    ЁЯФР ╨б╤В╨░╤В╤Г╤Б ╤А╨░╨╖╤А╨╡╤И╨╡╨╜╨╕╨╣: { granted: true, denied: false, prompt: false }

      at BarcodeScanner.log [as startScanning] (src/lib/scanner.ts:348:15)

  console.log
    тЬЕ MediaDevices API: OK

      at BarcodeScanner.log [as startScanning] (src/lib/scanner.ts:383:15)

  console.log
    тЬЕ getUserMedia: OK

      at BarcodeScanner.log [as startScanning] (src/lib/scanner.ts:401:15)

  console.log
    ЁЯУ╣ ╨Я╨╛╨╕╤Б╨║ ╨┤╨╛╤Б╤В╤Г╨┐╨╜╤Л╤Е ╨║╨░╨╝╨╡╤А...

      at BarcodeScanner.log [as startScanning] (src/lib/scanner.ts:404:15)

  console.log
    ЁЯУ╣ ╨Э╨░╨╣╨┤╨╡╨╜╨╛ ╨║╨░╨╝╨╡╤А: 2 [
      { id: 'camera1', label: 'Back Camera', kind: 'videoinput' },
      { id: 'camera2', label: 'Front Camera', kind: 'videoinput' }
    ]

      at BarcodeScanner.log [as startScanning] (src/lib/scanner.ts:406:15)

  console.log
    ЁЯУ╖ ╨Т╤Л╨▒╤А╨░╨╜╨╜╨░╤П ╨║╨░╨╝╨╡╤А╨░: { label: 'Back Camera', id: 'camera1', source: 'back-camera' }

      at BarcodeScanner.log [as startScanning] (src/lib/scanner.ts:440:15)

  console.log
    ЁЯУ▒ ╨Ь╨╛╨▒╨╕╨╗╤М╨╜╨╛╨╡ ╤Г╤Б╤В╤А╨╛╨╣╤Б╤В╨▓╨╛: false

      at BarcodeScanner.log [as startScanning] (src/lib/scanner.ts:448:15)

  console.log
    ЁЯУ▒ ╨г╤Б╤В╤А╨╛╨╣╤Б╤В╨▓╨╛: ╨Ф╤А╤Г╨│╨╛╨╡, ╨С╤А╨░╤Г╨╖╨╡╤А: ╨Ф╤А╤Г╨│╨╛╨╣

      at BarcodeScanner.log [as getOptimalCameraConstraints] (src/lib/scanner.ts:135:13)

  console.log
    ЁЯОе ╨Э╨░╤Б╤В╤А╨╛╨╣╨║╨╕ ╨║╨░╨╝╨╡╤А╤Л: {
      video: {
        deviceId: { ideal: 'camera1' },
        facingMode: undefined,
        width: { ideal: 1920 },
        height: { ideal: 1080 },
        frameRate: { ideal: 30 }
      }
    }

      at BarcodeScanner.log [as startScanning] (src/lib/scanner.ts:452:15)

  console.log
    ЁЯФН ╨Ч╨░╨┐╤Г╤Б╨║ ╨╜╨╡╨┐╤А╨╡╤А╤Л╨▓╨╜╨╛╨│╨╛ ╨┤╨╡╨║╨╛╨┤╨╕╤А╨╛╨▓╨░╨╜╨╕╤П ╤И╤В╤А╨╕╤Е-╨║╨╛╨┤╨╛╨▓...

      at BarcodeScanner.log [as startScanning] (src/lib/scanner.ts:455:15)

  console.log
    ЁЯз╣ ╨Ю╤З╨╕╤Б╤В╨║╨░ ╤Б╤Г╤Й╨╡╤Б╤В╨▓╤Г╤О╤Й╨╡╨│╨╛ ╨┐╨╛╤В╨╛╨║╨░...

      at BarcodeScanner.log [as startScanning] (src/lib/scanner.ts:458:15)

  console.log
    ЁЯУ║ ╨б╨╛╤Б╤В╨╛╤П╨╜╨╕╨╡ ╨▓╨╕╨┤╨╡╨╛ ╤Н╨╗╨╡╨╝╨╡╨╜╤В╨░: {
      readyState: 0,
      videoWidth: 0,
      videoHeight: 0,
      paused: true,
      ended: false,
      muted: true,
      autoplay: true,
      playsInline: true
    }

      at BarcodeScanner.log [as startScanning] (src/lib/scanner.ts:462:15)

  console.log
    ЁЯФД ╨Ч╨░╨┐╤Г╤Б╨║ ╨┤╨╡╨║╨╛╨┤╨╕╤А╨╛╨▓╨░╨╜╨╕╤П ╤Б ╨╛╨│╤А╨░╨╜╨╕╤З╨╡╨╜╨╕╤П╨╝╨╕...

      at BarcodeScanner.log [as startScanning] (src/lib/scanner.ts:474:15)

  console.log
    ЁЯФД ╨Я╨╛╨┐╤Л╤В╨║╨░ ╨╖╨░╨┐╤Г╤Б╨║╨░ ╤Б optimal ╨╛╨│╤А╨░╨╜╨╕╤З╨╡╨╜╨╕╤П╨╝╨╕: {
      "video": {
        "deviceId": {
          "ideal": "camera1"
        },
        "width": {
          "ideal": 1920
        },
        "height": {
          "ideal": 1080
        },
        "frameRate": {
          "ideal": 30
        }
      }
    }

      at BarcodeScanner.log [as startScanning] (src/lib/scanner.ts:487:19)

  console.log
    ЁЯОе ╨Я╨╛╨╗╤Г╤З╨╡╨╜╨╕╨╡ ╨┐╨╛╤В╨╛╨║╨░ ╤З╨╡╤А╨╡╨╖ getUserMedia...

      at BarcodeScanner.log [as startScanning] (src/lib/scanner.ts:490:19)

  console.log
    тЬЕ ╨Я╨╛╤В╨╛╨║ ╨┐╨╛╨╗╤Г╤З╨╡╨╜: {
      active: undefined,
      id: undefined,
      tracks: [
        {
          kind: 'video',
          label: undefined,
          enabled: undefined,
          readyState: undefined,
          muted: undefined,
          settings: [Object]
        }
      ]
    }

      at BarcodeScanner.log [as startScanning] (src/lib/scanner.ts:492:19)

  console.log
    ЁЯОм ╨г╤Б╤В╨░╨╜╨╛╨▓╨║╨░ ╨┐╨╛╤В╨╛╨║╨░ ╨▓ ╨▓╨╕╨┤╨╡╨╛ ╤Н╨╗╨╡╨╝╨╡╨╜╤В...

      at BarcodeScanner.log [as startScanning] (src/lib/scanner.ts:515:19)

  console.log
    ЁЯУК ╨Ь╨╡╤В╨░╨┤╨░╨╜╨╜╤Л╨╡ ╨▓╨╕╨┤╨╡╨╛ ╨╖╨░╨│╤А╤Г╨╢╨╡╨╜╤Л: { videoWidth: 0, videoHeight: 0, duration: NaN }

      at HTMLVideoElement.log (src/lib/scanner.ts:538:23)

  console.log
    ЁЯТ╛ ╨б╨╛╤Е╤А╨░╨╜╤П╨╡╨╝ ╤Б╤Б╤Л╨╗╨║╤Г ╨╜╨░ ╨┐╨╛╤В╨╛╨║ ╨┐╨╡╤А╨╡╨┤ ZXing: { streamId: undefined, active: undefined }

      at BarcodeScanner.log [as startScanning] (src/lib/scanner.ts:558:19)

  console.log
    ЁЯУ║ ╨б╨╛╤Б╤В╨╛╤П╨╜╨╕╨╡ ╨▓╨╕╨┤╨╡╨╛ ╨┐╨╛╤Б╨╗╨╡ ╤Г╤Б╤В╨░╨╜╨╛╨▓╨║╨╕ ╨┐╨╛╤В╨╛╨║╨░: {
      readyState: 0,
      videoWidth: 0,
      videoHeight: 0,
      paused: true,
      srcObject: '╤Г╤Б╤В╨░╨╜╨╛╨▓╨╗╨╡╨╜'
    }

      at BarcodeScanner.log [as startScanning] (src/lib/scanner.ts:564:19)

  console.log
    тЦ╢я╕П ╨Ч╨░╨┐╤Г╤Б╨║ ╨▓╨╕╨┤╨╡╨╛...

      at BarcodeScanner.log [as startScanning] (src/lib/scanner.ts:574:21)

  console.log
    тЬЕ ╨Т╨╕╨┤╨╡╨╛ ╤Г╤Б╨┐╨╡╤И╨╜╨╛ ╨╖╨░╨┐╤Г╤Й╨╡╨╜╨╛

      at BarcodeScanner.log [as startScanning] (src/lib/scanner.ts:577:23)

  console.log
    ЁЯФД ╨Э╨░╤Б╤В╤А╨╛╨╣╨║╨░ ╨░╨▓╤В╨╛╨╝╨░╤В╨╕╤З╨╡╤Б╨║╨╛╨│╨╛ ╤Б╨║╨░╨╜╨╕╤А╨╛╨▓╨░╨╜╨╕╤П ╤З╨╡╤А╨╡╨╖ ╨╖╨░╤Е╨▓╨░╤В ╨║╨░╨┤╤А╨╛╨▓...

      at BarcodeScanner.log [as startScanning] (src/lib/scanner.ts:622:21)

  console.log
    ЁЯФД ╨Э╨░╤Б╤В╤А╨╛╨╣╨║╨░ ╨░╨▓╤В╨╛╨╝╨░╤В╨╕╤З╨╡╤Б╨║╨╛╨│╨╛ ╤Б╨║╨░╨╜╨╕╤А╨╛╨▓╨░╨╜╨╕╤П ╨║╨░╨╢╨┤╤Л╨╡ 500╨╝╤Б...

      at BarcodeScanner.log [as setupAutoScanning] (src/lib/scanner.ts:821:13)

  console.log
    тЬЕ ╨Р╨▓╤В╨╛╨╝╨░╤В╨╕╤З╨╡╤Б╨║╨╛╨╡ ╤Б╨║╨░╨╜╨╕╤А╨╛╨▓╨░╨╜╨╕╨╡ ╨╜╨░╤Б╤В╤А╨╛╨╡╨╜╨╛

      at BarcodeScanner.log [as setupAutoScanning] (src/lib/scanner.ts:848:13)

  console.log
    тЬЕ ╨б╨║╨░╨╜╨╕╤А╨╛╨▓╨░╨╜╨╕╨╡ ╨╖╨░╨┐╤Г╤Й╨╡╨╜╨╛ ╤Г╤Б╨┐╨╡╤И╨╜╨╛ ╤Б optimal ╨╛╨│╤А╨░╨╜╨╕╤З╨╡╨╜╨╕╤П╨╝╨╕

      at BarcodeScanner.log [as startScanning] (src/lib/scanner.ts:632:19)

  console.log
    ЁЯУ║ ╨д╨╕╨╜╨░╨╗╤М╨╜╨╛╨╡ ╤Б╨╛╤Б╤В╨╛╤П╨╜╨╕╨╡ ╨▓╨╕╨┤╨╡╨╛: {
      readyState: 4,
      videoWidth: 640,
      videoHeight: 480,
      paused: true,
      srcObject: '╤Г╤Б╤В╨░╨╜╨╛╨▓╨╗╨╡╨╜',
      streamActive: undefined
    }

      at BarcodeScanner.log [as startScanning] (src/lib/scanner.ts:635:19)

  console.log
    тЬЕ ╨Э╨╡╨┐╤А╨╡╤А╤Л╨▓╨╜╨╛╨╡ ╤Б╨║╨░╨╜╨╕╤А╨╛╨▓╨░╨╜╨╕╨╡ ╨╖╨░╨┐╤Г╤Й╨╡╨╜╨╛

      at BarcodeScanner.log [as startScanning] (src/lib/scanner.ts:683:15)

  console.log
    тЬЕ ╨б╨║╨░╨╜╨╕╤А╨╛╨▓╨░╨╜╨╕╨╡ ╨╖╨░╨┐╤Г╤Й╨╡╨╜╨╛ ╤Г╤Б╨┐╨╡╤И╨╜╨╛ - ZXing ╨┤╨╡╨║╨╛╨┤╨╡╤А ╤Г╨┐╤А╨░╨▓╨╗╤П╨╡╤В ╨▓╨╕╨┤╨╡╨╛ ╤Н╨╗╨╡╨╝╨╡╨╜╤В╨╛╨╝

      at log (src/components/Scanner.tsx:535:17)

  console.log
    ЁЯФН ╨Т╨╕╨╖╤Г╨░╨╗╤М╨╜╨░╤П ╨┤╨╡╤В╨╡╨║╤Ж╨╕╤П ╨▓╨║╨╗╤О╤З╨╡╨╜╨░

      at log (src/components/Scanner.tsx:539:17)

  console.log
    ЁЯФж ╨Я╨╛╨┤╨┤╨╡╤А╨╢╨║╨░ ╤Д╨╛╨╜╨░╤А╨╕╨║╨░: ╨Э╨╡╤В

      at log (src/components/Scanner.tsx:546:21)

  console.log
    ЁЯЫС ╨Ю╤Б╤В╨░╨╜╨╛╨▓╨║╨░ ╤Б╨║╨░╨╜╨╕╤А╨╛╨▓╨░╨╜╨╕╤П...

      at BarcodeScanner.log [as stopScanning] (src/lib/scanner.ts:853:15)

  console.log
    ЁЯЫС ╨Р╨▓╤В╨╛╤Б╨║╨░╨╜╨╕╤А╨╛╨▓╨░╨╜╨╕╨╡ ╨╛╤Б╤В╨░╨╜╨╛╨▓╨╗╨╡╨╜╨╛

      at BarcodeScanner.log [as stopScanning] (src/lib/scanner.ts:860:17)

  console.log
    ЁЯЫС ╨Ю╤Б╤В╨░╨╜╨╛╨▓╨╗╨╡╨╜ ╤В╤А╨╡╨║ ╨║╨░╨╝╨╡╤А╤Л: video

      at log (src/lib/scanner.ts:737:19)
          at Array.forEach (<anonymous>)

  console.log
    ЁЯз╣ ╨Т╨╕╨┤╨╡╨╛ ╤Н╨╗╨╡╨╝╨╡╨╜╤В ╨╛╤З╨╕╤Й╨╡╨╜

      at BarcodeScanner.log [as stopCurrentStream] (src/lib/scanner.ts:744:17)

  console.log
    тЬЕ ╨б╨║╨░╨╜╨╕╤А╨╛╨▓╨░╨╜╨╕╨╡ ╨╛╤Б╤В╨░╨╜╨╛╨▓╨╗╨╡╨╜╨╛

      at BarcodeScanner.log [as stopScanning] (src/lib/scanner.ts:866:15)

  console.log
    ЁЯОе ╨Ч╨░╨┐╤Г╤Б╨║ ╤Б╨║╨░╨╜╨╕╤А╨╛╨▓╨░╨╜╨╕╤П...

      at log (src/components/Scanner.tsx:479:15)

  console.log
    ЁЯУ▒ ╨Ш╨╜╤Д╨╛╤А╨╝╨░╤Ж╨╕╤П ╨╛ ╨▓╨╕╨┤╨╡╨╛ ╤Н╨╗╨╡╨╝╨╡╨╜╤В╨╡: {
      element: <ref *1> HTMLVideoElement {
        '__reactFiber$rjg183felv': FiberNode {
          tag: 5,
          key: null,
          elementType: 'video',
          type: 'video',
          stateNode: [Circular *1],
          return: [FiberNode],
          child: null,
          sibling: [FiberNode],
          index: 1,
          ref: [Object],
          refCleanup: null,
          pendingProps: [Object],
          memoizedProps: [Object],
          updateQueue: null,
          memoizedState: null,
          dependencies: null,
          mode: 1,
          flags: 5243392,
          subtreeFlags: 0,
          deletions: null,
          lanes: 0,
          childLanes: 0,
          alternate: null,
          actualDuration: -0,
          actualStartTime: 8789.2079,
          selfBaseDuration: -0,
          treeBaseDuration: -0,
          _debugInfo: null,
          _debugOwner: [FiberNode],
          _debugStack: Error: react-stack-top-frame
              at process.env.NODE_ENV.exports.jsx (D:\Dev\ExoScan\exoscan-web\node_modules\react\cjs\react-jsx-runtime.development.js:337:13)
              at ScannerContent (D:\Dev\ExoScan\exoscan-web\src\components\Scanner.tsx:784:9)
              at Object.react-stack-bottom-frame (D:\Dev\ExoScan\exoscan-web\node_modules\react-dom\cjs\react-dom-client.development.js:23863:20)
              at renderWithHooks (D:\Dev\ExoScan\exoscan-web\node_modules\react-dom\cjs\react-dom-client.development.js:5529:22)
              at updateFunctionComponent (D:\Dev\ExoScan\exoscan-web\node_modules\react-dom\cjs\react-dom-client.development.js:8897:19)
              at beginWork (D:\Dev\ExoScan\exoscan-web\node_modules\react-dom\cjs\react-dom-client.development.js:10522:18)
              at runWithFiberInDEV (D:\Dev\ExoScan\exoscan-web\node_modules\react-dom\cjs\react-dom-client.development.js:1522:13)
              at performUnitOfWork (D:\Dev\ExoScan\exoscan-web\node_modules\react-dom\cjs\react-dom-client.development.js:15140:22)
              at workLoopSync (D:\Dev\ExoScan\exoscan-web\node_modules\react-dom\cjs\react-dom-client.development.js:14956:41)
              at renderRootSync (D:\Dev\ExoScan\exoscan-web\node_modules\react-dom\cjs\react-dom-client.development.js:14936:11)
              at performWorkOnRoot (D:\Dev\ExoScan\exoscan-web\node_modules\react-dom\cjs\react-dom-client.development.js:14419:13)
              at performSyncWorkOnRoot (D:\Dev\ExoScan\exoscan-web\node_modules\react-dom\cjs\react-dom-client.development.js:16231:7)
              at flushSyncWorkAcrossRoots_impl (D:\Dev\ExoScan\exoscan-web\node_modules\react-dom\cjs\react-dom-client.development.js:16079:21)
              at processRootScheduleInMicrotask (D:\Dev\ExoScan\exoscan-web\node_modules\react-dom\cjs\react-dom-client.development.js:16116:7)
              at D:\Dev\ExoScan\exoscan-web\node_modules\react-dom\cjs\react-dom-client.development.js:16241:11
              at flushActQueue (D:\Dev\ExoScan\exoscan-web\node_modules\react\cjs\react.development.js:566:34)
              at process.env.NODE_ENV.exports.act (D:\Dev\ExoScan\exoscan-web\node_modules\react\cjs\react.development.js:859:10)
              at D:\Dev\ExoScan\exoscan-web\node_modules\@testing-library\react\dist\act-compat.js:47:25
              at Object.eventWrapper (D:\Dev\ExoScan\exoscan-web\node_modules\@testing-library\react\dist\pure.js:107:28)
              at Object.wrapEvent (D:\Dev\ExoScan\exoscan-web\node_modules\@testing-library\user-event\dist\cjs\event\wrapEvent.js:6:28)
              at Object.dispatchEvent (D:\Dev\ExoScan\exoscan-web\node_modules\@testing-library\user-event\dist\cjs\event\dispatchEvent.js:45:22)
              at Object.dispatchUIEvent (D:\Dev\ExoScan\exoscan-web\node_modules\@testing-library\user-event\dist\cjs\event\dispatchEvent.js:22:26)
              at Mouse.up (D:\Dev\ExoScan\exoscan-web\node_modules\@testing-library\user-event\dist\cjs\system\pointer\mouse.js:100:30)
              at PointerHost.release (D:\Dev\ExoScan\exoscan-web\node_modules\@testing-library\user-event\dist\cjs\system\pointer\index.js:87:24)
              at pointerAction (D:\Dev\ExoScan\exoscan-web\node_modules\@testing-library\user-event\dist\cjs\pointer\index.js:54:47)
              at Object.pointer (D:\Dev\ExoScan\exoscan-web\node_modules\@testing-library\user-event\dist\cjs\pointer\index.js:27:9)
              at Object.asyncWrapper (D:\Dev\ExoScan\exoscan-web\node_modules\@testing-library\react\dist\pure.js:88:22)
              at Object.<anonymous> (D:\Dev\ExoScan\exoscan-web\src\components\__tests__\Scanner.integration.test.tsx:391:9),
          _debugTask: null,
          _debugNeedsRemount: false,
          _debugHookTypes: null
        },
        '__reactProps$rjg183felv': {
          ref: [Object],
          className: 'w-full object-cover transition-transform duration-200 h-80 md:h-96 lg:h-[500px]',
          autoPlay: true,
          playsInline: true,
          muted: true,
          controls: false,
          'webkit-playsinline': 'true',
          onLoadedData: [AsyncFunction: onLoadedData],
          onCanPlay: [AsyncFunction: onCanPlay],
          onClick: [AsyncFunction: onClick],
          onTouchStart: [AsyncFunction: onTouchStart],
          style: [Object]
        },
        '__reactEvents$rjg183felv': Set(24) {
          'abort__bubble',
          'canplay__bubble',
          'canplaythrough__bubble',
          'durationchange__bubble',
          'emptied__bubble',
          'encrypted__bubble',
          'ended__bubble',
          'error__bubble',
          'loadeddata__bubble',
          'loadedmetadata__bubble',
          'loadstart__bubble',
          'pause__bubble',
          'play__bubble',
          'playing__bubble',
          'progress__bubble',
          'ratechange__bubble',
          'resize__bubble',
          'seeked__bubble',
          'seeking__bubble',
          'stalled__bubble',
          'suspend__bubble',
          'timeupdate__bubble',
          'volumechange__bubble',
          'waiting__bubble'
        },
        [Symbol(SameObject caches)]: [Object: null prototype] {
          style: [CSSStyleDeclaration],
          attributes: NamedNodeMap {}
        }
      },
      tagName: 'VIDEO',
      id: '',
      className: 'w-full object-cover transition-transform duration-200 h-80 md:h-96 lg:h-[500px]',
      style: 'transform: scale(1); transform-origin: center center; background-color: rgb(0, 0, 0); min-height: 20rem;',
      attributes: [
        {
          name: 'class',
          value: 'w-full object-cover transition-transform duration-200 h-80 md:h-96 lg:h-[500px]'
        },
        { name: 'autoplay', value: '' },
        { name: 'playsinline', value: '' },
        { name: 'webkit-playsinline', value: 'true' },
        {
          name: 'style',
          value: 'transform: scale(1); transform-origin: center center; background-color: rgb(0, 0, 0); min-height: 20rem;'
        }
      ]
    }

      at log (src/components/Scanner.tsx:480:15)

  console.log
    тЬЕ ╨Я╨╛╨┤╨┤╨╡╤А╨╢╨║╨░ ╨║╨░╨╝╨╡╤А╤Л: OK

      at log (src/components/Scanner.tsx:502:15)

  console.log
    тЬЕ ╨С╨╡╨╖╨╛╨┐╨░╤Б╨╜╤Л╨╣ ╨║╨╛╨╜╤В╨╡╨║╤Б╤В: OK

      at log (src/components/Scanner.tsx:512:15)

  console.log
    ЁЯФД ╨Я╨╛╨╗╤Г╤З╨╡╨╜╨╕╨╡ ╨┤╨╛╤Б╤В╤Г╨┐╨░ ╨║ ╨║╨░╨╝╨╡╤А╨╡...

      at log (src/components/Scanner.tsx:522:17)

  console.log
    ЁЯЪА ╨Э╨░╤З╨╕╨╜╨░╨╡╨╝ ╨┐╤А╨╛╤Ж╨╡╤Б╤Б ╤Б╨║╨░╨╜╨╕╤А╨╛╨▓╨░╨╜╨╕╤П...

      at log (src/components/Scanner.tsx:523:17)

  console.log
    ЁЯУ▒ BarcodeScanner: ╨Э╨░╤З╨╕╨╜╨░╨╡╨╝ ╨┐╤А╨╛╤Ж╨╡╤Б╤Б ╤Б╨║╨░╨╜╨╕╤А╨╛╨▓╨░╨╜╨╕╤П

      at BarcodeScanner.log [as startScanning] (src/lib/scanner.ts:336:15)

  console.log
    ЁЯФН ╨Ш╨╜╤Д╨╛╤А╨╝╨░╤Ж╨╕╤П ╨╛ ╨▒╤А╨░╤Г╨╖╨╡╤А╨╡: {
      userAgent: 'Mozilla/5.0 (win32) AppleWebKit/537.36 (KHTML, like Gecko) jsdom/26.1.0',
      platform: '',
      language: 'en-US',
      cookieEnabled: true,
      onLine: true
    }

      at BarcodeScanner.log [as startScanning] (src/lib/scanner.ts:337:15)

  console.log
    ЁЯФР ╨Я╤А╨╛╨▓╨╡╤А╨║╨░ ╤А╨░╨╖╤А╨╡╤И╨╡╨╜╨╕╨╣ ╨║╨░╨╝╨╡╤А╤Л...

      at BarcodeScanner.log [as startScanning] (src/lib/scanner.ts:346:15)

  console.log
    ЁЯФР ╨б╤В╨░╤В╤Г╤Б ╤А╨░╨╖╤А╨╡╤И╨╡╨╜╨╕╨╣: { granted: true, denied: false, prompt: false }

      at BarcodeScanner.log [as startScanning] (src/lib/scanner.ts:348:15)

  console.log
    тЬЕ MediaDevices API: OK

      at BarcodeScanner.log [as startScanning] (src/lib/scanner.ts:383:15)

  console.log
    тЬЕ getUserMedia: OK

      at BarcodeScanner.log [as startScanning] (src/lib/scanner.ts:401:15)

  console.log
    ЁЯУ╣ ╨Я╨╛╨╕╤Б╨║ ╨┤╨╛╤Б╤В╤Г╨┐╨╜╤Л╤Е ╨║╨░╨╝╨╡╤А...

      at BarcodeScanner.log [as startScanning] (src/lib/scanner.ts:404:15)

  console.log
    ЁЯУ╣ ╨Э╨░╨╣╨┤╨╡╨╜╨╛ ╨║╨░╨╝╨╡╤А: 2 [
      { id: 'camera1', label: 'Back Camera', kind: 'videoinput' },
      { id: 'camera2', label: 'Front Camera', kind: 'videoinput' }
    ]

      at BarcodeScanner.log [as startScanning] (src/lib/scanner.ts:406:15)

  console.log
    ЁЯУ╖ ╨Т╤Л╨▒╤А╨░╨╜╨╜╨░╤П ╨║╨░╨╝╨╡╤А╨░: { label: 'Back Camera', id: 'camera1', source: 'back-camera' }

      at BarcodeScanner.log [as startScanning] (src/lib/scanner.ts:440:15)

  console.log
    ЁЯУ▒ ╨Ь╨╛╨▒╨╕╨╗╤М╨╜╨╛╨╡ ╤Г╤Б╤В╤А╨╛╨╣╤Б╤В╨▓╨╛: false

      at BarcodeScanner.log [as startScanning] (src/lib/scanner.ts:448:15)

  console.log
    ЁЯУ▒ ╨г╤Б╤В╤А╨╛╨╣╤Б╤В╨▓╨╛: ╨Ф╤А╤Г╨│╨╛╨╡, ╨С╤А╨░╤Г╨╖╨╡╤А: ╨Ф╤А╤Г╨│╨╛╨╣

      at BarcodeScanner.log [as getOptimalCameraConstraints] (src/lib/scanner.ts:135:13)

  console.log
    ЁЯОе ╨Э╨░╤Б╤В╤А╨╛╨╣╨║╨╕ ╨║╨░╨╝╨╡╤А╤Л: {
      video: {
        deviceId: { ideal: 'camera1' },
        facingMode: undefined,
        width: { ideal: 1920 },
        height: { ideal: 1080 },
        frameRate: { ideal: 30 }
      }
    }

      at BarcodeScanner.log [as startScanning] (src/lib/scanner.ts:452:15)

  console.log
    ЁЯФН ╨Ч╨░╨┐╤Г╤Б╨║ ╨╜╨╡╨┐╤А╨╡╤А╤Л╨▓╨╜╨╛╨│╨╛ ╨┤╨╡╨║╨╛╨┤╨╕╤А╨╛╨▓╨░╨╜╨╕╤П ╤И╤В╤А╨╕╤Е-╨║╨╛╨┤╨╛╨▓...

      at BarcodeScanner.log [as startScanning] (src/lib/scanner.ts:455:15)

  console.log
    ЁЯз╣ ╨Ю╤З╨╕╤Б╤В╨║╨░ ╤Б╤Г╤Й╨╡╤Б╤В╨▓╤Г╤О╤Й╨╡╨│╨╛ ╨┐╨╛╤В╨╛╨║╨░...

      at BarcodeScanner.log [as startScanning] (src/lib/scanner.ts:458:15)

  console.log
    ЁЯУ║ ╨б╨╛╤Б╤В╨╛╤П╨╜╨╕╨╡ ╨▓╨╕╨┤╨╡╨╛ ╤Н╨╗╨╡╨╝╨╡╨╜╤В╨░: {
      readyState: 0,
      videoWidth: 0,
      videoHeight: 0,
      paused: true,
      ended: false,
      muted: true,
      autoplay: true,
      playsInline: true
    }

      at BarcodeScanner.log [as startScanning] (src/lib/scanner.ts:462:15)

  console.log
    ЁЯФД ╨Ч╨░╨┐╤Г╤Б╨║ ╨┤╨╡╨║╨╛╨┤╨╕╤А╨╛╨▓╨░╨╜╨╕╤П ╤Б ╨╛╨│╤А╨░╨╜╨╕╤З╨╡╨╜╨╕╤П╨╝╨╕...

      at BarcodeScanner.log [as startScanning] (src/lib/scanner.ts:474:15)

  console.log
    ЁЯФД ╨Я╨╛╨┐╤Л╤В╨║╨░ ╨╖╨░╨┐╤Г╤Б╨║╨░ ╤Б optimal ╨╛╨│╤А╨░╨╜╨╕╤З╨╡╨╜╨╕╤П╨╝╨╕: {
      "video": {
        "deviceId": {
          "ideal": "camera1"
        },
        "width": {
          "ideal": 1920
        },
        "height": {
          "ideal": 1080
        },
        "frameRate": {
          "ideal": 30
        }
      }
    }

      at BarcodeScanner.log [as startScanning] (src/lib/scanner.ts:487:19)

  console.log
    ЁЯОе ╨Я╨╛╨╗╤Г╤З╨╡╨╜╨╕╨╡ ╨┐╨╛╤В╨╛╨║╨░ ╤З╨╡╤А╨╡╨╖ getUserMedia...

      at BarcodeScanner.log [as startScanning] (src/lib/scanner.ts:490:19)

  console.log
    тЬЕ ╨Я╨╛╤В╨╛╨║ ╨┐╨╛╨╗╤Г╤З╨╡╨╜: {
      active: undefined,
      id: undefined,
      tracks: [
        {
          kind: 'video',
          label: undefined,
          enabled: undefined,
          readyState: undefined,
          muted: undefined,
          settings: [Object]
        }
      ]
    }

      at BarcodeScanner.log [as startScanning] (src/lib/scanner.ts:492:19)

  console.log
    ЁЯОм ╨г╤Б╤В╨░╨╜╨╛╨▓╨║╨░ ╨┐╨╛╤В╨╛╨║╨░ ╨▓ ╨▓╨╕╨┤╨╡╨╛ ╤Н╨╗╨╡╨╝╨╡╨╜╤В...

      at BarcodeScanner.log [as startScanning] (src/lib/scanner.ts:515:19)

  console.log
    ЁЯУК ╨Ь╨╡╤В╨░╨┤╨░╨╜╨╜╤Л╨╡ ╨▓╨╕╨┤╨╡╨╛ ╨╖╨░╨│╤А╤Г╨╢╨╡╨╜╤Л: { videoWidth: 0, videoHeight: 0, duration: NaN }

      at HTMLVideoElement.log (src/lib/scanner.ts:538:23)

  console.log
    ЁЯТ╛ ╨б╨╛╤Е╤А╨░╨╜╤П╨╡╨╝ ╤Б╤Б╤Л╨╗╨║╤Г ╨╜╨░ ╨┐╨╛╤В╨╛╨║ ╨┐╨╡╤А╨╡╨┤ ZXing: { streamId: undefined, active: undefined }

      at BarcodeScanner.log [as startScanning] (src/lib/scanner.ts:558:19)

  console.log
    ЁЯУ║ ╨б╨╛╤Б╤В╨╛╤П╨╜╨╕╨╡ ╨▓╨╕╨┤╨╡╨╛ ╨┐╨╛╤Б╨╗╨╡ ╤Г╤Б╤В╨░╨╜╨╛╨▓╨║╨╕ ╨┐╨╛╤В╨╛╨║╨░: {
      readyState: 0,
      videoWidth: 0,
      videoHeight: 0,
      paused: true,
      srcObject: '╤Г╤Б╤В╨░╨╜╨╛╨▓╨╗╨╡╨╜'
    }

      at BarcodeScanner.log [as startScanning] (src/lib/scanner.ts:564:19)

  console.log
    тЦ╢я╕П ╨Ч╨░╨┐╤Г╤Б╨║ ╨▓╨╕╨┤╨╡╨╛...

      at BarcodeScanner.log [as startScanning] (src/lib/scanner.ts:574:21)

  console.log
    тЬЕ ╨Т╨╕╨┤╨╡╨╛ ╤Г╤Б╨┐╨╡╤И╨╜╨╛ ╨╖╨░╨┐╤Г╤Й╨╡╨╜╨╛

      at BarcodeScanner.log [as startScanning] (src/lib/scanner.ts:577:23)

  console.log
    ЁЯФД ╨Э╨░╤Б╤В╤А╨╛╨╣╨║╨░ ╨░╨▓╤В╨╛╨╝╨░╤В╨╕╤З╨╡╤Б╨║╨╛╨│╨╛ ╤Б╨║╨░╨╜╨╕╤А╨╛╨▓╨░╨╜╨╕╤П ╤З╨╡╤А╨╡╨╖ ╨╖╨░╤Е╨▓╨░╤В ╨║╨░╨┤╤А╨╛╨▓...

      at BarcodeScanner.log [as startScanning] (src/lib/scanner.ts:622:21)

  console.log
    ЁЯФД ╨Э╨░╤Б╤В╤А╨╛╨╣╨║╨░ ╨░╨▓╤В╨╛╨╝╨░╤В╨╕╤З╨╡╤Б╨║╨╛╨│╨╛ ╤Б╨║╨░╨╜╨╕╤А╨╛╨▓╨░╨╜╨╕╤П ╨║╨░╨╢╨┤╤Л╨╡ 500╨╝╤Б...

      at BarcodeScanner.log [as setupAutoScanning] (src/lib/scanner.ts:821:13)

  console.log
    тЬЕ ╨Р╨▓╤В╨╛╨╝╨░╤В╨╕╤З╨╡╤Б╨║╨╛╨╡ ╤Б╨║╨░╨╜╨╕╤А╨╛╨▓╨░╨╜╨╕╨╡ ╨╜╨░╤Б╤В╤А╨╛╨╡╨╜╨╛

      at BarcodeScanner.log [as setupAutoScanning] (src/lib/scanner.ts:848:13)

  console.log
    тЬЕ ╨б╨║╨░╨╜╨╕╤А╨╛╨▓╨░╨╜╨╕╨╡ ╨╖╨░╨┐╤Г╤Й╨╡╨╜╨╛ ╤Г╤Б╨┐╨╡╤И╨╜╨╛ ╤Б optimal ╨╛╨│╤А╨░╨╜╨╕╤З╨╡╨╜╨╕╤П╨╝╨╕

      at BarcodeScanner.log [as startScanning] (src/lib/scanner.ts:632:19)

  console.log
    ЁЯУ║ ╨д╨╕╨╜╨░╨╗╤М╨╜╨╛╨╡ ╤Б╨╛╤Б╤В╨╛╤П╨╜╨╕╨╡ ╨▓╨╕╨┤╨╡╨╛: {
      readyState: 4,
      videoWidth: 640,
      videoHeight: 480,
      paused: true,
      srcObject: '╤Г╤Б╤В╨░╨╜╨╛╨▓╨╗╨╡╨╜',
      streamActive: undefined
    }

      at BarcodeScanner.log [as startScanning] (src/lib/scanner.ts:635:19)

  console.log
    тЬЕ ╨Э╨╡╨┐╤А╨╡╤А╤Л╨▓╨╜╨╛╨╡ ╤Б╨║╨░╨╜╨╕╤А╨╛╨▓╨░╨╜╨╕╨╡ ╨╖╨░╨┐╤Г╤Й╨╡╨╜╨╛

      at BarcodeScanner.log [as startScanning] (src/lib/scanner.ts:683:15)

  console.log
    тЬЕ ╨б╨║╨░╨╜╨╕╤А╨╛╨▓╨░╨╜╨╕╨╡ ╨╖╨░╨┐╤Г╤Й╨╡╨╜╨╛ ╤Г╤Б╨┐╨╡╤И╨╜╨╛ - ZXing ╨┤╨╡╨║╨╛╨┤╨╡╤А ╤Г╨┐╤А╨░╨▓╨╗╤П╨╡╤В ╨▓╨╕╨┤╨╡╨╛ ╤Н╨╗╨╡╨╝╨╡╨╜╤В╨╛╨╝

      at log (src/components/Scanner.tsx:535:17)

  console.log
    ЁЯФН ╨Т╨╕╨╖╤Г╨░╨╗╤М╨╜╨░╤П ╨┤╨╡╤В╨╡╨║╤Ж╨╕╤П ╨▓╨║╨╗╤О╤З╨╡╨╜╨░

      at log (src/components/Scanner.tsx:539:17)

  console.log
    ЁЯФж ╨Я╨╛╨┤╨┤╨╡╤А╨╢╨║╨░ ╤Д╨╛╨╜╨░╤А╨╕╨║╨░: ╨Э╨╡╤В

      at log (src/components/Scanner.tsx:546:21)

  console.log
    ЁЯЫС ╨Ю╤Б╤В╨░╨╜╨╛╨▓╨║╨░ ╤Б╨║╨░╨╜╨╕╤А╨╛╨▓╨░╨╜╨╕╤П...

      at BarcodeScanner.log [as stopScanning] (src/lib/scanner.ts:853:15)

  console.log
    ЁЯЫС ╨Р╨▓╤В╨╛╤Б╨║╨░╨╜╨╕╤А╨╛╨▓╨░╨╜╨╕╨╡ ╨╛╤Б╤В╨░╨╜╨╛╨▓╨╗╨╡╨╜╨╛

      at BarcodeScanner.log [as stopScanning] (src/lib/scanner.ts:860:17)

  console.log
    ЁЯЫС ╨Ю╤Б╤В╨░╨╜╨╛╨▓╨╗╨╡╨╜ ╤В╤А╨╡╨║ ╨║╨░╨╝╨╡╤А╤Л: video

      at log (src/lib/scanner.ts:737:19)
          at Array.forEach (<anonymous>)

  console.log
    ЁЯз╣ ╨Т╨╕╨┤╨╡╨╛ ╤Н╨╗╨╡╨╝╨╡╨╜╤В ╨╛╤З╨╕╤Й╨╡╨╜

      at BarcodeScanner.log [as stopCurrentStream] (src/lib/scanner.ts:744:17)

  console.log
    тЬЕ ╨б╨║╨░╨╜╨╕╤А╨╛╨▓╨░╨╜╨╕╨╡ ╨╛╤Б╤В╨░╨╜╨╛╨▓╨╗╨╡╨╜╨╛

      at BarcodeScanner.log [as stopScanning] (src/lib/scanner.ts:866:15)

  console.log
    ЁЯОе ╨Ч╨░╨┐╤Г╤Б╨║ ╤Б╨║╨░╨╜╨╕╤А╨╛╨▓╨░╨╜╨╕╤П...

      at log (src/components/Scanner.tsx:479:15)

  console.log
    ЁЯУ▒ ╨Ш╨╜╤Д╨╛╤А╨╝╨░╤Ж╨╕╤П ╨╛ ╨▓╨╕╨┤╨╡╨╛ ╤Н╨╗╨╡╨╝╨╡╨╜╤В╨╡: {
      element: <ref *1> HTMLVideoElement {
        '__reactFiber$rjg183felv': FiberNode {
          tag: 5,
          key: null,
          elementType: 'video',
          type: 'video',
          stateNode: [Circular *1],
          return: [FiberNode],
          child: null,
          sibling: [FiberNode],
          index: 1,
          ref: [Object],
          refCleanup: null,
          pendingProps: [Object],
          memoizedProps: [Object],
          updateQueue: null,
          memoizedState: null,
          dependencies: null,
          mode: 1,
          flags: 5243392,
          subtreeFlags: 0,
          deletions: null,
          lanes: 0,
          childLanes: 0,
          alternate: null,
          actualDuration: -0,
          actualStartTime: 9080.0979,
          selfBaseDuration: -0,
          treeBaseDuration: -0,
          _debugInfo: null,
          _debugOwner: [FiberNode],
          _debugStack: Error: react-stack-top-frame
              at process.env.NODE_ENV.exports.jsx (D:\Dev\ExoScan\exoscan-web\node_modules\react\cjs\react-jsx-runtime.development.js:337:13)
              at ScannerContent (D:\Dev\ExoScan\exoscan-web\src\components\Scanner.tsx:784:9)
              at Object.react-stack-bottom-frame (D:\Dev\ExoScan\exoscan-web\node_modules\react-dom\cjs\react-dom-client.development.js:23863:20)
              at renderWithHooks (D:\Dev\ExoScan\exoscan-web\node_modules\react-dom\cjs\react-dom-client.development.js:5529:22)
              at updateFunctionComponent (D:\Dev\ExoScan\exoscan-web\node_modules\react-dom\cjs\react-dom-client.development.js:8897:19)
              at beginWork (D:\Dev\ExoScan\exoscan-web\node_modules\react-dom\cjs\react-dom-client.development.js:10522:18)
              at runWithFiberInDEV (D:\Dev\ExoScan\exoscan-web\node_modules\react-dom\cjs\react-dom-client.development.js:1522:13)
              at performUnitOfWork (D:\Dev\ExoScan\exoscan-web\node_modules\react-dom\cjs\react-dom-client.development.js:15140:22)
              at workLoopSync (D:\Dev\ExoScan\exoscan-web\node_modules\react-dom\cjs\react-dom-client.development.js:14956:41)
              at renderRootSync (D:\Dev\ExoScan\exoscan-web\node_modules\react-dom\cjs\react-dom-client.development.js:14936:11)
              at performWorkOnRoot (D:\Dev\ExoScan\exoscan-web\node_modules\react-dom\cjs\react-dom-client.development.js:14419:13)
              at performSyncWorkOnRoot (D:\Dev\ExoScan\exoscan-web\node_modules\react-dom\cjs\react-dom-client.development.js:16231:7)
              at flushSyncWorkAcrossRoots_impl (D:\Dev\ExoScan\exoscan-web\node_modules\react-dom\cjs\react-dom-client.development.js:16079:21)
              at processRootScheduleInMicrotask (D:\Dev\ExoScan\exoscan-web\node_modules\react-dom\cjs\react-dom-client.development.js:16116:7)
              at D:\Dev\ExoScan\exoscan-web\node_modules\react-dom\cjs\react-dom-client.development.js:16241:11
              at flushActQueue (D:\Dev\ExoScan\exoscan-web\node_modules\react\cjs\react.development.js:566:34)
              at process.env.NODE_ENV.exports.act (D:\Dev\ExoScan\exoscan-web\node_modules\react\cjs\react.development.js:859:10)
              at D:\Dev\ExoScan\exoscan-web\node_modules\@testing-library\react\dist\act-compat.js:47:25
              at Object.eventWrapper (D:\Dev\ExoScan\exoscan-web\node_modules\@testing-library\react\dist\pure.js:107:28)
              at Object.wrapEvent (D:\Dev\ExoScan\exoscan-web\node_modules\@testing-library\user-event\dist\cjs\event\wrapEvent.js:6:28)
              at Object.dispatchEvent (D:\Dev\ExoScan\exoscan-web\node_modules\@testing-library\user-event\dist\cjs\event\dispatchEvent.js:45:22)
              at Object.dispatchUIEvent (D:\Dev\ExoScan\exoscan-web\node_modules\@testing-library\user-event\dist\cjs\event\dispatchEvent.js:22:26)
              at Mouse.up (D:\Dev\ExoScan\exoscan-web\node_modules\@testing-library\user-event\dist\cjs\system\pointer\mouse.js:100:30)
              at PointerHost.release (D:\Dev\ExoScan\exoscan-web\node_modules\@testing-library\user-event\dist\cjs\system\pointer\index.js:87:24)
              at pointerAction (D:\Dev\ExoScan\exoscan-web\node_modules\@testing-library\user-event\dist\cjs\pointer\index.js:54:47)
              at Object.pointer (D:\Dev\ExoScan\exoscan-web\node_modules\@testing-library\user-event\dist\cjs\pointer\index.js:27:9)
              at Object.asyncWrapper (D:\Dev\ExoScan\exoscan-web\node_modules\@testing-library\react\dist\pure.js:88:22)
              at Object.<anonymous> (D:\Dev\ExoScan\exoscan-web\src\components\__tests__\Scanner.integration.test.tsx:391:9),
          _debugTask: null,
          _debugNeedsRemount: false,
          _debugHookTypes: null
        },
        '__reactProps$rjg183felv': {
          ref: [Object],
          className: 'w-full object-cover transition-transform duration-200 h-80 md:h-96 lg:h-[500px]',
          autoPlay: true,
          playsInline: true,
          muted: true,
          controls: false,
          'webkit-playsinline': 'true',
          onLoadedData: [AsyncFunction: onLoadedData],
          onCanPlay: [AsyncFunction: onCanPlay],
          onClick: [AsyncFunction: onClick],
          onTouchStart: [AsyncFunction: onTouchStart],
          style: [Object]
        },
        '__reactEvents$rjg183felv': Set(24) {
          'abort__bubble',
          'canplay__bubble',
          'canplaythrough__bubble',
          'durationchange__bubble',
          'emptied__bubble',
          'encrypted__bubble',
          'ended__bubble',
          'error__bubble',
          'loadeddata__bubble',
          'loadedmetadata__bubble',
          'loadstart__bubble',
          'pause__bubble',
          'play__bubble',
          'playing__bubble',
          'progress__bubble',
          'ratechange__bubble',
          'resize__bubble',
          'seeked__bubble',
          'seeking__bubble',
          'stalled__bubble',
          'suspend__bubble',
          'timeupdate__bubble',
          'volumechange__bubble',
          'waiting__bubble'
        },
        [Symbol(SameObject caches)]: [Object: null prototype] {
          style: [CSSStyleDeclaration],
          attributes: NamedNodeMap {}
        }
      },
      tagName: 'VIDEO',
      id: '',
      className: 'w-full object-cover transition-transform duration-200 h-80 md:h-96 lg:h-[500px]',
      style: 'transform: scale(1); transform-origin: center center; background-color: rgb(0, 0, 0); min-height: 20rem;',
      attributes: [
        {
          name: 'class',
          value: 'w-full object-cover transition-transform duration-200 h-80 md:h-96 lg:h-[500px]'
        },
        { name: 'autoplay', value: '' },
        { name: 'playsinline', value: '' },
        { name: 'webkit-playsinline', value: 'true' },
        {
          name: 'style',
          value: 'transform: scale(1); transform-origin: center center; background-color: rgb(0, 0, 0); min-height: 20rem;'
        }
      ]
    }

      at log (src/components/Scanner.tsx:480:15)

  console.log
    тЬЕ ╨Я╨╛╨┤╨┤╨╡╤А╨╢╨║╨░ ╨║╨░╨╝╨╡╤А╤Л: OK

      at log (src/components/Scanner.tsx:502:15)

  console.log
    тЬЕ ╨С╨╡╨╖╨╛╨┐╨░╤Б╨╜╤Л╨╣ ╨║╨╛╨╜╤В╨╡╨║╤Б╤В: OK

      at log (src/components/Scanner.tsx:512:15)

  console.log
    ЁЯФД ╨Я╨╛╨╗╤Г╤З╨╡╨╜╨╕╨╡ ╨┤╨╛╤Б╤В╤Г╨┐╨░ ╨║ ╨║╨░╨╝╨╡╤А╨╡...

      at log (src/components/Scanner.tsx:522:17)

  console.log
    ЁЯЪА ╨Э╨░╤З╨╕╨╜╨░╨╡╨╝ ╨┐╤А╨╛╤Ж╨╡╤Б╤Б ╤Б╨║╨░╨╜╨╕╤А╨╛╨▓╨░╨╜╨╕╤П...

      at log (src/components/Scanner.tsx:523:17)

  console.log
    ЁЯУ▒ BarcodeScanner: ╨Э╨░╤З╨╕╨╜╨░╨╡╨╝ ╨┐╤А╨╛╤Ж╨╡╤Б╤Б ╤Б╨║╨░╨╜╨╕╤А╨╛╨▓╨░╨╜╨╕╤П

      at BarcodeScanner.log [as startScanning] (src/lib/scanner.ts:336:15)

  console.log
    ЁЯФН ╨Ш╨╜╤Д╨╛╤А╨╝╨░╤Ж╨╕╤П ╨╛ ╨▒╤А╨░╤Г╨╖╨╡╤А╨╡: {
      userAgent: 'Mozilla/5.0 (win32) AppleWebKit/537.36 (KHTML, like Gecko) jsdom/26.1.0',
      platform: '',
      language: 'en-US',
      cookieEnabled: true,
      onLine: true
    }

      at BarcodeScanner.log [as startScanning] (src/lib/scanner.ts:337:15)

  console.log
    ЁЯФР ╨Я╤А╨╛╨▓╨╡╤А╨║╨░ ╤А╨░╨╖╤А╨╡╤И╨╡╨╜╨╕╨╣ ╨║╨░╨╝╨╡╤А╤Л...

      at BarcodeScanner.log [as startScanning] (src/lib/scanner.ts:346:15)

  console.log
    ЁЯФР ╨б╤В╨░╤В╤Г╤Б ╤А╨░╨╖╤А╨╡╤И╨╡╨╜╨╕╨╣: { granted: true, denied: false, prompt: false }

      at BarcodeScanner.log [as startScanning] (src/lib/scanner.ts:348:15)

  console.log
    тЬЕ MediaDevices API: OK

      at BarcodeScanner.log [as startScanning] (src/lib/scanner.ts:383:15)

  console.log
    тЬЕ getUserMedia: OK

      at BarcodeScanner.log [as startScanning] (src/lib/scanner.ts:401:15)

  console.log
    ЁЯУ╣ ╨Я╨╛╨╕╤Б╨║ ╨┤╨╛╤Б╤В╤Г╨┐╨╜╤Л╤Е ╨║╨░╨╝╨╡╤А...

      at BarcodeScanner.log [as startScanning] (src/lib/scanner.ts:404:15)

  console.log
    ЁЯУ╣ ╨Э╨░╨╣╨┤╨╡╨╜╨╛ ╨║╨░╨╝╨╡╤А: 2 [
      { id: 'camera1', label: 'Back Camera', kind: 'videoinput' },
      { id: 'camera2', label: 'Front Camera', kind: 'videoinput' }
    ]

      at BarcodeScanner.log [as startScanning] (src/lib/scanner.ts:406:15)

  console.log
    ЁЯУ╖ ╨Т╤Л╨▒╤А╨░╨╜╨╜╨░╤П ╨║╨░╨╝╨╡╤А╨░: { label: 'Back Camera', id: 'camera1', source: 'back-camera' }

      at BarcodeScanner.log [as startScanning] (src/lib/scanner.ts:440:15)

  console.log
    ЁЯУ▒ ╨Ь╨╛╨▒╨╕╨╗╤М╨╜╨╛╨╡ ╤Г╤Б╤В╤А╨╛╨╣╤Б╤В╨▓╨╛: false

      at BarcodeScanner.log [as startScanning] (src/lib/scanner.ts:448:15)

  console.log
    ЁЯУ▒ ╨г╤Б╤В╤А╨╛╨╣╤Б╤В╨▓╨╛: ╨Ф╤А╤Г╨│╨╛╨╡, ╨С╤А╨░╤Г╨╖╨╡╤А: ╨Ф╤А╤Г╨│╨╛╨╣

      at BarcodeScanner.log [as getOptimalCameraConstraints] (src/lib/scanner.ts:135:13)

  console.log
    ЁЯОе ╨Э╨░╤Б╤В╤А╨╛╨╣╨║╨╕ ╨║╨░╨╝╨╡╤А╤Л: {
      video: {
        deviceId: { ideal: 'camera1' },
        facingMode: undefined,
        width: { ideal: 1920 },
        height: { ideal: 1080 },
        frameRate: { ideal: 30 }
      }
    }

      at BarcodeScanner.log [as startScanning] (src/lib/scanner.ts:452:15)

  console.log
    ЁЯФН ╨Ч╨░╨┐╤Г╤Б╨║ ╨╜╨╡╨┐╤А╨╡╤А╤Л╨▓╨╜╨╛╨│╨╛ ╨┤╨╡╨║╨╛╨┤╨╕╤А╨╛╨▓╨░╨╜╨╕╤П ╤И╤В╤А╨╕╤Е-╨║╨╛╨┤╨╛╨▓...

      at BarcodeScanner.log [as startScanning] (src/lib/scanner.ts:455:15)

  console.log
    ЁЯз╣ ╨Ю╤З╨╕╤Б╤В╨║╨░ ╤Б╤Г╤Й╨╡╤Б╤В╨▓╤Г╤О╤Й╨╡╨│╨╛ ╨┐╨╛╤В╨╛╨║╨░...

      at BarcodeScanner.log [as startScanning] (src/lib/scanner.ts:458:15)

  console.log
    ЁЯУ║ ╨б╨╛╤Б╤В╨╛╤П╨╜╨╕╨╡ ╨▓╨╕╨┤╨╡╨╛ ╤Н╨╗╨╡╨╝╨╡╨╜╤В╨░: {
      readyState: 0,
      videoWidth: 0,
      videoHeight: 0,
      paused: true,
      ended: false,
      muted: true,
      autoplay: true,
      playsInline: true
    }

      at BarcodeScanner.log [as startScanning] (src/lib/scanner.ts:462:15)

  console.log
    ЁЯФД ╨Ч╨░╨┐╤Г╤Б╨║ ╨┤╨╡╨║╨╛╨┤╨╕╤А╨╛╨▓╨░╨╜╨╕╤П ╤Б ╨╛╨│╤А╨░╨╜╨╕╤З╨╡╨╜╨╕╤П╨╝╨╕...

      at BarcodeScanner.log [as startScanning] (src/lib/scanner.ts:474:15)

  console.log
    ЁЯФД ╨Я╨╛╨┐╤Л╤В╨║╨░ ╨╖╨░╨┐╤Г╤Б╨║╨░ ╤Б optimal ╨╛╨│╤А╨░╨╜╨╕╤З╨╡╨╜╨╕╤П╨╝╨╕: {
      "video": {
        "deviceId": {
          "ideal": "camera1"
        },
        "width": {
          "ideal": 1920
        },
        "height": {
          "ideal": 1080
        },
        "frameRate": {
          "ideal": 30
        }
      }
    }

      at BarcodeScanner.log [as startScanning] (src/lib/scanner.ts:487:19)

  console.log
    ЁЯОе ╨Я╨╛╨╗╤Г╤З╨╡╨╜╨╕╨╡ ╨┐╨╛╤В╨╛╨║╨░ ╤З╨╡╤А╨╡╨╖ getUserMedia...

      at BarcodeScanner.log [as startScanning] (src/lib/scanner.ts:490:19)

  console.log
    тЬЕ ╨Я╨╛╤В╨╛╨║ ╨┐╨╛╨╗╤Г╤З╨╡╨╜: {
      active: undefined,
      id: undefined,
      tracks: [
        {
          kind: 'video',
          label: undefined,
          enabled: undefined,
          readyState: undefined,
          muted: undefined,
          settings: [Object]
        }
      ]
    }

      at BarcodeScanner.log [as startScanning] (src/lib/scanner.ts:492:19)

  console.log
    ЁЯОм ╨г╤Б╤В╨░╨╜╨╛╨▓╨║╨░ ╨┐╨╛╤В╨╛╨║╨░ ╨▓ ╨▓╨╕╨┤╨╡╨╛ ╤Н╨╗╨╡╨╝╨╡╨╜╤В...

      at BarcodeScanner.log [as startScanning] (src/lib/scanner.ts:515:19)

  console.log
    ЁЯУК ╨Ь╨╡╤В╨░╨┤╨░╨╜╨╜╤Л╨╡ ╨▓╨╕╨┤╨╡╨╛ ╨╖╨░╨│╤А╤Г╨╢╨╡╨╜╤Л: { videoWidth: 0, videoHeight: 0, duration: NaN }

      at HTMLVideoElement.log (src/lib/scanner.ts:538:23)

  console.log
    ЁЯТ╛ ╨б╨╛╤Е╤А╨░╨╜╤П╨╡╨╝ ╤Б╤Б╤Л╨╗╨║╤Г ╨╜╨░ ╨┐╨╛╤В╨╛╨║ ╨┐╨╡╤А╨╡╨┤ ZXing: { streamId: undefined, active: undefined }

      at BarcodeScanner.log [as startScanning] (src/lib/scanner.ts:558:19)

  console.log
    ЁЯУ║ ╨б╨╛╤Б╤В╨╛╤П╨╜╨╕╨╡ ╨▓╨╕╨┤╨╡╨╛ ╨┐╨╛╤Б╨╗╨╡ ╤Г╤Б╤В╨░╨╜╨╛╨▓╨║╨╕ ╨┐╨╛╤В╨╛╨║╨░: {
      readyState: 0,
      videoWidth: 0,
      videoHeight: 0,
      paused: true,
      srcObject: '╤Г╤Б╤В╨░╨╜╨╛╨▓╨╗╨╡╨╜'
    }

      at BarcodeScanner.log [as startScanning] (src/lib/scanner.ts:564:19)

  console.log
    тЦ╢я╕П ╨Ч╨░╨┐╤Г╤Б╨║ ╨▓╨╕╨┤╨╡╨╛...

      at BarcodeScanner.log [as startScanning] (src/lib/scanner.ts:574:21)

  console.log
    тЬЕ ╨Т╨╕╨┤╨╡╨╛ ╤Г╤Б╨┐╨╡╤И╨╜╨╛ ╨╖╨░╨┐╤Г╤Й╨╡╨╜╨╛

      at BarcodeScanner.log [as startScanning] (src/lib/scanner.ts:577:23)

  console.log
    ЁЯФД ╨Э╨░╤Б╤В╤А╨╛╨╣╨║╨░ ╨░╨▓╤В╨╛╨╝╨░╤В╨╕╤З╨╡╤Б╨║╨╛╨│╨╛ ╤Б╨║╨░╨╜╨╕╤А╨╛╨▓╨░╨╜╨╕╤П ╤З╨╡╤А╨╡╨╖ ╨╖╨░╤Е╨▓╨░╤В ╨║╨░╨┤╤А╨╛╨▓...

      at BarcodeScanner.log [as startScanning] (src/lib/scanner.ts:622:21)

  console.log
    ЁЯФД ╨Э╨░╤Б╤В╤А╨╛╨╣╨║╨░ ╨░╨▓╤В╨╛╨╝╨░╤В╨╕╤З╨╡╤Б╨║╨╛╨│╨╛ ╤Б╨║╨░╨╜╨╕╤А╨╛╨▓╨░╨╜╨╕╤П ╨║╨░╨╢╨┤╤Л╨╡ 500╨╝╤Б...

      at BarcodeScanner.log [as setupAutoScanning] (src/lib/scanner.ts:821:13)

  console.log
    тЬЕ ╨Р╨▓╤В╨╛╨╝╨░╤В╨╕╤З╨╡╤Б╨║╨╛╨╡ ╤Б╨║╨░╨╜╨╕╤А╨╛╨▓╨░╨╜╨╕╨╡ ╨╜╨░╤Б╤В╤А╨╛╨╡╨╜╨╛

      at BarcodeScanner.log [as setupAutoScanning] (src/lib/scanner.ts:848:13)

  console.log
    тЬЕ ╨б╨║╨░╨╜╨╕╤А╨╛╨▓╨░╨╜╨╕╨╡ ╨╖╨░╨┐╤Г╤Й╨╡╨╜╨╛ ╤Г╤Б╨┐╨╡╤И╨╜╨╛ ╤Б optimal ╨╛╨│╤А╨░╨╜╨╕╤З╨╡╨╜╨╕╤П╨╝╨╕

      at BarcodeScanner.log [as startScanning] (src/lib/scanner.ts:632:19)

  console.log
    ЁЯУ║ ╨д╨╕╨╜╨░╨╗╤М╨╜╨╛╨╡ ╤Б╨╛╤Б╤В╨╛╤П╨╜╨╕╨╡ ╨▓╨╕╨┤╨╡╨╛: {
      readyState: 4,
      videoWidth: 640,
      videoHeight: 480,
      paused: true,
      srcObject: '╤Г╤Б╤В╨░╨╜╨╛╨▓╨╗╨╡╨╜',
      streamActive: undefined
    }

      at BarcodeScanner.log [as startScanning] (src/lib/scanner.ts:635:19)

  console.log
    тЬЕ ╨Э╨╡╨┐╤А╨╡╤А╤Л╨▓╨╜╨╛╨╡ ╤Б╨║╨░╨╜╨╕╤А╨╛╨▓╨░╨╜╨╕╨╡ ╨╖╨░╨┐╤Г╤Й╨╡╨╜╨╛

      at BarcodeScanner.log [as startScanning] (src/lib/scanner.ts:683:15)

  console.log
    тЬЕ ╨б╨║╨░╨╜╨╕╤А╨╛╨▓╨░╨╜╨╕╨╡ ╨╖╨░╨┐╤Г╤Й╨╡╨╜╨╛ ╤Г╤Б╨┐╨╡╤И╨╜╨╛ - ZXing ╨┤╨╡╨║╨╛╨┤╨╡╤А ╤Г╨┐╤А╨░╨▓╨╗╤П╨╡╤В ╨▓╨╕╨┤╨╡╨╛ ╤Н╨╗╨╡╨╝╨╡╨╜╤В╨╛╨╝

      at log (src/components/Scanner.tsx:535:17)

  console.log
    ЁЯФН ╨Т╨╕╨╖╤Г╨░╨╗╤М╨╜╨░╤П ╨┤╨╡╤В╨╡╨║╤Ж╨╕╤П ╨▓╨║╨╗╤О╤З╨╡╨╜╨░

      at log (src/components/Scanner.tsx:539:17)

  console.log
    ЁЯФж ╨Я╨╛╨┤╨┤╨╡╤А╨╢╨║╨░ ╤Д╨╛╨╜╨░╤А╨╕╨║╨░: ╨Э╨╡╤В

      at log (src/components/Scanner.tsx:546:21)

  console.log
    ЁЯЫС ╨Ю╤Б╤В╨░╨╜╨╛╨▓╨║╨░ ╤Б╨║╨░╨╜╨╕╤А╨╛╨▓╨░╨╜╨╕╤П...

      at BarcodeScanner.log [as stopScanning] (src/lib/scanner.ts:853:15)

  console.log
    ЁЯЫС ╨Р╨▓╤В╨╛╤Б╨║╨░╨╜╨╕╤А╨╛╨▓╨░╨╜╨╕╨╡ ╨╛╤Б╤В╨░╨╜╨╛╨▓╨╗╨╡╨╜╨╛

      at BarcodeScanner.log [as stopScanning] (src/lib/scanner.ts:860:17)

  console.log
    ЁЯЫС ╨Ю╤Б╤В╨░╨╜╨╛╨▓╨╗╨╡╨╜ ╤В╤А╨╡╨║ ╨║╨░╨╝╨╡╤А╤Л: video

      at log (src/lib/scanner.ts:737:19)
          at Array.forEach (<anonymous>)

  console.log
    ЁЯз╣ ╨Т╨╕╨┤╨╡╨╛ ╤Н╨╗╨╡╨╝╨╡╨╜╤В ╨╛╤З╨╕╤Й╨╡╨╜

      at BarcodeScanner.log [as stopCurrentStream] (src/lib/scanner.ts:744:17)

  console.log
    тЬЕ ╨б╨║╨░╨╜╨╕╤А╨╛╨▓╨░╨╜╨╕╨╡ ╨╛╤Б╤В╨░╨╜╨╛╨▓╨╗╨╡╨╜╨╛

      at BarcodeScanner.log [as stopScanning] (src/lib/scanner.ts:866:15)

  console.log
    ЁЯОе ╨Ч╨░╨┐╤Г╤Б╨║ ╤Б╨║╨░╨╜╨╕╤А╨╛╨▓╨░╨╜╨╕╤П...

      at log (src/components/Scanner.tsx:479:15)

  console.log
    ЁЯУ▒ ╨Ш╨╜╤Д╨╛╤А╨╝╨░╤Ж╨╕╤П ╨╛ ╨▓╨╕╨┤╨╡╨╛ ╤Н╨╗╨╡╨╝╨╡╨╜╤В╨╡: {
      element: <ref *1> HTMLVideoElement {
        '__reactFiber$rjg183felv': FiberNode {
          tag: 5,
          key: null,
          elementType: 'video',
          type: 'video',
          stateNode: [Circular *1],
          return: [FiberNode],
          child: null,
          sibling: [FiberNode],
          index: 1,
          ref: [Object],
          refCleanup: null,
          pendingProps: [Object],
          memoizedProps: [Object],
          updateQueue: null,
          memoizedState: null,
          dependencies: null,
          mode: 1,
          flags: 5243392,
          subtreeFlags: 0,
          deletions: null,
          lanes: 0,
          childLanes: 0,
          alternate: null,
          actualDuration: -0,
          actualStartTime: 9236.8541,
          selfBaseDuration: -0,
          treeBaseDuration: -0,
          _debugInfo: null,
          _debugOwner: [FiberNode],
          _debugStack: Error: react-stack-top-frame
              at process.env.NODE_ENV.exports.jsx (D:\Dev\ExoScan\exoscan-web\node_modules\react\cjs\react-jsx-runtime.development.js:337:13)
              at ScannerContent (D:\Dev\ExoScan\exoscan-web\src\components\Scanner.tsx:784:9)
              at Object.react-stack-bottom-frame (D:\Dev\ExoScan\exoscan-web\node_modules\react-dom\cjs\react-dom-client.development.js:23863:20)
              at renderWithHooks (D:\Dev\ExoScan\exoscan-web\node_modules\react-dom\cjs\react-dom-client.development.js:5529:22)
              at updateFunctionComponent (D:\Dev\ExoScan\exoscan-web\node_modules\react-dom\cjs\react-dom-client.development.js:8897:19)
              at beginWork (D:\Dev\ExoScan\exoscan-web\node_modules\react-dom\cjs\react-dom-client.development.js:10522:18)
              at runWithFiberInDEV (D:\Dev\ExoScan\exoscan-web\node_modules\react-dom\cjs\react-dom-client.development.js:1522:13)
              at performUnitOfWork (D:\Dev\ExoScan\exoscan-web\node_modules\react-dom\cjs\react-dom-client.development.js:15140:22)
              at workLoopSync (D:\Dev\ExoScan\exoscan-web\node_modules\react-dom\cjs\react-dom-client.development.js:14956:41)
              at renderRootSync (D:\Dev\ExoScan\exoscan-web\node_modules\react-dom\cjs\react-dom-client.development.js:14936:11)
              at performWorkOnRoot (D:\Dev\ExoScan\exoscan-web\node_modules\react-dom\cjs\react-dom-client.development.js:14419:13)
              at performWorkOnRootViaSchedulerTask (D:\Dev\ExoScan\exoscan-web\node_modules\react-dom\cjs\react-dom-client.development.js:16216:7)
              at flushActQueue (D:\Dev\ExoScan\exoscan-web\node_modules\react\cjs\react.development.js:566:34)
              at process.env.NODE_ENV.exports.act (D:\Dev\ExoScan\exoscan-web\node_modules\react\cjs\react.development.js:859:10)
              at D:\Dev\ExoScan\exoscan-web\node_modules\@testing-library\react\dist\act-compat.js:47:25
              at renderRoot (D:\Dev\ExoScan\exoscan-web\node_modules\@testing-library\react\dist\pure.js:190:26)
              at render (D:\Dev\ExoScan\exoscan-web\node_modules\@testing-library\react\dist\pure.js:292:10)
              at Object.<anonymous> (D:\Dev\ExoScan\exoscan-web\src\components\__tests__\Scanner.integration.test.tsx:415:13)
              at Promise.finally.completed (D:\Dev\ExoScan\exoscan-web\node_modules\jest-circus\build\jestAdapterInit.js:1557:28)
              at new Promise (<anonymous>)
              at callAsyncCircusFn (D:\Dev\ExoScan\exoscan-web\node_modules\jest-circus\build\jestAdapterInit.js:1497:10)
              at _callCircusTest (D:\Dev\ExoScan\exoscan-web\node_modules\jest-circus\build\jestAdapterInit.js:1007:40)
              at _runTest (D:\Dev\ExoScan\exoscan-web\node_modules\jest-circus\build\jestAdapterInit.js:947:3)
              at D:\Dev\ExoScan\exoscan-web\node_modules\jest-circus\build\jestAdapterInit.js:849:7
              at _runTestsForDescribeBlock (D:\Dev\ExoScan\exoscan-web\node_modules\jest-circus\build\jestAdapterInit.js:862:11)
              at _runTestsForDescribeBlock (D:\Dev\ExoScan\exoscan-web\node_modules\jest-circus\build\jestAdapterInit.js:857:11)
              at _runTestsForDescribeBlock (D:\Dev\ExoScan\exoscan-web\node_modules\jest-circus\build\jestAdapterInit.js:857:11)
              at run (D:\Dev\ExoScan\exoscan-web\node_modules\jest-circus\build\jestAdapterInit.js:761:3)
              at runAndTransformResultsToJestFormat (D:\Dev\ExoScan\exoscan-web\node_modules\jest-circus\build\jestAdapterInit.js:1918:21)
              at jestAdapter (D:\Dev\ExoScan\exoscan-web\node_modules\jest-circus\build\runner.js:101:19)
              at runTestInternal (D:\Dev\ExoScan\exoscan-web\node_modules\jest-runner\build\testWorker.js:275:16)
              at runTest (D:\Dev\ExoScan\exoscan-web\node_modules\jest-runner\build\testWorker.js:343:7)
              at Object.worker (D:\Dev\ExoScan\exoscan-web\node_modules\jest-runner\build\testWorker.js:497:12),
          _debugTask: null,
          _debugNeedsRemount: false,
          _debugHookTypes: null
        },
        '__reactProps$rjg183felv': {
          ref: [Object],
          className: 'w-full object-cover transition-transform duration-200 h-80 md:h-96 lg:h-[500px]',
          autoPlay: true,
          playsInline: true,
          muted: true,
          controls: false,
          'webkit-playsinline': 'true',
          onLoadedData: [AsyncFunction: onLoadedData],
          onCanPlay: [AsyncFunction: onCanPlay],
          onClick: [AsyncFunction: onClick],
          onTouchStart: [AsyncFunction: onTouchStart],
          style: [Object]
        },
        '__reactEvents$rjg183felv': Set(24) {
          'abort__bubble',
          'canplay__bubble',
          'canplaythrough__bubble',
          'durationchange__bubble',
          'emptied__bubble',
          'encrypted__bubble',
          'ended__bubble',
          'error__bubble',
          'loadeddata__bubble',
          'loadedmetadata__bubble',
          'loadstart__bubble',
          'pause__bubble',
          'play__bubble',
          'playing__bubble',
          'progress__bubble',
          'ratechange__bubble',
          'resize__bubble',
          'seeked__bubble',
          'seeking__bubble',
          'stalled__bubble',
          'suspend__bubble',
          'timeupdate__bubble',
          'volumechange__bubble',
          'waiting__bubble'
        },
        [Symbol(SameObject caches)]: [Object: null prototype] {
          style: [CSSStyleDeclaration],
          attributes: NamedNodeMap {}
        }
      },
      tagName: 'VIDEO',
      id: '',
      className: 'w-full object-cover transition-transform duration-200 h-80 md:h-96 lg:h-[500px]',
      style: 'transform: scale(1); transform-origin: center center; background-color: rgb(0, 0, 0); min-height: 20rem;',
      attributes: [
        {
          name: 'class',
          value: 'w-full object-cover transition-transform duration-200 h-80 md:h-96 lg:h-[500px]'
        },
        { name: 'autoplay', value: '' },
        { name: 'playsinline', value: '' },
        { name: 'webkit-playsinline', value: 'true' },
        {
          name: 'style',
          value: 'transform: scale(1); transform-origin: center center; background-color: rgb(0, 0, 0); min-height: 20rem;'
        }
      ]
    }

      at log (src/components/Scanner.tsx:480:15)

  console.log
    тЬЕ ╨Я╨╛╨┤╨┤╨╡╤А╨╢╨║╨░ ╨║╨░╨╝╨╡╤А╤Л: OK

      at log (src/components/Scanner.tsx:502:15)

  console.log
    тЬЕ ╨С╨╡╨╖╨╛╨┐╨░╤Б╨╜╤Л╨╣ ╨║╨╛╨╜╤В╨╡╨║╤Б╤В: OK

      at log (src/components/Scanner.tsx:512:15)

  console.log
    ЁЯФД ╨Я╨╛╨╗╤Г╤З╨╡╨╜╨╕╨╡ ╨┤╨╛╤Б╤В╤Г╨┐╨░ ╨║ ╨║╨░╨╝╨╡╤А╨╡...

      at log (src/components/Scanner.tsx:522:17)

  console.log
    ЁЯЪА ╨Э╨░╤З╨╕╨╜╨░╨╡╨╝ ╨┐╤А╨╛╤Ж╨╡╤Б╤Б ╤Б╨║╨░╨╜╨╕╤А╨╛╨▓╨░╨╜╨╕╤П...

      at log (src/components/Scanner.tsx:523:17)

  console.log
    ЁЯУ▒ BarcodeScanner: ╨Э╨░╤З╨╕╨╜╨░╨╡╨╝ ╨┐╤А╨╛╤Ж╨╡╤Б╤Б ╤Б╨║╨░╨╜╨╕╤А╨╛╨▓╨░╨╜╨╕╤П

      at BarcodeScanner.log [as startScanning] (src/lib/scanner.ts:336:15)

  console.log
    ЁЯФН ╨Ш╨╜╤Д╨╛╤А╨╝╨░╤Ж╨╕╤П ╨╛ ╨▒╤А╨░╤Г╨╖╨╡╤А╨╡: {
      userAgent: 'Mozilla/5.0 (win32) AppleWebKit/537.36 (KHTML, like Gecko) jsdom/26.1.0',
      platform: '',
      language: 'en-US',
      cookieEnabled: true,
      onLine: true
    }

      at BarcodeScanner.log [as startScanning] (src/lib/scanner.ts:337:15)

  console.log
    ЁЯФР ╨Я╤А╨╛╨▓╨╡╤А╨║╨░ ╤А╨░╨╖╤А╨╡╤И╨╡╨╜╨╕╨╣ ╨║╨░╨╝╨╡╤А╤Л...

      at BarcodeScanner.log [as startScanning] (src/lib/scanner.ts:346:15)

  console.log
    ЁЯФР ╨б╤В╨░╤В╤Г╤Б ╤А╨░╨╖╤А╨╡╤И╨╡╨╜╨╕╨╣: { granted: true, denied: false, prompt: false }

      at BarcodeScanner.log [as startScanning] (src/lib/scanner.ts:348:15)

  console.log
    тЬЕ MediaDevices API: OK

      at BarcodeScanner.log [as startScanning] (src/lib/scanner.ts:383:15)

  console.log
    тЬЕ getUserMedia: OK

      at BarcodeScanner.log [as startScanning] (src/lib/scanner.ts:401:15)

  console.log
    ЁЯУ╣ ╨Я╨╛╨╕╤Б╨║ ╨┤╨╛╤Б╤В╤Г╨┐╨╜╤Л╤Е ╨║╨░╨╝╨╡╤А...

      at BarcodeScanner.log [as startScanning] (src/lib/scanner.ts:404:15)

  console.log
    ЁЯУ╣ ╨Э╨░╨╣╨┤╨╡╨╜╨╛ ╨║╨░╨╝╨╡╤А: 2 [
      { id: 'camera1', label: 'Back Camera', kind: 'videoinput' },
      { id: 'camera2', label: 'Front Camera', kind: 'videoinput' }
    ]

      at BarcodeScanner.log [as startScanning] (src/lib/scanner.ts:406:15)

  console.log
    ЁЯУ╖ ╨Т╤Л╨▒╤А╨░╨╜╨╜╨░╤П ╨║╨░╨╝╨╡╤А╨░: { label: 'Back Camera', id: 'camera1', source: 'back-camera' }

      at BarcodeScanner.log [as startScanning] (src/lib/scanner.ts:440:15)

  console.log
    ЁЯУ▒ ╨Ь╨╛╨▒╨╕╨╗╤М╨╜╨╛╨╡ ╤Г╤Б╤В╤А╨╛╨╣╤Б╤В╨▓╨╛: false

      at BarcodeScanner.log [as startScanning] (src/lib/scanner.ts:448:15)

  console.log
    ЁЯУ▒ ╨г╤Б╤В╤А╨╛╨╣╤Б╤В╨▓╨╛: ╨Ф╤А╤Г╨│╨╛╨╡, ╨С╤А╨░╤Г╨╖╨╡╤А: ╨Ф╤А╤Г╨│╨╛╨╣

      at BarcodeScanner.log [as getOptimalCameraConstraints] (src/lib/scanner.ts:135:13)

  console.log
    ЁЯОе ╨Э╨░╤Б╤В╤А╨╛╨╣╨║╨╕ ╨║╨░╨╝╨╡╤А╤Л: {
      video: {
        deviceId: { ideal: 'camera1' },
        facingMode: undefined,
        width: { ideal: 1920 },
        height: { ideal: 1080 },
        frameRate: { ideal: 30 }
      }
    }

      at BarcodeScanner.log [as startScanning] (src/lib/scanner.ts:452:15)

  console.log
    ЁЯФН ╨Ч╨░╨┐╤Г╤Б╨║ ╨╜╨╡╨┐╤А╨╡╤А╤Л╨▓╨╜╨╛╨│╨╛ ╨┤╨╡╨║╨╛╨┤╨╕╤А╨╛╨▓╨░╨╜╨╕╤П ╤И╤В╤А╨╕╤Е-╨║╨╛╨┤╨╛╨▓...

      at BarcodeScanner.log [as startScanning] (src/lib/scanner.ts:455:15)

  console.log
    ЁЯз╣ ╨Ю╤З╨╕╤Б╤В╨║╨░ ╤Б╤Г╤Й╨╡╤Б╤В╨▓╤Г╤О╤Й╨╡╨│╨╛ ╨┐╨╛╤В╨╛╨║╨░...

      at BarcodeScanner.log [as startScanning] (src/lib/scanner.ts:458:15)

  console.log
    ЁЯУ║ ╨б╨╛╤Б╤В╨╛╤П╨╜╨╕╨╡ ╨▓╨╕╨┤╨╡╨╛ ╤Н╨╗╨╡╨╝╨╡╨╜╤В╨░: {
      readyState: 0,
      videoWidth: 0,
      videoHeight: 0,
      paused: true,
      ended: false,
      muted: true,
      autoplay: true,
      playsInline: true
    }

      at BarcodeScanner.log [as startScanning] (src/lib/scanner.ts:462:15)

  console.log
    ЁЯФД ╨Ч╨░╨┐╤Г╤Б╨║ ╨┤╨╡╨║╨╛╨┤╨╕╤А╨╛╨▓╨░╨╜╨╕╤П ╤Б ╨╛╨│╤А╨░╨╜╨╕╤З╨╡╨╜╨╕╤П╨╝╨╕...

      at BarcodeScanner.log [as startScanning] (src/lib/scanner.ts:474:15)

  console.log
    ЁЯФД ╨Я╨╛╨┐╤Л╤В╨║╨░ ╨╖╨░╨┐╤Г╤Б╨║╨░ ╤Б optimal ╨╛╨│╤А╨░╨╜╨╕╤З╨╡╨╜╨╕╤П╨╝╨╕: {
      "video": {
        "deviceId": {
          "ideal": "camera1"
        },
        "width": {
          "ideal": 1920
        },
        "height": {
          "ideal": 1080
        },
        "frameRate": {
          "ideal": 30
        }
      }
    }

      at BarcodeScanner.log [as startScanning] (src/lib/scanner.ts:487:19)

  console.log
    ЁЯОе ╨Я╨╛╨╗╤Г╤З╨╡╨╜╨╕╨╡ ╨┐╨╛╤В╨╛╨║╨░ ╤З╨╡╤А╨╡╨╖ getUserMedia...

      at BarcodeScanner.log [as startScanning] (src/lib/scanner.ts:490:19)

  console.log
    тЬЕ ╨Я╨╛╤В╨╛╨║ ╨┐╨╛╨╗╤Г╤З╨╡╨╜: {
      active: undefined,
      id: undefined,
      tracks: [
        {
          kind: undefined,
          label: undefined,
          enabled: undefined,
          readyState: undefined,
          muted: undefined,
          settings: {}
        }
      ]
    }

      at BarcodeScanner.log [as startScanning] (src/lib/scanner.ts:492:19)

  console.log
    ЁЯОм ╨г╤Б╤В╨░╨╜╨╛╨▓╨║╨░ ╨┐╨╛╤В╨╛╨║╨░ ╨▓ ╨▓╨╕╨┤╨╡╨╛ ╤Н╨╗╨╡╨╝╨╡╨╜╤В...

      at BarcodeScanner.log [as startScanning] (src/lib/scanner.ts:515:19)

  console.log
    ЁЯУК ╨Ь╨╡╤В╨░╨┤╨░╨╜╨╜╤Л╨╡ ╨▓╨╕╨┤╨╡╨╛ ╨╖╨░╨│╤А╤Г╨╢╨╡╨╜╤Л: { videoWidth: 0, videoHeight: 0, duration: NaN }

      at HTMLVideoElement.log (src/lib/scanner.ts:538:23)

  console.log
    ЁЯТ╛ ╨б╨╛╤Е╤А╨░╨╜╤П╨╡╨╝ ╤Б╤Б╤Л╨╗╨║╤Г ╨╜╨░ ╨┐╨╛╤В╨╛╨║ ╨┐╨╡╤А╨╡╨┤ ZXing: { streamId: undefined, active: undefined }

      at BarcodeScanner.log [as startScanning] (src/lib/scanner.ts:558:19)

  console.log
    ЁЯУ║ ╨б╨╛╤Б╤В╨╛╤П╨╜╨╕╨╡ ╨▓╨╕╨┤╨╡╨╛ ╨┐╨╛╤Б╨╗╨╡ ╤Г╤Б╤В╨░╨╜╨╛╨▓╨║╨╕ ╨┐╨╛╤В╨╛╨║╨░: {
      readyState: 0,
      videoWidth: 0,
      videoHeight: 0,
      paused: true,
      srcObject: '╤Г╤Б╤В╨░╨╜╨╛╨▓╨╗╨╡╨╜'
    }

      at BarcodeScanner.log [as startScanning] (src/lib/scanner.ts:564:19)

  console.log
    тЦ╢я╕П ╨Ч╨░╨┐╤Г╤Б╨║ ╨▓╨╕╨┤╨╡╨╛...

      at BarcodeScanner.log [as startScanning] (src/lib/scanner.ts:574:21)

  console.log
    тЬЕ ╨Т╨╕╨┤╨╡╨╛ ╤Г╤Б╨┐╨╡╤И╨╜╨╛ ╨╖╨░╨┐╤Г╤Й╨╡╨╜╨╛

      at BarcodeScanner.log [as startScanning] (src/lib/scanner.ts:577:23)

  console.log
    ЁЯФД ╨Э╨░╤Б╤В╤А╨╛╨╣╨║╨░ ╨░╨▓╤В╨╛╨╝╨░╤В╨╕╤З╨╡╤Б╨║╨╛╨│╨╛ ╤Б╨║╨░╨╜╨╕╤А╨╛╨▓╨░╨╜╨╕╤П ╤З╨╡╤А╨╡╨╖ ╨╖╨░╤Е╨▓╨░╤В ╨║╨░╨┤╤А╨╛╨▓...

      at BarcodeScanner.log [as startScanning] (src/lib/scanner.ts:622:21)

  console.log
    ЁЯФД ╨Э╨░╤Б╤В╤А╨╛╨╣╨║╨░ ╨░╨▓╤В╨╛╨╝╨░╤В╨╕╤З╨╡╤Б╨║╨╛╨│╨╛ ╤Б╨║╨░╨╜╨╕╤А╨╛╨▓╨░╨╜╨╕╤П ╨║╨░╨╢╨┤╤Л╨╡ 500╨╝╤Б...

      at BarcodeScanner.log [as setupAutoScanning] (src/lib/scanner.ts:821:13)

  console.log
    тЬЕ ╨Р╨▓╤В╨╛╨╝╨░╤В╨╕╤З╨╡╤Б╨║╨╛╨╡ ╤Б╨║╨░╨╜╨╕╤А╨╛╨▓╨░╨╜╨╕╨╡ ╨╜╨░╤Б╤В╤А╨╛╨╡╨╜╨╛

      at BarcodeScanner.log [as setupAutoScanning] (src/lib/scanner.ts:848:13)

  console.log
    тЬЕ ╨б╨║╨░╨╜╨╕╤А╨╛╨▓╨░╨╜╨╕╨╡ ╨╖╨░╨┐╤Г╤Й╨╡╨╜╨╛ ╤Г╤Б╨┐╨╡╤И╨╜╨╛ ╤Б optimal ╨╛╨│╤А╨░╨╜╨╕╤З╨╡╨╜╨╕╤П╨╝╨╕

      at BarcodeScanner.log [as startScanning] (src/lib/scanner.ts:632:19)

  console.log
    ЁЯУ║ ╨д╨╕╨╜╨░╨╗╤М╨╜╨╛╨╡ ╤Б╨╛╤Б╤В╨╛╤П╨╜╨╕╨╡ ╨▓╨╕╨┤╨╡╨╛: {
      readyState: 4,
      videoWidth: 640,
      videoHeight: 480,
      paused: true,
      srcObject: '╤Г╤Б╤В╨░╨╜╨╛╨▓╨╗╨╡╨╜',
      streamActive: undefined
    }

      at BarcodeScanner.log [as startScanning] (src/lib/scanner.ts:635:19)

  console.log
    тЬЕ ╨Э╨╡╨┐╤А╨╡╤А╤Л╨▓╨╜╨╛╨╡ ╤Б╨║╨░╨╜╨╕╤А╨╛╨▓╨░╨╜╨╕╨╡ ╨╖╨░╨┐╤Г╤Й╨╡╨╜╨╛

      at BarcodeScanner.log [as startScanning] (src/lib/scanner.ts:683:15)

  console.log
    тЬЕ ╨б╨║╨░╨╜╨╕╤А╨╛╨▓╨░╨╜╨╕╨╡ ╨╖╨░╨┐╤Г╤Й╨╡╨╜╨╛ ╤Г╤Б╨┐╨╡╤И╨╜╨╛ - ZXing ╨┤╨╡╨║╨╛╨┤╨╡╤А ╤Г╨┐╤А╨░╨▓╨╗╤П╨╡╤В ╨▓╨╕╨┤╨╡╨╛ ╤Н╨╗╨╡╨╝╨╡╨╜╤В╨╛╨╝

      at log (src/components/Scanner.tsx:535:17)

  console.log
    ЁЯФН ╨Т╨╕╨╖╤Г╨░╨╗╤М╨╜╨░╤П ╨┤╨╡╤В╨╡╨║╤Ж╨╕╤П ╨▓╨║╨╗╤О╤З╨╡╨╜╨░

      at log (src/components/Scanner.tsx:539:17)

  console.log
    ЁЯФж ╨Я╨╛╨┤╨┤╨╡╤А╨╢╨║╨░ ╤Д╨╛╨╜╨░╤А╨╕╨║╨░: ╨Э╨╡╤В

      at log (src/components/Scanner.tsx:546:21)

  console.error
    Error: Not implemented: HTMLCanvasElement.prototype.toDataURL (without installing the canvas npm package)
        at BarcodeScanner.toDataURL [as captureFrame] (D:\Dev\ExoScan\exoscan-web\src\lib\scanner.ts:904:30)
        at captureFrame (D:\Dev\ExoScan\exoscan-web\src\lib\scanner.ts:829:35) {
      type: 'not implemented'
    }

    [0m [90m 902 |[39m
     [90m 903 |[39m       [90m// Create image element from canvas data URL (avoids 0x0 toBlob issues)[39m
    [31m[1m>[22m[39m[90m 904 |[39m       [36mconst[39m dataUrl [33m=[39m canvas[33m.[39mtoDataURL([32m'image/png'[39m)
     [90m     |[39m                              [31m[1m^[22m[39m
     [90m 905 |[39m       [36mconst[39m imageElement [33m=[39m [36mawait[39m [36mnew[39m [33mPromise[39m[33m<[39m[33mHTMLImageElement[39m[33m>[39m((resolve) [33m=>[39m {
     [90m 906 |[39m         [36mconst[39m img [33m=[39m [36mnew[39m [33mImage[39m()
     [90m 907 |[39m         img[33m.[39monload [33m=[39m () [33m=>[39m resolve(img)[0m

      at VirtualConsole.<anonymous> (node_modules/@jest/environment-jsdom-abstract/build/index.js:87:23)
      at module.exports (node_modules/jsdom/lib/jsdom/browser/not-implemented.js:12:26)
      at HTMLCanvasElementImpl.toDataURL (node_modules/jsdom/lib/jsdom/living/nodes/HTMLCanvasElement-impl.js:55:5)
      at HTMLCanvasElement.toDataURL (node_modules/jsdom/lib/jsdom/living/generated/HTMLCanvasElement.js:162:34)
      at BarcodeScanner.toDataURL [as captureFrame] (src/lib/scanner.ts:904:30)
      at captureFrame (src/lib/scanner.ts:829:35)
      at Timeout.task [as _onTimeout] (node_modules/jsdom/lib/jsdom/browser/Window.js:579:19)

  console.log
    ЁЯОп ╨Р╨▓╤В╨╛╤Б╨║╨░╨╜╨╕╤А╨╛╨▓╨░╨╜╨╕╨╡: ╤И╤В╤А╨╕╤Е-╨║╨╛╨┤ ╨╜╨░╨╣╨┤╨╡╨╜: 1234567890123

      at log (src/lib/scanner.ts:831:19)

  console.log
    Scan result: {
      text: '1234567890123',
      format: 'EAN_13',
      timestamp: 2025-10-01T21:19:18.376Z
    }

      at log (src/components/Scanner.tsx:126:13)

  console.error
    Error: Not implemented: HTMLMediaElement.prototype.play
        at play (D:\Dev\ExoScan\exoscan-web\src\components\Scanner.tsx:139:13)
        at onResult (D:\Dev\ExoScan\exoscan-web\src\lib\scanner.ts:625:17)
        at onResult (D:\Dev\ExoScan\exoscan-web\src\lib\scanner.ts:832:11) {
      type: 'not implemented'
    }

    [0m [90m 137 |[39m     [36mtry[39m {
     [90m 138 |[39m       [36mconst[39m audio [33m=[39m [36mnew[39m [33mAudio[39m([32m'data:audio/wav;base64,UklGRnoGAABXQVZFZm10IBAAAAABAAEAQB8AAEAfAAABAAgAZGF0YQoGAACBhYqFbF1fdJivrJBhNjVgodDbq2EcBj+a2/LDciUFLIHO8tiJNwgZaLvt559NEAxQp+PwtmMcBjiR1/LMeSwFJHfH8N2QQAoUXrTp66hVFApGn+DyvmwhBSuBzvLZiTYIG2m98OScTgwOUarm7blmGgU7k9n1unEiBC13yO/eizEIHWq+8+OWT'[39m)
    [31m[1m>[22m[39m[90m 139 |[39m       audio[33m.[39mplay()[33m.[39m[36mcatch[39m(() [33m=>[39m {})
     [90m     |[39m             [31m[1m^[22m[39m
     [90m 140 |[39m     } [36mcatch[39m {
     [90m 141 |[39m       [90m// Audio not supported[39m
     [90m 142 |[39m     }[0m

      at VirtualConsole.<anonymous> (node_modules/@jest/environment-jsdom-abstract/build/index.js:87:23)
      at module.exports (node_modules/jsdom/lib/jsdom/browser/not-implemented.js:12:26)
      at HTMLAudioElementImpl.play (node_modules/jsdom/lib/jsdom/living/nodes/HTMLMediaElement-impl.js:118:5)
      at HTMLAudioElement.play (node_modules/jsdom/lib/jsdom/living/generated/HTMLMediaElement.js:146:60)
      at play (src/components/Scanner.tsx:139:13)
      at onResult (src/lib/scanner.ts:625:17)
      at onResult (src/lib/scanner.ts:832:11)

  console.log
    ЁЯЫС ╨Ю╤Б╤В╨░╨╜╨╛╨▓╨║╨░ ╤Б╨║╨░╨╜╨╕╤А╨╛╨▓╨░╨╜╨╕╤П...

      at BarcodeScanner.log [as stopScanning] (src/lib/scanner.ts:853:15)
          at Array.forEach (<anonymous>)

  console.log
    ЁЯЫС ╨Р╨▓╤В╨╛╤Б╨║╨░╨╜╨╕╤А╨╛╨▓╨░╨╜╨╕╨╡ ╨╛╤Б╤В╨░╨╜╨╛╨▓╨╗╨╡╨╜╨╛

      at BarcodeScanner.log [as stopScanning] (src/lib/scanner.ts:860:17)
          at Array.forEach (<anonymous>)

  console.log
    ЁЯЫС ╨Ю╤Б╤В╨░╨╜╨╛╨▓╨╗╨╡╨╜ ╤В╤А╨╡╨║ ╨║╨░╨╝╨╡╤А╤Л: undefined

      at log (src/lib/scanner.ts:737:19)
          at Array.forEach (<anonymous>)
          at Array.forEach (<anonymous>)

  console.log
    ЁЯз╣ ╨Т╨╕╨┤╨╡╨╛ ╤Н╨╗╨╡╨╝╨╡╨╜╤В ╨╛╤З╨╕╤Й╨╡╨╜

      at BarcodeScanner.log [as stopCurrentStream] (src/lib/scanner.ts:744:17)
          at Array.forEach (<anonymous>)

  console.log
    тЬЕ ╨б╨║╨░╨╜╨╕╤А╨╛╨▓╨░╨╜╨╕╨╡ ╨╛╤Б╤В╨░╨╜╨╛╨▓╨╗╨╡╨╜╨╛

      at BarcodeScanner.log [as stopScanning] (src/lib/scanner.ts:866:15)
          at Array.forEach (<anonymous>)

  console.log
    ЁЯОе ╨Ч╨░╨┐╤Г╤Б╨║ ╤Б╨║╨░╨╜╨╕╤А╨╛╨▓╨░╨╜╨╕╤П...

      at log (src/components/Scanner.tsx:479:15)

  console.log
    ЁЯУ▒ ╨Ш╨╜╤Д╨╛╤А╨╝╨░╤Ж╨╕╤П ╨╛ ╨▓╨╕╨┤╨╡╨╛ ╤Н╨╗╨╡╨╝╨╡╨╜╤В╨╡: {
      element: <ref *1> HTMLVideoElement {
        '__reactFiber$rjg183felv': FiberNode {
          tag: 5,
          key: null,
          elementType: 'video',
          type: 'video',
          stateNode: [Circular *1],
          return: [FiberNode],
          child: null,
          sibling: [FiberNode],
          index: 1,
          ref: [Object],
          refCleanup: null,
          pendingProps: [Object],
          memoizedProps: [Object],
          updateQueue: null,
          memoizedState: null,
          dependencies: null,
          mode: 1,
          flags: 5243392,
          subtreeFlags: 0,
          deletions: null,
          lanes: 0,
          childLanes: 0,
          alternate: null,
          actualDuration: -0,
          actualStartTime: 10330.5448,
          selfBaseDuration: -0,
          treeBaseDuration: -0,
          _debugInfo: null,
          _debugOwner: [FiberNode],
          _debugStack: Error: react-stack-top-frame
              at process.env.NODE_ENV.exports.jsx (D:\Dev\ExoScan\exoscan-web\node_modules\react\cjs\react-jsx-runtime.development.js:337:13)
              at ScannerContent (D:\Dev\ExoScan\exoscan-web\src\components\Scanner.tsx:784:9)
              at Object.react-stack-bottom-frame (D:\Dev\ExoScan\exoscan-web\node_modules\react-dom\cjs\react-dom-client.development.js:23863:20)
              at renderWithHooks (D:\Dev\ExoScan\exoscan-web\node_modules\react-dom\cjs\react-dom-client.development.js:5529:22)
              at updateFunctionComponent (D:\Dev\ExoScan\exoscan-web\node_modules\react-dom\cjs\react-dom-client.development.js:8897:19)
              at beginWork (D:\Dev\ExoScan\exoscan-web\node_modules\react-dom\cjs\react-dom-client.development.js:10522:18)
              at runWithFiberInDEV (D:\Dev\ExoScan\exoscan-web\node_modules\react-dom\cjs\react-dom-client.development.js:1522:13)
              at performUnitOfWork (D:\Dev\ExoScan\exoscan-web\node_modules\react-dom\cjs\react-dom-client.development.js:15140:22)
              at workLoopSync (D:\Dev\ExoScan\exoscan-web\node_modules\react-dom\cjs\react-dom-client.development.js:14956:41)
              at renderRootSync (D:\Dev\ExoScan\exoscan-web\node_modules\react-dom\cjs\react-dom-client.development.js:14936:11)
              at performWorkOnRoot (D:\Dev\ExoScan\exoscan-web\node_modules\react-dom\cjs\react-dom-client.development.js:14419:13)
              at performWorkOnRootViaSchedulerTask (D:\Dev\ExoScan\exoscan-web\node_modules\react-dom\cjs\react-dom-client.development.js:16216:7)
              at flushActQueue (D:\Dev\ExoScan\exoscan-web\node_modules\react\cjs\react.development.js:566:34)
              at process.env.NODE_ENV.exports.act (D:\Dev\ExoScan\exoscan-web\node_modules\react\cjs\react.development.js:859:10)
              at D:\Dev\ExoScan\exoscan-web\node_modules\@testing-library\react\dist\act-compat.js:47:25
              at renderRoot (D:\Dev\ExoScan\exoscan-web\node_modules\@testing-library\react\dist\pure.js:190:26)
              at render (D:\Dev\ExoScan\exoscan-web\node_modules\@testing-library\react\dist\pure.js:292:10)
              at Object.<anonymous> (D:\Dev\ExoScan\exoscan-web\src\components\__tests__\Scanner.integration.test.tsx:431:13)
              at Promise.finally.completed (D:\Dev\ExoScan\exoscan-web\node_modules\jest-circus\build\jestAdapterInit.js:1557:28)
              at new Promise (<anonymous>)
              at callAsyncCircusFn (D:\Dev\ExoScan\exoscan-web\node_modules\jest-circus\build\jestAdapterInit.js:1497:10)
              at _callCircusTest (D:\Dev\ExoScan\exoscan-web\node_modules\jest-circus\build\jestAdapterInit.js:1007:40)
              at _runTest (D:\Dev\ExoScan\exoscan-web\node_modules\jest-circus\build\jestAdapterInit.js:947:3)
              at D:\Dev\ExoScan\exoscan-web\node_modules\jest-circus\build\jestAdapterInit.js:849:7
              at _runTestsForDescribeBlock (D:\Dev\ExoScan\exoscan-web\node_modules\jest-circus\build\jestAdapterInit.js:862:11)
              at _runTestsForDescribeBlock (D:\Dev\ExoScan\exoscan-web\node_modules\jest-circus\build\jestAdapterInit.js:857:11)
              at _runTestsForDescribeBlock (D:\Dev\ExoScan\exoscan-web\node_modules\jest-circus\build\jestAdapterInit.js:857:11)
              at run (D:\Dev\ExoScan\exoscan-web\node_modules\jest-circus\build\jestAdapterInit.js:761:3)
              at runAndTransformResultsToJestFormat (D:\Dev\ExoScan\exoscan-web\node_modules\jest-circus\build\jestAdapterInit.js:1918:21)
              at jestAdapter (D:\Dev\ExoScan\exoscan-web\node_modules\jest-circus\build\runner.js:101:19)
              at runTestInternal (D:\Dev\ExoScan\exoscan-web\node_modules\jest-runner\build\testWorker.js:275:16)
              at runTest (D:\Dev\ExoScan\exoscan-web\node_modules\jest-runner\build\testWorker.js:343:7)
              at Object.worker (D:\Dev\ExoScan\exoscan-web\node_modules\jest-runner\build\testWorker.js:497:12),
          _debugTask: null,
          _debugNeedsRemount: false,
          _debugHookTypes: null
        },
        '__reactProps$rjg183felv': {
          ref: [Object],
          className: 'w-full object-cover transition-transform duration-200 h-80 md:h-96 lg:h-[500px]',
          autoPlay: true,
          playsInline: true,
          muted: true,
          controls: false,
          'webkit-playsinline': 'true',
          onLoadedData: [AsyncFunction: onLoadedData],
          onCanPlay: [AsyncFunction: onCanPlay],
          onClick: [AsyncFunction: onClick],
          onTouchStart: [AsyncFunction: onTouchStart],
          style: [Object]
        },
        '__reactEvents$rjg183felv': Set(24) {
          'abort__bubble',
          'canplay__bubble',
          'canplaythrough__bubble',
          'durationchange__bubble',
          'emptied__bubble',
          'encrypted__bubble',
          'ended__bubble',
          'error__bubble',
          'loadeddata__bubble',
          'loadedmetadata__bubble',
          'loadstart__bubble',
          'pause__bubble',
          'play__bubble',
          'playing__bubble',
          'progress__bubble',
          'ratechange__bubble',
          'resize__bubble',
          'seeked__bubble',
          'seeking__bubble',
          'stalled__bubble',
          'suspend__bubble',
          'timeupdate__bubble',
          'volumechange__bubble',
          'waiting__bubble'
        },
        [Symbol(SameObject caches)]: [Object: null prototype] {
          style: [CSSStyleDeclaration],
          attributes: NamedNodeMap {}
        }
      },
      tagName: 'VIDEO',
      id: '',
      className: 'w-full object-cover transition-transform duration-200 h-80 md:h-96 lg:h-[500px]',
      style: 'transform: scale(1); transform-origin: center center; background-color: rgb(0, 0, 0); min-height: 20rem;',
      attributes: [
        {
          name: 'class',
          value: 'w-full object-cover transition-transform duration-200 h-80 md:h-96 lg:h-[500px]'
        },
        { name: 'autoplay', value: '' },
        { name: 'playsinline', value: '' },
        { name: 'webkit-playsinline', value: 'true' },
        {
          name: 'style',
          value: 'transform: scale(1); transform-origin: center center; background-color: rgb(0, 0, 0); min-height: 20rem;'
        }
      ]
    }

      at log (src/components/Scanner.tsx:480:15)

  console.log
    тЬЕ ╨Я╨╛╨┤╨┤╨╡╤А╨╢╨║╨░ ╨║╨░╨╝╨╡╤А╤Л: OK

      at log (src/components/Scanner.tsx:502:15)

  console.log
    тЬЕ ╨С╨╡╨╖╨╛╨┐╨░╤Б╨╜╤Л╨╣ ╨║╨╛╨╜╤В╨╡╨║╤Б╤В: OK

      at log (src/components/Scanner.tsx:512:15)

  console.log
    ЁЯФД ╨Я╨╛╨╗╤Г╤З╨╡╨╜╨╕╨╡ ╨┤╨╛╤Б╤В╤Г╨┐╨░ ╨║ ╨║╨░╨╝╨╡╤А╨╡...

      at log (src/components/Scanner.tsx:522:17)

  console.log
    ЁЯЪА ╨Э╨░╤З╨╕╨╜╨░╨╡╨╝ ╨┐╤А╨╛╤Ж╨╡╤Б╤Б ╤Б╨║╨░╨╜╨╕╤А╨╛╨▓╨░╨╜╨╕╤П...

      at log (src/components/Scanner.tsx:523:17)

  console.log
    ЁЯУ▒ BarcodeScanner: ╨Э╨░╤З╨╕╨╜╨░╨╡╨╝ ╨┐╤А╨╛╤Ж╨╡╤Б╤Б ╤Б╨║╨░╨╜╨╕╤А╨╛╨▓╨░╨╜╨╕╤П

      at BarcodeScanner.log [as startScanning] (src/lib/scanner.ts:336:15)

  console.log
    ЁЯФН ╨Ш╨╜╤Д╨╛╤А╨╝╨░╤Ж╨╕╤П ╨╛ ╨▒╤А╨░╤Г╨╖╨╡╤А╨╡: {
      userAgent: 'Mozilla/5.0 (win32) AppleWebKit/537.36 (KHTML, like Gecko) jsdom/26.1.0',
      platform: '',
      language: 'en-US',
      cookieEnabled: true,
      onLine: true
    }

      at BarcodeScanner.log [as startScanning] (src/lib/scanner.ts:337:15)

  console.log
    ЁЯФР ╨Я╤А╨╛╨▓╨╡╤А╨║╨░ ╤А╨░╨╖╤А╨╡╤И╨╡╨╜╨╕╨╣ ╨║╨░╨╝╨╡╤А╤Л...

      at BarcodeScanner.log [as startScanning] (src/lib/scanner.ts:346:15)

  console.log
    ЁЯФР ╨б╤В╨░╤В╤Г╤Б ╤А╨░╨╖╤А╨╡╤И╨╡╨╜╨╕╨╣: { granted: true, denied: false, prompt: false }

      at BarcodeScanner.log [as startScanning] (src/lib/scanner.ts:348:15)

  console.log
    тЬЕ MediaDevices API: OK

      at BarcodeScanner.log [as startScanning] (src/lib/scanner.ts:383:15)

  console.log
    тЬЕ getUserMedia: OK

      at BarcodeScanner.log [as startScanning] (src/lib/scanner.ts:401:15)

  console.log
    ЁЯУ╣ ╨Я╨╛╨╕╤Б╨║ ╨┤╨╛╤Б╤В╤Г╨┐╨╜╤Л╤Е ╨║╨░╨╝╨╡╤А...

      at BarcodeScanner.log [as startScanning] (src/lib/scanner.ts:404:15)

  console.log
    ЁЯУ╣ ╨Э╨░╨╣╨┤╨╡╨╜╨╛ ╨║╨░╨╝╨╡╤А: 2 [
      { id: 'camera1', label: 'Back Camera', kind: 'videoinput' },
      { id: 'camera2', label: 'Front Camera', kind: 'videoinput' }
    ]

      at BarcodeScanner.log [as startScanning] (src/lib/scanner.ts:406:15)

  console.log
    ЁЯУ╖ ╨Т╤Л╨▒╤А╨░╨╜╨╜╨░╤П ╨║╨░╨╝╨╡╤А╨░: { label: 'Back Camera', id: 'camera1', source: 'back-camera' }

      at BarcodeScanner.log [as startScanning] (src/lib/scanner.ts:440:15)

  console.log
    ЁЯУ▒ ╨Ь╨╛╨▒╨╕╨╗╤М╨╜╨╛╨╡ ╤Г╤Б╤В╤А╨╛╨╣╤Б╤В╨▓╨╛: false

      at BarcodeScanner.log [as startScanning] (src/lib/scanner.ts:448:15)

  console.log
    ЁЯУ▒ ╨г╤Б╤В╤А╨╛╨╣╤Б╤В╨▓╨╛: ╨Ф╤А╤Г╨│╨╛╨╡, ╨С╤А╨░╤Г╨╖╨╡╤А: ╨Ф╤А╤Г╨│╨╛╨╣

      at BarcodeScanner.log [as getOptimalCameraConstraints] (src/lib/scanner.ts:135:13)

  console.log
    ЁЯОе ╨Э╨░╤Б╤В╤А╨╛╨╣╨║╨╕ ╨║╨░╨╝╨╡╤А╤Л: {
      video: {
        deviceId: { ideal: 'camera1' },
        facingMode: undefined,
        width: { ideal: 1920 },
        height: { ideal: 1080 },
        frameRate: { ideal: 30 }
      }
    }

      at BarcodeScanner.log [as startScanning] (src/lib/scanner.ts:452:15)

  console.log
    ЁЯФН ╨Ч╨░╨┐╤Г╤Б╨║ ╨╜╨╡╨┐╤А╨╡╤А╤Л╨▓╨╜╨╛╨│╨╛ ╨┤╨╡╨║╨╛╨┤╨╕╤А╨╛╨▓╨░╨╜╨╕╤П ╤И╤В╤А╨╕╤Е-╨║╨╛╨┤╨╛╨▓...

      at BarcodeScanner.log [as startScanning] (src/lib/scanner.ts:455:15)

  console.log
    ЁЯз╣ ╨Ю╤З╨╕╤Б╤В╨║╨░ ╤Б╤Г╤Й╨╡╤Б╤В╨▓╤Г╤О╤Й╨╡╨│╨╛ ╨┐╨╛╤В╨╛╨║╨░...

      at BarcodeScanner.log [as startScanning] (src/lib/scanner.ts:458:15)

  console.log
    ЁЯУ║ ╨б╨╛╤Б╤В╨╛╤П╨╜╨╕╨╡ ╨▓╨╕╨┤╨╡╨╛ ╤Н╨╗╨╡╨╝╨╡╨╜╤В╨░: {
      readyState: 0,
      videoWidth: 0,
      videoHeight: 0,
      paused: true,
      ended: false,
      muted: true,
      autoplay: true,
      playsInline: true
    }

      at BarcodeScanner.log [as startScanning] (src/lib/scanner.ts:462:15)

  console.log
    ЁЯФД ╨Ч╨░╨┐╤Г╤Б╨║ ╨┤╨╡╨║╨╛╨┤╨╕╤А╨╛╨▓╨░╨╜╨╕╤П ╤Б ╨╛╨│╤А╨░╨╜╨╕╤З╨╡╨╜╨╕╤П╨╝╨╕...

      at BarcodeScanner.log [as startScanning] (src/lib/scanner.ts:474:15)

  console.log
    ЁЯФД ╨Я╨╛╨┐╤Л╤В╨║╨░ ╨╖╨░╨┐╤Г╤Б╨║╨░ ╤Б optimal ╨╛╨│╤А╨░╨╜╨╕╤З╨╡╨╜╨╕╤П╨╝╨╕: {
      "video": {
        "deviceId": {
          "ideal": "camera1"
        },
        "width": {
          "ideal": 1920
        },
        "height": {
          "ideal": 1080
        },
        "frameRate": {
          "ideal": 30
        }
      }
    }

      at BarcodeScanner.log [as startScanning] (src/lib/scanner.ts:487:19)

  console.log
    ЁЯОе ╨Я╨╛╨╗╤Г╤З╨╡╨╜╨╕╨╡ ╨┐╨╛╤В╨╛╨║╨░ ╤З╨╡╤А╨╡╨╖ getUserMedia...

      at BarcodeScanner.log [as startScanning] (src/lib/scanner.ts:490:19)

  console.log
    тЬЕ ╨Я╨╛╤В╨╛╨║ ╨┐╨╛╨╗╤Г╤З╨╡╨╜: {
      active: undefined,
      id: undefined,
      tracks: [
        {
          kind: 'video',
          label: undefined,
          enabled: undefined,
          readyState: undefined,
          muted: undefined,
          settings: [Object]
        }
      ]
    }

      at BarcodeScanner.log [as startScanning] (src/lib/scanner.ts:492:19)

  console.log
    ЁЯОм ╨г╤Б╤В╨░╨╜╨╛╨▓╨║╨░ ╨┐╨╛╤В╨╛╨║╨░ ╨▓ ╨▓╨╕╨┤╨╡╨╛ ╤Н╨╗╨╡╨╝╨╡╨╜╤В...

      at BarcodeScanner.log [as startScanning] (src/lib/scanner.ts:515:19)

  console.log
    ЁЯУК ╨Ь╨╡╤В╨░╨┤╨░╨╜╨╜╤Л╨╡ ╨▓╨╕╨┤╨╡╨╛ ╨╖╨░╨│╤А╤Г╨╢╨╡╨╜╤Л: { videoWidth: 0, videoHeight: 0, duration: NaN }

      at HTMLVideoElement.log (src/lib/scanner.ts:538:23)

  console.log
    ЁЯТ╛ ╨б╨╛╤Е╤А╨░╨╜╤П╨╡╨╝ ╤Б╤Б╤Л╨╗╨║╤Г ╨╜╨░ ╨┐╨╛╤В╨╛╨║ ╨┐╨╡╤А╨╡╨┤ ZXing: { streamId: undefined, active: undefined }

      at BarcodeScanner.log [as startScanning] (src/lib/scanner.ts:558:19)

  console.log
    ЁЯУ║ ╨б╨╛╤Б╤В╨╛╤П╨╜╨╕╨╡ ╨▓╨╕╨┤╨╡╨╛ ╨┐╨╛╤Б╨╗╨╡ ╤Г╤Б╤В╨░╨╜╨╛╨▓╨║╨╕ ╨┐╨╛╤В╨╛╨║╨░: {
      readyState: 0,
      videoWidth: 0,
      videoHeight: 0,
      paused: true,
      srcObject: '╤Г╤Б╤В╨░╨╜╨╛╨▓╨╗╨╡╨╜'
    }

      at BarcodeScanner.log [as startScanning] (src/lib/scanner.ts:564:19)

  console.log
    тЦ╢я╕П ╨Ч╨░╨┐╤Г╤Б╨║ ╨▓╨╕╨┤╨╡╨╛...

      at BarcodeScanner.log [as startScanning] (src/lib/scanner.ts:574:21)

  console.log
    тЬЕ ╨Т╨╕╨┤╨╡╨╛ ╤Г╤Б╨┐╨╡╤И╨╜╨╛ ╨╖╨░╨┐╤Г╤Й╨╡╨╜╨╛

      at BarcodeScanner.log [as startScanning] (src/lib/scanner.ts:577:23)

  console.log
    ЁЯФД ╨Э╨░╤Б╤В╤А╨╛╨╣╨║╨░ ╨░╨▓╤В╨╛╨╝╨░╤В╨╕╤З╨╡╤Б╨║╨╛╨│╨╛ ╤Б╨║╨░╨╜╨╕╤А╨╛╨▓╨░╨╜╨╕╤П ╤З╨╡╤А╨╡╨╖ ╨╖╨░╤Е╨▓╨░╤В ╨║╨░╨┤╤А╨╛╨▓...

      at BarcodeScanner.log [as startScanning] (src/lib/scanner.ts:622:21)

  console.log
    ЁЯФД ╨Э╨░╤Б╤В╤А╨╛╨╣╨║╨░ ╨░╨▓╤В╨╛╨╝╨░╤В╨╕╤З╨╡╤Б╨║╨╛╨│╨╛ ╤Б╨║╨░╨╜╨╕╤А╨╛╨▓╨░╨╜╨╕╤П ╨║╨░╨╢╨┤╤Л╨╡ 500╨╝╤Б...

      at BarcodeScanner.log [as setupAutoScanning] (src/lib/scanner.ts:821:13)

  console.log
    тЬЕ ╨Р╨▓╤В╨╛╨╝╨░╤В╨╕╤З╨╡╤Б╨║╨╛╨╡ ╤Б╨║╨░╨╜╨╕╤А╨╛╨▓╨░╨╜╨╕╨╡ ╨╜╨░╤Б╤В╤А╨╛╨╡╨╜╨╛

      at BarcodeScanner.log [as setupAutoScanning] (src/lib/scanner.ts:848:13)

  console.log
    тЬЕ ╨б╨║╨░╨╜╨╕╤А╨╛╨▓╨░╨╜╨╕╨╡ ╨╖╨░╨┐╤Г╤Й╨╡╨╜╨╛ ╤Г╤Б╨┐╨╡╤И╨╜╨╛ ╤Б optimal ╨╛╨│╤А╨░╨╜╨╕╤З╨╡╨╜╨╕╤П╨╝╨╕

      at BarcodeScanner.log [as startScanning] (src/lib/scanner.ts:632:19)

  console.log
    ЁЯУ║ ╨д╨╕╨╜╨░╨╗╤М╨╜╨╛╨╡ ╤Б╨╛╤Б╤В╨╛╤П╨╜╨╕╨╡ ╨▓╨╕╨┤╨╡╨╛: {
      readyState: 4,
      videoWidth: 640,
      videoHeight: 480,
      paused: true,
      srcObject: '╤Г╤Б╤В╨░╨╜╨╛╨▓╨╗╨╡╨╜',
      streamActive: undefined
    }

      at BarcodeScanner.log [as startScanning] (src/lib/scanner.ts:635:19)

  console.log
    тЬЕ ╨Э╨╡╨┐╤А╨╡╤А╤Л╨▓╨╜╨╛╨╡ ╤Б╨║╨░╨╜╨╕╤А╨╛╨▓╨░╨╜╨╕╨╡ ╨╖╨░╨┐╤Г╤Й╨╡╨╜╨╛

      at BarcodeScanner.log [as startScanning] (src/lib/scanner.ts:683:15)

  console.log
    тЬЕ ╨б╨║╨░╨╜╨╕╤А╨╛╨▓╨░╨╜╨╕╨╡ ╨╖╨░╨┐╤Г╤Й╨╡╨╜╨╛ ╤Г╤Б╨┐╨╡╤И╨╜╨╛ - ZXing ╨┤╨╡╨║╨╛╨┤╨╡╤А ╤Г╨┐╤А╨░╨▓╨╗╤П╨╡╤В ╨▓╨╕╨┤╨╡╨╛ ╤Н╨╗╨╡╨╝╨╡╨╜╤В╨╛╨╝

      at log (src/components/Scanner.tsx:535:17)

  console.log
    ЁЯФН ╨Т╨╕╨╖╤Г╨░╨╗╤М╨╜╨░╤П ╨┤╨╡╤В╨╡╨║╤Ж╨╕╤П ╨▓╨║╨╗╤О╤З╨╡╨╜╨░

      at log (src/components/Scanner.tsx:539:17)

  console.log
    ЁЯФж ╨Я╨╛╨┤╨┤╨╡╤А╨╢╨║╨░ ╤Д╨╛╨╜╨░╤А╨╕╨║╨░: ╨Э╨╡╤В

      at log (src/components/Scanner.tsx:546:21)

  console.error
    Error: Not implemented: HTMLCanvasElement.prototype.toDataURL (without installing the canvas npm package)
        at BarcodeScanner.toDataURL [as captureFrame] (D:\Dev\ExoScan\exoscan-web\src\lib\scanner.ts:904:30)
        at captureFrame (D:\Dev\ExoScan\exoscan-web\src\lib\scanner.ts:829:35) {
      type: 'not implemented'
    }

    [0m [90m 902 |[39m
     [90m 903 |[39m       [90m// Create image element from canvas data URL (avoids 0x0 toBlob issues)[39m
    [31m[1m>[22m[39m[90m 904 |[39m       [36mconst[39m dataUrl [33m=[39m canvas[33m.[39mtoDataURL([32m'image/png'[39m)
     [90m     |[39m                              [31m[1m^[22m[39m
     [90m 905 |[39m       [36mconst[39m imageElement [33m=[39m [36mawait[39m [36mnew[39m [33mPromise[39m[33m<[39m[33mHTMLImageElement[39m[33m>[39m((resolve) [33m=>[39m {
     [90m 906 |[39m         [36mconst[39m img [33m=[39m [36mnew[39m [33mImage[39m()
     [90m 907 |[39m         img[33m.[39monload [33m=[39m () [33m=>[39m resolve(img)[0m

      at VirtualConsole.<anonymous> (node_modules/@jest/environment-jsdom-abstract/build/index.js:87:23)
      at module.exports (node_modules/jsdom/lib/jsdom/browser/not-implemented.js:12:26)
      at HTMLCanvasElementImpl.toDataURL (node_modules/jsdom/lib/jsdom/living/nodes/HTMLCanvasElement-impl.js:55:5)
      at HTMLCanvasElement.toDataURL (node_modules/jsdom/lib/jsdom/living/generated/HTMLCanvasElement.js:162:34)
      at BarcodeScanner.toDataURL [as captureFrame] (src/lib/scanner.ts:904:30)
      at captureFrame (src/lib/scanner.ts:829:35)
      at Timeout.task [as _onTimeout] (node_modules/jsdom/lib/jsdom/browser/Window.js:579:19)

  console.warn
    тЪая╕П ╨Ю╤И╨╕╨▒╨║╨░ ╨░╨▓╤В╨╛╤Б╨║╨░╨╜╨╕╤А╨╛╨▓╨░╨╜╨╕╤П: Error: Decode failed
        at Object.<anonymous> (D:\Dev\ExoScan\exoscan-web\src\components\__tests__\Scanner.integration.test.tsx:438:52)
        at runNextTicks (node:internal/process/task_queues:65:5)
        at listOnTimeout (node:internal/timers:549:9)
        at processTimers (node:internal/timers:523:7)

    [0m [90m 839 |[39m           [36mreturn[39m
     [90m 840 |[39m         }
    [31m[1m>[22m[39m[90m 841 |[39m         console[33m.[39mwarn([32m'тЪая╕П ╨Ю╤И╨╕╨▒╨║╨░ ╨░╨▓╤В╨╛╤Б╨║╨░╨╜╨╕╤А╨╛╨▓╨░╨╜╨╕╤П:'[39m[33m,[39m error)
     [90m     |[39m                 [31m[1m^[22m[39m
     [90m 842 |[39m         [36mif[39m (onError) {
     [90m 843 |[39m           onError([36mnew[39m [33mError[39m([32m`╨Ю╤И╨╕╨▒╨║╨░ ╤Б╨║╨░╨╜╨╕╤А╨╛╨▓╨░╨╜╨╕╤П: ${msg}`[39m))
     [90m 844 |[39m         }[0m

      at warn (src/lib/scanner.ts:841:17)

  console.error
    Scanner error: Error: ╨Ю╤И╨╕╨▒╨║╨░ ╤Б╨║╨░╨╜╨╕╤А╨╛╨▓╨░╨╜╨╕╤П: Decode failed
        at D:\Dev\ExoScan\exoscan-web\src\lib\scanner.ts:843:19

    [0m [90m 92 |[39m
     [90m 93 |[39m   [36mconst[39m handleError [33m=[39m useCallback((err[33m:[39m [33mError[39m) [33m=>[39m {
    [31m[1m>[22m[39m[90m 94 |[39m     console[33m.[39merror([32m'Scanner error:'[39m[33m,[39m err)
     [90m    |[39m             [31m[1m^[22m[39m
     [90m 95 |[39m     [36mif[39m ([33m![39mmountedRef[33m.[39mcurrent) [36mreturn[39m [90m// ╨Ч╨░╤Й╨╕╤В╨░ ╨╛╤В ╨╛╨▒╨╜╨╛╨▓╨╗╨╡╨╜╨╕╤П ╨┐╨╛╤Б╨╗╨╡ unmount[39m
     [90m 96 |[39m     
     [90m 97 |[39m     [90m// Determine friendly Russian error message expected by integration tests[39m[0m

      at error (src/components/Scanner.tsx:94:13)
      at onError (src/lib/scanner.ts:843:11)

  console.warn
    тЪая╕П ╨Ь╨╛╨╜╨╕╤В╨╛╤А╨╕╨╜╨│: ╨╛╤В╤Б╤Г╤В╤Б╤В╨▓╤Г╨╡╤В ╨┐╨╛╤В╨╛╨║ ╨╕╨╗╨╕ ╨╛╨╜ ╨╜╨╡╨░╨║╤В╨╕╨▓╨╡╨╜ тАФ ╨┐╤А╨╛╨▒╤Г╨╡╨╝ ╨▓╨╛╤Б╤Б╤В╨░╨╜╨╛╨▓╨╕╤В╤М ╨┐╤А╨╕╨▓╤П╨╖╨║╤Г

    [0m [90m 594 |[39m
     [90m 595 |[39m                 [36mif[39m ([33m![39mhasStream [33m||[39m [33m![39mstreamActive) {
    [31m[1m>[22m[39m[90m 596 |[39m                   console[33m.[39mwarn([32m'тЪая╕П ╨Ь╨╛╨╜╨╕╤В╨╛╤А╨╕╨╜╨│: ╨╛╤В╤Б╤Г╤В╤Б╤В╨▓╤Г╨╡╤В ╨┐╨╛╤В╨╛╨║ ╨╕╨╗╨╕ ╨╛╨╜ ╨╜╨╡╨░╨║╤В╨╕╨▓╨╡╨╜ тАФ ╨┐╤А╨╛╨▒╤Г╨╡╨╝ ╨▓╨╛╤Б╤Б╤В╨░╨╜╨╛╨▓╨╕╤В╤М ╨┐╤А╨╕╨▓╤П╨╖╨║╤Г'[39m)
     [90m     |[39m                           [31m[1m^[22m[39m
     [90m 597 |[39m                   [36mconst[39m current [33m=[39m [36mthis[39m[33m.[39mcurrentStream
     [90m 598 |[39m                   [36mif[39m (current) {
     [90m 599 |[39m                     videoElement[33m.[39msrcObject [33m=[39m [36mnull[39m[0m

      at warn (src/lib/scanner.ts:596:27)
      at Timeout.task [as _onTimeout] (node_modules/jsdom/lib/jsdom/browser/Window.js:579:19)

  console.warn
    тЪая╕П ╨Ь╨╛╨╜╨╕╤В╨╛╤А╨╕╨╜╨│: ╨╜╨╡╤В ╨║╨░╨┤╤А╨╛╨▓ ╨╕╨╗╨╕ ╨▓╨╕╨┤╨╡╨╛ ╨╜╨░ ╨┐╨░╤Г╨╖╨╡ тАФ ╨┐╤А╨╛╨▒╤Г╨╡╨╝ ╤Б╨╜╨╛╨▓╨░ play()

    [0m [90m 603 |[39m
     [90m 604 |[39m                 [36mif[39m ([33m![39mhasFrames [33m||[39m isPaused) {
    [31m[1m>[22m[39m[90m 605 |[39m                   console[33m.[39mwarn([32m'тЪая╕П ╨Ь╨╛╨╜╨╕╤В╨╛╤А╨╕╨╜╨│: ╨╜╨╡╤В ╨║╨░╨┤╤А╨╛╨▓ ╨╕╨╗╨╕ ╨▓╨╕╨┤╨╡╨╛ ╨╜╨░ ╨┐╨░╤Г╨╖╨╡ тАФ ╨┐╤А╨╛╨▒╤Г╨╡╨╝ ╤Б╨╜╨╛╨▓╨░ play()'[39m)
     [90m     |[39m                           [31m[1m^[22m[39m
     [90m 606 |[39m                   [36mtry[39m {
     [90m 607 |[39m                     [36mawait[39m videoElement[33m.[39mplay()
     [90m 608 |[39m                   } [36mcatch[39m (e) {[0m

      at warn (src/lib/scanner.ts:605:27)
      at Timeout.task [as _onTimeout] (node_modules/jsdom/lib/jsdom/browser/Window.js:579:19)

  console.error
    Error: Not implemented: HTMLCanvasElement.prototype.toDataURL (without installing the canvas npm package)
        at BarcodeScanner.toDataURL [as captureFrame] (D:\Dev\ExoScan\exoscan-web\src\lib\scanner.ts:904:30)
        at captureFrame (D:\Dev\ExoScan\exoscan-web\src\lib\scanner.ts:829:35) {
      type: 'not implemented'
    }

    [0m [90m 902 |[39m
     [90m 903 |[39m       [90m// Create image element from canvas data URL (avoids 0x0 toBlob issues)[39m
    [31m[1m>[22m[39m[90m 904 |[39m       [36mconst[39m dataUrl [33m=[39m canvas[33m.[39mtoDataURL([32m'image/png'[39m)
     [90m     |[39m                              [31m[1m^[22m[39m
     [90m 905 |[39m       [36mconst[39m imageElement [33m=[39m [36mawait[39m [36mnew[39m [33mPromise[39m[33m<[39m[33mHTMLImageElement[39m[33m>[39m((resolve) [33m=>[39m {
     [90m 906 |[39m         [36mconst[39m img [33m=[39m [36mnew[39m [33mImage[39m()
     [90m 907 |[39m         img[33m.[39monload [33m=[39m () [33m=>[39m resolve(img)[0m

      at VirtualConsole.<anonymous> (node_modules/@jest/environment-jsdom-abstract/build/index.js:87:23)
      at module.exports (node_modules/jsdom/lib/jsdom/browser/not-implemented.js:12:26)
      at HTMLCanvasElementImpl.toDataURL (node_modules/jsdom/lib/jsdom/living/nodes/HTMLCanvasElement-impl.js:55:5)
      at HTMLCanvasElement.toDataURL (node_modules/jsdom/lib/jsdom/living/generated/HTMLCanvasElement.js:162:34)
      at BarcodeScanner.toDataURL [as captureFrame] (src/lib/scanner.ts:904:30)
      at captureFrame (src/lib/scanner.ts:829:35)
      at Timeout.task [as _onTimeout] (node_modules/jsdom/lib/jsdom/browser/Window.js:579:19)

  console.log
    ЁЯОп ╨Р╨▓╤В╨╛╤Б╨║╨░╨╜╨╕╤А╨╛╨▓╨░╨╜╨╕╨╡: ╤И╤В╤А╨╕╤Е-╨║╨╛╨┤ ╨╜╨░╨╣╨┤╨╡╨╜: recovery-barcode

      at log (src/lib/scanner.ts:831:19)

  console.log
    Scan result: {
      text: 'recovery-barcode',
      format: 'EAN_13',
      timestamp: 2025-10-01T21:19:19.984Z
    }

      at log (src/components/Scanner.tsx:126:13)

  console.error
    Error: Not implemented: HTMLMediaElement.prototype.play
        at play (D:\Dev\ExoScan\exoscan-web\src\components\Scanner.tsx:139:13)
        at onResult (D:\Dev\ExoScan\exoscan-web\src\lib\scanner.ts:625:17)
        at onResult (D:\Dev\ExoScan\exoscan-web\src\lib\scanner.ts:832:11) {
      type: 'not implemented'
    }

    [0m [90m 137 |[39m     [36mtry[39m {
     [90m 138 |[39m       [36mconst[39m audio [33m=[39m [36mnew[39m [33mAudio[39m([32m'data:audio/wav;base64,UklGRnoGAABXQVZFZm10IBAAAAABAAEAQB8AAEAfAAABAAgAZGF0YQoGAACBhYqFbF1fdJivrJBhNjVgodDbq2EcBj+a2/LDciUFLIHO8tiJNwgZaLvt559NEAxQp+PwtmMcBjiR1/LMeSwFJHfH8N2QQAoUXrTp66hVFApGn+DyvmwhBSuBzvLZiTYIG2m98OScTgwOUarm7blmGgU7k9n1unEiBC13yO/eizEIHWq+8+OWT'[39m)
    [31m[1m>[22m[39m[90m 139 |[39m       audio[33m.[39mplay()[33m.[39m[36mcatch[39m(() [33m=>[39m {})
     [90m     |[39m             [31m[1m^[22m[39m
     [90m 140 |[39m     } [36mcatch[39m {
     [90m 141 |[39m       [90m// Audio not supported[39m
     [90m 142 |[39m     }[0m

      at VirtualConsole.<anonymous> (node_modules/@jest/environment-jsdom-abstract/build/index.js:87:23)
      at module.exports (node_modules/jsdom/lib/jsdom/browser/not-implemented.js:12:26)
      at HTMLAudioElementImpl.play (node_modules/jsdom/lib/jsdom/living/nodes/HTMLMediaElement-impl.js:118:5)
      at HTMLAudioElement.play (node_modules/jsdom/lib/jsdom/living/generated/HTMLMediaElement.js:146:60)
      at play (src/components/Scanner.tsx:139:13)
      at onResult (src/lib/scanner.ts:625:17)
      at onResult (src/lib/scanner.ts:832:11)

  console.error
    Error: Not implemented: HTMLCanvasElement.prototype.toDataURL (without installing the canvas npm package)
        at BarcodeScanner.toDataURL [as captureFrame] (D:\Dev\ExoScan\exoscan-web\src\lib\scanner.ts:904:30)
        at captureFrame (D:\Dev\ExoScan\exoscan-web\src\lib\scanner.ts:829:35) {
      type: 'not implemented'
    }

    [0m [90m 902 |[39m
     [90m 903 |[39m       [90m// Create image element from canvas data URL (avoids 0x0 toBlob issues)[39m
    [31m[1m>[22m[39m[90m 904 |[39m       [36mconst[39m dataUrl [33m=[39m canvas[33m.[39mtoDataURL([32m'image/png'[39m)
     [90m     |[39m                              [31m[1m^[22m[39m
     [90m 905 |[39m       [36mconst[39m imageElement [33m=[39m [36mawait[39m [36mnew[39m [33mPromise[39m[33m<[39m[33mHTMLImageElement[39m[33m>[39m((resolve) [33m=>[39m {
     [90m 906 |[39m         [36mconst[39m img [33m=[39m [36mnew[39m [33mImage[39m()
     [90m 907 |[39m         img[33m.[39monload [33m=[39m () [33m=>[39m resolve(img)[0m

      at VirtualConsole.<anonymous> (node_modules/@jest/environment-jsdom-abstract/build/index.js:87:23)
      at module.exports (node_modules/jsdom/lib/jsdom/browser/not-implemented.js:12:26)
      at HTMLCanvasElementImpl.toDataURL (node_modules/jsdom/lib/jsdom/living/nodes/HTMLCanvasElement-impl.js:55:5)
      at HTMLCanvasElement.toDataURL (node_modules/jsdom/lib/jsdom/living/generated/HTMLCanvasElement.js:162:34)
      at BarcodeScanner.toDataURL [as captureFrame] (src/lib/scanner.ts:904:30)
      at captureFrame (src/lib/scanner.ts:829:35)
      at Timeout.task [as _onTimeout] (node_modules/jsdom/lib/jsdom/browser/Window.js:579:19)

  console.log
    ЁЯОп ╨Р╨▓╤В╨╛╤Б╨║╨░╨╜╨╕╤А╨╛╨▓╨░╨╜╨╕╨╡: ╤И╤В╤А╨╕╤Е-╨║╨╛╨┤ ╨╜╨░╨╣╨┤╨╡╨╜: recovery-barcode

      at log (src/lib/scanner.ts:831:19)

  console.log
    Scan result: {
      text: 'recovery-barcode',
      format: 'EAN_13',
      timestamp: 2025-10-01T21:19:20.510Z
    }

      at log (src/components/Scanner.tsx:126:13)

  console.error
    Error: Not implemented: HTMLMediaElement.prototype.play
        at play (D:\Dev\ExoScan\exoscan-web\src\components\Scanner.tsx:139:13)
        at onResult (D:\Dev\ExoScan\exoscan-web\src\lib\scanner.ts:625:17)
        at onResult (D:\Dev\ExoScan\exoscan-web\src\lib\scanner.ts:832:11) {
      type: 'not implemented'
    }

    [0m [90m 137 |[39m     [36mtry[39m {
     [90m 138 |[39m       [36mconst[39m audio [33m=[39m [36mnew[39m [33mAudio[39m([32m'data:audio/wav;base64,UklGRnoGAABXQVZFZm10IBAAAAABAAEAQB8AAEAfAAABAAgAZGF0YQoGAACBhYqFbF1fdJivrJBhNjVgodDbq2EcBj+a2/LDciUFLIHO8tiJNwgZaLvt559NEAxQp+PwtmMcBjiR1/LMeSwFJHfH8N2QQAoUXrTp66hVFApGn+DyvmwhBSuBzvLZiTYIG2m98OScTgwOUarm7blmGgU7k9n1unEiBC13yO/eizEIHWq+8+OWT'[39m)
    [31m[1m>[22m[39m[90m 139 |[39m       audio[33m.[39mplay()[33m.[39m[36mcatch[39m(() [33m=>[39m {})
     [90m     |[39m             [31m[1m^[22m[39m
     [90m 140 |[39m     } [36mcatch[39m {
     [90m 141 |[39m       [90m// Audio not supported[39m
     [90m 142 |[39m     }[0m

      at VirtualConsole.<anonymous> (node_modules/@jest/environment-jsdom-abstract/build/index.js:87:23)
      at module.exports (node_modules/jsdom/lib/jsdom/browser/not-implemented.js:12:26)
      at HTMLAudioElementImpl.play (node_modules/jsdom/lib/jsdom/living/nodes/HTMLMediaElement-impl.js:118:5)
      at HTMLAudioElement.play (node_modules/jsdom/lib/jsdom/living/generated/HTMLMediaElement.js:146:60)
      at play (src/components/Scanner.tsx:139:13)
      at onResult (src/lib/scanner.ts:625:17)
      at onResult (src/lib/scanner.ts:832:11)

  console.log
    ЁЯЫС ╨Ю╤Б╤В╨░╨╜╨╛╨▓╨║╨░ ╤Б╨║╨░╨╜╨╕╤А╨╛╨▓╨░╨╜╨╕╤П...

      at BarcodeScanner.log [as stopScanning] (src/lib/scanner.ts:853:15)
          at Array.forEach (<anonymous>)

  console.log
    ЁЯЫС ╨Р╨▓╤В╨╛╤Б╨║╨░╨╜╨╕╤А╨╛╨▓╨░╨╜╨╕╨╡ ╨╛╤Б╤В╨░╨╜╨╛╨▓╨╗╨╡╨╜╨╛

      at BarcodeScanner.log [as stopScanning] (src/lib/scanner.ts:860:17)
          at Array.forEach (<anonymous>)

  console.log
    ЁЯЫС ╨Ю╤Б╤В╨░╨╜╨╛╨▓╨╗╨╡╨╜ ╤В╤А╨╡╨║ ╨║╨░╨╝╨╡╤А╤Л: video

      at log (src/lib/scanner.ts:737:19)
          at Array.forEach (<anonymous>)
          at Array.forEach (<anonymous>)

  console.log
    ЁЯз╣ ╨Т╨╕╨┤╨╡╨╛ ╤Н╨╗╨╡╨╝╨╡╨╜╤В ╨╛╤З╨╕╤Й╨╡╨╜

      at BarcodeScanner.log [as stopCurrentStream] (src/lib/scanner.ts:744:17)
          at Array.forEach (<anonymous>)

  console.log
    тЬЕ ╨б╨║╨░╨╜╨╕╤А╨╛╨▓╨░╨╜╨╕╨╡ ╨╛╤Б╤В╨░╨╜╨╛╨▓╨╗╨╡╨╜╨╛

      at BarcodeScanner.log [as stopScanning] (src/lib/scanner.ts:866:15)
          at Array.forEach (<anonymous>)

  console.log
    ЁЯОе ╨Ч╨░╨┐╤Г╤Б╨║ ╤Б╨║╨░╨╜╨╕╤А╨╛╨▓╨░╨╜╨╕╤П...

      at log (src/components/Scanner.tsx:479:15)

  console.log
    ЁЯУ▒ ╨Ш╨╜╤Д╨╛╤А╨╝╨░╤Ж╨╕╤П ╨╛ ╨▓╨╕╨┤╨╡╨╛ ╤Н╨╗╨╡╨╝╨╡╨╜╤В╨╡: {
      element: <ref *1> HTMLVideoElement {
        '__reactFiber$rjg183felv': FiberNode {
          tag: 5,
          key: null,
          elementType: 'video',
          type: 'video',
          stateNode: [Circular *1],
          return: [FiberNode],
          child: null,
          sibling: [FiberNode],
          index: 1,
          ref: [Object],
          refCleanup: null,
          pendingProps: [Object],
          memoizedProps: [Object],
          updateQueue: null,
          memoizedState: null,
          dependencies: null,
          mode: 1,
          flags: 5243392,
          subtreeFlags: 0,
          deletions: null,
          lanes: 0,
          childLanes: 0,
          alternate: null,
          actualDuration: -0,
          actualStartTime: 12024.9383,
          selfBaseDuration: -0,
          treeBaseDuration: -0,
          _debugInfo: null,
          _debugOwner: [FiberNode],
          _debugStack: Error: react-stack-top-frame
              at process.env.NODE_ENV.exports.jsx (D:\Dev\ExoScan\exoscan-web\node_modules\react\cjs\react-jsx-runtime.development.js:337:13)
              at ScannerContent (D:\Dev\ExoScan\exoscan-web\src\components\Scanner.tsx:784:9)
              at Object.react-stack-bottom-frame (D:\Dev\ExoScan\exoscan-web\node_modules\react-dom\cjs\react-dom-client.development.js:23863:20)
              at renderWithHooks (D:\Dev\ExoScan\exoscan-web\node_modules\react-dom\cjs\react-dom-client.development.js:5529:22)
              at updateFunctionComponent (D:\Dev\ExoScan\exoscan-web\node_modules\react-dom\cjs\react-dom-client.development.js:8897:19)
              at beginWork (D:\Dev\ExoScan\exoscan-web\node_modules\react-dom\cjs\react-dom-client.development.js:10522:18)
              at runWithFiberInDEV (D:\Dev\ExoScan\exoscan-web\node_modules\react-dom\cjs\react-dom-client.development.js:1522:13)
              at performUnitOfWork (D:\Dev\ExoScan\exoscan-web\node_modules\react-dom\cjs\react-dom-client.development.js:15140:22)
              at workLoopSync (D:\Dev\ExoScan\exoscan-web\node_modules\react-dom\cjs\react-dom-client.development.js:14956:41)
              at renderRootSync (D:\Dev\ExoScan\exoscan-web\node_modules\react-dom\cjs\react-dom-client.development.js:14936:11)
              at performWorkOnRoot (D:\Dev\ExoScan\exoscan-web\node_modules\react-dom\cjs\react-dom-client.development.js:14419:13)
              at performWorkOnRootViaSchedulerTask (D:\Dev\ExoScan\exoscan-web\node_modules\react-dom\cjs\react-dom-client.development.js:16216:7)
              at flushActQueue (D:\Dev\ExoScan\exoscan-web\node_modules\react\cjs\react.development.js:566:34)
              at process.env.NODE_ENV.exports.act (D:\Dev\ExoScan\exoscan-web\node_modules\react\cjs\react.development.js:859:10)
              at D:\Dev\ExoScan\exoscan-web\node_modules\@testing-library\react\dist\act-compat.js:47:25
              at renderRoot (D:\Dev\ExoScan\exoscan-web\node_modules\@testing-library\react\dist\pure.js:190:26)
              at render (D:\Dev\ExoScan\exoscan-web\node_modules\@testing-library\react\dist\pure.js:292:10)
              at Object.<anonymous> (D:\Dev\ExoScan\exoscan-web\src\components\__tests__\Scanner.integration.test.tsx:460:13)
              at Promise.finally.completed (D:\Dev\ExoScan\exoscan-web\node_modules\jest-circus\build\jestAdapterInit.js:1557:28)
              at new Promise (<anonymous>)
              at callAsyncCircusFn (D:\Dev\ExoScan\exoscan-web\node_modules\jest-circus\build\jestAdapterInit.js:1497:10)
              at _callCircusTest (D:\Dev\ExoScan\exoscan-web\node_modules\jest-circus\build\jestAdapterInit.js:1007:40)
              at _runTest (D:\Dev\ExoScan\exoscan-web\node_modules\jest-circus\build\jestAdapterInit.js:947:3)
              at D:\Dev\ExoScan\exoscan-web\node_modules\jest-circus\build\jestAdapterInit.js:849:7
              at _runTestsForDescribeBlock (D:\Dev\ExoScan\exoscan-web\node_modules\jest-circus\build\jestAdapterInit.js:862:11)
              at _runTestsForDescribeBlock (D:\Dev\ExoScan\exoscan-web\node_modules\jest-circus\build\jestAdapterInit.js:857:11)
              at _runTestsForDescribeBlock (D:\Dev\ExoScan\exoscan-web\node_modules\jest-circus\build\jestAdapterInit.js:857:11)
              at run (D:\Dev\ExoScan\exoscan-web\node_modules\jest-circus\build\jestAdapterInit.js:761:3)
              at runAndTransformResultsToJestFormat (D:\Dev\ExoScan\exoscan-web\node_modules\jest-circus\build\jestAdapterInit.js:1918:21)
              at jestAdapter (D:\Dev\ExoScan\exoscan-web\node_modules\jest-circus\build\runner.js:101:19)
              at runTestInternal (D:\Dev\ExoScan\exoscan-web\node_modules\jest-runner\build\testWorker.js:275:16)
              at runTest (D:\Dev\ExoScan\exoscan-web\node_modules\jest-runner\build\testWorker.js:343:7)
              at Object.worker (D:\Dev\ExoScan\exoscan-web\node_modules\jest-runner\build\testWorker.js:497:12),
          _debugTask: null,
          _debugNeedsRemount: false,
          _debugHookTypes: null
        },
        '__reactProps$rjg183felv': {
          ref: [Object],
          className: 'w-full object-cover transition-transform duration-200 h-80 md:h-96 lg:h-[500px]',
          autoPlay: true,
          playsInline: true,
          muted: true,
          controls: false,
          'webkit-playsinline': 'true',
          onLoadedData: [AsyncFunction: onLoadedData],
          onCanPlay: [AsyncFunction: onCanPlay],
          onClick: [AsyncFunction: onClick],
          onTouchStart: [AsyncFunction: onTouchStart],
          style: [Object]
        },
        '__reactEvents$rjg183felv': Set(24) {
          'abort__bubble',
          'canplay__bubble',
          'canplaythrough__bubble',
          'durationchange__bubble',
          'emptied__bubble',
          'encrypted__bubble',
          'ended__bubble',
          'error__bubble',
          'loadeddata__bubble',
          'loadedmetadata__bubble',
          'loadstart__bubble',
          'pause__bubble',
          'play__bubble',
          'playing__bubble',
          'progress__bubble',
          'ratechange__bubble',
          'resize__bubble',
          'seeked__bubble',
          'seeking__bubble',
          'stalled__bubble',
          'suspend__bubble',
          'timeupdate__bubble',
          'volumechange__bubble',
          'waiting__bubble'
        },
        [Symbol(SameObject caches)]: [Object: null prototype] {
          style: [CSSStyleDeclaration],
          attributes: NamedNodeMap {}
        }
      },
      tagName: 'VIDEO',
      id: '',
      className: 'w-full object-cover transition-transform duration-200 h-80 md:h-96 lg:h-[500px]',
      style: 'transform: scale(1); transform-origin: center center; background-color: rgb(0, 0, 0); min-height: 20rem;',
      attributes: [
        {
          name: 'class',
          value: 'w-full object-cover transition-transform duration-200 h-80 md:h-96 lg:h-[500px]'
        },
        { name: 'autoplay', value: '' },
        { name: 'playsinline', value: '' },
        { name: 'webkit-playsinline', value: 'true' },
        {
          name: 'style',
          value: 'transform: scale(1); transform-origin: center center; background-color: rgb(0, 0, 0); min-height: 20rem;'
        }
      ]
    }

      at log (src/components/Scanner.tsx:480:15)

  console.log
    тЬЕ ╨Я╨╛╨┤╨┤╨╡╤А╨╢╨║╨░ ╨║╨░╨╝╨╡╤А╤Л: OK

      at log (src/components/Scanner.tsx:502:15)

  console.log
    тЬЕ ╨С╨╡╨╖╨╛╨┐╨░╤Б╨╜╤Л╨╣ ╨║╨╛╨╜╤В╨╡╨║╤Б╤В: OK

      at log (src/components/Scanner.tsx:512:15)

  console.log
    ЁЯФД ╨Я╨╛╨╗╤Г╤З╨╡╨╜╨╕╨╡ ╨┤╨╛╤Б╤В╤Г╨┐╨░ ╨║ ╨║╨░╨╝╨╡╤А╨╡...

      at log (src/components/Scanner.tsx:522:17)

  console.log
    ЁЯЪА ╨Э╨░╤З╨╕╨╜╨░╨╡╨╝ ╨┐╤А╨╛╤Ж╨╡╤Б╤Б ╤Б╨║╨░╨╜╨╕╤А╨╛╨▓╨░╨╜╨╕╤П...

      at log (src/components/Scanner.tsx:523:17)

  console.log
    ЁЯУ▒ BarcodeScanner: ╨Э╨░╤З╨╕╨╜╨░╨╡╨╝ ╨┐╤А╨╛╤Ж╨╡╤Б╤Б ╤Б╨║╨░╨╜╨╕╤А╨╛╨▓╨░╨╜╨╕╤П

      at BarcodeScanner.log [as startScanning] (src/lib/scanner.ts:336:15)

  console.log
    ЁЯФН ╨Ш╨╜╤Д╨╛╤А╨╝╨░╤Ж╨╕╤П ╨╛ ╨▒╤А╨░╤Г╨╖╨╡╤А╨╡: {
      userAgent: 'Mozilla/5.0 (win32) AppleWebKit/537.36 (KHTML, like Gecko) jsdom/26.1.0',
      platform: '',
      language: 'en-US',
      cookieEnabled: true,
      onLine: true
    }

      at BarcodeScanner.log [as startScanning] (src/lib/scanner.ts:337:15)

  console.log
    ЁЯФР ╨Я╤А╨╛╨▓╨╡╤А╨║╨░ ╤А╨░╨╖╤А╨╡╤И╨╡╨╜╨╕╨╣ ╨║╨░╨╝╨╡╤А╤Л...

      at BarcodeScanner.log [as startScanning] (src/lib/scanner.ts:346:15)

  console.log
    ЁЯФР ╨б╤В╨░╤В╤Г╤Б ╤А╨░╨╖╤А╨╡╤И╨╡╨╜╨╕╨╣: { granted: true, denied: false, prompt: false }

      at BarcodeScanner.log [as startScanning] (src/lib/scanner.ts:348:15)

  console.log
    тЬЕ MediaDevices API: OK

      at BarcodeScanner.log [as startScanning] (src/lib/scanner.ts:383:15)

  console.log
    тЬЕ getUserMedia: OK

      at BarcodeScanner.log [as startScanning] (src/lib/scanner.ts:401:15)

  console.log
    ЁЯУ╣ ╨Я╨╛╨╕╤Б╨║ ╨┤╨╛╤Б╤В╤Г╨┐╨╜╤Л╤Е ╨║╨░╨╝╨╡╤А...

      at BarcodeScanner.log [as startScanning] (src/lib/scanner.ts:404:15)

  console.log
    ЁЯУ╣ ╨Э╨░╨╣╨┤╨╡╨╜╨╛ ╨║╨░╨╝╨╡╤А: 2 [
      { id: 'camera1', label: 'Back Camera', kind: 'videoinput' },
      { id: 'camera2', label: 'Front Camera', kind: 'videoinput' }
    ]

      at BarcodeScanner.log [as startScanning] (src/lib/scanner.ts:406:15)

  console.log
    ЁЯУ╖ ╨Т╤Л╨▒╤А╨░╨╜╨╜╨░╤П ╨║╨░╨╝╨╡╤А╨░: { label: 'Back Camera', id: 'camera1', source: 'back-camera' }

      at BarcodeScanner.log [as startScanning] (src/lib/scanner.ts:440:15)

  console.log
    ЁЯУ▒ ╨Ь╨╛╨▒╨╕╨╗╤М╨╜╨╛╨╡ ╤Г╤Б╤В╤А╨╛╨╣╤Б╤В╨▓╨╛: false

      at BarcodeScanner.log [as startScanning] (src/lib/scanner.ts:448:15)

  console.log
    ЁЯУ▒ ╨г╤Б╤В╤А╨╛╨╣╤Б╤В╨▓╨╛: ╨Ф╤А╤Г╨│╨╛╨╡, ╨С╤А╨░╤Г╨╖╨╡╤А: ╨Ф╤А╤Г╨│╨╛╨╣

      at BarcodeScanner.log [as getOptimalCameraConstraints] (src/lib/scanner.ts:135:13)

  console.log
    ЁЯОе ╨Э╨░╤Б╤В╤А╨╛╨╣╨║╨╕ ╨║╨░╨╝╨╡╤А╤Л: {
      video: {
        deviceId: { ideal: 'camera1' },
        facingMode: undefined,
        width: { ideal: 1920 },
        height: { ideal: 1080 },
        frameRate: { ideal: 30 }
      }
    }

      at BarcodeScanner.log [as startScanning] (src/lib/scanner.ts:452:15)

  console.log
    ЁЯФН ╨Ч╨░╨┐╤Г╤Б╨║ ╨╜╨╡╨┐╤А╨╡╤А╤Л╨▓╨╜╨╛╨│╨╛ ╨┤╨╡╨║╨╛╨┤╨╕╤А╨╛╨▓╨░╨╜╨╕╤П ╤И╤В╤А╨╕╤Е-╨║╨╛╨┤╨╛╨▓...

      at BarcodeScanner.log [as startScanning] (src/lib/scanner.ts:455:15)

  console.log
    ЁЯз╣ ╨Ю╤З╨╕╤Б╤В╨║╨░ ╤Б╤Г╤Й╨╡╤Б╤В╨▓╤Г╤О╤Й╨╡╨│╨╛ ╨┐╨╛╤В╨╛╨║╨░...

      at BarcodeScanner.log [as startScanning] (src/lib/scanner.ts:458:15)

  console.log
    ЁЯУ║ ╨б╨╛╤Б╤В╨╛╤П╨╜╨╕╨╡ ╨▓╨╕╨┤╨╡╨╛ ╤Н╨╗╨╡╨╝╨╡╨╜╤В╨░: {
      readyState: 0,
      videoWidth: 0,
      videoHeight: 0,
      paused: true,
      ended: false,
      muted: true,
      autoplay: true,
      playsInline: true
    }

      at BarcodeScanner.log [as startScanning] (src/lib/scanner.ts:462:15)

  console.log
    ЁЯФД ╨Ч╨░╨┐╤Г╤Б╨║ ╨┤╨╡╨║╨╛╨┤╨╕╤А╨╛╨▓╨░╨╜╨╕╤П ╤Б ╨╛╨│╤А╨░╨╜╨╕╤З╨╡╨╜╨╕╤П╨╝╨╕...

      at BarcodeScanner.log [as startScanning] (src/lib/scanner.ts:474:15)

  console.log
    ЁЯФД ╨Я╨╛╨┐╤Л╤В╨║╨░ ╨╖╨░╨┐╤Г╤Б╨║╨░ ╤Б optimal ╨╛╨│╤А╨░╨╜╨╕╤З╨╡╨╜╨╕╤П╨╝╨╕: {
      "video": {
        "deviceId": {
          "ideal": "camera1"
        },
        "width": {
          "ideal": 1920
        },
        "height": {
          "ideal": 1080
        },
        "frameRate": {
          "ideal": 30
        }
      }
    }

      at BarcodeScanner.log [as startScanning] (src/lib/scanner.ts:487:19)

  console.log
    ЁЯОе ╨Я╨╛╨╗╤Г╤З╨╡╨╜╨╕╨╡ ╨┐╨╛╤В╨╛╨║╨░ ╤З╨╡╤А╨╡╨╖ getUserMedia...

      at BarcodeScanner.log [as startScanning] (src/lib/scanner.ts:490:19)

  console.log
    тЬЕ ╨Я╨╛╤В╨╛╨║ ╨┐╨╛╨╗╤Г╤З╨╡╨╜: {
      active: undefined,
      id: undefined,
      tracks: [
        {
          kind: 'video',
          label: undefined,
          enabled: undefined,
          readyState: undefined,
          muted: undefined,
          settings: [Object]
        }
      ]
    }

      at BarcodeScanner.log [as startScanning] (src/lib/scanner.ts:492:19)

  console.log
    ЁЯОм ╨г╤Б╤В╨░╨╜╨╛╨▓╨║╨░ ╨┐╨╛╤В╨╛╨║╨░ ╨▓ ╨▓╨╕╨┤╨╡╨╛ ╤Н╨╗╨╡╨╝╨╡╨╜╤В...

      at BarcodeScanner.log [as startScanning] (src/lib/scanner.ts:515:19)

  console.log
    ЁЯУК ╨Ь╨╡╤В╨░╨┤╨░╨╜╨╜╤Л╨╡ ╨▓╨╕╨┤╨╡╨╛ ╨╖╨░╨│╤А╤Г╨╢╨╡╨╜╤Л: { videoWidth: 0, videoHeight: 0, duration: NaN }

      at HTMLVideoElement.log (src/lib/scanner.ts:538:23)

  console.log
    ЁЯТ╛ ╨б╨╛╤Е╤А╨░╨╜╤П╨╡╨╝ ╤Б╤Б╤Л╨╗╨║╤Г ╨╜╨░ ╨┐╨╛╤В╨╛╨║ ╨┐╨╡╤А╨╡╨┤ ZXing: { streamId: undefined, active: undefined }

      at BarcodeScanner.log [as startScanning] (src/lib/scanner.ts:558:19)

  console.log
    ЁЯУ║ ╨б╨╛╤Б╤В╨╛╤П╨╜╨╕╨╡ ╨▓╨╕╨┤╨╡╨╛ ╨┐╨╛╤Б╨╗╨╡ ╤Г╤Б╤В╨░╨╜╨╛╨▓╨║╨╕ ╨┐╨╛╤В╨╛╨║╨░: {
      readyState: 0,
      videoWidth: 0,
      videoHeight: 0,
      paused: true,
      srcObject: '╤Г╤Б╤В╨░╨╜╨╛╨▓╨╗╨╡╨╜'
    }

      at BarcodeScanner.log [as startScanning] (src/lib/scanner.ts:564:19)

  console.log
    тЦ╢я╕П ╨Ч╨░╨┐╤Г╤Б╨║ ╨▓╨╕╨┤╨╡╨╛...

      at BarcodeScanner.log [as startScanning] (src/lib/scanner.ts:574:21)

  console.log
    тЬЕ ╨Т╨╕╨┤╨╡╨╛ ╤Г╤Б╨┐╨╡╤И╨╜╨╛ ╨╖╨░╨┐╤Г╤Й╨╡╨╜╨╛

      at BarcodeScanner.log [as startScanning] (src/lib/scanner.ts:577:23)

  console.log
    ЁЯФД ╨Э╨░╤Б╤В╤А╨╛╨╣╨║╨░ ╨░╨▓╤В╨╛╨╝╨░╤В╨╕╤З╨╡╤Б╨║╨╛╨│╨╛ ╤Б╨║╨░╨╜╨╕╤А╨╛╨▓╨░╨╜╨╕╤П ╤З╨╡╤А╨╡╨╖ ╨╖╨░╤Е╨▓╨░╤В ╨║╨░╨┤╤А╨╛╨▓...

      at BarcodeScanner.log [as startScanning] (src/lib/scanner.ts:622:21)

  console.log
    ЁЯФД ╨Э╨░╤Б╤В╤А╨╛╨╣╨║╨░ ╨░╨▓╤В╨╛╨╝╨░╤В╨╕╤З╨╡╤Б╨║╨╛╨│╨╛ ╤Б╨║╨░╨╜╨╕╤А╨╛╨▓╨░╨╜╨╕╤П ╨║╨░╨╢╨┤╤Л╨╡ 500╨╝╤Б...

      at BarcodeScanner.log [as setupAutoScanning] (src/lib/scanner.ts:821:13)

  console.log
    тЬЕ ╨Р╨▓╤В╨╛╨╝╨░╤В╨╕╤З╨╡╤Б╨║╨╛╨╡ ╤Б╨║╨░╨╜╨╕╤А╨╛╨▓╨░╨╜╨╕╨╡ ╨╜╨░╤Б╤В╤А╨╛╨╡╨╜╨╛

      at BarcodeScanner.log [as setupAutoScanning] (src/lib/scanner.ts:848:13)

  console.log
    тЬЕ ╨б╨║╨░╨╜╨╕╤А╨╛╨▓╨░╨╜╨╕╨╡ ╨╖╨░╨┐╤Г╤Й╨╡╨╜╨╛ ╤Г╤Б╨┐╨╡╤И╨╜╨╛ ╤Б optimal ╨╛╨│╤А╨░╨╜╨╕╤З╨╡╨╜╨╕╤П╨╝╨╕

      at BarcodeScanner.log [as startScanning] (src/lib/scanner.ts:632:19)

  console.log
    ЁЯУ║ ╨д╨╕╨╜╨░╨╗╤М╨╜╨╛╨╡ ╤Б╨╛╤Б╤В╨╛╤П╨╜╨╕╨╡ ╨▓╨╕╨┤╨╡╨╛: {
      readyState: 4,
      videoWidth: 640,
      videoHeight: 480,
      paused: true,
      srcObject: '╤Г╤Б╤В╨░╨╜╨╛╨▓╨╗╨╡╨╜',
      streamActive: undefined
    }

      at BarcodeScanner.log [as startScanning] (src/lib/scanner.ts:635:19)

  console.log
    тЬЕ ╨Э╨╡╨┐╤А╨╡╤А╤Л╨▓╨╜╨╛╨╡ ╤Б╨║╨░╨╜╨╕╤А╨╛╨▓╨░╨╜╨╕╨╡ ╨╖╨░╨┐╤Г╤Й╨╡╨╜╨╛

      at BarcodeScanner.log [as startScanning] (src/lib/scanner.ts:683:15)

  console.log
    тЬЕ ╨б╨║╨░╨╜╨╕╤А╨╛╨▓╨░╨╜╨╕╨╡ ╨╖╨░╨┐╤Г╤Й╨╡╨╜╨╛ ╤Г╤Б╨┐╨╡╤И╨╜╨╛ - ZXing ╨┤╨╡╨║╨╛╨┤╨╡╤А ╤Г╨┐╤А╨░╨▓╨╗╤П╨╡╤В ╨▓╨╕╨┤╨╡╨╛ ╤Н╨╗╨╡╨╝╨╡╨╜╤В╨╛╨╝

      at log (src/components/Scanner.tsx:535:17)

  console.log
    ЁЯФН ╨Т╨╕╨╖╤Г╨░╨╗╤М╨╜╨░╤П ╨┤╨╡╤В╨╡╨║╤Ж╨╕╤П ╨▓╨║╨╗╤О╤З╨╡╨╜╨░

      at log (src/components/Scanner.tsx:539:17)

  console.log
    ЁЯФж ╨Я╨╛╨┤╨┤╨╡╤А╨╢╨║╨░ ╤Д╨╛╨╜╨░╤А╨╕╨║╨░: ╨Э╨╡╤В

      at log (src/components/Scanner.tsx:546:21)

  console.log
    ЁЯЫС ╨Ю╤Б╤В╨░╨╜╨╛╨▓╨║╨░ ╤Б╨║╨░╨╜╨╕╤А╨╛╨▓╨░╨╜╨╕╤П...

      at BarcodeScanner.log [as stopScanning] (src/lib/scanner.ts:853:15)

  console.log
    ЁЯЫС ╨Р╨▓╤В╨╛╤Б╨║╨░╨╜╨╕╤А╨╛╨▓╨░╨╜╨╕╨╡ ╨╛╤Б╤В╨░╨╜╨╛╨▓╨╗╨╡╨╜╨╛

      at BarcodeScanner.log [as stopScanning] (src/lib/scanner.ts:860:17)

  console.log
    ЁЯЫС ╨Ю╤Б╤В╨░╨╜╨╛╨▓╨╗╨╡╨╜ ╤В╤А╨╡╨║ ╨║╨░╨╝╨╡╤А╤Л: video

      at log (src/lib/scanner.ts:737:19)
          at Array.forEach (<anonymous>)

  console.log
    ЁЯз╣ ╨Т╨╕╨┤╨╡╨╛ ╤Н╨╗╨╡╨╝╨╡╨╜╤В ╨╛╤З╨╕╤Й╨╡╨╜

      at BarcodeScanner.log [as stopCurrentStream] (src/lib/scanner.ts:744:17)

  console.log
    тЬЕ ╨б╨║╨░╨╜╨╕╤А╨╛╨▓╨░╨╜╨╕╨╡ ╨╛╤Б╤В╨░╨╜╨╛╨▓╨╗╨╡╨╜╨╛

      at BarcodeScanner.log [as stopScanning] (src/lib/scanner.ts:866:15)

  console.log
    ЁЯОе ╨Ч╨░╨┐╤Г╤Б╨║ ╤Б╨║╨░╨╜╨╕╤А╨╛╨▓╨░╨╜╨╕╤П...

      at log (src/components/Scanner.tsx:479:15)

  console.log
    ЁЯУ▒ ╨Ш╨╜╤Д╨╛╤А╨╝╨░╤Ж╨╕╤П ╨╛ ╨▓╨╕╨┤╨╡╨╛ ╤Н╨╗╨╡╨╝╨╡╨╜╤В╨╡: {
      element: <ref *1> HTMLVideoElement {
        '__reactFiber$rjg183felv': FiberNode {
          tag: 5,
          key: null,
          elementType: 'video',
          type: 'video',
          stateNode: [Circular *1],
          return: [FiberNode],
          child: null,
          sibling: [FiberNode],
          index: 1,
          ref: [Object],
          refCleanup: null,
          pendingProps: [Object],
          memoizedProps: [Object],
          updateQueue: null,
          memoizedState: null,
          dependencies: null,
          mode: 1,
          flags: 5243392,
          subtreeFlags: 0,
          deletions: null,
          lanes: 0,
          childLanes: 0,
          alternate: null,
          actualDuration: -0,
          actualStartTime: 12343.5623,
          selfBaseDuration: -0,
          treeBaseDuration: -0,
          _debugInfo: null,
          _debugOwner: [FiberNode],
          _debugStack: Error: react-stack-top-frame
              at process.env.NODE_ENV.exports.jsx (D:\Dev\ExoScan\exoscan-web\node_modules\react\cjs\react-jsx-runtime.development.js:337:13)
              at ScannerContent (D:\Dev\ExoScan\exoscan-web\src\components\Scanner.tsx:784:9)
              at Object.react-stack-bottom-frame (D:\Dev\ExoScan\exoscan-web\node_modules\react-dom\cjs\react-dom-client.development.js:23863:20)
              at renderWithHooks (D:\Dev\ExoScan\exoscan-web\node_modules\react-dom\cjs\react-dom-client.development.js:5529:22)
              at updateFunctionComponent (D:\Dev\ExoScan\exoscan-web\node_modules\react-dom\cjs\react-dom-client.development.js:8897:19)
              at beginWork (D:\Dev\ExoScan\exoscan-web\node_modules\react-dom\cjs\react-dom-client.development.js:10522:18)
              at runWithFiberInDEV (D:\Dev\ExoScan\exoscan-web\node_modules\react-dom\cjs\react-dom-client.development.js:1522:13)
              at performUnitOfWork (D:\Dev\ExoScan\exoscan-web\node_modules\react-dom\cjs\react-dom-client.development.js:15140:22)
              at workLoopSync (D:\Dev\ExoScan\exoscan-web\node_modules\react-dom\cjs\react-dom-client.development.js:14956:41)
              at renderRootSync (D:\Dev\ExoScan\exoscan-web\node_modules\react-dom\cjs\react-dom-client.development.js:14936:11)
              at performWorkOnRoot (D:\Dev\ExoScan\exoscan-web\node_modules\react-dom\cjs\react-dom-client.development.js:14419:13)
              at performSyncWorkOnRoot (D:\Dev\ExoScan\exoscan-web\node_modules\react-dom\cjs\react-dom-client.development.js:16231:7)
              at flushSyncWorkAcrossRoots_impl (D:\Dev\ExoScan\exoscan-web\node_modules\react-dom\cjs\react-dom-client.development.js:16079:21)
              at processRootScheduleInMicrotask (D:\Dev\ExoScan\exoscan-web\node_modules\react-dom\cjs\react-dom-client.development.js:16116:7)
              at D:\Dev\ExoScan\exoscan-web\node_modules\react-dom\cjs\react-dom-client.development.js:16241:11
              at flushActQueue (D:\Dev\ExoScan\exoscan-web\node_modules\react\cjs\react.development.js:566:34)
              at process.env.NODE_ENV.exports.act (D:\Dev\ExoScan\exoscan-web\node_modules\react\cjs\react.development.js:859:10)
              at D:\Dev\ExoScan\exoscan-web\node_modules\@testing-library\react\dist\act-compat.js:47:25
              at Object.eventWrapper (D:\Dev\ExoScan\exoscan-web\node_modules\@testing-library\react\dist\pure.js:107:28)
              at Object.wrapEvent (D:\Dev\ExoScan\exoscan-web\node_modules\@testing-library\user-event\dist\cjs\event\wrapEvent.js:6:28)
              at Object.dispatchEvent (D:\Dev\ExoScan\exoscan-web\node_modules\@testing-library\user-event\dist\cjs\event\dispatchEvent.js:45:22)
              at Object.dispatchUIEvent (D:\Dev\ExoScan\exoscan-web\node_modules\@testing-library\user-event\dist\cjs\event\dispatchEvent.js:22:26)
              at Mouse.up (D:\Dev\ExoScan\exoscan-web\node_modules\@testing-library\user-event\dist\cjs\system\pointer\mouse.js:100:30)
              at PointerHost.release (D:\Dev\ExoScan\exoscan-web\node_modules\@testing-library\user-event\dist\cjs\system\pointer\index.js:87:24)
              at pointerAction (D:\Dev\ExoScan\exoscan-web\node_modules\@testing-library\user-event\dist\cjs\pointer\index.js:54:47)
              at Object.pointer (D:\Dev\ExoScan\exoscan-web\node_modules\@testing-library\user-event\dist\cjs\pointer\index.js:27:9)
              at Object.asyncWrapper (D:\Dev\ExoScan\exoscan-web\node_modules\@testing-library\react\dist\pure.js:88:22)
              at Object.<anonymous> (D:\Dev\ExoScan\exoscan-web\src\components\__tests__\Scanner.integration.test.tsx:469:9),
          _debugTask: null,
          _debugNeedsRemount: false,
          _debugHookTypes: null
        },
        '__reactProps$rjg183felv': {
          ref: [Object],
          className: 'w-full object-cover transition-transform duration-200 h-80 md:h-96 lg:h-[500px]',
          autoPlay: true,
          playsInline: true,
          muted: true,
          controls: false,
          'webkit-playsinline': 'true',
          onLoadedData: [AsyncFunction: onLoadedData],
          onCanPlay: [AsyncFunction: onCanPlay],
          onClick: [AsyncFunction: onClick],
          onTouchStart: [AsyncFunction: onTouchStart],
          style: [Object]
        },
        '__reactEvents$rjg183felv': Set(24) {
          'abort__bubble',
          'canplay__bubble',
          'canplaythrough__bubble',
          'durationchange__bubble',
          'emptied__bubble',
          'encrypted__bubble',
          'ended__bubble',
          'error__bubble',
          'loadeddata__bubble',
          'loadedmetadata__bubble',
          'loadstart__bubble',
          'pause__bubble',
          'play__bubble',
          'playing__bubble',
          'progress__bubble',
          'ratechange__bubble',
          'resize__bubble',
          'seeked__bubble',
          'seeking__bubble',
          'stalled__bubble',
          'suspend__bubble',
          'timeupdate__bubble',
          'volumechange__bubble',
          'waiting__bubble'
        },
        [Symbol(SameObject caches)]: [Object: null prototype] {
          style: [CSSStyleDeclaration],
          attributes: NamedNodeMap {}
        }
      },
      tagName: 'VIDEO',
      id: '',
      className: 'w-full object-cover transition-transform duration-200 h-80 md:h-96 lg:h-[500px]',
      style: 'transform: scale(1); transform-origin: center center; background-color: rgb(0, 0, 0); min-height: 20rem;',
      attributes: [
        {
          name: 'class',
          value: 'w-full object-cover transition-transform duration-200 h-80 md:h-96 lg:h-[500px]'
        },
        { name: 'autoplay', value: '' },
        { name: 'playsinline', value: '' },
        { name: 'webkit-playsinline', value: 'true' },
        {
          name: 'style',
          value: 'transform: scale(1); transform-origin: center center; background-color: rgb(0, 0, 0); min-height: 20rem;'
        }
      ]
    }

      at log (src/components/Scanner.tsx:480:15)

  console.log
    тЬЕ ╨Я╨╛╨┤╨┤╨╡╤А╨╢╨║╨░ ╨║╨░╨╝╨╡╤А╤Л: OK

      at log (src/components/Scanner.tsx:502:15)

  console.log
    тЬЕ ╨С╨╡╨╖╨╛╨┐╨░╤Б╨╜╤Л╨╣ ╨║╨╛╨╜╤В╨╡╨║╤Б╤В: OK

      at log (src/components/Scanner.tsx:512:15)

  console.log
    ЁЯФД ╨Я╨╛╨╗╤Г╤З╨╡╨╜╨╕╨╡ ╨┤╨╛╤Б╤В╤Г╨┐╨░ ╨║ ╨║╨░╨╝╨╡╤А╨╡...

      at log (src/components/Scanner.tsx:522:17)

  console.log
    ЁЯЪА ╨Э╨░╤З╨╕╨╜╨░╨╡╨╝ ╨┐╤А╨╛╤Ж╨╡╤Б╤Б ╤Б╨║╨░╨╜╨╕╤А╨╛╨▓╨░╨╜╨╕╤П...

      at log (src/components/Scanner.tsx:523:17)

  console.log
    ЁЯУ▒ BarcodeScanner: ╨Э╨░╤З╨╕╨╜╨░╨╡╨╝ ╨┐╤А╨╛╤Ж╨╡╤Б╤Б ╤Б╨║╨░╨╜╨╕╤А╨╛╨▓╨░╨╜╨╕╤П

      at BarcodeScanner.log [as startScanning] (src/lib/scanner.ts:336:15)

  console.log
    ЁЯФН ╨Ш╨╜╤Д╨╛╤А╨╝╨░╤Ж╨╕╤П ╨╛ ╨▒╤А╨░╤Г╨╖╨╡╤А╨╡: {
      userAgent: 'Mozilla/5.0 (win32) AppleWebKit/537.36 (KHTML, like Gecko) jsdom/26.1.0',
      platform: '',
      language: 'en-US',
      cookieEnabled: true,
      onLine: true
    }

      at BarcodeScanner.log [as startScanning] (src/lib/scanner.ts:337:15)

  console.log
    ЁЯФР ╨Я╤А╨╛╨▓╨╡╤А╨║╨░ ╤А╨░╨╖╤А╨╡╤И╨╡╨╜╨╕╨╣ ╨║╨░╨╝╨╡╤А╤Л...

      at BarcodeScanner.log [as startScanning] (src/lib/scanner.ts:346:15)

  console.log
    ЁЯФР ╨б╤В╨░╤В╤Г╤Б ╤А╨░╨╖╤А╨╡╤И╨╡╨╜╨╕╨╣: { granted: true, denied: false, prompt: false }

      at BarcodeScanner.log [as startScanning] (src/lib/scanner.ts:348:15)

  console.log
    тЬЕ MediaDevices API: OK

      at BarcodeScanner.log [as startScanning] (src/lib/scanner.ts:383:15)

  console.log
    тЬЕ getUserMedia: OK

      at BarcodeScanner.log [as startScanning] (src/lib/scanner.ts:401:15)

  console.log
    ЁЯУ╣ ╨Я╨╛╨╕╤Б╨║ ╨┤╨╛╤Б╤В╤Г╨┐╨╜╤Л╤Е ╨║╨░╨╝╨╡╤А...

      at BarcodeScanner.log [as startScanning] (src/lib/scanner.ts:404:15)

  console.log
    ЁЯУ╣ ╨Э╨░╨╣╨┤╨╡╨╜╨╛ ╨║╨░╨╝╨╡╤А: 2 [
      { id: 'camera1', label: 'Back Camera', kind: 'videoinput' },
      { id: 'camera2', label: 'Front Camera', kind: 'videoinput' }
    ]

      at BarcodeScanner.log [as startScanning] (src/lib/scanner.ts:406:15)

  console.log
    ЁЯУ╖ ╨Т╤Л╨▒╤А╨░╨╜╨╜╨░╤П ╨║╨░╨╝╨╡╤А╨░: { label: 'Back Camera', id: 'camera1', source: 'back-camera' }

      at BarcodeScanner.log [as startScanning] (src/lib/scanner.ts:440:15)

  console.log
    ЁЯУ▒ ╨Ь╨╛╨▒╨╕╨╗╤М╨╜╨╛╨╡ ╤Г╤Б╤В╤А╨╛╨╣╤Б╤В╨▓╨╛: false

      at BarcodeScanner.log [as startScanning] (src/lib/scanner.ts:448:15)

  console.log
    ЁЯУ▒ ╨г╤Б╤В╤А╨╛╨╣╤Б╤В╨▓╨╛: ╨Ф╤А╤Г╨│╨╛╨╡, ╨С╤А╨░╤Г╨╖╨╡╤А: ╨Ф╤А╤Г╨│╨╛╨╣

      at BarcodeScanner.log [as getOptimalCameraConstraints] (src/lib/scanner.ts:135:13)

  console.log
    ЁЯОе ╨Э╨░╤Б╤В╤А╨╛╨╣╨║╨╕ ╨║╨░╨╝╨╡╤А╤Л: {
      video: {
        deviceId: { ideal: 'camera1' },
        facingMode: undefined,
        width: { ideal: 1920 },
        height: { ideal: 1080 },
        frameRate: { ideal: 30 }
      }
    }

      at BarcodeScanner.log [as startScanning] (src/lib/scanner.ts:452:15)

  console.log
    ЁЯФН ╨Ч╨░╨┐╤Г╤Б╨║ ╨╜╨╡╨┐╤А╨╡╤А╤Л╨▓╨╜╨╛╨│╨╛ ╨┤╨╡╨║╨╛╨┤╨╕╤А╨╛╨▓╨░╨╜╨╕╤П ╤И╤В╤А╨╕╤Е-╨║╨╛╨┤╨╛╨▓...

      at BarcodeScanner.log [as startScanning] (src/lib/scanner.ts:455:15)

  console.log
    ЁЯз╣ ╨Ю╤З╨╕╤Б╤В╨║╨░ ╤Б╤Г╤Й╨╡╤Б╤В╨▓╤Г╤О╤Й╨╡╨│╨╛ ╨┐╨╛╤В╨╛╨║╨░...

      at BarcodeScanner.log [as startScanning] (src/lib/scanner.ts:458:15)

  console.log
    ЁЯУ║ ╨б╨╛╤Б╤В╨╛╤П╨╜╨╕╨╡ ╨▓╨╕╨┤╨╡╨╛ ╤Н╨╗╨╡╨╝╨╡╨╜╤В╨░: {
      readyState: 0,
      videoWidth: 0,
      videoHeight: 0,
      paused: true,
      ended: false,
      muted: true,
      autoplay: true,
      playsInline: true
    }

      at BarcodeScanner.log [as startScanning] (src/lib/scanner.ts:462:15)

  console.log
    ЁЯФД ╨Ч╨░╨┐╤Г╤Б╨║ ╨┤╨╡╨║╨╛╨┤╨╕╤А╨╛╨▓╨░╨╜╨╕╤П ╤Б ╨╛╨│╤А╨░╨╜╨╕╤З╨╡╨╜╨╕╤П╨╝╨╕...

      at BarcodeScanner.log [as startScanning] (src/lib/scanner.ts:474:15)

  console.log
    ЁЯФД ╨Я╨╛╨┐╤Л╤В╨║╨░ ╨╖╨░╨┐╤Г╤Б╨║╨░ ╤Б optimal ╨╛╨│╤А╨░╨╜╨╕╤З╨╡╨╜╨╕╤П╨╝╨╕: {
      "video": {
        "deviceId": {
          "ideal": "camera1"
        },
        "width": {
          "ideal": 1920
        },
        "height": {
          "ideal": 1080
        },
        "frameRate": {
          "ideal": 30
        }
      }
    }

      at BarcodeScanner.log [as startScanning] (src/lib/scanner.ts:487:19)

  console.log
    ЁЯОе ╨Я╨╛╨╗╤Г╤З╨╡╨╜╨╕╨╡ ╨┐╨╛╤В╨╛╨║╨░ ╤З╨╡╤А╨╡╨╖ getUserMedia...

      at BarcodeScanner.log [as startScanning] (src/lib/scanner.ts:490:19)

  console.log
    тЬЕ ╨Я╨╛╤В╨╛╨║ ╨┐╨╛╨╗╤Г╤З╨╡╨╜: {
      active: undefined,
      id: undefined,
      tracks: [
        {
          kind: 'video',
          label: undefined,
          enabled: undefined,
          readyState: undefined,
          muted: undefined,
          settings: [Object]
        }
      ]
    }

      at BarcodeScanner.log [as startScanning] (src/lib/scanner.ts:492:19)

  console.log
    ЁЯОм ╨г╤Б╤В╨░╨╜╨╛╨▓╨║╨░ ╨┐╨╛╤В╨╛╨║╨░ ╨▓ ╨▓╨╕╨┤╨╡╨╛ ╤Н╨╗╨╡╨╝╨╡╨╜╤В...

      at BarcodeScanner.log [as startScanning] (src/lib/scanner.ts:515:19)

  console.log
    ЁЯУК ╨Ь╨╡╤В╨░╨┤╨░╨╜╨╜╤Л╨╡ ╨▓╨╕╨┤╨╡╨╛ ╨╖╨░╨│╤А╤Г╨╢╨╡╨╜╤Л: { videoWidth: 0, videoHeight: 0, duration: NaN }

      at HTMLVideoElement.log (src/lib/scanner.ts:538:23)

  console.log
    ЁЯТ╛ ╨б╨╛╤Е╤А╨░╨╜╤П╨╡╨╝ ╤Б╤Б╤Л╨╗╨║╤Г ╨╜╨░ ╨┐╨╛╤В╨╛╨║ ╨┐╨╡╤А╨╡╨┤ ZXing: { streamId: undefined, active: undefined }

      at BarcodeScanner.log [as startScanning] (src/lib/scanner.ts:558:19)

  console.log
    ЁЯУ║ ╨б╨╛╤Б╤В╨╛╤П╨╜╨╕╨╡ ╨▓╨╕╨┤╨╡╨╛ ╨┐╨╛╤Б╨╗╨╡ ╤Г╤Б╤В╨░╨╜╨╛╨▓╨║╨╕ ╨┐╨╛╤В╨╛╨║╨░: {
      readyState: 0,
      videoWidth: 0,
      videoHeight: 0,
      paused: true,
      srcObject: '╤Г╤Б╤В╨░╨╜╨╛╨▓╨╗╨╡╨╜'
    }

      at BarcodeScanner.log [as startScanning] (src/lib/scanner.ts:564:19)

  console.log
    тЦ╢я╕П ╨Ч╨░╨┐╤Г╤Б╨║ ╨▓╨╕╨┤╨╡╨╛...

      at BarcodeScanner.log [as startScanning] (src/lib/scanner.ts:574:21)

  console.log
    тЬЕ ╨Т╨╕╨┤╨╡╨╛ ╤Г╤Б╨┐╨╡╤И╨╜╨╛ ╨╖╨░╨┐╤Г╤Й╨╡╨╜╨╛

      at BarcodeScanner.log [as startScanning] (src/lib/scanner.ts:577:23)

  console.log
    ЁЯФД ╨Э╨░╤Б╤В╤А╨╛╨╣╨║╨░ ╨░╨▓╤В╨╛╨╝╨░╤В╨╕╤З╨╡╤Б╨║╨╛╨│╨╛ ╤Б╨║╨░╨╜╨╕╤А╨╛╨▓╨░╨╜╨╕╤П ╤З╨╡╤А╨╡╨╖ ╨╖╨░╤Е╨▓╨░╤В ╨║╨░╨┤╤А╨╛╨▓...

      at BarcodeScanner.log [as startScanning] (src/lib/scanner.ts:622:21)

  console.log
    ЁЯФД ╨Э╨░╤Б╤В╤А╨╛╨╣╨║╨░ ╨░╨▓╤В╨╛╨╝╨░╤В╨╕╤З╨╡╤Б╨║╨╛╨│╨╛ ╤Б╨║╨░╨╜╨╕╤А╨╛╨▓╨░╨╜╨╕╤П ╨║╨░╨╢╨┤╤Л╨╡ 500╨╝╤Б...

      at BarcodeScanner.log [as setupAutoScanning] (src/lib/scanner.ts:821:13)

  console.log
    тЬЕ ╨Р╨▓╤В╨╛╨╝╨░╤В╨╕╤З╨╡╤Б╨║╨╛╨╡ ╤Б╨║╨░╨╜╨╕╤А╨╛╨▓╨░╨╜╨╕╨╡ ╨╜╨░╤Б╤В╤А╨╛╨╡╨╜╨╛

      at BarcodeScanner.log [as setupAutoScanning] (src/lib/scanner.ts:848:13)

  console.log
    тЬЕ ╨б╨║╨░╨╜╨╕╤А╨╛╨▓╨░╨╜╨╕╨╡ ╨╖╨░╨┐╤Г╤Й╨╡╨╜╨╛ ╤Г╤Б╨┐╨╡╤И╨╜╨╛ ╤Б optimal ╨╛╨│╤А╨░╨╜╨╕╤З╨╡╨╜╨╕╤П╨╝╨╕

      at BarcodeScanner.log [as startScanning] (src/lib/scanner.ts:632:19)

  console.log
    ЁЯУ║ ╨д╨╕╨╜╨░╨╗╤М╨╜╨╛╨╡ ╤Б╨╛╤Б╤В╨╛╤П╨╜╨╕╨╡ ╨▓╨╕╨┤╨╡╨╛: {
      readyState: 4,
      videoWidth: 640,
      videoHeight: 480,
      paused: true,
      srcObject: '╤Г╤Б╤В╨░╨╜╨╛╨▓╨╗╨╡╨╜',
      streamActive: undefined
    }

      at BarcodeScanner.log [as startScanning] (src/lib/scanner.ts:635:19)

  console.log
    тЬЕ ╨Э╨╡╨┐╤А╨╡╤А╤Л╨▓╨╜╨╛╨╡ ╤Б╨║╨░╨╜╨╕╤А╨╛╨▓╨░╨╜╨╕╨╡ ╨╖╨░╨┐╤Г╤Й╨╡╨╜╨╛

      at BarcodeScanner.log [as startScanning] (src/lib/scanner.ts:683:15)

  console.log
    тЬЕ ╨б╨║╨░╨╜╨╕╤А╨╛╨▓╨░╨╜╨╕╨╡ ╨╖╨░╨┐╤Г╤Й╨╡╨╜╨╛ ╤Г╤Б╨┐╨╡╤И╨╜╨╛ - ZXing ╨┤╨╡╨║╨╛╨┤╨╡╤А ╤Г╨┐╤А╨░╨▓╨╗╤П╨╡╤В ╨▓╨╕╨┤╨╡╨╛ ╤Н╨╗╨╡╨╝╨╡╨╜╤В╨╛╨╝

      at log (src/components/Scanner.tsx:535:17)

  console.log
    ЁЯФН ╨Т╨╕╨╖╤Г╨░╨╗╤М╨╜╨░╤П ╨┤╨╡╤В╨╡╨║╤Ж╨╕╤П ╨▓╨║╨╗╤О╤З╨╡╨╜╨░

      at log (src/components/Scanner.tsx:539:17)

  console.log
    ЁЯФж ╨Я╨╛╨┤╨┤╨╡╤А╨╢╨║╨░ ╤Д╨╛╨╜╨░╤А╨╕╨║╨░: ╨Э╨╡╤В

      at log (src/components/Scanner.tsx:546:21)

  console.log
    ЁЯЫС ╨Ю╤Б╤В╨░╨╜╨╛╨▓╨║╨░ ╤Б╨║╨░╨╜╨╕╤А╨╛╨▓╨░╨╜╨╕╤П...

      at BarcodeScanner.log [as stopScanning] (src/lib/scanner.ts:853:15)

  console.log
    ЁЯЫС ╨Р╨▓╤В╨╛╤Б╨║╨░╨╜╨╕╤А╨╛╨▓╨░╨╜╨╕╨╡ ╨╛╤Б╤В╨░╨╜╨╛╨▓╨╗╨╡╨╜╨╛

      at BarcodeScanner.log [as stopScanning] (src/lib/scanner.ts:860:17)

  console.log
    ЁЯЫС ╨Ю╤Б╤В╨░╨╜╨╛╨▓╨╗╨╡╨╜ ╤В╤А╨╡╨║ ╨║╨░╨╝╨╡╤А╤Л: video

      at log (src/lib/scanner.ts:737:19)
          at Array.forEach (<anonymous>)

  console.log
    ЁЯз╣ ╨Т╨╕╨┤╨╡╨╛ ╤Н╨╗╨╡╨╝╨╡╨╜╤В ╨╛╤З╨╕╤Й╨╡╨╜

      at BarcodeScanner.log [as stopCurrentStream] (src/lib/scanner.ts:744:17)

  console.log
    тЬЕ ╨б╨║╨░╨╜╨╕╤А╨╛╨▓╨░╨╜╨╕╨╡ ╨╛╤Б╤В╨░╨╜╨╛╨▓╨╗╨╡╨╜╨╛

      at BarcodeScanner.log [as stopScanning] (src/lib/scanner.ts:866:15)

  console.log
    ЁЯОе ╨Ч╨░╨┐╤Г╤Б╨║ ╤Б╨║╨░╨╜╨╕╤А╨╛╨▓╨░╨╜╨╕╤П...

      at log (src/components/Scanner.tsx:479:15)

  console.log
    ЁЯУ▒ ╨Ш╨╜╤Д╨╛╤А╨╝╨░╤Ж╨╕╤П ╨╛ ╨▓╨╕╨┤╨╡╨╛ ╤Н╨╗╨╡╨╝╨╡╨╜╤В╨╡: {
      element: <ref *1> HTMLVideoElement {
        '__reactFiber$rjg183felv': FiberNode {
          tag: 5,
          key: null,
          elementType: 'video',
          type: 'video',
          stateNode: [Circular *1],
          return: [FiberNode],
          child: null,
          sibling: [FiberNode],
          index: 1,
          ref: [Object],
          refCleanup: null,
          pendingProps: [Object],
          memoizedProps: [Object],
          updateQueue: null,
          memoizedState: null,
          dependencies: null,
          mode: 1,
          flags: 5243392,
          subtreeFlags: 0,
          deletions: null,
          lanes: 0,
          childLanes: 0,
          alternate: null,
          actualDuration: -0,
          actualStartTime: 12528.6338,
          selfBaseDuration: -0,
          treeBaseDuration: -0,
          _debugInfo: null,
          _debugOwner: [FiberNode],
          _debugStack: Error: react-stack-top-frame
              at process.env.NODE_ENV.exports.jsx (D:\Dev\ExoScan\exoscan-web\node_modules\react\cjs\react-jsx-runtime.development.js:337:13)
              at ScannerContent (D:\Dev\ExoScan\exoscan-web\src\components\Scanner.tsx:784:9)
              at Object.react-stack-bottom-frame (D:\Dev\ExoScan\exoscan-web\node_modules\react-dom\cjs\react-dom-client.development.js:23863:20)
              at renderWithHooks (D:\Dev\ExoScan\exoscan-web\node_modules\react-dom\cjs\react-dom-client.development.js:5529:22)
              at updateFunctionComponent (D:\Dev\ExoScan\exoscan-web\node_modules\react-dom\cjs\react-dom-client.development.js:8897:19)
              at beginWork (D:\Dev\ExoScan\exoscan-web\node_modules\react-dom\cjs\react-dom-client.development.js:10522:18)
              at runWithFiberInDEV (D:\Dev\ExoScan\exoscan-web\node_modules\react-dom\cjs\react-dom-client.development.js:1522:13)
              at performUnitOfWork (D:\Dev\ExoScan\exoscan-web\node_modules\react-dom\cjs\react-dom-client.development.js:15140:22)
              at workLoopSync (D:\Dev\ExoScan\exoscan-web\node_modules\react-dom\cjs\react-dom-client.development.js:14956:41)
              at renderRootSync (D:\Dev\ExoScan\exoscan-web\node_modules\react-dom\cjs\react-dom-client.development.js:14936:11)
              at performWorkOnRoot (D:\Dev\ExoScan\exoscan-web\node_modules\react-dom\cjs\react-dom-client.development.js:14419:13)
              at performSyncWorkOnRoot (D:\Dev\ExoScan\exoscan-web\node_modules\react-dom\cjs\react-dom-client.development.js:16231:7)
              at flushSyncWorkAcrossRoots_impl (D:\Dev\ExoScan\exoscan-web\node_modules\react-dom\cjs\react-dom-client.development.js:16079:21)
              at processRootScheduleInMicrotask (D:\Dev\ExoScan\exoscan-web\node_modules\react-dom\cjs\react-dom-client.development.js:16116:7)
              at D:\Dev\ExoScan\exoscan-web\node_modules\react-dom\cjs\react-dom-client.development.js:16241:11
              at flushActQueue (D:\Dev\ExoScan\exoscan-web\node_modules\react\cjs\react.development.js:566:34)
              at process.env.NODE_ENV.exports.act (D:\Dev\ExoScan\exoscan-web\node_modules\react\cjs\react.development.js:859:10)
              at D:\Dev\ExoScan\exoscan-web\node_modules\@testing-library\react\dist\act-compat.js:47:25
              at Object.eventWrapper (D:\Dev\ExoScan\exoscan-web\node_modules\@testing-library\react\dist\pure.js:107:28)
              at Object.wrapEvent (D:\Dev\ExoScan\exoscan-web\node_modules\@testing-library\user-event\dist\cjs\event\wrapEvent.js:6:28)
              at Object.dispatchEvent (D:\Dev\ExoScan\exoscan-web\node_modules\@testing-library\user-event\dist\cjs\event\dispatchEvent.js:45:22)
              at Object.dispatchUIEvent (D:\Dev\ExoScan\exoscan-web\node_modules\@testing-library\user-event\dist\cjs\event\dispatchEvent.js:22:26)
              at Mouse.up (D:\Dev\ExoScan\exoscan-web\node_modules\@testing-library\user-event\dist\cjs\system\pointer\mouse.js:100:30)
              at PointerHost.release (D:\Dev\ExoScan\exoscan-web\node_modules\@testing-library\user-event\dist\cjs\system\pointer\index.js:87:24)
              at pointerAction (D:\Dev\ExoScan\exoscan-web\node_modules\@testing-library\user-event\dist\cjs\pointer\index.js:54:47)
              at Object.pointer (D:\Dev\ExoScan\exoscan-web\node_modules\@testing-library\user-event\dist\cjs\pointer\index.js:27:9)
              at Object.asyncWrapper (D:\Dev\ExoScan\exoscan-web\node_modules\@testing-library\react\dist\pure.js:88:22)
              at Object.<anonymous> (D:\Dev\ExoScan\exoscan-web\src\components\__tests__\Scanner.integration.test.tsx:469:9),
          _debugTask: null,
          _debugNeedsRemount: false,
          _debugHookTypes: null
        },
        '__reactProps$rjg183felv': {
          ref: [Object],
          className: 'w-full object-cover transition-transform duration-200 h-80 md:h-96 lg:h-[500px]',
          autoPlay: true,
          playsInline: true,
          muted: true,
          controls: false,
          'webkit-playsinline': 'true',
          onLoadedData: [AsyncFunction: onLoadedData],
          onCanPlay: [AsyncFunction: onCanPlay],
          onClick: [AsyncFunction: onClick],
          onTouchStart: [AsyncFunction: onTouchStart],
          style: [Object]
        },
        '__reactEvents$rjg183felv': Set(24) {
          'abort__bubble',
          'canplay__bubble',
          'canplaythrough__bubble',
          'durationchange__bubble',
          'emptied__bubble',
          'encrypted__bubble',
          'ended__bubble',
          'error__bubble',
          'loadeddata__bubble',
          'loadedmetadata__bubble',
          'loadstart__bubble',
          'pause__bubble',
          'play__bubble',
          'playing__bubble',
          'progress__bubble',
          'ratechange__bubble',
          'resize__bubble',
          'seeked__bubble',
          'seeking__bubble',
          'stalled__bubble',
          'suspend__bubble',
          'timeupdate__bubble',
          'volumechange__bubble',
          'waiting__bubble'
        },
        [Symbol(SameObject caches)]: [Object: null prototype] {
          style: [CSSStyleDeclaration],
          attributes: NamedNodeMap {}
        }
      },
      tagName: 'VIDEO',
      id: '',
      className: 'w-full object-cover transition-transform duration-200 h-80 md:h-96 lg:h-[500px]',
      style: 'transform: scale(1); transform-origin: center center; background-color: rgb(0, 0, 0); min-height: 20rem;',
      attributes: [
        {
          name: 'class',
          value: 'w-full object-cover transition-transform duration-200 h-80 md:h-96 lg:h-[500px]'
        },
        { name: 'autoplay', value: '' },
        { name: 'playsinline', value: '' },
        { name: 'webkit-playsinline', value: 'true' },
        {
          name: 'style',
          value: 'transform: scale(1); transform-origin: center center; background-color: rgb(0, 0, 0); min-height: 20rem;'
        }
      ]
    }

      at log (src/components/Scanner.tsx:480:15)

  console.log
    тЬЕ ╨Я╨╛╨┤╨┤╨╡╤А╨╢╨║╨░ ╨║╨░╨╝╨╡╤А╤Л: OK

      at log (src/components/Scanner.tsx:502:15)

  console.log
    тЬЕ ╨С╨╡╨╖╨╛╨┐╨░╤Б╨╜╤Л╨╣ ╨║╨╛╨╜╤В╨╡╨║╤Б╤В: OK

      at log (src/components/Scanner.tsx:512:15)

  console.log
    ЁЯФД ╨Я╨╛╨╗╤Г╤З╨╡╨╜╨╕╨╡ ╨┤╨╛╤Б╤В╤Г╨┐╨░ ╨║ ╨║╨░╨╝╨╡╤А╨╡...

      at log (src/components/Scanner.tsx:522:17)

  console.log
    ЁЯЪА ╨Э╨░╤З╨╕╨╜╨░╨╡╨╝ ╨┐╤А╨╛╤Ж╨╡╤Б╤Б ╤Б╨║╨░╨╜╨╕╤А╨╛╨▓╨░╨╜╨╕╤П...

      at log (src/components/Scanner.tsx:523:17)

  console.log
    ЁЯУ▒ BarcodeScanner: ╨Э╨░╤З╨╕╨╜╨░╨╡╨╝ ╨┐╤А╨╛╤Ж╨╡╤Б╤Б ╤Б╨║╨░╨╜╨╕╤А╨╛╨▓╨░╨╜╨╕╤П

      at BarcodeScanner.log [as startScanning] (src/lib/scanner.ts:336:15)

  console.log
    ЁЯФН ╨Ш╨╜╤Д╨╛╤А╨╝╨░╤Ж╨╕╤П ╨╛ ╨▒╤А╨░╤Г╨╖╨╡╤А╨╡: {
      userAgent: 'Mozilla/5.0 (win32) AppleWebKit/537.36 (KHTML, like Gecko) jsdom/26.1.0',
      platform: '',
      language: 'en-US',
      cookieEnabled: true,
      onLine: true
    }

      at BarcodeScanner.log [as startScanning] (src/lib/scanner.ts:337:15)

  console.log
    ЁЯФР ╨Я╤А╨╛╨▓╨╡╤А╨║╨░ ╤А╨░╨╖╤А╨╡╤И╨╡╨╜╨╕╨╣ ╨║╨░╨╝╨╡╤А╤Л...

      at BarcodeScanner.log [as startScanning] (src/lib/scanner.ts:346:15)

  console.log
    ЁЯФР ╨б╤В╨░╤В╤Г╤Б ╤А╨░╨╖╤А╨╡╤И╨╡╨╜╨╕╨╣: { granted: true, denied: false, prompt: false }

      at BarcodeScanner.log [as startScanning] (src/lib/scanner.ts:348:15)

  console.log
    тЬЕ MediaDevices API: OK

      at BarcodeScanner.log [as startScanning] (src/lib/scanner.ts:383:15)

  console.log
    тЬЕ getUserMedia: OK

      at BarcodeScanner.log [as startScanning] (src/lib/scanner.ts:401:15)

  console.log
    ЁЯУ╣ ╨Я╨╛╨╕╤Б╨║ ╨┤╨╛╤Б╤В╤Г╨┐╨╜╤Л╤Е ╨║╨░╨╝╨╡╤А...

      at BarcodeScanner.log [as startScanning] (src/lib/scanner.ts:404:15)

  console.log
    ЁЯУ╣ ╨Э╨░╨╣╨┤╨╡╨╜╨╛ ╨║╨░╨╝╨╡╤А: 2 [
      { id: 'camera1', label: 'Back Camera', kind: 'videoinput' },
      { id: 'camera2', label: 'Front Camera', kind: 'videoinput' }
    ]

      at BarcodeScanner.log [as startScanning] (src/lib/scanner.ts:406:15)

  console.log
    ЁЯУ╖ ╨Т╤Л╨▒╤А╨░╨╜╨╜╨░╤П ╨║╨░╨╝╨╡╤А╨░: { label: 'Back Camera', id: 'camera1', source: 'back-camera' }

      at BarcodeScanner.log [as startScanning] (src/lib/scanner.ts:440:15)

  console.log
    ЁЯУ▒ ╨Ь╨╛╨▒╨╕╨╗╤М╨╜╨╛╨╡ ╤Г╤Б╤В╤А╨╛╨╣╤Б╤В╨▓╨╛: false

      at BarcodeScanner.log [as startScanning] (src/lib/scanner.ts:448:15)

  console.log
    ЁЯУ▒ ╨г╤Б╤В╤А╨╛╨╣╤Б╤В╨▓╨╛: ╨Ф╤А╤Г╨│╨╛╨╡, ╨С╤А╨░╤Г╨╖╨╡╤А: ╨Ф╤А╤Г╨│╨╛╨╣

      at BarcodeScanner.log [as getOptimalCameraConstraints] (src/lib/scanner.ts:135:13)

  console.log
    ЁЯОе ╨Э╨░╤Б╤В╤А╨╛╨╣╨║╨╕ ╨║╨░╨╝╨╡╤А╤Л: {
      video: {
        deviceId: { ideal: 'camera1' },
        facingMode: undefined,
        width: { ideal: 1920 },
        height: { ideal: 1080 },
        frameRate: { ideal: 30 }
      }
    }

      at BarcodeScanner.log [as startScanning] (src/lib/scanner.ts:452:15)

  console.log
    ЁЯФН ╨Ч╨░╨┐╤Г╤Б╨║ ╨╜╨╡╨┐╤А╨╡╤А╤Л╨▓╨╜╨╛╨│╨╛ ╨┤╨╡╨║╨╛╨┤╨╕╤А╨╛╨▓╨░╨╜╨╕╤П ╤И╤В╤А╨╕╤Е-╨║╨╛╨┤╨╛╨▓...

      at BarcodeScanner.log [as startScanning] (src/lib/scanner.ts:455:15)

  console.log
    ЁЯз╣ ╨Ю╤З╨╕╤Б╤В╨║╨░ ╤Б╤Г╤Й╨╡╤Б╤В╨▓╤Г╤О╤Й╨╡╨│╨╛ ╨┐╨╛╤В╨╛╨║╨░...

      at BarcodeScanner.log [as startScanning] (src/lib/scanner.ts:458:15)

  console.log
    ЁЯУ║ ╨б╨╛╤Б╤В╨╛╤П╨╜╨╕╨╡ ╨▓╨╕╨┤╨╡╨╛ ╤Н╨╗╨╡╨╝╨╡╨╜╤В╨░: {
      readyState: 0,
      videoWidth: 0,
      videoHeight: 0,
      paused: true,
      ended: false,
      muted: true,
      autoplay: true,
      playsInline: true
    }

      at BarcodeScanner.log [as startScanning] (src/lib/scanner.ts:462:15)

  console.log
    ЁЯФД ╨Ч╨░╨┐╤Г╤Б╨║ ╨┤╨╡╨║╨╛╨┤╨╕╤А╨╛╨▓╨░╨╜╨╕╤П ╤Б ╨╛╨│╤А╨░╨╜╨╕╤З╨╡╨╜╨╕╤П╨╝╨╕...

      at BarcodeScanner.log [as startScanning] (src/lib/scanner.ts:474:15)

  console.log
    ЁЯФД ╨Я╨╛╨┐╤Л╤В╨║╨░ ╨╖╨░╨┐╤Г╤Б╨║╨░ ╤Б optimal ╨╛╨│╤А╨░╨╜╨╕╤З╨╡╨╜╨╕╤П╨╝╨╕: {
      "video": {
        "deviceId": {
          "ideal": "camera1"
        },
        "width": {
          "ideal": 1920
        },
        "height": {
          "ideal": 1080
        },
        "frameRate": {
          "ideal": 30
        }
      }
    }

      at BarcodeScanner.log [as startScanning] (src/lib/scanner.ts:487:19)

  console.log
    ЁЯОе ╨Я╨╛╨╗╤Г╤З╨╡╨╜╨╕╨╡ ╨┐╨╛╤В╨╛╨║╨░ ╤З╨╡╤А╨╡╨╖ getUserMedia...

      at BarcodeScanner.log [as startScanning] (src/lib/scanner.ts:490:19)

  console.log
    тЬЕ ╨Я╨╛╤В╨╛╨║ ╨┐╨╛╨╗╤Г╤З╨╡╨╜: {
      active: undefined,
      id: undefined,
      tracks: [
        {
          kind: 'video',
          label: undefined,
          enabled: undefined,
          readyState: undefined,
          muted: undefined,
          settings: [Object]
        }
      ]
    }

      at BarcodeScanner.log [as startScanning] (src/lib/scanner.ts:492:19)

  console.log
    ЁЯОм ╨г╤Б╤В╨░╨╜╨╛╨▓╨║╨░ ╨┐╨╛╤В╨╛╨║╨░ ╨▓ ╨▓╨╕╨┤╨╡╨╛ ╤Н╨╗╨╡╨╝╨╡╨╜╤В...

      at BarcodeScanner.log [as startScanning] (src/lib/scanner.ts:515:19)

  console.log
    ЁЯУК ╨Ь╨╡╤В╨░╨┤╨░╨╜╨╜╤Л╨╡ ╨▓╨╕╨┤╨╡╨╛ ╨╖╨░╨│╤А╤Г╨╢╨╡╨╜╤Л: { videoWidth: 0, videoHeight: 0, duration: NaN }

      at HTMLVideoElement.log (src/lib/scanner.ts:538:23)

  console.log
    ЁЯТ╛ ╨б╨╛╤Е╤А╨░╨╜╤П╨╡╨╝ ╤Б╤Б╤Л╨╗╨║╤Г ╨╜╨░ ╨┐╨╛╤В╨╛╨║ ╨┐╨╡╤А╨╡╨┤ ZXing: { streamId: undefined, active: undefined }

      at BarcodeScanner.log [as startScanning] (src/lib/scanner.ts:558:19)

  console.log
    ЁЯУ║ ╨б╨╛╤Б╤В╨╛╤П╨╜╨╕╨╡ ╨▓╨╕╨┤╨╡╨╛ ╨┐╨╛╤Б╨╗╨╡ ╤Г╤Б╤В╨░╨╜╨╛╨▓╨║╨╕ ╨┐╨╛╤В╨╛╨║╨░: {
      readyState: 0,
      videoWidth: 0,
      videoHeight: 0,
      paused: true,
      srcObject: '╤Г╤Б╤В╨░╨╜╨╛╨▓╨╗╨╡╨╜'
    }

      at BarcodeScanner.log [as startScanning] (src/lib/scanner.ts:564:19)

  console.log
    тЦ╢я╕П ╨Ч╨░╨┐╤Г╤Б╨║ ╨▓╨╕╨┤╨╡╨╛...

      at BarcodeScanner.log [as startScanning] (src/lib/scanner.ts:574:21)

  console.log
    тЬЕ ╨Т╨╕╨┤╨╡╨╛ ╤Г╤Б╨┐╨╡╤И╨╜╨╛ ╨╖╨░╨┐╤Г╤Й╨╡╨╜╨╛

      at BarcodeScanner.log [as startScanning] (src/lib/scanner.ts:577:23)

  console.log
    ЁЯФД ╨Э╨░╤Б╤В╤А╨╛╨╣╨║╨░ ╨░╨▓╤В╨╛╨╝╨░╤В╨╕╤З╨╡╤Б╨║╨╛╨│╨╛ ╤Б╨║╨░╨╜╨╕╤А╨╛╨▓╨░╨╜╨╕╤П ╤З╨╡╤А╨╡╨╖ ╨╖╨░╤Е╨▓╨░╤В ╨║╨░╨┤╤А╨╛╨▓...

      at BarcodeScanner.log [as startScanning] (src/lib/scanner.ts:622:21)

  console.log
    ЁЯФД ╨Э╨░╤Б╤В╤А╨╛╨╣╨║╨░ ╨░╨▓╤В╨╛╨╝╨░╤В╨╕╤З╨╡╤Б╨║╨╛╨│╨╛ ╤Б╨║╨░╨╜╨╕╤А╨╛╨▓╨░╨╜╨╕╤П ╨║╨░╨╢╨┤╤Л╨╡ 500╨╝╤Б...

      at BarcodeScanner.log [as setupAutoScanning] (src/lib/scanner.ts:821:13)

  console.log
    тЬЕ ╨Р╨▓╤В╨╛╨╝╨░╤В╨╕╤З╨╡╤Б╨║╨╛╨╡ ╤Б╨║╨░╨╜╨╕╤А╨╛╨▓╨░╨╜╨╕╨╡ ╨╜╨░╤Б╤В╤А╨╛╨╡╨╜╨╛

      at BarcodeScanner.log [as setupAutoScanning] (src/lib/scanner.ts:848:13)

  console.log
    тЬЕ ╨б╨║╨░╨╜╨╕╤А╨╛╨▓╨░╨╜╨╕╨╡ ╨╖╨░╨┐╤Г╤Й╨╡╨╜╨╛ ╤Г╤Б╨┐╨╡╤И╨╜╨╛ ╤Б optimal ╨╛╨│╤А╨░╨╜╨╕╤З╨╡╨╜╨╕╤П╨╝╨╕

      at BarcodeScanner.log [as startScanning] (src/lib/scanner.ts:632:19)

  console.log
    ЁЯУ║ ╨д╨╕╨╜╨░╨╗╤М╨╜╨╛╨╡ ╤Б╨╛╤Б╤В╨╛╤П╨╜╨╕╨╡ ╨▓╨╕╨┤╨╡╨╛: {
      readyState: 4,
      videoWidth: 640,
      videoHeight: 480,
      paused: true,
      srcObject: '╤Г╤Б╤В╨░╨╜╨╛╨▓╨╗╨╡╨╜',
      streamActive: undefined
    }

      at BarcodeScanner.log [as startScanning] (src/lib/scanner.ts:635:19)

  console.log
    тЬЕ ╨Э╨╡╨┐╤А╨╡╤А╤Л╨▓╨╜╨╛╨╡ ╤Б╨║╨░╨╜╨╕╤А╨╛╨▓╨░╨╜╨╕╨╡ ╨╖╨░╨┐╤Г╤Й╨╡╨╜╨╛

      at BarcodeScanner.log [as startScanning] (src/lib/scanner.ts:683:15)

  console.log
    тЬЕ ╨б╨║╨░╨╜╨╕╤А╨╛╨▓╨░╨╜╨╕╨╡ ╨╖╨░╨┐╤Г╤Й╨╡╨╜╨╛ ╤Г╤Б╨┐╨╡╤И╨╜╨╛ - ZXing ╨┤╨╡╨║╨╛╨┤╨╡╤А ╤Г╨┐╤А╨░╨▓╨╗╤П╨╡╤В ╨▓╨╕╨┤╨╡╨╛ ╤Н╨╗╨╡╨╝╨╡╨╜╤В╨╛╨╝

      at log (src/components/Scanner.tsx:535:17)

  console.log
    ЁЯФН ╨Т╨╕╨╖╤Г╨░╨╗╤М╨╜╨░╤П ╨┤╨╡╤В╨╡╨║╤Ж╨╕╤П ╨▓╨║╨╗╤О╤З╨╡╨╜╨░

      at log (src/components/Scanner.tsx:539:17)

  console.log
    ЁЯФж ╨Я╨╛╨┤╨┤╨╡╤А╨╢╨║╨░ ╤Д╨╛╨╜╨░╤А╨╕╨║╨░: ╨Э╨╡╤В

      at log (src/components/Scanner.tsx:546:21)

  console.log
    ЁЯЫС ╨Ю╤Б╤В╨░╨╜╨╛╨▓╨║╨░ ╤Б╨║╨░╨╜╨╕╤А╨╛╨▓╨░╨╜╨╕╤П...

      at BarcodeScanner.log [as stopScanning] (src/lib/scanner.ts:853:15)
          at Array.forEach (<anonymous>)

  console.log
    ЁЯЫС ╨Р╨▓╤В╨╛╤Б╨║╨░╨╜╨╕╤А╨╛╨▓╨░╨╜╨╕╨╡ ╨╛╤Б╤В╨░╨╜╨╛╨▓╨╗╨╡╨╜╨╛

      at BarcodeScanner.log [as stopScanning] (src/lib/scanner.ts:860:17)
          at Array.forEach (<anonymous>)

  console.log
    ЁЯЫС ╨Ю╤Б╤В╨░╨╜╨╛╨▓╨╗╨╡╨╜ ╤В╤А╨╡╨║ ╨║╨░╨╝╨╡╤А╤Л: video

      at log (src/lib/scanner.ts:737:19)
          at Array.forEach (<anonymous>)
          at Array.forEach (<anonymous>)

  console.log
    ЁЯз╣ ╨Т╨╕╨┤╨╡╨╛ ╤Н╨╗╨╡╨╝╨╡╨╜╤В ╨╛╤З╨╕╤Й╨╡╨╜

      at BarcodeScanner.log [as stopCurrentStream] (src/lib/scanner.ts:744:17)
          at Array.forEach (<anonymous>)

  console.log
    тЬЕ ╨б╨║╨░╨╜╨╕╤А╨╛╨▓╨░╨╜╨╕╨╡ ╨╛╤Б╤В╨░╨╜╨╛╨▓╨╗╨╡╨╜╨╛

      at BarcodeScanner.log [as stopScanning] (src/lib/scanner.ts:866:15)
          at Array.forEach (<anonymous>)

  console.log
    ЁЯОе ╨Ч╨░╨┐╤Г╤Б╨║ ╤Б╨║╨░╨╜╨╕╤А╨╛╨▓╨░╨╜╨╕╤П...

      at log (src/components/Scanner.tsx:479:15)

  console.log
    ЁЯУ▒ ╨Ш╨╜╤Д╨╛╤А╨╝╨░╤Ж╨╕╤П ╨╛ ╨▓╨╕╨┤╨╡╨╛ ╤Н╨╗╨╡╨╝╨╡╨╜╤В╨╡: {
      element: <ref *1> HTMLVideoElement {
        '__reactFiber$rjg183felv': FiberNode {
          tag: 5,
          key: null,
          elementType: 'video',
          type: 'video',
          stateNode: [Circular *1],
          return: [FiberNode],
          child: null,
          sibling: [FiberNode],
          index: 1,
          ref: [Object],
          refCleanup: null,
          pendingProps: [Object],
          memoizedProps: [Object],
          updateQueue: null,
          memoizedState: null,
          dependencies: null,
          mode: 1,
          flags: 5243392,
          subtreeFlags: 0,
          deletions: null,
          lanes: 0,
          childLanes: 0,
          alternate: null,
          actualDuration: -0,
          actualStartTime: 12716.0738,
          selfBaseDuration: -0,
          treeBaseDuration: -0,
          _debugInfo: null,
          _debugOwner: [FiberNode],
          _debugStack: Error: react-stack-top-frame
              at process.env.NODE_ENV.exports.jsx (D:\Dev\ExoScan\exoscan-web\node_modules\react\cjs\react-jsx-runtime.development.js:337:13)
              at ScannerContent (D:\Dev\ExoScan\exoscan-web\src\components\Scanner.tsx:784:9)
              at Object.react-stack-bottom-frame (D:\Dev\ExoScan\exoscan-web\node_modules\react-dom\cjs\react-dom-client.development.js:23863:20)
              at renderWithHooks (D:\Dev\ExoScan\exoscan-web\node_modules\react-dom\cjs\react-dom-client.development.js:5529:22)
              at updateFunctionComponent (D:\Dev\ExoScan\exoscan-web\node_modules\react-dom\cjs\react-dom-client.development.js:8897:19)
              at beginWork (D:\Dev\ExoScan\exoscan-web\node_modules\react-dom\cjs\react-dom-client.development.js:10522:18)
              at runWithFiberInDEV (D:\Dev\ExoScan\exoscan-web\node_modules\react-dom\cjs\react-dom-client.development.js:1522:13)
              at performUnitOfWork (D:\Dev\ExoScan\exoscan-web\node_modules\react-dom\cjs\react-dom-client.development.js:15140:22)
              at workLoopSync (D:\Dev\ExoScan\exoscan-web\node_modules\react-dom\cjs\react-dom-client.development.js:14956:41)
              at renderRootSync (D:\Dev\ExoScan\exoscan-web\node_modules\react-dom\cjs\react-dom-client.development.js:14936:11)
              at performWorkOnRoot (D:\Dev\ExoScan\exoscan-web\node_modules\react-dom\cjs\react-dom-client.development.js:14419:13)
              at performWorkOnRootViaSchedulerTask (D:\Dev\ExoScan\exoscan-web\node_modules\react-dom\cjs\react-dom-client.development.js:16216:7)
              at flushActQueue (D:\Dev\ExoScan\exoscan-web\node_modules\react\cjs\react.development.js:566:34)
              at process.env.NODE_ENV.exports.act (D:\Dev\ExoScan\exoscan-web\node_modules\react\cjs\react.development.js:859:10)
              at D:\Dev\ExoScan\exoscan-web\node_modules\@testing-library\react\dist\act-compat.js:47:25
              at renderRoot (D:\Dev\ExoScan\exoscan-web\node_modules\@testing-library\react\dist\pure.js:190:26)
              at render (D:\Dev\ExoScan\exoscan-web\node_modules\@testing-library\react\dist\pure.js:292:10)
              at Object.<anonymous> (D:\Dev\ExoScan\exoscan-web\src\components\__tests__\Scanner.integration.test.tsx:483:13)
              at Promise.finally.completed (D:\Dev\ExoScan\exoscan-web\node_modules\jest-circus\build\jestAdapterInit.js:1557:28)
              at new Promise (<anonymous>)
              at callAsyncCircusFn (D:\Dev\ExoScan\exoscan-web\node_modules\jest-circus\build\jestAdapterInit.js:1497:10)
              at _callCircusTest (D:\Dev\ExoScan\exoscan-web\node_modules\jest-circus\build\jestAdapterInit.js:1007:40)
              at _runTest (D:\Dev\ExoScan\exoscan-web\node_modules\jest-circus\build\jestAdapterInit.js:947:3)
              at D:\Dev\ExoScan\exoscan-web\node_modules\jest-circus\build\jestAdapterInit.js:849:7
              at _runTestsForDescribeBlock (D:\Dev\ExoScan\exoscan-web\node_modules\jest-circus\build\jestAdapterInit.js:862:11)
              at _runTestsForDescribeBlock (D:\Dev\ExoScan\exoscan-web\node_modules\jest-circus\build\jestAdapterInit.js:857:11)
              at _runTestsForDescribeBlock (D:\Dev\ExoScan\exoscan-web\node_modules\jest-circus\build\jestAdapterInit.js:857:11)
              at run (D:\Dev\ExoScan\exoscan-web\node_modules\jest-circus\build\jestAdapterInit.js:761:3)
              at runAndTransformResultsToJestFormat (D:\Dev\ExoScan\exoscan-web\node_modules\jest-circus\build\jestAdapterInit.js:1918:21)
              at jestAdapter (D:\Dev\ExoScan\exoscan-web\node_modules\jest-circus\build\runner.js:101:19)
              at runTestInternal (D:\Dev\ExoScan\exoscan-web\node_modules\jest-runner\build\testWorker.js:275:16)
              at runTest (D:\Dev\ExoScan\exoscan-web\node_modules\jest-runner\build\testWorker.js:343:7)
              at Object.worker (D:\Dev\ExoScan\exoscan-web\node_modules\jest-runner\build\testWorker.js:497:12),
          _debugTask: null,
          _debugNeedsRemount: false,
          _debugHookTypes: null
        },
        '__reactProps$rjg183felv': {
          ref: [Object],
          className: 'w-full object-cover transition-transform duration-200 h-80 md:h-96 lg:h-[500px]',
          autoPlay: true,
          playsInline: true,
          muted: true,
          controls: false,
          'webkit-playsinline': 'true',
          onLoadedData: [AsyncFunction: onLoadedData],
          onCanPlay: [AsyncFunction: onCanPlay],
          onClick: [AsyncFunction: onClick],
          onTouchStart: [AsyncFunction: onTouchStart],
          style: [Object]
        },
        '__reactEvents$rjg183felv': Set(24) {
          'abort__bubble',
          'canplay__bubble',
          'canplaythrough__bubble',
          'durationchange__bubble',
          'emptied__bubble',
          'encrypted__bubble',
          'ended__bubble',
          'error__bubble',
          'loadeddata__bubble',
          'loadedmetadata__bubble',
          'loadstart__bubble',
          'pause__bubble',
          'play__bubble',
          'playing__bubble',
          'progress__bubble',
          'ratechange__bubble',
          'resize__bubble',
          'seeked__bubble',
          'seeking__bubble',
          'stalled__bubble',
          'suspend__bubble',
          'timeupdate__bubble',
          'volumechange__bubble',
          'waiting__bubble'
        },
        [Symbol(SameObject caches)]: [Object: null prototype] {
          style: [CSSStyleDeclaration],
          attributes: NamedNodeMap {}
        }
      },
      tagName: 'VIDEO',
      id: '',
      className: 'w-full object-cover transition-transform duration-200 h-80 md:h-96 lg:h-[500px]',
      style: 'transform: scale(1); transform-origin: center center; background-color: rgb(0, 0, 0); min-height: 20rem;',
      attributes: [
        {
          name: 'class',
          value: 'w-full object-cover transition-transform duration-200 h-80 md:h-96 lg:h-[500px]'
        },
        { name: 'autoplay', value: '' },
        { name: 'playsinline', value: '' },
        { name: 'webkit-playsinline', value: 'true' },
        {
          name: 'style',
          value: 'transform: scale(1); transform-origin: center center; background-color: rgb(0, 0, 0); min-height: 20rem;'
        }
      ]
    }

      at log (src/components/Scanner.tsx:480:15)

  console.log
    тЬЕ ╨Я╨╛╨┤╨┤╨╡╤А╨╢╨║╨░ ╨║╨░╨╝╨╡╤А╤Л: OK

      at log (src/components/Scanner.tsx:502:15)

  console.log
    тЬЕ ╨С╨╡╨╖╨╛╨┐╨░╤Б╨╜╤Л╨╣ ╨║╨╛╨╜╤В╨╡╨║╤Б╤В: OK

      at log (src/components/Scanner.tsx:512:15)

  console.log
    ЁЯФД ╨Я╨╛╨╗╤Г╤З╨╡╨╜╨╕╨╡ ╨┤╨╛╤Б╤В╤Г╨┐╨░ ╨║ ╨║╨░╨╝╨╡╤А╨╡...

      at log (src/components/Scanner.tsx:522:17)

  console.log
    ЁЯЪА ╨Э╨░╤З╨╕╨╜╨░╨╡╨╝ ╨┐╤А╨╛╤Ж╨╡╤Б╤Б ╤Б╨║╨░╨╜╨╕╤А╨╛╨▓╨░╨╜╨╕╤П...

      at log (src/components/Scanner.tsx:523:17)

  console.log
    ЁЯУ▒ BarcodeScanner: ╨Э╨░╤З╨╕╨╜╨░╨╡╨╝ ╨┐╤А╨╛╤Ж╨╡╤Б╤Б ╤Б╨║╨░╨╜╨╕╤А╨╛╨▓╨░╨╜╨╕╤П

      at BarcodeScanner.log [as startScanning] (src/lib/scanner.ts:336:15)

  console.log
    ЁЯФН ╨Ш╨╜╤Д╨╛╤А╨╝╨░╤Ж╨╕╤П ╨╛ ╨▒╤А╨░╤Г╨╖╨╡╤А╨╡: {
      userAgent: 'Mozilla/5.0 (win32) AppleWebKit/537.36 (KHTML, like Gecko) jsdom/26.1.0',
      platform: '',
      language: 'en-US',
      cookieEnabled: true,
      onLine: true
    }

      at BarcodeScanner.log [as startScanning] (src/lib/scanner.ts:337:15)

  console.log
    ЁЯФР ╨Я╤А╨╛╨▓╨╡╤А╨║╨░ ╤А╨░╨╖╤А╨╡╤И╨╡╨╜╨╕╨╣ ╨║╨░╨╝╨╡╤А╤Л...

      at BarcodeScanner.log [as startScanning] (src/lib/scanner.ts:346:15)

  console.log
    ЁЯФР ╨б╤В╨░╤В╤Г╤Б ╤А╨░╨╖╤А╨╡╤И╨╡╨╜╨╕╨╣: { granted: true, denied: false, prompt: false }

      at BarcodeScanner.log [as startScanning] (src/lib/scanner.ts:348:15)

  console.log
    тЬЕ MediaDevices API: OK

      at BarcodeScanner.log [as startScanning] (src/lib/scanner.ts:383:15)

  console.log
    тЬЕ getUserMedia: OK

      at BarcodeScanner.log [as startScanning] (src/lib/scanner.ts:401:15)

  console.log
    ЁЯУ╣ ╨Я╨╛╨╕╤Б╨║ ╨┤╨╛╤Б╤В╤Г╨┐╨╜╤Л╤Е ╨║╨░╨╝╨╡╤А...

      at BarcodeScanner.log [as startScanning] (src/lib/scanner.ts:404:15)

  console.log
    ЁЯУ╣ ╨Э╨░╨╣╨┤╨╡╨╜╨╛ ╨║╨░╨╝╨╡╤А: 2 [
      { id: 'camera1', label: 'Back Camera', kind: 'videoinput' },
      { id: 'camera2', label: 'Front Camera', kind: 'videoinput' }
    ]

      at BarcodeScanner.log [as startScanning] (src/lib/scanner.ts:406:15)

  console.log
    ЁЯУ╖ ╨Т╤Л╨▒╤А╨░╨╜╨╜╨░╤П ╨║╨░╨╝╨╡╤А╨░: { label: 'Back Camera', id: 'camera1', source: 'back-camera' }

      at BarcodeScanner.log [as startScanning] (src/lib/scanner.ts:440:15)

  console.log
    ЁЯУ▒ ╨Ь╨╛╨▒╨╕╨╗╤М╨╜╨╛╨╡ ╤Г╤Б╤В╤А╨╛╨╣╤Б╤В╨▓╨╛: false

      at BarcodeScanner.log [as startScanning] (src/lib/scanner.ts:448:15)

  console.log
    ЁЯУ▒ ╨г╤Б╤В╤А╨╛╨╣╤Б╤В╨▓╨╛: ╨Ф╤А╤Г╨│╨╛╨╡, ╨С╤А╨░╤Г╨╖╨╡╤А: ╨Ф╤А╤Г╨│╨╛╨╣

      at BarcodeScanner.log [as getOptimalCameraConstraints] (src/lib/scanner.ts:135:13)

  console.log
    ЁЯОе ╨Э╨░╤Б╤В╤А╨╛╨╣╨║╨╕ ╨║╨░╨╝╨╡╤А╤Л: {
      video: {
        deviceId: { ideal: 'camera1' },
        facingMode: undefined,
        width: { ideal: 1920 },
        height: { ideal: 1080 },
        frameRate: { ideal: 30 }
      }
    }

      at BarcodeScanner.log [as startScanning] (src/lib/scanner.ts:452:15)

  console.log
    ЁЯФН ╨Ч╨░╨┐╤Г╤Б╨║ ╨╜╨╡╨┐╤А╨╡╤А╤Л╨▓╨╜╨╛╨│╨╛ ╨┤╨╡╨║╨╛╨┤╨╕╤А╨╛╨▓╨░╨╜╨╕╤П ╤И╤В╤А╨╕╤Е-╨║╨╛╨┤╨╛╨▓...

      at BarcodeScanner.log [as startScanning] (src/lib/scanner.ts:455:15)

  console.log
    ЁЯз╣ ╨Ю╤З╨╕╤Б╤В╨║╨░ ╤Б╤Г╤Й╨╡╤Б╤В╨▓╤Г╤О╤Й╨╡╨│╨╛ ╨┐╨╛╤В╨╛╨║╨░...

      at BarcodeScanner.log [as startScanning] (src/lib/scanner.ts:458:15)

  console.log
    ЁЯУ║ ╨б╨╛╤Б╤В╨╛╤П╨╜╨╕╨╡ ╨▓╨╕╨┤╨╡╨╛ ╤Н╨╗╨╡╨╝╨╡╨╜╤В╨░: {
      readyState: 0,
      videoWidth: 0,
      videoHeight: 0,
      paused: true,
      ended: false,
      muted: true,
      autoplay: true,
      playsInline: true
    }

      at BarcodeScanner.log [as startScanning] (src/lib/scanner.ts:462:15)

  console.log
    ЁЯФД ╨Ч╨░╨┐╤Г╤Б╨║ ╨┤╨╡╨║╨╛╨┤╨╕╤А╨╛╨▓╨░╨╜╨╕╤П ╤Б ╨╛╨│╤А╨░╨╜╨╕╤З╨╡╨╜╨╕╤П╨╝╨╕...

      at BarcodeScanner.log [as startScanning] (src/lib/scanner.ts:474:15)

  console.log
    ЁЯФД ╨Я╨╛╨┐╤Л╤В╨║╨░ ╨╖╨░╨┐╤Г╤Б╨║╨░ ╤Б optimal ╨╛╨│╤А╨░╨╜╨╕╤З╨╡╨╜╨╕╤П╨╝╨╕: {
      "video": {
        "deviceId": {
          "ideal": "camera1"
        },
        "width": {
          "ideal": 1920
        },
        "height": {
          "ideal": 1080
        },
        "frameRate": {
          "ideal": 30
        }
      }
    }

      at BarcodeScanner.log [as startScanning] (src/lib/scanner.ts:487:19)

  console.log
    ЁЯОе ╨Я╨╛╨╗╤Г╤З╨╡╨╜╨╕╨╡ ╨┐╨╛╤В╨╛╨║╨░ ╤З╨╡╤А╨╡╨╖ getUserMedia...

      at BarcodeScanner.log [as startScanning] (src/lib/scanner.ts:490:19)

  console.log
    тЬЕ ╨Я╨╛╤В╨╛╨║ ╨┐╨╛╨╗╤Г╤З╨╡╨╜: {
      active: undefined,
      id: undefined,
      tracks: [
        {
          kind: 'video',
          label: undefined,
          enabled: undefined,
          readyState: undefined,
          muted: undefined,
          settings: [Object]
        }
      ]
    }

      at BarcodeScanner.log [as startScanning] (src/lib/scanner.ts:492:19)

  console.log
    ЁЯОм ╨г╤Б╤В╨░╨╜╨╛╨▓╨║╨░ ╨┐╨╛╤В╨╛╨║╨░ ╨▓ ╨▓╨╕╨┤╨╡╨╛ ╤Н╨╗╨╡╨╝╨╡╨╜╤В...

      at BarcodeScanner.log [as startScanning] (src/lib/scanner.ts:515:19)

  console.log
    ЁЯУК ╨Ь╨╡╤В╨░╨┤╨░╨╜╨╜╤Л╨╡ ╨▓╨╕╨┤╨╡╨╛ ╨╖╨░╨│╤А╤Г╨╢╨╡╨╜╤Л: { videoWidth: 0, videoHeight: 0, duration: NaN }

      at HTMLVideoElement.log (src/lib/scanner.ts:538:23)

  console.log
    ЁЯТ╛ ╨б╨╛╤Е╤А╨░╨╜╤П╨╡╨╝ ╤Б╤Б╤Л╨╗╨║╤Г ╨╜╨░ ╨┐╨╛╤В╨╛╨║ ╨┐╨╡╤А╨╡╨┤ ZXing: { streamId: undefined, active: undefined }

      at BarcodeScanner.log [as startScanning] (src/lib/scanner.ts:558:19)

  console.log
    ЁЯУ║ ╨б╨╛╤Б╤В╨╛╤П╨╜╨╕╨╡ ╨▓╨╕╨┤╨╡╨╛ ╨┐╨╛╤Б╨╗╨╡ ╤Г╤Б╤В╨░╨╜╨╛╨▓╨║╨╕ ╨┐╨╛╤В╨╛╨║╨░: {
      readyState: 0,
      videoWidth: 0,
      videoHeight: 0,
      paused: true,
      srcObject: '╤Г╤Б╤В╨░╨╜╨╛╨▓╨╗╨╡╨╜'
    }

      at BarcodeScanner.log [as startScanning] (src/lib/scanner.ts:564:19)

  console.log
    тЦ╢я╕П ╨Ч╨░╨┐╤Г╤Б╨║ ╨▓╨╕╨┤╨╡╨╛...

      at BarcodeScanner.log [as startScanning] (src/lib/scanner.ts:574:21)

  console.log
    тЬЕ ╨Т╨╕╨┤╨╡╨╛ ╤Г╤Б╨┐╨╡╤И╨╜╨╛ ╨╖╨░╨┐╤Г╤Й╨╡╨╜╨╛

      at BarcodeScanner.log [as startScanning] (src/lib/scanner.ts:577:23)

  console.log
    ЁЯФД ╨Э╨░╤Б╤В╤А╨╛╨╣╨║╨░ ╨░╨▓╤В╨╛╨╝╨░╤В╨╕╤З╨╡╤Б╨║╨╛╨│╨╛ ╤Б╨║╨░╨╜╨╕╤А╨╛╨▓╨░╨╜╨╕╤П ╤З╨╡╤А╨╡╨╖ ╨╖╨░╤Е╨▓╨░╤В ╨║╨░╨┤╤А╨╛╨▓...

      at BarcodeScanner.log [as startScanning] (src/lib/scanner.ts:622:21)

  console.log
    ЁЯФД ╨Э╨░╤Б╤В╤А╨╛╨╣╨║╨░ ╨░╨▓╤В╨╛╨╝╨░╤В╨╕╤З╨╡╤Б╨║╨╛╨│╨╛ ╤Б╨║╨░╨╜╨╕╤А╨╛╨▓╨░╨╜╨╕╤П ╨║╨░╨╢╨┤╤Л╨╡ 500╨╝╤Б...

      at BarcodeScanner.log [as setupAutoScanning] (src/lib/scanner.ts:821:13)

  console.log
    тЬЕ ╨Р╨▓╤В╨╛╨╝╨░╤В╨╕╤З╨╡╤Б╨║╨╛╨╡ ╤Б╨║╨░╨╜╨╕╤А╨╛╨▓╨░╨╜╨╕╨╡ ╨╜╨░╤Б╤В╤А╨╛╨╡╨╜╨╛

      at BarcodeScanner.log [as setupAutoScanning] (src/lib/scanner.ts:848:13)

  console.log
    тЬЕ ╨б╨║╨░╨╜╨╕╤А╨╛╨▓╨░╨╜╨╕╨╡ ╨╖╨░╨┐╤Г╤Й╨╡╨╜╨╛ ╤Г╤Б╨┐╨╡╤И╨╜╨╛ ╤Б optimal ╨╛╨│╤А╨░╨╜╨╕╤З╨╡╨╜╨╕╤П╨╝╨╕

      at BarcodeScanner.log [as startScanning] (src/lib/scanner.ts:632:19)

  console.log
    ЁЯУ║ ╨д╨╕╨╜╨░╨╗╤М╨╜╨╛╨╡ ╤Б╨╛╤Б╤В╨╛╤П╨╜╨╕╨╡ ╨▓╨╕╨┤╨╡╨╛: {
      readyState: 4,
      videoWidth: 640,
      videoHeight: 480,
      paused: true,
      srcObject: '╤Г╤Б╤В╨░╨╜╨╛╨▓╨╗╨╡╨╜',
      streamActive: undefined
    }

      at BarcodeScanner.log [as startScanning] (src/lib/scanner.ts:635:19)

  console.log
    тЬЕ ╨Э╨╡╨┐╤А╨╡╤А╤Л╨▓╨╜╨╛╨╡ ╤Б╨║╨░╨╜╨╕╤А╨╛╨▓╨░╨╜╨╕╨╡ ╨╖╨░╨┐╤Г╤Й╨╡╨╜╨╛

      at BarcodeScanner.log [as startScanning] (src/lib/scanner.ts:683:15)

  console.log
    тЬЕ ╨б╨║╨░╨╜╨╕╤А╨╛╨▓╨░╨╜╨╕╨╡ ╨╖╨░╨┐╤Г╤Й╨╡╨╜╨╛ ╤Г╤Б╨┐╨╡╤И╨╜╨╛ - ZXing ╨┤╨╡╨║╨╛╨┤╨╡╤А ╤Г╨┐╤А╨░╨▓╨╗╤П╨╡╤В ╨▓╨╕╨┤╨╡╨╛ ╤Н╨╗╨╡╨╝╨╡╨╜╤В╨╛╨╝

      at log (src/components/Scanner.tsx:535:17)

  console.log
    ЁЯФН ╨Т╨╕╨╖╤Г╨░╨╗╤М╨╜╨░╤П ╨┤╨╡╤В╨╡╨║╤Ж╨╕╤П ╨▓╨║╨╗╤О╤З╨╡╨╜╨░

      at log (src/components/Scanner.tsx:539:17)

  console.log
    ЁЯФж ╨Я╨╛╨┤╨┤╨╡╤А╨╢╨║╨░ ╤Д╨╛╨╜╨░╤А╨╕╨║╨░: ╨Э╨╡╤В

      at log (src/components/Scanner.tsx:546:21)

  console.error
    Error: Not implemented: HTMLCanvasElement.prototype.toDataURL (without installing the canvas npm package)
        at BarcodeScanner.toDataURL [as captureFrame] (D:\Dev\ExoScan\exoscan-web\src\lib\scanner.ts:904:30)
        at captureFrame (D:\Dev\ExoScan\exoscan-web\src\lib\scanner.ts:829:35) {
      type: 'not implemented'
    }

    [0m [90m 902 |[39m
     [90m 903 |[39m       [90m// Create image element from canvas data URL (avoids 0x0 toBlob issues)[39m
    [31m[1m>[22m[39m[90m 904 |[39m       [36mconst[39m dataUrl [33m=[39m canvas[33m.[39mtoDataURL([32m'image/png'[39m)
     [90m     |[39m                              [31m[1m^[22m[39m
     [90m 905 |[39m       [36mconst[39m imageElement [33m=[39m [36mawait[39m [36mnew[39m [33mPromise[39m[33m<[39m[33mHTMLImageElement[39m[33m>[39m((resolve) [33m=>[39m {
     [90m 906 |[39m         [36mconst[39m img [33m=[39m [36mnew[39m [33mImage[39m()
     [90m 907 |[39m         img[33m.[39monload [33m=[39m () [33m=>[39m resolve(img)[0m

      at VirtualConsole.<anonymous> (node_modules/@jest/environment-jsdom-abstract/build/index.js:87:23)
      at module.exports (node_modules/jsdom/lib/jsdom/browser/not-implemented.js:12:26)
      at HTMLCanvasElementImpl.toDataURL (node_modules/jsdom/lib/jsdom/living/nodes/HTMLCanvasElement-impl.js:55:5)
      at HTMLCanvasElement.toDataURL (node_modules/jsdom/lib/jsdom/living/generated/HTMLCanvasElement.js:162:34)
      at BarcodeScanner.toDataURL [as captureFrame] (src/lib/scanner.ts:904:30)
      at captureFrame (src/lib/scanner.ts:829:35)
      at Timeout.task [as _onTimeout] (node_modules/jsdom/lib/jsdom/browser/Window.js:579:19)

  console.log
    ЁЯОп ╨Р╨▓╤В╨╛╤Б╨║╨░╨╜╨╕╤А╨╛╨▓╨░╨╜╨╕╨╡: ╤И╤В╤А╨╕╤Е-╨║╨╛╨┤ ╨╜╨░╨╣╨┤╨╡╨╜: 1234567890123

      at log (src/lib/scanner.ts:831:19)

  console.log
    Scan result: {
      text: '1234567890123',
      format: 'EAN_13',
      timestamp: 2025-10-01T21:19:21.850Z
    }

      at log (src/components/Scanner.tsx:126:13)

  console.error
    Error: Not implemented: HTMLMediaElement.prototype.play
        at play (D:\Dev\ExoScan\exoscan-web\src\components\Scanner.tsx:139:13)
        at onResult (D:\Dev\ExoScan\exoscan-web\src\lib\scanner.ts:625:17)
        at onResult (D:\Dev\ExoScan\exoscan-web\src\lib\scanner.ts:832:11) {
      type: 'not implemented'
    }

    [0m [90m 137 |[39m     [36mtry[39m {
     [90m 138 |[39m       [36mconst[39m audio [33m=[39m [36mnew[39m [33mAudio[39m([32m'data:audio/wav;base64,UklGRnoGAABXQVZFZm10IBAAAAABAAEAQB8AAEAfAAABAAgAZGF0YQoGAACBhYqFbF1fdJivrJBhNjVgodDbq2EcBj+a2/LDciUFLIHO8tiJNwgZaLvt559NEAxQp+PwtmMcBjiR1/LMeSwFJHfH8N2QQAoUXrTp66hVFApGn+DyvmwhBSuBzvLZiTYIG2m98OScTgwOUarm7blmGgU7k9n1unEiBC13yO/eizEIHWq+8+OWT'[39m)
    [31m[1m>[22m[39m[90m 139 |[39m       audio[33m.[39mplay()[33m.[39m[36mcatch[39m(() [33m=>[39m {})
     [90m     |[39m             [31m[1m^[22m[39m
     [90m 140 |[39m     } [36mcatch[39m {
     [90m 141 |[39m       [90m// Audio not supported[39m
     [90m 142 |[39m     }[0m

      at VirtualConsole.<anonymous> (node_modules/@jest/environment-jsdom-abstract/build/index.js:87:23)
      at module.exports (node_modules/jsdom/lib/jsdom/browser/not-implemented.js:12:26)
      at HTMLAudioElementImpl.play (node_modules/jsdom/lib/jsdom/living/nodes/HTMLMediaElement-impl.js:118:5)
      at HTMLAudioElement.play (node_modules/jsdom/lib/jsdom/living/generated/HTMLMediaElement.js:146:60)
      at play (src/components/Scanner.tsx:139:13)
      at onResult (src/lib/scanner.ts:625:17)
      at onResult (src/lib/scanner.ts:832:11)

  console.log
    ЁЯЫС ╨Ю╤Б╤В╨░╨╜╨╛╨▓╨║╨░ ╤Б╨║╨░╨╜╨╕╤А╨╛╨▓╨░╨╜╨╕╤П...

      at BarcodeScanner.log [as stopScanning] (src/lib/scanner.ts:853:15)
          at Array.forEach (<anonymous>)

  console.log
    ЁЯЫС ╨Р╨▓╤В╨╛╤Б╨║╨░╨╜╨╕╤А╨╛╨▓╨░╨╜╨╕╨╡ ╨╛╤Б╤В╨░╨╜╨╛╨▓╨╗╨╡╨╜╨╛

      at BarcodeScanner.log [as stopScanning] (src/lib/scanner.ts:860:17)
          at Array.forEach (<anonymous>)

  console.log
    ЁЯЫС ╨Ю╤Б╤В╨░╨╜╨╛╨▓╨╗╨╡╨╜ ╤В╤А╨╡╨║ ╨║╨░╨╝╨╡╤А╤Л: video

      at log (src/lib/scanner.ts:737:19)
          at Array.forEach (<anonymous>)
          at Array.forEach (<anonymous>)

  console.log
    ЁЯз╣ ╨Т╨╕╨┤╨╡╨╛ ╤Н╨╗╨╡╨╝╨╡╨╜╤В ╨╛╤З╨╕╤Й╨╡╨╜

      at BarcodeScanner.log [as stopCurrentStream] (src/lib/scanner.ts:744:17)
          at Array.forEach (<anonymous>)

  console.log
    тЬЕ ╨б╨║╨░╨╜╨╕╤А╨╛╨▓╨░╨╜╨╕╨╡ ╨╛╤Б╤В╨░╨╜╨╛╨▓╨╗╨╡╨╜╨╛

      at BarcodeScanner.log [as stopScanning] (src/lib/scanner.ts:866:15)
          at Array.forEach (<anonymous>)

FAIL src/components/__tests__/Scanner.integration.test.tsx (13.405 s)
  Scanner Component - Integration Tests
    Complete Scanning Workflow
      ├Ч should complete full camera-to-scan workflow (2353 ms)
      ├Ч should handle camera switching during scanning (116 ms)
      ├Ч should handle multiple consecutive scans (1177 ms)
    MediaStream Lifecycle Integration
      тИЪ should properly manage stream lifecycle during errors (902 ms)
      тИЪ should handle stream interruption and recovery (150 ms)
    Performance Integration
      ├Ч should maintain performance during continuous scanning (1141 ms)
      ├Ч should not cause memory leaks during extended use (1485 ms)
    Error Recovery Integration
      ├Ч should recover from temporary camera access issues (1094 ms)
      ├Ч should handle ZXing library errors gracefully (1695 ms)
    Real-world Scenarios
      тИЪ should handle rapid start/stop/start cycles (689 ms)
      тИЪ should work correctly after page visibility changes (680 ms)

  тЧП Scanner Component - Integration Tests тА║ Complete Scanning Workflow тА║ should complete full camera-to-scan workflow

    expect(jest.fn()).toHaveBeenCalledWith(...expected)

    Expected: "1234567890123"
    Received
           1: {"format": "EAN_13", "text": "1234567890123", "timestamp": 2025-10-01T21:19:11.676Z}
           2: {"format": "EAN_13", "text": "1234567890123", "timestamp": 2025-10-01T21:19:12.202Z}
           3: {"format": "EAN_13", "text": "1234567890123", "timestamp": 2025-10-01T21:19:12.710Z}

    Number of calls: 3

    Ignored nodes: comments, script, style
    <html>
      <head />
      <body>
        <div>
          <div
            class="w-full"
          >
            <div
              class="relative bg-black overflow-hidden rounded-lg"
            >
              <div
                class="absolute top-4 right-4 z-10 flex flex-col gap-2"
              >
                <button
                  class="bg-black bg-opacity-50 text-white p-2 rounded-full hover:bg-opacity-70 transition-all"
                >
                  <svg
                    class="w-5 h-5"
                    fill="none"
                    stroke="currentColor"
                    viewBox="0 0 24 24"
                  >
                    <path
                      d="M4 8V4m0 0h4M4 4l5 5m11-1V4m0 0h-4m4 0l-5 5M4 16v4m0 0h4m-4 0l5-5m11 5l-5-5m5 5v-4m0 4h-4"
                      stroke-linecap="round"
                      stroke-linejoin="round"
                      stroke-width="2"
                    />
                  </svg>
                </button>
              </div>
              <video
                autoplay=""
                class="w-full object-cover transition-transform duration-200 h-80 md:h-96 lg:h-[500px]"
                playsinline=""
                style="transform: scale(1); transform-origin: center center; background-color: rgb(0, 0, 0); min-height: 20rem;"
                webkit-playsinline="true"
              />
              <canvas
                class="hidden"
                style="display: none;"
              />
              <div
                class="absolute inset-0 pointer-events-none"
              >
                <div
                  class="absolute inset-0 flex items-center justify-center"
                >
                  <div
                    class="relative w-48 h-32 md:w-64 md:h-40"
                  >
                    <div
                      class="absolute inset-0 border-2 rounded-lg transition-all duration-300 border-green-400 shadow-lg shadow-green-400/50"
                    >
                      <div
                        class="absolute -top-1 -left-1 w-6 h-6 border-l-4 border-t-4 border-white rounded-tl-lg"
                      />
                      <div
                        class="absolute -top-1 -right-1 w-6 h-6 border-r-4 border-t-4 border-white rounded-tr-lg"
                      />
                      <div
                        class="absolute -bottom-1 -left-1 w-6 h-6 border-l-4 border-b-4 border-white rounded-bl-lg"
                      />
                      <div
                        class="absolute -bottom-1 -right-1 w-6 h-6 border-r-4 border-b-4 border-white rounded-br-lg"
                      />
                    </div>
                  </div>
                </div>
              </div>
            </div>
            <div
              class="mt-4"
            >
              <div
                class="flex gap-2"
              >
                <button
                  class="w-full px-4 py-2 bg-green-500 text-white text-sm rounded hover:bg-green-600 disabled:opacity-60"
                  disabled=""
                >
                  ╨Ч╨░╨┐╤Г╤Б╤В╨╕╤В╤М ╨║╨░╨╝╨╡╤А╤Г
                </button>
                <button
                  class="w-full px-4 py-2 bg-red-500 text-white text-sm rounded hover:bg-red-600 disabled:opacity-60"
                >
                  ╨Ю╤Б╤В╨░╨╜╨╛╨▓╨╕╤В╤М ╨║╨░╨╝╨╡╤А╤Г
                </button>
              </div>
            </div>
            <div
              class="mt-4"
            >
              <label
                class="block text-sm font-medium text-gray-700 mb-2"
              >
                Select Camera:
              </label>
              <select
                class="w-full p-2 border border-gray-300 rounded-md"
              >
                <option
                  value="camera1"
                >
                  Back Camera
                </option>
                <option
                  value="camera2"
                >
                  Front Camera
                </option>
              </select>
            </div>
            <div
              class="mt-4"
            >
              <label
                class="block text-sm font-medium text-gray-700 mb-2"
              >
                Or upload an image:
              </label>
              <input
                accept="image/*"
                class="w-full p-2 border border-gray-300 rounded-md"
                type="file"
              />
            </div>
            <div
              class="mt-4"
            >
              <button
                class="w-full px-4 py-2 bg-gray-500 text-white text-sm rounded hover:bg-gray-600"
              >
                Show Diagnostic Info
              </button>
            </div>
          </div>
        </div>
      </body>
    </html>

      224 |       // Step 5: Verify successful scan
      225 |       await waitFor(() => {
    > 226 |         expect(mockOnScan).toHaveBeenCalledWith('1234567890123');
          |                            ^
      227 |       });
      228 |     });
      229 |

      at toHaveBeenCalledWith (src/components/__tests__/Scanner.integration.test.tsx:226:28)
      at runWithExpensiveErrorDiagnosticsDisabled (node_modules/@testing-library/dom/dist/config.js:47:12)
      at checkCallback (node_modules/@testing-library/dom/dist/wait-for.js:124:77)
      at checkRealTimersCallback (node_modules/@testing-library/dom/dist/wait-for.js:118:16)
      at Timeout.task [as _onTimeout] (node_modules/jsdom/lib/jsdom/browser/Window.js:579:19)

  тЧП Scanner Component - Integration Tests тА║ Complete Scanning Workflow тА║ should handle camera switching during scanning

    TestingLibraryElementError: Unable to find an element with the text: ЁЯУ╖. This could be because the text is broken up by multiple elements. In this case, you can provide a function for your text matcher to make your matcher more flexible.

    Ignored nodes: comments, script, style
    <body>
      <div>
        <div
          class="w-full"
        >
          <div
            class="relative bg-black overflow-hidden rounded-lg"
          >
            <div
              class="absolute top-4 right-4 z-10 flex flex-col gap-2"
            >
              <button
                class="bg-black bg-opacity-50 text-white p-2 rounded-full hover:bg-opacity-70 transition-all"
              >
                <svg
                  class="w-5 h-5"
                  fill="none"
                  stroke="currentColor"
                  viewBox="0 0 24 24"
                >
                  <path
                    d="M4 8V4m0 0h4M4 4l5 5m11-1V4m0 0h-4m4 0l-5 5M4 16v4m0 0h4m-4 0l5-5m11 5l-5-5m5 5v-4m0 4h-4"
                    stroke-linecap="round"
                    stroke-linejoin="round"
                    stroke-width="2"
                  />
                </svg>
              </button>
            </div>
            <video
              autoplay=""
              class="w-full object-cover transition-transform duration-200 h-80 md:h-96 lg:h-[500px]"
              playsinline=""
              style="transform: scale(1); transform-origin: center center; background-color: rgb(0, 0, 0); min-height: 20rem;"
              webkit-playsinline="true"
            />
            <canvas
              class="hidden"
              style="display: none;"
            />
            <div
              class="absolute inset-0 pointer-events-none"
            >
              <div
                class="absolute inset-0 flex items-center justify-center"
              >
                <div
                  class="relative w-48 h-32 md:w-64 md:h-40"
                >
                  <div
                    class="absolute inset-0 border-2 rounded-lg transition-all duration-300 border-blue-400 shadow-lg shadow-blue-400/50"
                  >
                    <div
                      class="absolute -top-1 -left-1 w-6 h-6 border-l-4 border-t-4 border-white rounded-tl-lg"
                    />
                    <div
                      class="absolute -top-1 -right-1 w-6 h-6 border-r-4 border-t-4 border-white rounded-tr-lg"
                    />
                    <div
                      class="absolute -bottom-1 -left-1 w-6 h-6 border-l-4 border-b-4 border-white rounded-bl-lg"
                    />
                    <div
                      class="absolute -bottom-1 -right-1 w-6 h-6 border-r-4 border-b-4 border-white rounded-br-lg"
                    />
                  </div>
                </div>
              </div>
            </div>
            <div
              class="absolute inset-0 bg-black bg-opacity-50 flex items-center justify-center"
            >
              <div
                class="text-white text-center"
              >
                <div
                  class="animate-spin rounded-full h-8 w-8 border-b-2 border-white mx-auto mb-2"
                />
                <p>
                  Starting camera...
                </p>
              </div>
            </div>
          </div>
          <div
            class="mt-4"
          >
            <div
              class="flex gap-2"
            >
              <button
                class="w-full px-4 py-2 bg-green-500 text-white text-sm rounded hover:bg-green-600 disabled:opacity-60"
                disabled=""
              >
                ╨Ч╨░╨┐╤Г╤Б╤В╨╕╤В╤М ╨║╨░╨╝╨╡╤А╤Г
              </button>
              <button
                class="w-full px-4 py-2 bg-red-500 text-white text-sm rounded hover:bg-red-600 disabled:opacity-60"
                disabled=""
              >
                ╨Ю╤Б╤В╨░╨╜╨╛╨▓╨╕╤В╤М ╨║╨░╨╝╨╡╤А╤Г
              </button>
            </div>
          </div>
          <div
            class="mt-4"
          >
            <label
              class="block text-sm font-medium text-gray-700 mb-2"
            >
              Or upload an image:
            </label>
            <input
              accept="image/*"
              class="w-full p-2 border border-gray-300 rounded-md"
              disabled=""
              type="file"
            />
          </div>
          <div
            class="mt-4"
          >
            <button
              class="w-full px-4 py-2 bg-gray-500 text-white text-sm rounded hover:bg-gray-600"
            >
              Show Diagnostic Info
            </button>
          </div>
        </div>
      </div>
    </body>

      238 |       
      239 |       // Switch to front camera
    > 240 |       const switchButton = screen.getByText('ЁЯУ╖');
          |                                   ^
      241 |       await userEvent.click(switchButton);
      242 |       
      243 |       await waitFor(() => {

      at Object.getElementError (node_modules/@testing-library/dom/dist/config.js:37:19)
      at node_modules/@testing-library/dom/dist/query-helpers.js:76:38
      at node_modules/@testing-library/dom/dist/query-helpers.js:52:17
      at node_modules/@testing-library/dom/dist/query-helpers.js:95:19
      at Object.getByText (src/components/__tests__/Scanner.integration.test.tsx:240:35)

  тЧП Scanner Component - Integration Tests тА║ Complete Scanning Workflow тА║ should handle multiple consecutive scans

    expect(jest.fn()).toHaveBeenCalledWith(...expected)

    Expected: "1234567890123"
    Received: {"format": "EAN_13", "text": "1234567890123", "timestamp": 2025-10-01T21:19:13.565Z}

    Number of calls: 1

    Ignored nodes: comments, script, style
    <html>
      <head />
      <body>
        <div>
          <div
            class="w-full"
          >
            <div
              class="relative bg-black overflow-hidden rounded-lg"
            >
              <div
                class="absolute top-4 right-4 z-10 flex flex-col gap-2"
              >
                <button
                  class="bg-black bg-opacity-50 text-white p-2 rounded-full hover:bg-opacity-70 transition-all"
                >
                  <svg
                    class="w-5 h-5"
                    fill="none"
                    stroke="currentColor"
                    viewBox="0 0 24 24"
                  >
                    <path
                      d="M4 8V4m0 0h4M4 4l5 5m11-1V4m0 0h-4m4 0l-5 5M4 16v4m0 0h4m-4 0l5-5m11 5l-5-5m5 5v-4m0 4h-4"
                      stroke-linecap="round"
                      stroke-linejoin="round"
                      stroke-width="2"
                    />
                  </svg>
                </button>
              </div>
              <video
                autoplay=""
                class="w-full object-cover transition-transform duration-200 h-80 md:h-96 lg:h-[500px]"
                playsinline=""
                style="transform: scale(1); transform-origin: center center; background-color: rgb(0, 0, 0); min-height: 20rem;"
                webkit-playsinline="true"
              />
              <canvas
                class="hidden"
                style="display: none;"
              />
              <div
                class="absolute inset-0 pointer-events-none"
              >
                <div
                  class="absolute inset-0 flex items-center justify-center"
                >
                  <div
                    class="relative w-48 h-32 md:w-64 md:h-40"
                  >
                    <div
                      class="absolute inset-0 border-2 rounded-lg transition-all duration-300 border-green-400 shadow-lg shadow-green-400/50"
                    >
                      <div
                        class="absolute -top-1 -left-1 w-6 h-6 border-l-4 border-t-4 border-white rounded-tl-lg"
                      />
                      <div
                        class="absolute -top-1 -right-1 w-6 h-6 border-r-4 border-t-4 border-white rounded-tr-lg"
                      />
                      <div
                        class="absolute -bottom-1 -left-1 w-6 h-6 border-l-4 border-b-4 border-white rounded-bl-lg"
                      />
                      <div
                        class="absolute -bottom-1 -right-1 w-6 h-6 border-r-4 border-b-4 border-white rounded-br-lg"
                      />
                    </div>
                  </div>
                </div>
              </div>
            </div>
            <div
              class="mt-4"
            >
              <div
                class="flex gap-2"
              >
                <button
                  class="w-full px-4 py-2 bg-green-500 text-white text-sm rounded hover:bg-green-600 disabled:opacity-60"
                  disabled=""
                >
                  ╨Ч╨░╨┐╤Г╤Б╤В╨╕╤В╤М ╨║╨░╨╝╨╡╤А╤Г
                </button>
                <button
                  class="w-full px-4 py-2 bg-red-500 text-white text-sm rounded hover:bg-red-600 disabled:opacity-60"
                >
                  ╨Ю╤Б╤В╨░╨╜╨╛╨▓╨╕╤В╤М ╨║╨░╨╝╨╡╤А╤Г
                </button>
              </div>
            </div>
            <div
              class="mt-4"
            >
              <label
                class="block text-sm font-medium text-gray-700 mb-2"
              >
                Select Camera:
              </label>
              <select
                class="w-full p-2 border border-gray-300 rounded-md"
              >
                <option
                  value="camera1"
                >
                  Back Camera
                </option>
                <option
                  value="camera2"
                >
                  Front Camera
                </option>
              </select>
            </div>
            <div
              class="mt-4"
            >
              <label
                class="block text-sm font-medium text-gray-700 mb-2"
              >
                Or upload an image:
              </label>
              <input
                accept="image/*"
                class="w-full p-2 border border-gray-300 rounded-md"
                type="file"
              />
            </div>
            <div
              class="mt-4"
            >
              <button
                class="w-full px-4 py-2 bg-gray-500 text-white text-sm rounded hover:bg-gray-600"
              >
                Show Diagnostic Info
              </button>
            </div>
          </div>
        </div>
      </body>
    </html>

      262 |       // First scan
      263 |       await waitFor(() => {
    > 264 |         expect(mockOnScan).toHaveBeenCalledWith('1234567890123');
          |                            ^
      265 |       });
      266 |       
      267 |       // Setup second barcode

      at toHaveBeenCalledWith (src/components/__tests__/Scanner.integration.test.tsx:264:28)
      at runWithExpensiveErrorDiagnosticsDisabled (node_modules/@testing-library/dom/dist/config.js:47:12)
      at checkCallback (node_modules/@testing-library/dom/dist/wait-for.js:124:77)
      at checkRealTimersCallback (node_modules/@testing-library/dom/dist/wait-for.js:118:16)
      at Timeout.task [as _onTimeout] (node_modules/jsdom/lib/jsdom/browser/Window.js:579:19)

  тЧП Scanner Component - Integration Tests тА║ Performance Integration тА║ should maintain performance during continuous scanning

    expect(jest.fn()).toHaveBeenCalledWith(...expected)

    Expected: "barcode-0"
    Received: {"format": "EAN_13", "text": "barcode-0", "timestamp": 2025-10-01T21:19:15.761Z}

    Number of calls: 1

    Ignored nodes: comments, script, style
    <html>
      <head />
      <body>
        <div>
          <div
            class="w-full"
          >
            <div
              class="relative bg-black overflow-hidden rounded-lg"
            >
              <div
                class="absolute top-4 right-4 z-10 flex flex-col gap-2"
              >
                <button
                  class="bg-black bg-opacity-50 text-white p-2 rounded-full hover:bg-opacity-70 transition-all"
                >
                  <svg
                    class="w-5 h-5"
                    fill="none"
                    stroke="currentColor"
                    viewBox="0 0 24 24"
                  >
                    <path
                      d="M4 8V4m0 0h4M4 4l5 5m11-1V4m0 0h-4m4 0l-5 5M4 16v4m0 0h4m-4 0l5-5m11 5l-5-5m5 5v-4m0 4h-4"
                      stroke-linecap="round"
                      stroke-linejoin="round"
                      stroke-width="2"
                    />
                  </svg>
                </button>
              </div>
              <video
                autoplay=""
                class="w-full object-cover transition-transform duration-200 h-80 md:h-96 lg:h-[500px]"
                playsinline=""
                style="transform: scale(1); transform-origin: center center; background-color: rgb(0, 0, 0); min-height: 20rem;"
                webkit-playsinline="true"
              />
              <canvas
                class="hidden"
                style="display: none;"
              />
              <div
                class="absolute inset-0 pointer-events-none"
              >
                <div
                  class="absolute inset-0 flex items-center justify-center"
                >
                  <div
                    class="relative w-48 h-32 md:w-64 md:h-40"
                  >
                    <div
                      class="absolute inset-0 border-2 rounded-lg transition-all duration-300 border-green-400 shadow-lg shadow-green-400/50"
                    >
                      <div
                        class="absolute -top-1 -left-1 w-6 h-6 border-l-4 border-t-4 border-white rounded-tl-lg"
                      />
                      <div
                        class="absolute -top-1 -right-1 w-6 h-6 border-r-4 border-t-4 border-white rounded-tr-lg"
                      />
                      <div
                        class="absolute -bottom-1 -left-1 w-6 h-6 border-l-4 border-b-4 border-white rounded-bl-lg"
                      />
                      <div
                        class="absolute -bottom-1 -right-1 w-6 h-6 border-r-4 border-b-4 border-white rounded-br-lg"
                      />
                    </div>
                  </div>
                </div>
              </div>
            </div>
            <div
              class="mt-4"
            >
              <div
                class="flex gap-2"
              >
                <button
                  class="w-full px-4 py-2 bg-green-500 text-white text-sm rounded hover:bg-green-600 disabled:opacity-60"
                  disabled=""
                >
                  ╨Ч╨░╨┐╤Г╤Б╤В╨╕╤В╤М ╨║╨░╨╝╨╡╤А╤Г
                </button>
                <button
                  class="w-full px-4 py-2 bg-red-500 text-white text-sm rounded hover:bg-red-600 disabled:opacity-60"
                >
                  ╨Ю╤Б╤В╨░╨╜╨╛╨▓╨╕╤В╤М ╨║╨░╨╝╨╡╤А╤Г
                </button>
              </div>
            </div>
            <div
              class="mt-4"
            >
              <label
                class="block text-sm font-medium text-gray-700 mb-2"
              >
                Select Camera:
              </label>
              <select
                class="w-full p-2 border border-gray-300 rounded-md"
              >
                <option
                  value="camera1"
                >
                  Back Camera
                </option>
                <option
                  value="camera2"
                >
                  Front Camera
                </option>
              </select>
            </div>
            <div
              class="mt-4"
            >
              <label
                class="block text-sm font-medium text-gray-700 mb-2"
              >
                Or upload an image:
              </label>
              <input
                accept="image/*"
                class="w-full p-2 border border-gray-300 rounded-md"
                type="file"
              />
            </div>
            <div
              class="mt-4"
            >
              <button
                class="w-full px-4 py-2 bg-gray-500 text-white text-sm rounded hover:bg-gray-600"
              >
                Show Diagnostic Info
              </button>
            </div>
          </div>
        </div>
      </body>
    </html>

      360 |         
      361 |         await waitFor(() => {
    > 362 |           expect(mockOnScan).toHaveBeenCalledWith(`barcode-${i}`);
          |                              ^
      363 |         });
      364 |       }
      365 |       

      at toHaveBeenCalledWith (src/components/__tests__/Scanner.integration.test.tsx:362:30)
      at runWithExpensiveErrorDiagnosticsDisabled (node_modules/@testing-library/dom/dist/config.js:47:12)
      at checkCallback (node_modules/@testing-library/dom/dist/wait-for.js:124:77)
      at checkRealTimersCallback (node_modules/@testing-library/dom/dist/wait-for.js:118:16)
      at Timeout.task [as _onTimeout] (node_modules/jsdom/lib/jsdom/browser/Window.js:579:19)

  тЧП Scanner Component - Integration Tests тА║ Performance Integration тА║ should not cause memory leaks during extended use

    expect(jest.fn()).toHaveBeenCalledTimes(expected)

    Expected number of calls: 5
    Received number of calls: 14

      399 |       
      400 |       // All streams should be properly cleaned up
    > 401 |       expect(mockGetUserMedia).toHaveBeenCalledTimes(5);
          |                                ^
      402 |     });
      403 |   });
      404 |

      at Object.toHaveBeenCalledTimes (src/components/__tests__/Scanner.integration.test.tsx:401:32)

  тЧП Scanner Component - Integration Tests тА║ Error Recovery Integration тА║ should recover from temporary camera access issues

    expect(jest.fn()).toHaveBeenCalledWith(...expected)

    Expected: StringContaining "╨Ю╤И╨╕╨▒╨║╨░ ╨┤╨╛╤Б╤В╤Г╨┐╨░ ╨║ ╨║╨░╨╝╨╡╤А╨╡"

    Number of calls: 0

    Ignored nodes: comments, script, style
    <html>
      <head />
      <body>
        <div>
          <div
            class="w-full"
          >
            <div
              class="relative bg-black overflow-hidden rounded-lg"
            >
              <div
                class="absolute top-4 right-4 z-10 flex flex-col gap-2"
              >
                <button
                  class="bg-black bg-opacity-50 text-white p-2 rounded-full hover:bg-opacity-70 transition-all"
                >
                  <svg
                    class="w-5 h-5"
                    fill="none"
                    stroke="currentColor"
                    viewBox="0 0 24 24"
                  >
                    <path
                      d="M4 8V4m0 0h4M4 4l5 5m11-1V4m0 0h-4m4 0l-5 5M4 16v4m0 0h4m-4 0l5-5m11 5l-5-5m5 5v-4m0 4h-4"
                      stroke-linecap="round"
                      stroke-linejoin="round"
                      stroke-width="2"
                    />
                  </svg>
                </button>
              </div>
              <video
                autoplay=""
                class="w-full object-cover transition-transform duration-200 h-80 md:h-96 lg:h-[500px]"
                playsinline=""
                style="transform: scale(1); transform-origin: center center; background-color: rgb(0, 0, 0); min-height: 20rem;"
                webkit-playsinline="true"
              />
              <canvas
                class="hidden"
                style="display: none;"
              />
              <div
                class="absolute inset-0 pointer-events-none"
              >
                <div
                  class="absolute inset-0 flex items-center justify-center"
                >
                  <div
                    class="relative w-48 h-32 md:w-64 md:h-40"
                  >
                    <div
                      class="absolute inset-0 border-2 rounded-lg transition-all duration-300 border-green-400 shadow-lg shadow-green-400/50"
                    >
                      <div
                        class="absolute -top-1 -left-1 w-6 h-6 border-l-4 border-t-4 border-white rounded-tl-lg"
                      />
                      <div
                        class="absolute -top-1 -right-1 w-6 h-6 border-r-4 border-t-4 border-white rounded-tr-lg"
                      />
                      <div
                        class="absolute -bottom-1 -left-1 w-6 h-6 border-l-4 border-b-4 border-white rounded-bl-lg"
                      />
                      <div
                        class="absolute -bottom-1 -right-1 w-6 h-6 border-r-4 border-b-4 border-white rounded-br-lg"
                      />
                    </div>
                  </div>
                </div>
              </div>
            </div>
            <div
              class="mt-4"
            >
              <div
                class="flex gap-2"
              >
                <button
                  class="w-full px-4 py-2 bg-green-500 text-white text-sm rounded hover:bg-green-600 disabled:opacity-60"
                  disabled=""
                >
                  ╨Ч╨░╨┐╤Г╤Б╤В╨╕╤В╤М ╨║╨░╨╝╨╡╤А╤Г
                </button>
                <button
                  class="w-full px-4 py-2 bg-red-500 text-white text-sm rounded hover:bg-red-600 disabled:opacity-60"
                >
                  ╨Ю╤Б╤В╨░╨╜╨╛╨▓╨╕╤В╤М ╨║╨░╨╝╨╡╤А╤Г
                </button>
              </div>
            </div>
            <div
              class="mt-4"
            >
              <label
                class="block text-sm font-medium text-gray-700 mb-2"
              >
                Select Camera:
              </label>
              <select
                class="w-full p-2 border border-gray-300 rounded-md"
              >
                <option
                  value="camera1"
                >
                  Back Camera
                </option>
                <option
                  value="camera2"
                >
                  Front Camera
                </option>
              </select>
            </div>
            <div
              class="mt-4"
            >
              <label
                class="block text-sm font-medium text-gray-700 mb-2"
              >
                Or upload an image:
              </label>
              <input
                accept="image/*"
                class="w-full p-2 border border-gray-300 rounded-md"
                type="file"
              />
            </div>
            <div
              class="mt-4"
            >
              <button
                class="w-full px-4 py-2 bg-gray-500 text-white text-sm rounded hover:bg-gray-600"
              >
                Show Diagnostic Info
              </button>
            </div>
          </div>
        </div>
      </body>
    </html>

      417 |       // Should show error immediately due to permission issue
      418 |       await waitFor(() => {
    > 419 |         expect(mockOnError).toHaveBeenCalledWith(
          |                             ^
      420 |           expect.stringContaining('╨Ю╤И╨╕╨▒╨║╨░ ╨┤╨╛╤Б╤В╤Г╨┐╨░ ╨║ ╨║╨░╨╝╨╡╤А╨╡')
      421 |         );
      422 |       });

      at toHaveBeenCalledWith (src/components/__tests__/Scanner.integration.test.tsx:419:29)
      at runWithExpensiveErrorDiagnosticsDisabled (node_modules/@testing-library/dom/dist/config.js:47:12)
      at checkCallback (node_modules/@testing-library/dom/dist/wait-for.js:124:77)
      at checkRealTimersCallback (node_modules/@testing-library/dom/dist/wait-for.js:118:16)
      at Timeout.task [as _onTimeout] (node_modules/jsdom/lib/jsdom/browser/Window.js:579:19)

  тЧП Scanner Component - Integration Tests тА║ Error Recovery Integration тА║ should handle ZXing library errors gracefully

    expect(jest.fn()).toHaveBeenCalledWith(...expected)

    Expected: "recovery-barcode"
    Received: {"format": "EAN_13", "text": "recovery-barcode", "timestamp": 2025-10-01T21:19:19.984Z}

    Number of calls: 1

    Ignored nodes: comments, script, style
    <html>
      <head />
      <body>
        <div>
          <div
            class="w-full"
          >
            <div
              class="relative bg-black overflow-hidden rounded-lg"
            >
              <div
                class="absolute top-4 right-4 z-10 flex flex-col gap-2"
              >
                <button
                  class="bg-black bg-opacity-50 text-white p-2 rounded-full hover:bg-opacity-70 transition-all"
                >
                  <svg
                    class="w-5 h-5"
                    fill="none"
                    stroke="currentColor"
                    viewBox="0 0 24 24"
                  >
                    <path
                      d="M4 8V4m0 0h4M4 4l5 5m11-1V4m0 0h-4m4 0l-5 5M4 16v4m0 0h4m-4 0l5-5m11 5l-5-5m5 5v-4m0 4h-4"
                      stroke-linecap="round"
                      stroke-linejoin="round"
                      stroke-width="2"
                    />
                  </svg>
                </button>
              </div>
              <video
                autoplay=""
                class="w-full object-cover transition-transform duration-200 h-80 md:h-96 lg:h-[500px]"
                playsinline=""
                style="transform: scale(1); transform-origin: center center; background-color: rgb(0, 0, 0); min-height: 20rem;"
                webkit-playsinline="true"
              />
              <canvas
                class="hidden"
                style="display: none;"
              />
              <div
                class="absolute inset-0 pointer-events-none"
              >
                <div
                  class="absolute inset-0 flex items-center justify-center"
                >
                  <div
                    class="relative w-48 h-32 md:w-64 md:h-40"
                  >
                    <div
                      class="absolute inset-0 border-2 rounded-lg transition-all duration-300 border-green-400 shadow-lg shadow-green-400/50"
                    >
                      <div
                        class="absolute -top-1 -left-1 w-6 h-6 border-l-4 border-t-4 border-white rounded-tl-lg"
                      />
                      <div
                        class="absolute -top-1 -right-1 w-6 h-6 border-r-4 border-t-4 border-white rounded-tr-lg"
                      />
                      <div
                        class="absolute -bottom-1 -left-1 w-6 h-6 border-l-4 border-b-4 border-white rounded-bl-lg"
                      />
                      <div
                        class="absolute -bottom-1 -right-1 w-6 h-6 border-r-4 border-b-4 border-white rounded-br-lg"
                      />
                    </div>
                  </div>
                </div>
              </div>
              <div
                class="absolute inset-0 bg-red-500 bg-opacity-75 flex items-center justify-center"
              >
                <div
                  class="text-white text-center p-4"
                >
                  <p
                    class="text-sm mb-2"
                  >
                    ╨Ю╤И╨╕╨▒╨║╨░ ╤Б╨║╨░╨╜╨╕╤А╨╛╨▓╨░╨╜╨╕╤П: ╨Ю╤И╨╕╨▒╨║╨░ ╤Б╨║╨░╨╜╨╕╤А╨╛╨▓╨░╨╜╨╕╤П: Decode failed
                  </p>
                  <button
                    class="px-3 py-1 bg-white bg-opacity-20 text-white text-xs rounded hover:bg-opacity-30"
                  >
                    Show Diagnostics
                  </button>
                </div>
              </div>
            </div>
            <div
              class="mt-4"
            >
              <div
                class="flex gap-2"
              >
                <button
                  class="w-full px-4 py-2 bg-green-500 text-white text-sm rounded hover:bg-green-600 disabled:opacity-60"
                  disabled=""
                >
                  ╨Ч╨░╨┐╤Г╤Б╤В╨╕╤В╤М ╨║╨░╨╝╨╡╤А╤Г
                </button>
                <button
                  class="w-full px-4 py-2 bg-red-500 text-white text-sm rounded hover:bg-red-600 disabled:opacity-60"
                >
                  ╨Ю╤Б╤В╨░╨╜╨╛╨▓╨╕╤В╤М ╨║╨░╨╝╨╡╤А╤Г
                </button>
              </div>
            </div>
            <div
              class="mt-4"
            >
              <label
                class="block text-sm font-medium text-gray-700 mb-2"
              >
                Select Camera:
              </label>
              <select
                class="w-full p-2 border border-gray-300 rounded-md"
              >
                <option
                  value="camera1"
                >
                  Back Camera
                </option>
                <option
                  value="camera2"
                >
                  Front Camera
                </option>
              </select>
            </div>
            <div
              class="mt-4"
            >
              <label
                class="block text-sm font-medium text-gray-700 mb-2"
              >
                Or upload an image:
              </label>
              <input
                accept="image/*"
                class="w-full p-2 border border-gray-300 rounded-md"
                type="file"
              />
            </div>
            <div
              class="mt-4"
            >
              <button
                class="w-full px-4 py-2 bg-gray-500 text-white text-sm rounded hover:bg-gray-600"
              >
                Show Diagnostic Info
              </button>
            </div>
          </div>
        </div>
      </body>
    </html>

      451 |       
      452 |       await waitFor(() => {
    > 453 |         expect(mockOnScan).toHaveBeenCalledWith('recovery-barcode');
          |                            ^
      454 |       });
      455 |     });
      456 |   });

      at toHaveBeenCalledWith (src/components/__tests__/Scanner.integration.test.tsx:453:28)
      at runWithExpensiveErrorDiagnosticsDisabled (node_modules/@testing-library/dom/dist/config.js:47:12)
      at checkCallback (node_modules/@testing-library/dom/dist/wait-for.js:124:77)
      at checkRealTimersCallback (node_modules/@testing-library/dom/dist/wait-for.js:118:16)
      at Timeout.task [as _onTimeout] (node_modules/jsdom/lib/jsdom/browser/Window.js:579:19)

Test Suites: 3 failed, 3 total
Tests:       15 failed, 15 passed, 30 total
Snapshots:   0 total
Time:        16.102 s
Ran all test suites matching Scanner.
